Copyright 1986-2022 Xilinx, Inc. All Rights Reserved. Copyright 2022-2026 Advanced Micro Devices, Inc. All Rights Reserved.
---------------------------------------------------------------------------------------------------------------------------------------------
| Tool Version : Vivado v.2026.1 (win64) Build 6511674 Tue Jun 16 11:02:23 MDT 2026
| Date         : Thu Oct  1 18:56:17 2026
| Host         : LAPTOP-ATE8I1GS running 64-bit major release  (build 9200)
| Command      : report_bus_skew -file D:/fft/fft_phase6_125m/reports/bus_skew.rpt
| Design       : system_wrapper
| Device       : 7z020-clg400
| Speed File   : -1  PRODUCTION 1.12 2019-11-22
| Design State : Routed
---------------------------------------------------------------------------------------------------------------------------------------------

Bus Skew Report

Table of Contents
-----------------
1. Bus Skew Report Summary
2. Bus Skew Report Per Constraint

1. Bus Skew Report Summary
--------------------------

Id  Position  From                            To                              Corner  Requirement(ns)  Actual(ns)  Slack(ns)
--  --------  ------------------------------  ------------------------------  ------  ---------------  ----------  ---------
1   12        [get_cells [list {system_i/iq_0/inst/core/input_fifo/gnuram_async_fifo.xpm_fifo_base_inst/gen_cdc_pntr.rd_pntr_cdc_inst/src_gray_ff_reg[0]} \
          {system_i/iq_0/inst/core/input_fifo/gnuram_async_fifo.xpm_fifo_base_inst/gen_cdc_pntr.rd_pntr_cdc_inst/src_gray_ff_reg[10]} \
          {system_i/iq_0/inst/core/input_fifo/gnuram_async_fifo.xpm_fifo_base_inst/gen_cdc_pntr.rd_pntr_cdc_inst/src_gray_ff_reg[11]} \
          {system_i/iq_0/inst/core/input_fifo/gnuram_async_fifo.xpm_fifo_base_inst/gen_cdc_pntr.rd_pntr_cdc_inst/src_gray_ff_reg[1]} \
          {system_i/iq_0/inst/core/input_fifo/gnuram_async_fifo.xpm_fifo_base_inst/gen_cdc_pntr.rd_pntr_cdc_inst/src_gray_ff_reg[2]} \
          {system_i/iq_0/inst/core/input_fifo/gnuram_async_fifo.xpm_fifo_base_inst/gen_cdc_pntr.rd_pntr_cdc_inst/src_gray_ff_reg[3]} \
          {system_i/iq_0/inst/core/input_fifo/gnuram_async_fifo.xpm_fifo_base_inst/gen_cdc_pntr.rd_pntr_cdc_inst/src_gray_ff_reg[4]} \
          {system_i/iq_0/inst/core/input_fifo/gnuram_async_fifo.xpm_fifo_base_inst/gen_cdc_pntr.rd_pntr_cdc_inst/src_gray_ff_reg[5]} \
          {system_i/iq_0/inst/core/input_fifo/gnuram_async_fifo.xpm_fifo_base_inst/gen_cdc_pntr.rd_pntr_cdc_inst/src_gray_ff_reg[6]} \
          {system_i/iq_0/inst/core/input_fifo/gnuram_async_fifo.xpm_fifo_base_inst/gen_cdc_pntr.rd_pntr_cdc_inst/src_gray_ff_reg[7]} \
          {system_i/iq_0/inst/core/input_fifo/gnuram_async_fifo.xpm_fifo_base_inst/gen_cdc_pntr.rd_pntr_cdc_inst/src_gray_ff_reg[8]} \
          {system_i/iq_0/inst/core/input_fifo/gnuram_async_fifo.xpm_fifo_base_inst/gen_cdc_pntr.rd_pntr_cdc_inst/src_gray_ff_reg[9]}]]
                                              [get_cells [list {system_i/iq_0/inst/core/input_fifo/gnuram_async_fifo.xpm_fifo_base_inst/gen_cdc_pntr.rd_pntr_cdc_inst/dest_graysync_ff_reg[0][0]} \
          {system_i/iq_0/inst/core/input_fifo/gnuram_async_fifo.xpm_fifo_base_inst/gen_cdc_pntr.rd_pntr_cdc_inst/dest_graysync_ff_reg[0][10]} \
          {system_i/iq_0/inst/core/input_fifo/gnuram_async_fifo.xpm_fifo_base_inst/gen_cdc_pntr.rd_pntr_cdc_inst/dest_graysync_ff_reg[0][11]} \
          {system_i/iq_0/inst/core/input_fifo/gnuram_async_fifo.xpm_fifo_base_inst/gen_cdc_pntr.rd_pntr_cdc_inst/dest_graysync_ff_reg[0][1]} \
          {system_i/iq_0/inst/core/input_fifo/gnuram_async_fifo.xpm_fifo_base_inst/gen_cdc_pntr.rd_pntr_cdc_inst/dest_graysync_ff_reg[0][2]} \
          {system_i/iq_0/inst/core/input_fifo/gnuram_async_fifo.xpm_fifo_base_inst/gen_cdc_pntr.rd_pntr_cdc_inst/dest_graysync_ff_reg[0][3]} \
          {system_i/iq_0/inst/core/input_fifo/gnuram_async_fifo.xpm_fifo_base_inst/gen_cdc_pntr.rd_pntr_cdc_inst/dest_graysync_ff_reg[0][4]} \
          {system_i/iq_0/inst/core/input_fifo/gnuram_async_fifo.xpm_fifo_base_inst/gen_cdc_pntr.rd_pntr_cdc_inst/dest_graysync_ff_reg[0][5]} \
          {system_i/iq_0/inst/core/input_fifo/gnuram_async_fifo.xpm_fifo_base_inst/gen_cdc_pntr.rd_pntr_cdc_inst/dest_graysync_ff_reg[0][6]} \
          {system_i/iq_0/inst/core/input_fifo/gnuram_async_fifo.xpm_fifo_base_inst/gen_cdc_pntr.rd_pntr_cdc_inst/dest_graysync_ff_reg[0][7]} \
          {system_i/iq_0/inst/core/input_fifo/gnuram_async_fifo.xpm_fifo_base_inst/gen_cdc_pntr.rd_pntr_cdc_inst/dest_graysync_ff_reg[0][8]} \
          {system_i/iq_0/inst/core/input_fifo/gnuram_async_fifo.xpm_fifo_base_inst/gen_cdc_pntr.rd_pntr_cdc_inst/dest_graysync_ff_reg[0][9]}]]
                                                                              Slow              8.000       1.077      6.923
2   14        [get_cells [list {system_i/iq_0/inst/core/input_fifo/gnuram_async_fifo.xpm_fifo_base_inst/gen_cdc_pntr.wr_pntr_cdc_inst/src_gray_ff_reg[0]} \
          {system_i/iq_0/inst/core/input_fifo/gnuram_async_fifo.xpm_fifo_base_inst/gen_cdc_pntr.wr_pntr_cdc_inst/src_gray_ff_reg[10]} \
          {system_i/iq_0/inst/core/input_fifo/gnuram_async_fifo.xpm_fifo_base_inst/gen_cdc_pntr.wr_pntr_cdc_inst/src_gray_ff_reg[11]} \
          {system_i/iq_0/inst/core/input_fifo/gnuram_async_fifo.xpm_fifo_base_inst/gen_cdc_pntr.wr_pntr_cdc_inst/src_gray_ff_reg[1]} \
          {system_i/iq_0/inst/core/input_fifo/gnuram_async_fifo.xpm_fifo_base_inst/gen_cdc_pntr.wr_pntr_cdc_inst/src_gray_ff_reg[2]} \
          {system_i/iq_0/inst/core/input_fifo/gnuram_async_fifo.xpm_fifo_base_inst/gen_cdc_pntr.wr_pntr_cdc_inst/src_gray_ff_reg[3]} \
          {system_i/iq_0/inst/core/input_fifo/gnuram_async_fifo.xpm_fifo_base_inst/gen_cdc_pntr.wr_pntr_cdc_inst/src_gray_ff_reg[4]} \
          {system_i/iq_0/inst/core/input_fifo/gnuram_async_fifo.xpm_fifo_base_inst/gen_cdc_pntr.wr_pntr_cdc_inst/src_gray_ff_reg[5]} \
          {system_i/iq_0/inst/core/input_fifo/gnuram_async_fifo.xpm_fifo_base_inst/gen_cdc_pntr.wr_pntr_cdc_inst/src_gray_ff_reg[6]} \
          {system_i/iq_0/inst/core/input_fifo/gnuram_async_fifo.xpm_fifo_base_inst/gen_cdc_pntr.wr_pntr_cdc_inst/src_gray_ff_reg[7]} \
          {system_i/iq_0/inst/core/input_fifo/gnuram_async_fifo.xpm_fifo_base_inst/gen_cdc_pntr.wr_pntr_cdc_inst/src_gray_ff_reg[8]} \
          {system_i/iq_0/inst/core/input_fifo/gnuram_async_fifo.xpm_fifo_base_inst/gen_cdc_pntr.wr_pntr_cdc_inst/src_gray_ff_reg[9]}]]
                                              [get_cells [list {system_i/iq_0/inst/core/input_fifo/gnuram_async_fifo.xpm_fifo_base_inst/gen_cdc_pntr.wr_pntr_cdc_inst/dest_graysync_ff_reg[0][0]} \
          {system_i/iq_0/inst/core/input_fifo/gnuram_async_fifo.xpm_fifo_base_inst/gen_cdc_pntr.wr_pntr_cdc_inst/dest_graysync_ff_reg[0][10]} \
          {system_i/iq_0/inst/core/input_fifo/gnuram_async_fifo.xpm_fifo_base_inst/gen_cdc_pntr.wr_pntr_cdc_inst/dest_graysync_ff_reg[0][11]} \
          {system_i/iq_0/inst/core/input_fifo/gnuram_async_fifo.xpm_fifo_base_inst/gen_cdc_pntr.wr_pntr_cdc_inst/dest_graysync_ff_reg[0][1]} \
          {system_i/iq_0/inst/core/input_fifo/gnuram_async_fifo.xpm_fifo_base_inst/gen_cdc_pntr.wr_pntr_cdc_inst/dest_graysync_ff_reg[0][2]} \
          {system_i/iq_0/inst/core/input_fifo/gnuram_async_fifo.xpm_fifo_base_inst/gen_cdc_pntr.wr_pntr_cdc_inst/dest_graysync_ff_reg[0][3]} \
          {system_i/iq_0/inst/core/input_fifo/gnuram_async_fifo.xpm_fifo_base_inst/gen_cdc_pntr.wr_pntr_cdc_inst/dest_graysync_ff_reg[0][4]} \
          {system_i/iq_0/inst/core/input_fifo/gnuram_async_fifo.xpm_fifo_base_inst/gen_cdc_pntr.wr_pntr_cdc_inst/dest_graysync_ff_reg[0][5]} \
          {system_i/iq_0/inst/core/input_fifo/gnuram_async_fifo.xpm_fifo_base_inst/gen_cdc_pntr.wr_pntr_cdc_inst/dest_graysync_ff_reg[0][6]} \
          {system_i/iq_0/inst/core/input_fifo/gnuram_async_fifo.xpm_fifo_base_inst/gen_cdc_pntr.wr_pntr_cdc_inst/dest_graysync_ff_reg[0][7]} \
          {system_i/iq_0/inst/core/input_fifo/gnuram_async_fifo.xpm_fifo_base_inst/gen_cdc_pntr.wr_pntr_cdc_inst/dest_graysync_ff_reg[0][8]} \
          {system_i/iq_0/inst/core/input_fifo/gnuram_async_fifo.xpm_fifo_base_inst/gen_cdc_pntr.wr_pntr_cdc_inst/dest_graysync_ff_reg[0][9]}]]
                                                                              Slow              8.000       0.883      7.117
3   18        [get_cells [list {system_i/iq_0/inst/core/input_fifo/gnuram_async_fifo.xpm_fifo_base_inst/gen_cdc_pntr.rd_pntr_cdc_dc_inst/src_gray_ff_reg[0]} \
          {system_i/iq_0/inst/core/input_fifo/gnuram_async_fifo.xpm_fifo_base_inst/gen_cdc_pntr.rd_pntr_cdc_dc_inst/src_gray_ff_reg[10]} \
          {system_i/iq_0/inst/core/input_fifo/gnuram_async_fifo.xpm_fifo_base_inst/gen_cdc_pntr.rd_pntr_cdc_dc_inst/src_gray_ff_reg[11]} \
          {system_i/iq_0/inst/core/input_fifo/gnuram_async_fifo.xpm_fifo_base_inst/gen_cdc_pntr.rd_pntr_cdc_dc_inst/src_gray_ff_reg[12]} \
          {system_i/iq_0/inst/core/input_fifo/gnuram_async_fifo.xpm_fifo_base_inst/gen_cdc_pntr.rd_pntr_cdc_dc_inst/src_gray_ff_reg[1]} \
          {system_i/iq_0/inst/core/input_fifo/gnuram_async_fifo.xpm_fifo_base_inst/gen_cdc_pntr.rd_pntr_cdc_dc_inst/src_gray_ff_reg[2]} \
          {system_i/iq_0/inst/core/input_fifo/gnuram_async_fifo.xpm_fifo_base_inst/gen_cdc_pntr.rd_pntr_cdc_dc_inst/src_gray_ff_reg[3]} \
          {system_i/iq_0/inst/core/input_fifo/gnuram_async_fifo.xpm_fifo_base_inst/gen_cdc_pntr.rd_pntr_cdc_dc_inst/src_gray_ff_reg[4]} \
          {system_i/iq_0/inst/core/input_fifo/gnuram_async_fifo.xpm_fifo_base_inst/gen_cdc_pntr.rd_pntr_cdc_dc_inst/src_gray_ff_reg[5]} \
          {system_i/iq_0/inst/core/input_fifo/gnuram_async_fifo.xpm_fifo_base_inst/gen_cdc_pntr.rd_pntr_cdc_dc_inst/src_gray_ff_reg[6]} \
          {system_i/iq_0/inst/core/input_fifo/gnuram_async_fifo.xpm_fifo_base_inst/gen_cdc_pntr.rd_pntr_cdc_dc_inst/src_gray_ff_reg[7]} \
          {system_i/iq_0/inst/core/input_fifo/gnuram_async_fifo.xpm_fifo_base_inst/gen_cdc_pntr.rd_pntr_cdc_dc_inst/src_gray_ff_reg[8]} \
          {system_i/iq_0/inst/core/input_fifo/gnuram_async_fifo.xpm_fifo_base_inst/gen_cdc_pntr.rd_pntr_cdc_dc_inst/src_gray_ff_reg[9]}]]
                                              [get_cells [list {system_i/iq_0/inst/core/input_fifo/gnuram_async_fifo.xpm_fifo_base_inst/gen_cdc_pntr.rd_pntr_cdc_dc_inst/dest_graysync_ff_reg[0][0]} \
          {system_i/iq_0/inst/core/input_fifo/gnuram_async_fifo.xpm_fifo_base_inst/gen_cdc_pntr.rd_pntr_cdc_dc_inst/dest_graysync_ff_reg[0][10]} \
          {system_i/iq_0/inst/core/input_fifo/gnuram_async_fifo.xpm_fifo_base_inst/gen_cdc_pntr.rd_pntr_cdc_dc_inst/dest_graysync_ff_reg[0][11]} \
          {system_i/iq_0/inst/core/input_fifo/gnuram_async_fifo.xpm_fifo_base_inst/gen_cdc_pntr.rd_pntr_cdc_dc_inst/dest_graysync_ff_reg[0][12]} \
          {system_i/iq_0/inst/core/input_fifo/gnuram_async_fifo.xpm_fifo_base_inst/gen_cdc_pntr.rd_pntr_cdc_dc_inst/dest_graysync_ff_reg[0][1]} \
          {system_i/iq_0/inst/core/input_fifo/gnuram_async_fifo.xpm_fifo_base_inst/gen_cdc_pntr.rd_pntr_cdc_dc_inst/dest_graysync_ff_reg[0][2]} \
          {system_i/iq_0/inst/core/input_fifo/gnuram_async_fifo.xpm_fifo_base_inst/gen_cdc_pntr.rd_pntr_cdc_dc_inst/dest_graysync_ff_reg[0][3]} \
          {system_i/iq_0/inst/core/input_fifo/gnuram_async_fifo.xpm_fifo_base_inst/gen_cdc_pntr.rd_pntr_cdc_dc_inst/dest_graysync_ff_reg[0][4]} \
          {system_i/iq_0/inst/core/input_fifo/gnuram_async_fifo.xpm_fifo_base_inst/gen_cdc_pntr.rd_pntr_cdc_dc_inst/dest_graysync_ff_reg[0][5]} \
          {system_i/iq_0/inst/core/input_fifo/gnuram_async_fifo.xpm_fifo_base_inst/gen_cdc_pntr.rd_pntr_cdc_dc_inst/dest_graysync_ff_reg[0][6]} \
          {system_i/iq_0/inst/core/input_fifo/gnuram_async_fifo.xpm_fifo_base_inst/gen_cdc_pntr.rd_pntr_cdc_dc_inst/dest_graysync_ff_reg[0][7]} \
          {system_i/iq_0/inst/core/input_fifo/gnuram_async_fifo.xpm_fifo_base_inst/gen_cdc_pntr.rd_pntr_cdc_dc_inst/dest_graysync_ff_reg[0][8]} \
          {system_i/iq_0/inst/core/input_fifo/gnuram_async_fifo.xpm_fifo_base_inst/gen_cdc_pntr.rd_pntr_cdc_dc_inst/dest_graysync_ff_reg[0][9]}]]
                                                                              Slow              8.000       1.029      6.971
4   20        [get_cells [list {system_i/iq_0/inst/core/freq_cdc/gnuram_async_fifo.xpm_fifo_base_inst/gen_cdc_pntr.rd_pntr_cdc_inst/src_gray_ff_reg[0]} {system_i/iq_0/inst/core/freq_cdc/gnuram_async_fifo.xpm_fifo_base_inst/gen_cdc_pntr.rd_pntr_cdc_inst/src_gray_ff_reg[1]} {system_i/iq_0/inst/core/freq_cdc/gnuram_async_fifo.xpm_fifo_base_inst/gen_cdc_pntr.rd_pntr_cdc_inst/src_gray_ff_reg[2]} {system_i/iq_0/inst/core/freq_cdc/gnuram_async_fifo.xpm_fifo_base_inst/gen_cdc_pntr.rd_pntr_cdc_inst/src_gray_ff_reg[3]}]]
                                              [get_cells [list {system_i/iq_0/inst/core/freq_cdc/gnuram_async_fifo.xpm_fifo_base_inst/gen_cdc_pntr.rd_pntr_cdc_inst/dest_graysync_ff_reg[0][0]} {system_i/iq_0/inst/core/freq_cdc/gnuram_async_fifo.xpm_fifo_base_inst/gen_cdc_pntr.rd_pntr_cdc_inst/dest_graysync_ff_reg[0][1]} {system_i/iq_0/inst/core/freq_cdc/gnuram_async_fifo.xpm_fifo_base_inst/gen_cdc_pntr.rd_pntr_cdc_inst/dest_graysync_ff_reg[0][2]} {system_i/iq_0/inst/core/freq_cdc/gnuram_async_fifo.xpm_fifo_base_inst/gen_cdc_pntr.rd_pntr_cdc_inst/dest_graysync_ff_reg[0][3]}]]
                                                                              Slow              8.000       1.001      6.999
5   22        [get_cells [list {system_i/iq_0/inst/core/freq_cdc/gnuram_async_fifo.xpm_fifo_base_inst/gen_cdc_pntr.wr_pntr_cdc_inst/src_gray_ff_reg[0]} {system_i/iq_0/inst/core/freq_cdc/gnuram_async_fifo.xpm_fifo_base_inst/gen_cdc_pntr.wr_pntr_cdc_inst/src_gray_ff_reg[1]} {system_i/iq_0/inst/core/freq_cdc/gnuram_async_fifo.xpm_fifo_base_inst/gen_cdc_pntr.wr_pntr_cdc_inst/src_gray_ff_reg[2]} {system_i/iq_0/inst/core/freq_cdc/gnuram_async_fifo.xpm_fifo_base_inst/gen_cdc_pntr.wr_pntr_cdc_inst/src_gray_ff_reg[3]}]]
                                              [get_cells [list {system_i/iq_0/inst/core/freq_cdc/gnuram_async_fifo.xpm_fifo_base_inst/gen_cdc_pntr.wr_pntr_cdc_inst/dest_graysync_ff_reg[0][0]} {system_i/iq_0/inst/core/freq_cdc/gnuram_async_fifo.xpm_fifo_base_inst/gen_cdc_pntr.wr_pntr_cdc_inst/dest_graysync_ff_reg[0][1]} {system_i/iq_0/inst/core/freq_cdc/gnuram_async_fifo.xpm_fifo_base_inst/gen_cdc_pntr.wr_pntr_cdc_inst/dest_graysync_ff_reg[0][2]} {system_i/iq_0/inst/core/freq_cdc/gnuram_async_fifo.xpm_fifo_base_inst/gen_cdc_pntr.wr_pntr_cdc_inst/dest_graysync_ff_reg[0][3]}]]
                                                                              Slow              8.000       0.892      7.108
6   28        [get_cells [list {system_i/iq_0/inst/snapshot_cdc/src_hsdata_ff_reg[0]} \
          {system_i/iq_0/inst/snapshot_cdc/src_hsdata_ff_reg[10]} \
          {system_i/iq_0/inst/snapshot_cdc/src_hsdata_ff_reg[11]} \
          {system_i/iq_0/inst/snapshot_cdc/src_hsdata_ff_reg[12]} \
          {system_i/iq_0/inst/snapshot_cdc/src_hsdata_ff_reg[13]} \
          {system_i/iq_0/inst/snapshot_cdc/src_hsdata_ff_reg[14]} \
          {system_i/iq_0/inst/snapshot_cdc/src_hsdata_ff_reg[15]} \
          {system_i/iq_0/inst/snapshot_cdc/src_hsdata_ff_reg[16]} \
          {system_i/iq_0/inst/snapshot_cdc/src_hsdata_ff_reg[17]} \
          {system_i/iq_0/inst/snapshot_cdc/src_hsdata_ff_reg[18]} \
          {system_i/iq_0/inst/snapshot_cdc/src_hsdata_ff_reg[19]} \
          {system_i/iq_0/inst/snapshot_cdc/src_hsdata_ff_reg[1]} \
          {system_i/iq_0/inst/snapshot_cdc/src_hsdata_ff_reg[20]} \
          {system_i/iq_0/inst/snapshot_cdc/src_hsdata_ff_reg[21]} \
          {system_i/iq_0/inst/snapshot_cdc/src_hsdata_ff_reg[22]} \
          {system_i/iq_0/inst/snapshot_cdc/src_hsdata_ff_reg[23]} \
          {system_i/iq_0/inst/snapshot_cdc/src_hsdata_ff_reg[24]} \
          {system_i/iq_0/inst/snapshot_cdc/src_hsdata_ff_reg[25]} \
          {system_i/iq_0/inst/snapshot_cdc/src_hsdata_ff_reg[26]} \
          {system_i/iq_0/inst/snapshot_cdc/src_hsdata_ff_reg[27]} \
          {system_i/iq_0/inst/snapshot_cdc/src_hsdata_ff_reg[28]} \
          {system_i/iq_0/inst/snapshot_cdc/src_hsdata_ff_reg[29]} \
          {system_i/iq_0/inst/snapshot_cdc/src_hsdata_ff_reg[2]} \
          {system_i/iq_0/inst/snapshot_cdc/src_hsdata_ff_reg[30]} \
          {system_i/iq_0/inst/snapshot_cdc/src_hsdata_ff_reg[31]} \
          {system_i/iq_0/inst/snapshot_cdc/src_hsdata_ff_reg[3]} \
          {system_i/iq_0/inst/snapshot_cdc/src_hsdata_ff_reg[4]} \
          {system_i/iq_0/inst/snapshot_cdc/src_hsdata_ff_reg[5]} \
          {system_i/iq_0/inst/snapshot_cdc/src_hsdata_ff_reg[6]} \
          {system_i/iq_0/inst/snapshot_cdc/src_hsdata_ff_reg[7]} \
          {system_i/iq_0/inst/snapshot_cdc/src_hsdata_ff_reg[8]} \
          {system_i/iq_0/inst/snapshot_cdc/src_hsdata_ff_reg[9]}]]
                                              [get_cells [list {system_i/iq_0/inst/snapshot_cdc/dest_hsdata_ff_reg[0]} \
          {system_i/iq_0/inst/snapshot_cdc/dest_hsdata_ff_reg[10]} \
          {system_i/iq_0/inst/snapshot_cdc/dest_hsdata_ff_reg[11]} \
          {system_i/iq_0/inst/snapshot_cdc/dest_hsdata_ff_reg[12]} \
          {system_i/iq_0/inst/snapshot_cdc/dest_hsdata_ff_reg[13]} \
          {system_i/iq_0/inst/snapshot_cdc/dest_hsdata_ff_reg[14]} \
          {system_i/iq_0/inst/snapshot_cdc/dest_hsdata_ff_reg[15]} \
          {system_i/iq_0/inst/snapshot_cdc/dest_hsdata_ff_reg[16]} \
          {system_i/iq_0/inst/snapshot_cdc/dest_hsdata_ff_reg[17]} \
          {system_i/iq_0/inst/snapshot_cdc/dest_hsdata_ff_reg[18]} \
          {system_i/iq_0/inst/snapshot_cdc/dest_hsdata_ff_reg[19]} \
          {system_i/iq_0/inst/snapshot_cdc/dest_hsdata_ff_reg[1]} \
          {system_i/iq_0/inst/snapshot_cdc/dest_hsdata_ff_reg[20]} \
          {system_i/iq_0/inst/snapshot_cdc/dest_hsdata_ff_reg[21]} \
          {system_i/iq_0/inst/snapshot_cdc/dest_hsdata_ff_reg[22]} \
          {system_i/iq_0/inst/snapshot_cdc/dest_hsdata_ff_reg[23]} \
          {system_i/iq_0/inst/snapshot_cdc/dest_hsdata_ff_reg[24]} \
          {system_i/iq_0/inst/snapshot_cdc/dest_hsdata_ff_reg[25]} \
          {system_i/iq_0/inst/snapshot_cdc/dest_hsdata_ff_reg[26]} \
          {system_i/iq_0/inst/snapshot_cdc/dest_hsdata_ff_reg[27]} \
          {system_i/iq_0/inst/snapshot_cdc/dest_hsdata_ff_reg[28]} \
          {system_i/iq_0/inst/snapshot_cdc/dest_hsdata_ff_reg[29]} \
          {system_i/iq_0/inst/snapshot_cdc/dest_hsdata_ff_reg[2]} \
          {system_i/iq_0/inst/snapshot_cdc/dest_hsdata_ff_reg[30]} \
          {system_i/iq_0/inst/snapshot_cdc/dest_hsdata_ff_reg[31]} \
          {system_i/iq_0/inst/snapshot_cdc/dest_hsdata_ff_reg[3]} \
          {system_i/iq_0/inst/snapshot_cdc/dest_hsdata_ff_reg[4]} \
          {system_i/iq_0/inst/snapshot_cdc/dest_hsdata_ff_reg[5]} \
          {system_i/iq_0/inst/snapshot_cdc/dest_hsdata_ff_reg[6]} \
          {system_i/iq_0/inst/snapshot_cdc/dest_hsdata_ff_reg[7]} \
          {system_i/iq_0/inst/snapshot_cdc/dest_hsdata_ff_reg[8]} \
          {system_i/iq_0/inst/snapshot_cdc/dest_hsdata_ff_reg[9]}]]
                                                                              Slow             24.000       1.576     22.424


2. Bus Skew Report Per Constraint
---------------------------------

Id: 1
set_bus_skew -from [get_cells [list {system_i/iq_0/inst/core/input_fifo/gnuram_async_fifo.xpm_fifo_base_inst/gen_cdc_pntr.rd_pntr_cdc_inst/src_gray_ff_reg[0]} \
          {system_i/iq_0/inst/core/input_fifo/gnuram_async_fifo.xpm_fifo_base_inst/gen_cdc_pntr.rd_pntr_cdc_inst/src_gray_ff_reg[10]} \
          {system_i/iq_0/inst/core/input_fifo/gnuram_async_fifo.xpm_fifo_base_inst/gen_cdc_pntr.rd_pntr_cdc_inst/src_gray_ff_reg[11]} \
          {system_i/iq_0/inst/core/input_fifo/gnuram_async_fifo.xpm_fifo_base_inst/gen_cdc_pntr.rd_pntr_cdc_inst/src_gray_ff_reg[1]} \
          {system_i/iq_0/inst/core/input_fifo/gnuram_async_fifo.xpm_fifo_base_inst/gen_cdc_pntr.rd_pntr_cdc_inst/src_gray_ff_reg[2]} \
          {system_i/iq_0/inst/core/input_fifo/gnuram_async_fifo.xpm_fifo_base_inst/gen_cdc_pntr.rd_pntr_cdc_inst/src_gray_ff_reg[3]} \
          {system_i/iq_0/inst/core/input_fifo/gnuram_async_fifo.xpm_fifo_base_inst/gen_cdc_pntr.rd_pntr_cdc_inst/src_gray_ff_reg[4]} \
          {system_i/iq_0/inst/core/input_fifo/gnuram_async_fifo.xpm_fifo_base_inst/gen_cdc_pntr.rd_pntr_cdc_inst/src_gray_ff_reg[5]} \
          {system_i/iq_0/inst/core/input_fifo/gnuram_async_fifo.xpm_fifo_base_inst/gen_cdc_pntr.rd_pntr_cdc_inst/src_gray_ff_reg[6]} \
          {system_i/iq_0/inst/core/input_fifo/gnuram_async_fifo.xpm_fifo_base_inst/gen_cdc_pntr.rd_pntr_cdc_inst/src_gray_ff_reg[7]} \
          {system_i/iq_0/inst/core/input_fifo/gnuram_async_fifo.xpm_fifo_base_inst/gen_cdc_pntr.rd_pntr_cdc_inst/src_gray_ff_reg[8]} \
          {system_i/iq_0/inst/core/input_fifo/gnuram_async_fifo.xpm_fifo_base_inst/gen_cdc_pntr.rd_pntr_cdc_inst/src_gray_ff_reg[9]}]] -to [get_cells [list {system_i/iq_0/inst/core/input_fifo/gnuram_async_fifo.xpm_fifo_base_inst/gen_cdc_pntr.rd_pntr_cdc_inst/dest_graysync_ff_reg[0][0]} \
          {system_i/iq_0/inst/core/input_fifo/gnuram_async_fifo.xpm_fifo_base_inst/gen_cdc_pntr.rd_pntr_cdc_inst/dest_graysync_ff_reg[0][10]} \
          {system_i/iq_0/inst/core/input_fifo/gnuram_async_fifo.xpm_fifo_base_inst/gen_cdc_pntr.rd_pntr_cdc_inst/dest_graysync_ff_reg[0][11]} \
          {system_i/iq_0/inst/core/input_fifo/gnuram_async_fifo.xpm_fifo_base_inst/gen_cdc_pntr.rd_pntr_cdc_inst/dest_graysync_ff_reg[0][1]} \
          {system_i/iq_0/inst/core/input_fifo/gnuram_async_fifo.xpm_fifo_base_inst/gen_cdc_pntr.rd_pntr_cdc_inst/dest_graysync_ff_reg[0][2]} \
          {system_i/iq_0/inst/core/input_fifo/gnuram_async_fifo.xpm_fifo_base_inst/gen_cdc_pntr.rd_pntr_cdc_inst/dest_graysync_ff_reg[0][3]} \
          {system_i/iq_0/inst/core/input_fifo/gnuram_async_fifo.xpm_fifo_base_inst/gen_cdc_pntr.rd_pntr_cdc_inst/dest_graysync_ff_reg[0][4]} \
          {system_i/iq_0/inst/core/input_fifo/gnuram_async_fifo.xpm_fifo_base_inst/gen_cdc_pntr.rd_pntr_cdc_inst/dest_graysync_ff_reg[0][5]} \
          {system_i/iq_0/inst/core/input_fifo/gnuram_async_fifo.xpm_fifo_base_inst/gen_cdc_pntr.rd_pntr_cdc_inst/dest_graysync_ff_reg[0][6]} \
          {system_i/iq_0/inst/core/input_fifo/gnuram_async_fifo.xpm_fifo_base_inst/gen_cdc_pntr.rd_pntr_cdc_inst/dest_graysync_ff_reg[0][7]} \
          {system_i/iq_0/inst/core/input_fifo/gnuram_async_fifo.xpm_fifo_base_inst/gen_cdc_pntr.rd_pntr_cdc_inst/dest_graysync_ff_reg[0][8]} \
          {system_i/iq_0/inst/core/input_fifo/gnuram_async_fifo.xpm_fifo_base_inst/gen_cdc_pntr.rd_pntr_cdc_inst/dest_graysync_ff_reg[0][9]}]] 8.000
Requirement: 8.000ns
Endpoints: 12

From Clock            To Clock              Endpoint Pin                    Reference Pin                   Corner  Actual(ns)  Slack(ns)
--------------------  --------------------  ------------------------------  ------------------------------  ------  ----------  ---------
clk_fpga_1            clk_fpga_0            system_i/iq_0/inst/core/input_fifo/gnuram_async_fifo.xpm_fifo_base_inst/gen_cdc_pntr.rd_pntr_cdc_inst/dest_graysync_ff_reg[0][5]/D
                                                                            system_i/iq_0/inst/core/input_fifo/gnuram_async_fifo.xpm_fifo_base_inst/gen_cdc_pntr.rd_pntr_cdc_inst/dest_graysync_ff_reg[0][11]/D
                                                                                                            Slow         1.077      6.923


Slack (MET) :             6.923ns  (requirement - actual skew)
  Endpoint Source:        system_i/iq_0/inst/core/input_fifo/gnuram_async_fifo.xpm_fifo_base_inst/gen_cdc_pntr.rd_pntr_cdc_inst/src_gray_ff_reg[5]/C
                            (rising edge-triggered cell FDRE clocked by clk_fpga_1)
  Endpoint Destination:   system_i/iq_0/inst/core/input_fifo/gnuram_async_fifo.xpm_fifo_base_inst/gen_cdc_pntr.rd_pntr_cdc_inst/dest_graysync_ff_reg[0][5]/D
                            (rising edge-triggered cell FDRE clocked by clk_fpga_0)
  Reference Source:       system_i/iq_0/inst/core/input_fifo/gnuram_async_fifo.xpm_fifo_base_inst/gen_cdc_pntr.rd_pntr_cdc_inst/src_gray_ff_reg[11]/C
                            (rising edge-triggered cell FDRE clocked by clk_fpga_1)
  Reference Destination:  system_i/iq_0/inst/core/input_fifo/gnuram_async_fifo.xpm_fifo_base_inst/gen_cdc_pntr.rd_pntr_cdc_inst/dest_graysync_ff_reg[0][11]/D
                            (rising edge-triggered cell FDRE clocked by clk_fpga_0)
  Path Type:              Bus Skew (Max at Slow Process Corner)
  Requirement:            8.000ns
  Endpoint Relative Delay:    2.012ns
  Reference Relative Delay:   0.476ns
  Relative CRPR:              0.458ns
  Actual Bus Skew:            1.077ns  (Endpoint Relative Delay - Reference Relative Delay - Relative CRPR)

Endpoint path:
    Location             Delay type                Incr(ns)  Path(ns)    Netlist Resource(s)
  -------------------------------------------------------------------    -------------------
                         (clock clk_fpga_1 rise edge)
                                                      0.000     0.000 r  <hidden>
    PS7_X0Y0             PS7                          0.000     0.000 r  system_i/ps7/inst/PS7_i/FCLKCLK[1]
                         net (fo=1, routed)           1.193     1.193    system_i/ps7/inst/FCLK_CLK_unbuffered[1]
    BUFGCTRL_X0Y17       BUFG (Prop_bufg_I_O)         0.101     1.294 r  system_i/ps7/inst/buffer_fclk_clk_1.FCLK_CLK_1_BUFG/O
                         net (fo=16766, routed)       1.701     2.995    system_i/iq_0/inst/core/input_fifo/gnuram_async_fifo.xpm_fifo_base_inst/gen_cdc_pntr.rd_pntr_cdc_inst/src_clk
    SLICE_X64Y78         FDRE                                         r  system_i/iq_0/inst/core/input_fifo/gnuram_async_fifo.xpm_fifo_base_inst/gen_cdc_pntr.rd_pntr_cdc_inst/src_gray_ff_reg[5]/C
  -------------------------------------------------------------------    -------------------
    SLICE_X64Y78         FDRE (Prop_fdre_C_Q)         0.419     3.414 r  system_i/iq_0/inst/core/input_fifo/gnuram_async_fifo.xpm_fifo_base_inst/gen_cdc_pntr.rd_pntr_cdc_inst/src_gray_ff_reg[5]/Q
                         net (fo=1, routed)           1.042     4.456    system_i/iq_0/inst/core/input_fifo/gnuram_async_fifo.xpm_fifo_base_inst/gen_cdc_pntr.rd_pntr_cdc_inst/async_path[5]
    SLICE_X64Y79         FDRE                                         r  system_i/iq_0/inst/core/input_fifo/gnuram_async_fifo.xpm_fifo_base_inst/gen_cdc_pntr.rd_pntr_cdc_inst/dest_graysync_ff_reg[0][5]/D
  -------------------------------------------------------------------    -------------------

                         (clock clk_fpga_0 rise edge)
                                                      0.000     0.000 r  <hidden>
    PS7_X0Y0             PS7                          0.000     0.000 r  system_i/ps7/inst/PS7_i/FCLKCLK[0]
                         net (fo=1, routed)           1.088     1.088    system_i/ps7/inst/FCLK_CLK_unbuffered[0]
    BUFGCTRL_X0Y16       BUFG (Prop_bufg_I_O)         0.091     1.179 r  system_i/ps7/inst/buffer_fclk_clk_0.FCLK_CLK_0_BUFG/O
                         net (fo=11036, routed)       1.530     2.709    system_i/iq_0/inst/core/input_fifo/gnuram_async_fifo.xpm_fifo_base_inst/gen_cdc_pntr.rd_pntr_cdc_inst/dest_clk
    SLICE_X64Y79         FDRE                                         r  system_i/iq_0/inst/core/input_fifo/gnuram_async_fifo.xpm_fifo_base_inst/gen_cdc_pntr.rd_pntr_cdc_inst/dest_graysync_ff_reg[0][5]/C
                         clock pessimism              0.000     2.709    <hidden>
    SLICE_X64Y79         FDRE (Setup_fdre_C_D)       -0.265     2.444    system_i/iq_0/inst/core/input_fifo/gnuram_async_fifo.xpm_fifo_base_inst/gen_cdc_pntr.rd_pntr_cdc_inst/dest_graysync_ff_reg[0][5]
  -------------------------------------------------------------------
                         data arrival                           4.456    <hidden>
                         clock arrival                          2.444    <hidden>
  -------------------------------------------------------------------
                         relative delay                         2.012    <hidden>

Reference path:
    Location             Delay type                Incr(ns)  Path(ns)    Netlist Resource(s)
  -------------------------------------------------------------------    -------------------
                         (clock clk_fpga_1 rise edge)
                                                      0.000     0.000 r  <hidden>
    PS7_X0Y0             PS7                          0.000     0.000 r  system_i/ps7/inst/PS7_i/FCLKCLK[1]
                         net (fo=1, routed)           1.088     1.088    system_i/ps7/inst/FCLK_CLK_unbuffered[1]
    BUFGCTRL_X0Y17       BUFG (Prop_bufg_I_O)         0.091     1.179 r  system_i/ps7/inst/buffer_fclk_clk_1.FCLK_CLK_1_BUFG/O
                         net (fo=16766, routed)       1.529     2.708    system_i/iq_0/inst/core/input_fifo/gnuram_async_fifo.xpm_fifo_base_inst/gen_cdc_pntr.rd_pntr_cdc_inst/src_clk
    SLICE_X62Y80         FDRE                                         r  system_i/iq_0/inst/core/input_fifo/gnuram_async_fifo.xpm_fifo_base_inst/gen_cdc_pntr.rd_pntr_cdc_inst/src_gray_ff_reg[11]/C
  -------------------------------------------------------------------    -------------------
    SLICE_X62Y80         FDRE (Prop_fdre_C_Q)         0.418     3.126 r  system_i/iq_0/inst/core/input_fifo/gnuram_async_fifo.xpm_fifo_base_inst/gen_cdc_pntr.rd_pntr_cdc_inst/src_gray_ff_reg[11]/Q
                         net (fo=1, routed)           0.516     3.641    system_i/iq_0/inst/core/input_fifo/gnuram_async_fifo.xpm_fifo_base_inst/gen_cdc_pntr.rd_pntr_cdc_inst/async_path[11]
    SLICE_X63Y80         FDRE                                         r  system_i/iq_0/inst/core/input_fifo/gnuram_async_fifo.xpm_fifo_base_inst/gen_cdc_pntr.rd_pntr_cdc_inst/dest_graysync_ff_reg[0][11]/D
  -------------------------------------------------------------------    -------------------

                         (clock clk_fpga_0 rise edge)
                                                      0.000     0.000 r  <hidden>
    PS7_X0Y0             PS7                          0.000     0.000 r  system_i/ps7/inst/PS7_i/FCLKCLK[0]
                         net (fo=1, routed)           1.193     1.193    system_i/ps7/inst/FCLK_CLK_unbuffered[0]
    BUFGCTRL_X0Y16       BUFG (Prop_bufg_I_O)         0.101     1.294 r  system_i/ps7/inst/buffer_fclk_clk_0.FCLK_CLK_0_BUFG/O
                         net (fo=11036, routed)       1.702     2.996    system_i/iq_0/inst/core/input_fifo/gnuram_async_fifo.xpm_fifo_base_inst/gen_cdc_pntr.rd_pntr_cdc_inst/dest_clk
    SLICE_X63Y80         FDRE                                         r  system_i/iq_0/inst/core/input_fifo/gnuram_async_fifo.xpm_fifo_base_inst/gen_cdc_pntr.rd_pntr_cdc_inst/dest_graysync_ff_reg[0][11]/C
                         clock pessimism              0.000     2.996    <hidden>
    SLICE_X63Y80         FDRE (Hold_fdre_C_D)         0.169     3.165    system_i/iq_0/inst/core/input_fifo/gnuram_async_fifo.xpm_fifo_base_inst/gen_cdc_pntr.rd_pntr_cdc_inst/dest_graysync_ff_reg[0][11]
  -------------------------------------------------------------------
                         data arrival                           3.641    <hidden>
                         clock arrival                          3.165    <hidden>
  -------------------------------------------------------------------
                         relative delay                         0.476    <hidden>



Id: 2
set_bus_skew -from [get_cells [list {system_i/iq_0/inst/core/input_fifo/gnuram_async_fifo.xpm_fifo_base_inst/gen_cdc_pntr.wr_pntr_cdc_inst/src_gray_ff_reg[0]} \
          {system_i/iq_0/inst/core/input_fifo/gnuram_async_fifo.xpm_fifo_base_inst/gen_cdc_pntr.wr_pntr_cdc_inst/src_gray_ff_reg[10]} \
          {system_i/iq_0/inst/core/input_fifo/gnuram_async_fifo.xpm_fifo_base_inst/gen_cdc_pntr.wr_pntr_cdc_inst/src_gray_ff_reg[11]} \
          {system_i/iq_0/inst/core/input_fifo/gnuram_async_fifo.xpm_fifo_base_inst/gen_cdc_pntr.wr_pntr_cdc_inst/src_gray_ff_reg[1]} \
          {system_i/iq_0/inst/core/input_fifo/gnuram_async_fifo.xpm_fifo_base_inst/gen_cdc_pntr.wr_pntr_cdc_inst/src_gray_ff_reg[2]} \
          {system_i/iq_0/inst/core/input_fifo/gnuram_async_fifo.xpm_fifo_base_inst/gen_cdc_pntr.wr_pntr_cdc_inst/src_gray_ff_reg[3]} \
          {system_i/iq_0/inst/core/input_fifo/gnuram_async_fifo.xpm_fifo_base_inst/gen_cdc_pntr.wr_pntr_cdc_inst/src_gray_ff_reg[4]} \
          {system_i/iq_0/inst/core/input_fifo/gnuram_async_fifo.xpm_fifo_base_inst/gen_cdc_pntr.wr_pntr_cdc_inst/src_gray_ff_reg[5]} \
          {system_i/iq_0/inst/core/input_fifo/gnuram_async_fifo.xpm_fifo_base_inst/gen_cdc_pntr.wr_pntr_cdc_inst/src_gray_ff_reg[6]} \
          {system_i/iq_0/inst/core/input_fifo/gnuram_async_fifo.xpm_fifo_base_inst/gen_cdc_pntr.wr_pntr_cdc_inst/src_gray_ff_reg[7]} \
          {system_i/iq_0/inst/core/input_fifo/gnuram_async_fifo.xpm_fifo_base_inst/gen_cdc_pntr.wr_pntr_cdc_inst/src_gray_ff_reg[8]} \
          {system_i/iq_0/inst/core/input_fifo/gnuram_async_fifo.xpm_fifo_base_inst/gen_cdc_pntr.wr_pntr_cdc_inst/src_gray_ff_reg[9]}]] -to [get_cells [list {system_i/iq_0/inst/core/input_fifo/gnuram_async_fifo.xpm_fifo_base_inst/gen_cdc_pntr.wr_pntr_cdc_inst/dest_graysync_ff_reg[0][0]} \
          {system_i/iq_0/inst/core/input_fifo/gnuram_async_fifo.xpm_fifo_base_inst/gen_cdc_pntr.wr_pntr_cdc_inst/dest_graysync_ff_reg[0][10]} \
          {system_i/iq_0/inst/core/input_fifo/gnuram_async_fifo.xpm_fifo_base_inst/gen_cdc_pntr.wr_pntr_cdc_inst/dest_graysync_ff_reg[0][11]} \
          {system_i/iq_0/inst/core/input_fifo/gnuram_async_fifo.xpm_fifo_base_inst/gen_cdc_pntr.wr_pntr_cdc_inst/dest_graysync_ff_reg[0][1]} \
          {system_i/iq_0/inst/core/input_fifo/gnuram_async_fifo.xpm_fifo_base_inst/gen_cdc_pntr.wr_pntr_cdc_inst/dest_graysync_ff_reg[0][2]} \
          {system_i/iq_0/inst/core/input_fifo/gnuram_async_fifo.xpm_fifo_base_inst/gen_cdc_pntr.wr_pntr_cdc_inst/dest_graysync_ff_reg[0][3]} \
          {system_i/iq_0/inst/core/input_fifo/gnuram_async_fifo.xpm_fifo_base_inst/gen_cdc_pntr.wr_pntr_cdc_inst/dest_graysync_ff_reg[0][4]} \
          {system_i/iq_0/inst/core/input_fifo/gnuram_async_fifo.xpm_fifo_base_inst/gen_cdc_pntr.wr_pntr_cdc_inst/dest_graysync_ff_reg[0][5]} \
          {system_i/iq_0/inst/core/input_fifo/gnuram_async_fifo.xpm_fifo_base_inst/gen_cdc_pntr.wr_pntr_cdc_inst/dest_graysync_ff_reg[0][6]} \
          {system_i/iq_0/inst/core/input_fifo/gnuram_async_fifo.xpm_fifo_base_inst/gen_cdc_pntr.wr_pntr_cdc_inst/dest_graysync_ff_reg[0][7]} \
          {system_i/iq_0/inst/core/input_fifo/gnuram_async_fifo.xpm_fifo_base_inst/gen_cdc_pntr.wr_pntr_cdc_inst/dest_graysync_ff_reg[0][8]} \
          {system_i/iq_0/inst/core/input_fifo/gnuram_async_fifo.xpm_fifo_base_inst/gen_cdc_pntr.wr_pntr_cdc_inst/dest_graysync_ff_reg[0][9]}]] 8.000
Requirement: 8.000ns
Endpoints: 12

From Clock            To Clock              Endpoint Pin                    Reference Pin                   Corner  Actual(ns)  Slack(ns)
--------------------  --------------------  ------------------------------  ------------------------------  ------  ----------  ---------
clk_fpga_0            clk_fpga_1            system_i/iq_0/inst/core/input_fifo/gnuram_async_fifo.xpm_fifo_base_inst/gen_cdc_pntr.wr_pntr_cdc_inst/dest_graysync_ff_reg[0][7]/D
                                                                            system_i/iq_0/inst/core/input_fifo/gnuram_async_fifo.xpm_fifo_base_inst/gen_cdc_pntr.wr_pntr_cdc_inst/dest_graysync_ff_reg[0][2]/D
                                                                                                            Slow         0.883      7.117


Slack (MET) :             7.117ns  (requirement - actual skew)
  Endpoint Source:        system_i/iq_0/inst/core/input_fifo/gnuram_async_fifo.xpm_fifo_base_inst/gen_cdc_pntr.wr_pntr_cdc_inst/src_gray_ff_reg[7]/C
                            (rising edge-triggered cell FDRE clocked by clk_fpga_0)
  Endpoint Destination:   system_i/iq_0/inst/core/input_fifo/gnuram_async_fifo.xpm_fifo_base_inst/gen_cdc_pntr.wr_pntr_cdc_inst/dest_graysync_ff_reg[0][7]/D
                            (rising edge-triggered cell FDRE clocked by clk_fpga_1)
  Reference Source:       system_i/iq_0/inst/core/input_fifo/gnuram_async_fifo.xpm_fifo_base_inst/gen_cdc_pntr.wr_pntr_cdc_inst/src_gray_ff_reg[2]/C
                            (rising edge-triggered cell FDRE clocked by clk_fpga_0)
  Reference Destination:  system_i/iq_0/inst/core/input_fifo/gnuram_async_fifo.xpm_fifo_base_inst/gen_cdc_pntr.wr_pntr_cdc_inst/dest_graysync_ff_reg[0][2]/D
                            (rising edge-triggered cell FDRE clocked by clk_fpga_1)
  Path Type:              Bus Skew (Max at Slow Process Corner)
  Requirement:            8.000ns
  Endpoint Relative Delay:    1.599ns
  Reference Relative Delay:   0.258ns
  Relative CRPR:              0.458ns
  Actual Bus Skew:            0.883ns  (Endpoint Relative Delay - Reference Relative Delay - Relative CRPR)

Endpoint path:
    Location             Delay type                Incr(ns)  Path(ns)    Netlist Resource(s)
  -------------------------------------------------------------------    -------------------
                         (clock clk_fpga_0 rise edge)
                                                      0.000     0.000 r  <hidden>
    PS7_X0Y0             PS7                          0.000     0.000 r  system_i/ps7/inst/PS7_i/FCLKCLK[0]
                         net (fo=1, routed)           1.193     1.193    system_i/ps7/inst/FCLK_CLK_unbuffered[0]
    BUFGCTRL_X0Y16       BUFG (Prop_bufg_I_O)         0.101     1.294 r  system_i/ps7/inst/buffer_fclk_clk_0.FCLK_CLK_0_BUFG/O
                         net (fo=11036, routed)       1.702     2.996    system_i/iq_0/inst/core/input_fifo/gnuram_async_fifo.xpm_fifo_base_inst/gen_cdc_pntr.wr_pntr_cdc_inst/src_clk
    SLICE_X63Y80         FDRE                                         r  system_i/iq_0/inst/core/input_fifo/gnuram_async_fifo.xpm_fifo_base_inst/gen_cdc_pntr.wr_pntr_cdc_inst/src_gray_ff_reg[7]/C
  -------------------------------------------------------------------    -------------------
    SLICE_X63Y80         FDRE (Prop_fdre_C_Q)         0.419     3.415 r  system_i/iq_0/inst/core/input_fifo/gnuram_async_fifo.xpm_fifo_base_inst/gen_cdc_pntr.wr_pntr_cdc_inst/src_gray_ff_reg[7]/Q
                         net (fo=1, routed)           0.626     4.041    system_i/iq_0/inst/core/input_fifo/gnuram_async_fifo.xpm_fifo_base_inst/gen_cdc_pntr.wr_pntr_cdc_inst/async_path[7]
    SLICE_X60Y80         FDRE                                         r  system_i/iq_0/inst/core/input_fifo/gnuram_async_fifo.xpm_fifo_base_inst/gen_cdc_pntr.wr_pntr_cdc_inst/dest_graysync_ff_reg[0][7]/D
  -------------------------------------------------------------------    -------------------

                         (clock clk_fpga_1 rise edge)
                                                      0.000     0.000 r  <hidden>
    PS7_X0Y0             PS7                          0.000     0.000 r  system_i/ps7/inst/PS7_i/FCLKCLK[1]
                         net (fo=1, routed)           1.088     1.088    system_i/ps7/inst/FCLK_CLK_unbuffered[1]
    BUFGCTRL_X0Y17       BUFG (Prop_bufg_I_O)         0.091     1.179 r  system_i/ps7/inst/buffer_fclk_clk_1.FCLK_CLK_1_BUFG/O
                         net (fo=16766, routed)       1.529     2.708    system_i/iq_0/inst/core/input_fifo/gnuram_async_fifo.xpm_fifo_base_inst/gen_cdc_pntr.wr_pntr_cdc_inst/dest_clk
    SLICE_X60Y80         FDRE                                         r  system_i/iq_0/inst/core/input_fifo/gnuram_async_fifo.xpm_fifo_base_inst/gen_cdc_pntr.wr_pntr_cdc_inst/dest_graysync_ff_reg[0][7]/C
                         clock pessimism              0.000     2.708    <hidden>
    SLICE_X60Y80         FDRE (Setup_fdre_C_D)       -0.266     2.442    system_i/iq_0/inst/core/input_fifo/gnuram_async_fifo.xpm_fifo_base_inst/gen_cdc_pntr.wr_pntr_cdc_inst/dest_graysync_ff_reg[0][7]
  -------------------------------------------------------------------
                         data arrival                           4.041    <hidden>
                         clock arrival                          2.442    <hidden>
  -------------------------------------------------------------------
                         relative delay                         1.599    <hidden>

Reference path:
    Location             Delay type                Incr(ns)  Path(ns)    Netlist Resource(s)
  -------------------------------------------------------------------    -------------------
                         (clock clk_fpga_0 rise edge)
                                                      0.000     0.000 r  <hidden>
    PS7_X0Y0             PS7                          0.000     0.000 r  system_i/ps7/inst/PS7_i/FCLKCLK[0]
                         net (fo=1, routed)           1.088     1.088    system_i/ps7/inst/FCLK_CLK_unbuffered[0]
    BUFGCTRL_X0Y16       BUFG (Prop_bufg_I_O)         0.091     1.179 r  system_i/ps7/inst/buffer_fclk_clk_0.FCLK_CLK_0_BUFG/O
                         net (fo=11036, routed)       1.525     2.704    system_i/iq_0/inst/core/input_fifo/gnuram_async_fifo.xpm_fifo_base_inst/gen_cdc_pntr.wr_pntr_cdc_inst/src_clk
    SLICE_X55Y79         FDRE                                         r  system_i/iq_0/inst/core/input_fifo/gnuram_async_fifo.xpm_fifo_base_inst/gen_cdc_pntr.wr_pntr_cdc_inst/src_gray_ff_reg[2]/C
  -------------------------------------------------------------------    -------------------
    SLICE_X55Y79         FDRE (Prop_fdre_C_Q)         0.367     3.071 r  system_i/iq_0/inst/core/input_fifo/gnuram_async_fifo.xpm_fifo_base_inst/gen_cdc_pntr.wr_pntr_cdc_inst/src_gray_ff_reg[2]/Q
                         net (fo=1, routed)           0.410     3.481    system_i/iq_0/inst/core/input_fifo/gnuram_async_fifo.xpm_fifo_base_inst/gen_cdc_pntr.wr_pntr_cdc_inst/async_path[2]
    SLICE_X54Y79         FDRE                                         r  system_i/iq_0/inst/core/input_fifo/gnuram_async_fifo.xpm_fifo_base_inst/gen_cdc_pntr.wr_pntr_cdc_inst/dest_graysync_ff_reg[0][2]/D
  -------------------------------------------------------------------    -------------------

                         (clock clk_fpga_1 rise edge)
                                                      0.000     0.000 r  <hidden>
    PS7_X0Y0             PS7                          0.000     0.000 r  system_i/ps7/inst/PS7_i/FCLKCLK[1]
                         net (fo=1, routed)           1.193     1.193    system_i/ps7/inst/FCLK_CLK_unbuffered[1]
    BUFGCTRL_X0Y17       BUFG (Prop_bufg_I_O)         0.101     1.294 r  system_i/ps7/inst/buffer_fclk_clk_1.FCLK_CLK_1_BUFG/O
                         net (fo=16766, routed)       1.698     2.992    system_i/iq_0/inst/core/input_fifo/gnuram_async_fifo.xpm_fifo_base_inst/gen_cdc_pntr.wr_pntr_cdc_inst/dest_clk
    SLICE_X54Y79         FDRE                                         r  system_i/iq_0/inst/core/input_fifo/gnuram_async_fifo.xpm_fifo_base_inst/gen_cdc_pntr.wr_pntr_cdc_inst/dest_graysync_ff_reg[0][2]/C
                         clock pessimism              0.000     2.992    <hidden>
    SLICE_X54Y79         FDRE (Hold_fdre_C_D)         0.231     3.223    system_i/iq_0/inst/core/input_fifo/gnuram_async_fifo.xpm_fifo_base_inst/gen_cdc_pntr.wr_pntr_cdc_inst/dest_graysync_ff_reg[0][2]
  -------------------------------------------------------------------
                         data arrival                           3.481    <hidden>
                         clock arrival                          3.223    <hidden>
  -------------------------------------------------------------------
                         relative delay                         0.258    <hidden>



Id: 3
set_bus_skew -from [get_cells [list {system_i/iq_0/inst/core/input_fifo/gnuram_async_fifo.xpm_fifo_base_inst/gen_cdc_pntr.rd_pntr_cdc_dc_inst/src_gray_ff_reg[0]} \
          {system_i/iq_0/inst/core/input_fifo/gnuram_async_fifo.xpm_fifo_base_inst/gen_cdc_pntr.rd_pntr_cdc_dc_inst/src_gray_ff_reg[10]} \
          {system_i/iq_0/inst/core/input_fifo/gnuram_async_fifo.xpm_fifo_base_inst/gen_cdc_pntr.rd_pntr_cdc_dc_inst/src_gray_ff_reg[11]} \
          {system_i/iq_0/inst/core/input_fifo/gnuram_async_fifo.xpm_fifo_base_inst/gen_cdc_pntr.rd_pntr_cdc_dc_inst/src_gray_ff_reg[12]} \
          {system_i/iq_0/inst/core/input_fifo/gnuram_async_fifo.xpm_fifo_base_inst/gen_cdc_pntr.rd_pntr_cdc_dc_inst/src_gray_ff_reg[1]} \
          {system_i/iq_0/inst/core/input_fifo/gnuram_async_fifo.xpm_fifo_base_inst/gen_cdc_pntr.rd_pntr_cdc_dc_inst/src_gray_ff_reg[2]} \
          {system_i/iq_0/inst/core/input_fifo/gnuram_async_fifo.xpm_fifo_base_inst/gen_cdc_pntr.rd_pntr_cdc_dc_inst/src_gray_ff_reg[3]} \
          {system_i/iq_0/inst/core/input_fifo/gnuram_async_fifo.xpm_fifo_base_inst/gen_cdc_pntr.rd_pntr_cdc_dc_inst/src_gray_ff_reg[4]} \
          {system_i/iq_0/inst/core/input_fifo/gnuram_async_fifo.xpm_fifo_base_inst/gen_cdc_pntr.rd_pntr_cdc_dc_inst/src_gray_ff_reg[5]} \
          {system_i/iq_0/inst/core/input_fifo/gnuram_async_fifo.xpm_fifo_base_inst/gen_cdc_pntr.rd_pntr_cdc_dc_inst/src_gray_ff_reg[6]} \
          {system_i/iq_0/inst/core/input_fifo/gnuram_async_fifo.xpm_fifo_base_inst/gen_cdc_pntr.rd_pntr_cdc_dc_inst/src_gray_ff_reg[7]} \
          {system_i/iq_0/inst/core/input_fifo/gnuram_async_fifo.xpm_fifo_base_inst/gen_cdc_pntr.rd_pntr_cdc_dc_inst/src_gray_ff_reg[8]} \
          {system_i/iq_0/inst/core/input_fifo/gnuram_async_fifo.xpm_fifo_base_inst/gen_cdc_pntr.rd_pntr_cdc_dc_inst/src_gray_ff_reg[9]}]] -to [get_cells [list {system_i/iq_0/inst/core/input_fifo/gnuram_async_fifo.xpm_fifo_base_inst/gen_cdc_pntr.rd_pntr_cdc_dc_inst/dest_graysync_ff_reg[0][0]} \
          {system_i/iq_0/inst/core/input_fifo/gnuram_async_fifo.xpm_fifo_base_inst/gen_cdc_pntr.rd_pntr_cdc_dc_inst/dest_graysync_ff_reg[0][10]} \
          {system_i/iq_0/inst/core/input_fifo/gnuram_async_fifo.xpm_fifo_base_inst/gen_cdc_pntr.rd_pntr_cdc_dc_inst/dest_graysync_ff_reg[0][11]} \
          {system_i/iq_0/inst/core/input_fifo/gnuram_async_fifo.xpm_fifo_base_inst/gen_cdc_pntr.rd_pntr_cdc_dc_inst/dest_graysync_ff_reg[0][12]} \
          {system_i/iq_0/inst/core/input_fifo/gnuram_async_fifo.xpm_fifo_base_inst/gen_cdc_pntr.rd_pntr_cdc_dc_inst/dest_graysync_ff_reg[0][1]} \
          {system_i/iq_0/inst/core/input_fifo/gnuram_async_fifo.xpm_fifo_base_inst/gen_cdc_pntr.rd_pntr_cdc_dc_inst/dest_graysync_ff_reg[0][2]} \
          {system_i/iq_0/inst/core/input_fifo/gnuram_async_fifo.xpm_fifo_base_inst/gen_cdc_pntr.rd_pntr_cdc_dc_inst/dest_graysync_ff_reg[0][3]} \
          {system_i/iq_0/inst/core/input_fifo/gnuram_async_fifo.xpm_fifo_base_inst/gen_cdc_pntr.rd_pntr_cdc_dc_inst/dest_graysync_ff_reg[0][4]} \
          {system_i/iq_0/inst/core/input_fifo/gnuram_async_fifo.xpm_fifo_base_inst/gen_cdc_pntr.rd_pntr_cdc_dc_inst/dest_graysync_ff_reg[0][5]} \
          {system_i/iq_0/inst/core/input_fifo/gnuram_async_fifo.xpm_fifo_base_inst/gen_cdc_pntr.rd_pntr_cdc_dc_inst/dest_graysync_ff_reg[0][6]} \
          {system_i/iq_0/inst/core/input_fifo/gnuram_async_fifo.xpm_fifo_base_inst/gen_cdc_pntr.rd_pntr_cdc_dc_inst/dest_graysync_ff_reg[0][7]} \
          {system_i/iq_0/inst/core/input_fifo/gnuram_async_fifo.xpm_fifo_base_inst/gen_cdc_pntr.rd_pntr_cdc_dc_inst/dest_graysync_ff_reg[0][8]} \
          {system_i/iq_0/inst/core/input_fifo/gnuram_async_fifo.xpm_fifo_base_inst/gen_cdc_pntr.rd_pntr_cdc_dc_inst/dest_graysync_ff_reg[0][9]}]] 8.000
Requirement: 8.000ns
Endpoints: 13

From Clock            To Clock              Endpoint Pin                    Reference Pin                   Corner  Actual(ns)  Slack(ns)
--------------------  --------------------  ------------------------------  ------------------------------  ------  ----------  ---------
clk_fpga_1            clk_fpga_0            system_i/iq_0/inst/core/input_fifo/gnuram_async_fifo.xpm_fifo_base_inst/gen_cdc_pntr.rd_pntr_cdc_dc_inst/dest_graysync_ff_reg[0][7]/D
                                                                            system_i/iq_0/inst/core/input_fifo/gnuram_async_fifo.xpm_fifo_base_inst/gen_cdc_pntr.rd_pntr_cdc_dc_inst/dest_graysync_ff_reg[0][4]/D
                                                                                                            Slow         1.029      6.971


Slack (MET) :             6.971ns  (requirement - actual skew)
  Endpoint Source:        system_i/iq_0/inst/core/input_fifo/gnuram_async_fifo.xpm_fifo_base_inst/gen_cdc_pntr.rd_pntr_cdc_dc_inst/src_gray_ff_reg[7]/C
                            (rising edge-triggered cell FDRE clocked by clk_fpga_1)
  Endpoint Destination:   system_i/iq_0/inst/core/input_fifo/gnuram_async_fifo.xpm_fifo_base_inst/gen_cdc_pntr.rd_pntr_cdc_dc_inst/dest_graysync_ff_reg[0][7]/D
                            (rising edge-triggered cell FDRE clocked by clk_fpga_0)
  Reference Source:       system_i/iq_0/inst/core/input_fifo/gnuram_async_fifo.xpm_fifo_base_inst/gen_cdc_pntr.rd_pntr_cdc_dc_inst/src_gray_ff_reg[4]/C
                            (rising edge-triggered cell FDRE clocked by clk_fpga_1)
  Reference Destination:  system_i/iq_0/inst/core/input_fifo/gnuram_async_fifo.xpm_fifo_base_inst/gen_cdc_pntr.rd_pntr_cdc_dc_inst/dest_graysync_ff_reg[0][4]/D
                            (rising edge-triggered cell FDRE clocked by clk_fpga_0)
  Path Type:              Bus Skew (Max at Slow Process Corner)
  Requirement:            8.000ns
  Endpoint Relative Delay:    1.943ns
  Reference Relative Delay:   0.335ns
  Relative CRPR:              0.578ns
  Actual Bus Skew:            1.029ns  (Endpoint Relative Delay - Reference Relative Delay - Relative CRPR)

Endpoint path:
    Location             Delay type                Incr(ns)  Path(ns)    Netlist Resource(s)
  -------------------------------------------------------------------    -------------------
                         (clock clk_fpga_1 rise edge)
                                                      0.000     0.000 r  <hidden>
    PS7_X0Y0             PS7                          0.000     0.000 r  system_i/ps7/inst/PS7_i/FCLKCLK[1]
                         net (fo=1, routed)           1.193     1.193    system_i/ps7/inst/FCLK_CLK_unbuffered[1]
    BUFGCTRL_X0Y17       BUFG (Prop_bufg_I_O)         0.101     1.294 r  system_i/ps7/inst/buffer_fclk_clk_1.FCLK_CLK_1_BUFG/O
                         net (fo=16766, routed)       1.701     2.995    system_i/iq_0/inst/core/input_fifo/gnuram_async_fifo.xpm_fifo_base_inst/gen_cdc_pntr.rd_pntr_cdc_dc_inst/src_clk
    SLICE_X58Y81         FDRE                                         r  system_i/iq_0/inst/core/input_fifo/gnuram_async_fifo.xpm_fifo_base_inst/gen_cdc_pntr.rd_pntr_cdc_dc_inst/src_gray_ff_reg[7]/C
  -------------------------------------------------------------------    -------------------
    SLICE_X58Y81         FDRE (Prop_fdre_C_Q)         0.478     3.473 r  system_i/iq_0/inst/core/input_fifo/gnuram_async_fifo.xpm_fifo_base_inst/gen_cdc_pntr.rd_pntr_cdc_dc_inst/src_gray_ff_reg[7]/Q
                         net (fo=1, routed)           0.912     4.385    system_i/iq_0/inst/core/input_fifo/gnuram_async_fifo.xpm_fifo_base_inst/gen_cdc_pntr.rd_pntr_cdc_dc_inst/async_path[7]
    SLICE_X56Y81         FDRE                                         r  system_i/iq_0/inst/core/input_fifo/gnuram_async_fifo.xpm_fifo_base_inst/gen_cdc_pntr.rd_pntr_cdc_dc_inst/dest_graysync_ff_reg[0][7]/D
  -------------------------------------------------------------------    -------------------

                         (clock clk_fpga_0 rise edge)
                                                      0.000     0.000 r  <hidden>
    PS7_X0Y0             PS7                          0.000     0.000 r  system_i/ps7/inst/PS7_i/FCLKCLK[0]
                         net (fo=1, routed)           1.088     1.088    system_i/ps7/inst/FCLK_CLK_unbuffered[0]
    BUFGCTRL_X0Y16       BUFG (Prop_bufg_I_O)         0.091     1.179 r  system_i/ps7/inst/buffer_fclk_clk_0.FCLK_CLK_0_BUFG/O
                         net (fo=11036, routed)       1.527     2.706    system_i/iq_0/inst/core/input_fifo/gnuram_async_fifo.xpm_fifo_base_inst/gen_cdc_pntr.rd_pntr_cdc_dc_inst/dest_clk
    SLICE_X56Y81         FDRE                                         r  system_i/iq_0/inst/core/input_fifo/gnuram_async_fifo.xpm_fifo_base_inst/gen_cdc_pntr.rd_pntr_cdc_dc_inst/dest_graysync_ff_reg[0][7]/C
                         clock pessimism              0.000     2.706    <hidden>
    SLICE_X56Y81         FDRE (Setup_fdre_C_D)       -0.264     2.442    system_i/iq_0/inst/core/input_fifo/gnuram_async_fifo.xpm_fifo_base_inst/gen_cdc_pntr.rd_pntr_cdc_dc_inst/dest_graysync_ff_reg[0][7]
  -------------------------------------------------------------------
                         data arrival                           4.385    <hidden>
                         clock arrival                          2.442    <hidden>
  -------------------------------------------------------------------
                         relative delay                         1.943    <hidden>

Reference path:
    Location             Delay type                Incr(ns)  Path(ns)    Netlist Resource(s)
  -------------------------------------------------------------------    -------------------
                         (clock clk_fpga_1 rise edge)
                                                      0.000     0.000 r  <hidden>
    PS7_X0Y0             PS7                          0.000     0.000 r  system_i/ps7/inst/PS7_i/FCLKCLK[1]
                         net (fo=1, routed)           1.088     1.088    system_i/ps7/inst/FCLK_CLK_unbuffered[1]
    BUFGCTRL_X0Y17       BUFG (Prop_bufg_I_O)         0.091     1.179 r  system_i/ps7/inst/buffer_fclk_clk_1.FCLK_CLK_1_BUFG/O
                         net (fo=16766, routed)       1.527     2.706    system_i/iq_0/inst/core/input_fifo/gnuram_async_fifo.xpm_fifo_base_inst/gen_cdc_pntr.rd_pntr_cdc_dc_inst/src_clk
    SLICE_X58Y81         FDRE                                         r  system_i/iq_0/inst/core/input_fifo/gnuram_async_fifo.xpm_fifo_base_inst/gen_cdc_pntr.rd_pntr_cdc_dc_inst/src_gray_ff_reg[4]/C
  -------------------------------------------------------------------    -------------------
    SLICE_X58Y81         FDRE (Prop_fdre_C_Q)         0.418     3.124 r  system_i/iq_0/inst/core/input_fifo/gnuram_async_fifo.xpm_fifo_base_inst/gen_cdc_pntr.rd_pntr_cdc_dc_inst/src_gray_ff_reg[4]/Q
                         net (fo=1, routed)           0.377     3.500    system_i/iq_0/inst/core/input_fifo/gnuram_async_fifo.xpm_fifo_base_inst/gen_cdc_pntr.rd_pntr_cdc_dc_inst/async_path[4]
    SLICE_X56Y81         FDRE                                         r  system_i/iq_0/inst/core/input_fifo/gnuram_async_fifo.xpm_fifo_base_inst/gen_cdc_pntr.rd_pntr_cdc_dc_inst/dest_graysync_ff_reg[0][4]/D
  -------------------------------------------------------------------    -------------------

                         (clock clk_fpga_0 rise edge)
                                                      0.000     0.000 r  <hidden>
    PS7_X0Y0             PS7                          0.000     0.000 r  system_i/ps7/inst/PS7_i/FCLKCLK[0]
                         net (fo=1, routed)           1.193     1.193    system_i/ps7/inst/FCLK_CLK_unbuffered[0]
    BUFGCTRL_X0Y16       BUFG (Prop_bufg_I_O)         0.101     1.294 r  system_i/ps7/inst/buffer_fclk_clk_0.FCLK_CLK_0_BUFG/O
                         net (fo=11036, routed)       1.701     2.995    system_i/iq_0/inst/core/input_fifo/gnuram_async_fifo.xpm_fifo_base_inst/gen_cdc_pntr.rd_pntr_cdc_dc_inst/dest_clk
    SLICE_X56Y81         FDRE                                         r  system_i/iq_0/inst/core/input_fifo/gnuram_async_fifo.xpm_fifo_base_inst/gen_cdc_pntr.rd_pntr_cdc_dc_inst/dest_graysync_ff_reg[0][4]/C
                         clock pessimism              0.000     2.995    <hidden>
    SLICE_X56Y81         FDRE (Hold_fdre_C_D)         0.170     3.165    system_i/iq_0/inst/core/input_fifo/gnuram_async_fifo.xpm_fifo_base_inst/gen_cdc_pntr.rd_pntr_cdc_dc_inst/dest_graysync_ff_reg[0][4]
  -------------------------------------------------------------------
                         data arrival                           3.500    <hidden>
                         clock arrival                          3.165    <hidden>
  -------------------------------------------------------------------
                         relative delay                         0.335    <hidden>



Id: 4
set_bus_skew -from [get_cells [list {system_i/iq_0/inst/core/freq_cdc/gnuram_async_fifo.xpm_fifo_base_inst/gen_cdc_pntr.rd_pntr_cdc_inst/src_gray_ff_reg[0]} {system_i/iq_0/inst/core/freq_cdc/gnuram_async_fifo.xpm_fifo_base_inst/gen_cdc_pntr.rd_pntr_cdc_inst/src_gray_ff_reg[1]} {system_i/iq_0/inst/core/freq_cdc/gnuram_async_fifo.xpm_fifo_base_inst/gen_cdc_pntr.rd_pntr_cdc_inst/src_gray_ff_reg[2]} {system_i/iq_0/inst/core/freq_cdc/gnuram_async_fifo.xpm_fifo_base_inst/gen_cdc_pntr.rd_pntr_cdc_inst/src_gray_ff_reg[3]}]] -to [get_cells [list {system_i/iq_0/inst/core/freq_cdc/gnuram_async_fifo.xpm_fifo_base_inst/gen_cdc_pntr.rd_pntr_cdc_inst/dest_graysync_ff_reg[0][0]} {system_i/iq_0/inst/core/freq_cdc/gnuram_async_fifo.xpm_fifo_base_inst/gen_cdc_pntr.rd_pntr_cdc_inst/dest_graysync_ff_reg[0][1]} {system_i/iq_0/inst/core/freq_cdc/gnuram_async_fifo.xpm_fifo_base_inst/gen_cdc_pntr.rd_pntr_cdc_inst/dest_graysync_ff_reg[0][2]} {system_i/iq_0/inst/core/freq_cdc/gnuram_async_fifo.xpm_fifo_base_inst/gen_cdc_pntr.rd_pntr_cdc_inst/dest_graysync_ff_reg[0][3]}]] 8.000
Requirement: 8.000ns
Endpoints: 4

From Clock            To Clock              Endpoint Pin                    Reference Pin                   Corner  Actual(ns)  Slack(ns)
--------------------  --------------------  ------------------------------  ------------------------------  ------  ----------  ---------
clk_fpga_0            clk_fpga_1            system_i/iq_0/inst/core/freq_cdc/gnuram_async_fifo.xpm_fifo_base_inst/gen_cdc_pntr.rd_pntr_cdc_inst/dest_graysync_ff_reg[0][0]/D
                                                                            system_i/iq_0/inst/core/freq_cdc/gnuram_async_fifo.xpm_fifo_base_inst/gen_cdc_pntr.rd_pntr_cdc_inst/dest_graysync_ff_reg[0][3]/D
                                                                                                            Slow         1.001      6.999


Slack (MET) :             6.999ns  (requirement - actual skew)
  Endpoint Source:        system_i/iq_0/inst/core/freq_cdc/gnuram_async_fifo.xpm_fifo_base_inst/gen_cdc_pntr.rd_pntr_cdc_inst/src_gray_ff_reg[0]/C
                            (rising edge-triggered cell FDRE clocked by clk_fpga_0)
  Endpoint Destination:   system_i/iq_0/inst/core/freq_cdc/gnuram_async_fifo.xpm_fifo_base_inst/gen_cdc_pntr.rd_pntr_cdc_inst/dest_graysync_ff_reg[0][0]/D
                            (rising edge-triggered cell FDRE clocked by clk_fpga_1)
  Reference Source:       system_i/iq_0/inst/core/freq_cdc/gnuram_async_fifo.xpm_fifo_base_inst/gen_cdc_pntr.rd_pntr_cdc_inst/src_gray_ff_reg[3]/C
                            (rising edge-triggered cell FDRE clocked by clk_fpga_0)
  Reference Destination:  system_i/iq_0/inst/core/freq_cdc/gnuram_async_fifo.xpm_fifo_base_inst/gen_cdc_pntr.rd_pntr_cdc_inst/dest_graysync_ff_reg[0][3]/D
                            (rising edge-triggered cell FDRE clocked by clk_fpga_1)
  Path Type:              Bus Skew (Max at Slow Process Corner)
  Requirement:            8.000ns
  Endpoint Relative Delay:    1.600ns
  Reference Relative Delay:   0.342ns
  Relative CRPR:              0.258ns
  Actual Bus Skew:            1.001ns  (Endpoint Relative Delay - Reference Relative Delay - Relative CRPR)

Endpoint path:
    Location             Delay type                Incr(ns)  Path(ns)    Netlist Resource(s)
  -------------------------------------------------------------------    -------------------
                         (clock clk_fpga_0 rise edge)
                                                      0.000     0.000 r  <hidden>
    PS7_X0Y0             PS7                          0.000     0.000 r  system_i/ps7/inst/PS7_i/FCLKCLK[0]
                         net (fo=1, routed)           1.193     1.193    system_i/ps7/inst/FCLK_CLK_unbuffered[0]
    BUFGCTRL_X0Y16       BUFG (Prop_bufg_I_O)         0.101     1.294 r  system_i/ps7/inst/buffer_fclk_clk_0.FCLK_CLK_0_BUFG/O
                         net (fo=11036, routed)       1.645     2.939    system_i/iq_0/inst/core/freq_cdc/gnuram_async_fifo.xpm_fifo_base_inst/gen_cdc_pntr.rd_pntr_cdc_inst/src_clk
    SLICE_X48Y86         FDRE                                         r  system_i/iq_0/inst/core/freq_cdc/gnuram_async_fifo.xpm_fifo_base_inst/gen_cdc_pntr.rd_pntr_cdc_inst/src_gray_ff_reg[0]/C
  -------------------------------------------------------------------    -------------------
    SLICE_X48Y86         FDRE (Prop_fdre_C_Q)         0.456     3.395 r  system_i/iq_0/inst/core/freq_cdc/gnuram_async_fifo.xpm_fifo_base_inst/gen_cdc_pntr.rd_pntr_cdc_inst/src_gray_ff_reg[0]/Q
                         net (fo=1, routed)           0.762     4.157    system_i/iq_0/inst/core/freq_cdc/gnuram_async_fifo.xpm_fifo_base_inst/gen_cdc_pntr.rd_pntr_cdc_inst/async_path[0]
    SLICE_X47Y85         FDRE                                         r  system_i/iq_0/inst/core/freq_cdc/gnuram_async_fifo.xpm_fifo_base_inst/gen_cdc_pntr.rd_pntr_cdc_inst/dest_graysync_ff_reg[0][0]/D
  -------------------------------------------------------------------    -------------------

                         (clock clk_fpga_1 rise edge)
                                                      0.000     0.000 r  <hidden>
    PS7_X0Y0             PS7                          0.000     0.000 r  system_i/ps7/inst/PS7_i/FCLKCLK[1]
                         net (fo=1, routed)           1.088     1.088    system_i/ps7/inst/FCLK_CLK_unbuffered[1]
    BUFGCTRL_X0Y17       BUFG (Prop_bufg_I_O)         0.091     1.179 r  system_i/ps7/inst/buffer_fclk_clk_1.FCLK_CLK_1_BUFG/O
                         net (fo=16766, routed)       1.473     2.652    system_i/iq_0/inst/core/freq_cdc/gnuram_async_fifo.xpm_fifo_base_inst/gen_cdc_pntr.rd_pntr_cdc_inst/dest_clk
    SLICE_X47Y85         FDRE                                         r  system_i/iq_0/inst/core/freq_cdc/gnuram_async_fifo.xpm_fifo_base_inst/gen_cdc_pntr.rd_pntr_cdc_inst/dest_graysync_ff_reg[0][0]/C
                         clock pessimism              0.000     2.652    <hidden>
    SLICE_X47Y85         FDRE (Setup_fdre_C_D)       -0.095     2.557    system_i/iq_0/inst/core/freq_cdc/gnuram_async_fifo.xpm_fifo_base_inst/gen_cdc_pntr.rd_pntr_cdc_inst/dest_graysync_ff_reg[0][0]
  -------------------------------------------------------------------
                         data arrival                           4.157    <hidden>
                         clock arrival                          2.557    <hidden>
  -------------------------------------------------------------------
                         relative delay                         1.600    <hidden>

Reference path:
    Location             Delay type                Incr(ns)  Path(ns)    Netlist Resource(s)
  -------------------------------------------------------------------    -------------------
                         (clock clk_fpga_0 rise edge)
                                                      0.000     0.000 r  <hidden>
    PS7_X0Y0             PS7                          0.000     0.000 r  system_i/ps7/inst/PS7_i/FCLKCLK[0]
                         net (fo=1, routed)           1.088     1.088    system_i/ps7/inst/FCLK_CLK_unbuffered[0]
    BUFGCTRL_X0Y16       BUFG (Prop_bufg_I_O)         0.091     1.179 r  system_i/ps7/inst/buffer_fclk_clk_0.FCLK_CLK_0_BUFG/O
                         net (fo=11036, routed)       1.462     2.641    system_i/iq_0/inst/core/freq_cdc/gnuram_async_fifo.xpm_fifo_base_inst/gen_cdc_pntr.rd_pntr_cdc_inst/src_clk
    SLICE_X51Y87         FDRE                                         r  system_i/iq_0/inst/core/freq_cdc/gnuram_async_fifo.xpm_fifo_base_inst/gen_cdc_pntr.rd_pntr_cdc_inst/src_gray_ff_reg[3]/C
  -------------------------------------------------------------------    -------------------
    SLICE_X51Y87         FDRE (Prop_fdre_C_Q)         0.367     3.008 r  system_i/iq_0/inst/core/freq_cdc/gnuram_async_fifo.xpm_fifo_base_inst/gen_cdc_pntr.rd_pntr_cdc_inst/src_gray_ff_reg[3]/Q
                         net (fo=1, routed)           0.493     3.501    system_i/iq_0/inst/core/freq_cdc/gnuram_async_fifo.xpm_fifo_base_inst/gen_cdc_pntr.rd_pntr_cdc_inst/async_path[3]
    SLICE_X50Y87         FDRE                                         r  system_i/iq_0/inst/core/freq_cdc/gnuram_async_fifo.xpm_fifo_base_inst/gen_cdc_pntr.rd_pntr_cdc_inst/dest_graysync_ff_reg[0][3]/D
  -------------------------------------------------------------------    -------------------

                         (clock clk_fpga_1 rise edge)
                                                      0.000     0.000 r  <hidden>
    PS7_X0Y0             PS7                          0.000     0.000 r  system_i/ps7/inst/PS7_i/FCLKCLK[1]
                         net (fo=1, routed)           1.193     1.193    system_i/ps7/inst/FCLK_CLK_unbuffered[1]
    BUFGCTRL_X0Y17       BUFG (Prop_bufg_I_O)         0.101     1.294 r  system_i/ps7/inst/buffer_fclk_clk_1.FCLK_CLK_1_BUFG/O
                         net (fo=16766, routed)       1.635     2.929    system_i/iq_0/inst/core/freq_cdc/gnuram_async_fifo.xpm_fifo_base_inst/gen_cdc_pntr.rd_pntr_cdc_inst/dest_clk
    SLICE_X50Y87         FDRE                                         r  system_i/iq_0/inst/core/freq_cdc/gnuram_async_fifo.xpm_fifo_base_inst/gen_cdc_pntr.rd_pntr_cdc_inst/dest_graysync_ff_reg[0][3]/C
                         clock pessimism              0.000     2.929    <hidden>
    SLICE_X50Y87         FDRE (Hold_fdre_C_D)         0.230     3.159    system_i/iq_0/inst/core/freq_cdc/gnuram_async_fifo.xpm_fifo_base_inst/gen_cdc_pntr.rd_pntr_cdc_inst/dest_graysync_ff_reg[0][3]
  -------------------------------------------------------------------
                         data arrival                           3.501    <hidden>
                         clock arrival                          3.159    <hidden>
  -------------------------------------------------------------------
                         relative delay                         0.342    <hidden>



Id: 5
set_bus_skew -from [get_cells [list {system_i/iq_0/inst/core/freq_cdc/gnuram_async_fifo.xpm_fifo_base_inst/gen_cdc_pntr.wr_pntr_cdc_inst/src_gray_ff_reg[0]} {system_i/iq_0/inst/core/freq_cdc/gnuram_async_fifo.xpm_fifo_base_inst/gen_cdc_pntr.wr_pntr_cdc_inst/src_gray_ff_reg[1]} {system_i/iq_0/inst/core/freq_cdc/gnuram_async_fifo.xpm_fifo_base_inst/gen_cdc_pntr.wr_pntr_cdc_inst/src_gray_ff_reg[2]} {system_i/iq_0/inst/core/freq_cdc/gnuram_async_fifo.xpm_fifo_base_inst/gen_cdc_pntr.wr_pntr_cdc_inst/src_gray_ff_reg[3]}]] -to [get_cells [list {system_i/iq_0/inst/core/freq_cdc/gnuram_async_fifo.xpm_fifo_base_inst/gen_cdc_pntr.wr_pntr_cdc_inst/dest_graysync_ff_reg[0][0]} {system_i/iq_0/inst/core/freq_cdc/gnuram_async_fifo.xpm_fifo_base_inst/gen_cdc_pntr.wr_pntr_cdc_inst/dest_graysync_ff_reg[0][1]} {system_i/iq_0/inst/core/freq_cdc/gnuram_async_fifo.xpm_fifo_base_inst/gen_cdc_pntr.wr_pntr_cdc_inst/dest_graysync_ff_reg[0][2]} {system_i/iq_0/inst/core/freq_cdc/gnuram_async_fifo.xpm_fifo_base_inst/gen_cdc_pntr.wr_pntr_cdc_inst/dest_graysync_ff_reg[0][3]}]] 8.000
Requirement: 8.000ns
Endpoints: 4

From Clock            To Clock              Endpoint Pin                    Reference Pin                   Corner  Actual(ns)  Slack(ns)
--------------------  --------------------  ------------------------------  ------------------------------  ------  ----------  ---------
clk_fpga_1            clk_fpga_0            system_i/iq_0/inst/core/freq_cdc/gnuram_async_fifo.xpm_fifo_base_inst/gen_cdc_pntr.wr_pntr_cdc_inst/dest_graysync_ff_reg[0][2]/D
                                                                            system_i/iq_0/inst/core/freq_cdc/gnuram_async_fifo.xpm_fifo_base_inst/gen_cdc_pntr.wr_pntr_cdc_inst/dest_graysync_ff_reg[0][0]/D
                                                                                                            Slow         0.892      7.108


Slack (MET) :             7.108ns  (requirement - actual skew)
  Endpoint Source:        system_i/iq_0/inst/core/freq_cdc/gnuram_async_fifo.xpm_fifo_base_inst/gen_cdc_pntr.wr_pntr_cdc_inst/src_gray_ff_reg[2]/C
                            (rising edge-triggered cell FDRE clocked by clk_fpga_1)
  Endpoint Destination:   system_i/iq_0/inst/core/freq_cdc/gnuram_async_fifo.xpm_fifo_base_inst/gen_cdc_pntr.wr_pntr_cdc_inst/dest_graysync_ff_reg[0][2]/D
                            (rising edge-triggered cell FDRE clocked by clk_fpga_0)
  Reference Source:       system_i/iq_0/inst/core/freq_cdc/gnuram_async_fifo.xpm_fifo_base_inst/gen_cdc_pntr.wr_pntr_cdc_inst/src_gray_ff_reg[0]/C
                            (rising edge-triggered cell FDRE clocked by clk_fpga_1)
  Reference Destination:  system_i/iq_0/inst/core/freq_cdc/gnuram_async_fifo.xpm_fifo_base_inst/gen_cdc_pntr.wr_pntr_cdc_inst/dest_graysync_ff_reg[0][0]/D
                            (rising edge-triggered cell FDRE clocked by clk_fpga_0)
  Path Type:              Bus Skew (Max at Slow Process Corner)
  Requirement:            8.000ns
  Endpoint Relative Delay:    1.607ns
  Reference Relative Delay:   0.457ns
  Relative CRPR:              0.258ns
  Actual Bus Skew:            0.892ns  (Endpoint Relative Delay - Reference Relative Delay - Relative CRPR)

Endpoint path:
    Location             Delay type                Incr(ns)  Path(ns)    Netlist Resource(s)
  -------------------------------------------------------------------    -------------------
                         (clock clk_fpga_1 rise edge)
                                                      0.000     0.000 r  <hidden>
    PS7_X0Y0             PS7                          0.000     0.000 r  system_i/ps7/inst/PS7_i/FCLKCLK[1]
                         net (fo=1, routed)           1.193     1.193    system_i/ps7/inst/FCLK_CLK_unbuffered[1]
    BUFGCTRL_X0Y17       BUFG (Prop_bufg_I_O)         0.101     1.294 r  system_i/ps7/inst/buffer_fclk_clk_1.FCLK_CLK_1_BUFG/O
                         net (fo=16766, routed)       1.646     2.940    system_i/iq_0/inst/core/freq_cdc/gnuram_async_fifo.xpm_fifo_base_inst/gen_cdc_pntr.wr_pntr_cdc_inst/src_clk
    SLICE_X47Y85         FDRE                                         r  system_i/iq_0/inst/core/freq_cdc/gnuram_async_fifo.xpm_fifo_base_inst/gen_cdc_pntr.wr_pntr_cdc_inst/src_gray_ff_reg[2]/C
  -------------------------------------------------------------------    -------------------
    SLICE_X47Y85         FDRE (Prop_fdre_C_Q)         0.456     3.396 r  system_i/iq_0/inst/core/freq_cdc/gnuram_async_fifo.xpm_fifo_base_inst/gen_cdc_pntr.wr_pntr_cdc_inst/src_gray_ff_reg[2]/Q
                         net (fo=1, routed)           0.769     4.165    system_i/iq_0/inst/core/freq_cdc/gnuram_async_fifo.xpm_fifo_base_inst/gen_cdc_pntr.wr_pntr_cdc_inst/async_path[2]
    SLICE_X48Y86         FDRE                                         r  system_i/iq_0/inst/core/freq_cdc/gnuram_async_fifo.xpm_fifo_base_inst/gen_cdc_pntr.wr_pntr_cdc_inst/dest_graysync_ff_reg[0][2]/D
  -------------------------------------------------------------------    -------------------

                         (clock clk_fpga_0 rise edge)
                                                      0.000     0.000 r  <hidden>
    PS7_X0Y0             PS7                          0.000     0.000 r  system_i/ps7/inst/PS7_i/FCLKCLK[0]
                         net (fo=1, routed)           1.088     1.088    system_i/ps7/inst/FCLK_CLK_unbuffered[0]
    BUFGCTRL_X0Y16       BUFG (Prop_bufg_I_O)         0.091     1.179 r  system_i/ps7/inst/buffer_fclk_clk_0.FCLK_CLK_0_BUFG/O
                         net (fo=11036, routed)       1.472     2.651    system_i/iq_0/inst/core/freq_cdc/gnuram_async_fifo.xpm_fifo_base_inst/gen_cdc_pntr.wr_pntr_cdc_inst/dest_clk
    SLICE_X48Y86         FDRE                                         r  system_i/iq_0/inst/core/freq_cdc/gnuram_async_fifo.xpm_fifo_base_inst/gen_cdc_pntr.wr_pntr_cdc_inst/dest_graysync_ff_reg[0][2]/C
                         clock pessimism              0.000     2.651    <hidden>
    SLICE_X48Y86         FDRE (Setup_fdre_C_D)       -0.093     2.558    system_i/iq_0/inst/core/freq_cdc/gnuram_async_fifo.xpm_fifo_base_inst/gen_cdc_pntr.wr_pntr_cdc_inst/dest_graysync_ff_reg[0][2]
  -------------------------------------------------------------------
                         data arrival                           4.165    <hidden>
                         clock arrival                          2.558    <hidden>
  -------------------------------------------------------------------
                         relative delay                         1.607    <hidden>

Reference path:
    Location             Delay type                Incr(ns)  Path(ns)    Netlist Resource(s)
  -------------------------------------------------------------------    -------------------
                         (clock clk_fpga_1 rise edge)
                                                      0.000     0.000 r  <hidden>
    PS7_X0Y0             PS7                          0.000     0.000 r  system_i/ps7/inst/PS7_i/FCLKCLK[1]
                         net (fo=1, routed)           1.088     1.088    system_i/ps7/inst/FCLK_CLK_unbuffered[1]
    BUFGCTRL_X0Y17       BUFG (Prop_bufg_I_O)         0.091     1.179 r  system_i/ps7/inst/buffer_fclk_clk_1.FCLK_CLK_1_BUFG/O
                         net (fo=16766, routed)       1.462     2.641    system_i/iq_0/inst/core/freq_cdc/gnuram_async_fifo.xpm_fifo_base_inst/gen_cdc_pntr.wr_pntr_cdc_inst/src_clk
    SLICE_X50Y87         FDRE                                         r  system_i/iq_0/inst/core/freq_cdc/gnuram_async_fifo.xpm_fifo_base_inst/gen_cdc_pntr.wr_pntr_cdc_inst/src_gray_ff_reg[0]/C
  -------------------------------------------------------------------    -------------------
    SLICE_X50Y87         FDRE (Prop_fdre_C_Q)         0.418     3.059 r  system_i/iq_0/inst/core/freq_cdc/gnuram_async_fifo.xpm_fifo_base_inst/gen_cdc_pntr.wr_pntr_cdc_inst/src_gray_ff_reg[0]/Q
                         net (fo=1, routed)           0.496     3.555    system_i/iq_0/inst/core/freq_cdc/gnuram_async_fifo.xpm_fifo_base_inst/gen_cdc_pntr.wr_pntr_cdc_inst/async_path[0]
    SLICE_X51Y87         FDRE                                         r  system_i/iq_0/inst/core/freq_cdc/gnuram_async_fifo.xpm_fifo_base_inst/gen_cdc_pntr.wr_pntr_cdc_inst/dest_graysync_ff_reg[0][0]/D
  -------------------------------------------------------------------    -------------------

                         (clock clk_fpga_0 rise edge)
                                                      0.000     0.000 r  <hidden>
    PS7_X0Y0             PS7                          0.000     0.000 r  system_i/ps7/inst/PS7_i/FCLKCLK[0]
                         net (fo=1, routed)           1.193     1.193    system_i/ps7/inst/FCLK_CLK_unbuffered[0]
    BUFGCTRL_X0Y16       BUFG (Prop_bufg_I_O)         0.101     1.294 r  system_i/ps7/inst/buffer_fclk_clk_0.FCLK_CLK_0_BUFG/O
                         net (fo=11036, routed)       1.635     2.929    system_i/iq_0/inst/core/freq_cdc/gnuram_async_fifo.xpm_fifo_base_inst/gen_cdc_pntr.wr_pntr_cdc_inst/dest_clk
    SLICE_X51Y87         FDRE                                         r  system_i/iq_0/inst/core/freq_cdc/gnuram_async_fifo.xpm_fifo_base_inst/gen_cdc_pntr.wr_pntr_cdc_inst/dest_graysync_ff_reg[0][0]/C
                         clock pessimism              0.000     2.929    <hidden>
    SLICE_X51Y87         FDRE (Hold_fdre_C_D)         0.169     3.098    system_i/iq_0/inst/core/freq_cdc/gnuram_async_fifo.xpm_fifo_base_inst/gen_cdc_pntr.wr_pntr_cdc_inst/dest_graysync_ff_reg[0][0]
  -------------------------------------------------------------------
                         data arrival                           3.555    <hidden>
                         clock arrival                          3.098    <hidden>
  -------------------------------------------------------------------
                         relative delay                         0.457    <hidden>



Id: 6
set_bus_skew -from [get_cells [list {system_i/iq_0/inst/snapshot_cdc/src_hsdata_ff_reg[0]} \
          {system_i/iq_0/inst/snapshot_cdc/src_hsdata_ff_reg[10]} \
          {system_i/iq_0/inst/snapshot_cdc/src_hsdata_ff_reg[11]} \
          {system_i/iq_0/inst/snapshot_cdc/src_hsdata_ff_reg[12]} \
          {system_i/iq_0/inst/snapshot_cdc/src_hsdata_ff_reg[13]} \
          {system_i/iq_0/inst/snapshot_cdc/src_hsdata_ff_reg[14]} \
          {system_i/iq_0/inst/snapshot_cdc/src_hsdata_ff_reg[15]} \
          {system_i/iq_0/inst/snapshot_cdc/src_hsdata_ff_reg[16]} \
          {system_i/iq_0/inst/snapshot_cdc/src_hsdata_ff_reg[17]} \
          {system_i/iq_0/inst/snapshot_cdc/src_hsdata_ff_reg[18]} \
          {system_i/iq_0/inst/snapshot_cdc/src_hsdata_ff_reg[19]} \
          {system_i/iq_0/inst/snapshot_cdc/src_hsdata_ff_reg[1]} \
          {system_i/iq_0/inst/snapshot_cdc/src_hsdata_ff_reg[20]} \
          {system_i/iq_0/inst/snapshot_cdc/src_hsdata_ff_reg[21]} \
          {system_i/iq_0/inst/snapshot_cdc/src_hsdata_ff_reg[22]} \
          {system_i/iq_0/inst/snapshot_cdc/src_hsdata_ff_reg[23]} \
          {system_i/iq_0/inst/snapshot_cdc/src_hsdata_ff_reg[24]} \
          {system_i/iq_0/inst/snapshot_cdc/src_hsdata_ff_reg[25]} \
          {system_i/iq_0/inst/snapshot_cdc/src_hsdata_ff_reg[26]} \
          {system_i/iq_0/inst/snapshot_cdc/src_hsdata_ff_reg[27]} \
          {system_i/iq_0/inst/snapshot_cdc/src_hsdata_ff_reg[28]} \
          {system_i/iq_0/inst/snapshot_cdc/src_hsdata_ff_reg[29]} \
          {system_i/iq_0/inst/snapshot_cdc/src_hsdata_ff_reg[2]} \
          {system_i/iq_0/inst/snapshot_cdc/src_hsdata_ff_reg[30]} \
          {system_i/iq_0/inst/snapshot_cdc/src_hsdata_ff_reg[31]} \
          {system_i/iq_0/inst/snapshot_cdc/src_hsdata_ff_reg[3]} \
          {system_i/iq_0/inst/snapshot_cdc/src_hsdata_ff_reg[4]} \
          {system_i/iq_0/inst/snapshot_cdc/src_hsdata_ff_reg[5]} \
          {system_i/iq_0/inst/snapshot_cdc/src_hsdata_ff_reg[6]} \
          {system_i/iq_0/inst/snapshot_cdc/src_hsdata_ff_reg[7]} \
          {system_i/iq_0/inst/snapshot_cdc/src_hsdata_ff_reg[8]} \
          {system_i/iq_0/inst/snapshot_cdc/src_hsdata_ff_reg[9]}]] -to [get_cells [list {system_i/iq_0/inst/snapshot_cdc/dest_hsdata_ff_reg[0]} \
          {system_i/iq_0/inst/snapshot_cdc/dest_hsdata_ff_reg[10]} \
          {system_i/iq_0/inst/snapshot_cdc/dest_hsdata_ff_reg[11]} \
          {system_i/iq_0/inst/snapshot_cdc/dest_hsdata_ff_reg[12]} \
          {system_i/iq_0/inst/snapshot_cdc/dest_hsdata_ff_reg[13]} \
          {system_i/iq_0/inst/snapshot_cdc/dest_hsdata_ff_reg[14]} \
          {system_i/iq_0/inst/snapshot_cdc/dest_hsdata_ff_reg[15]} \
          {system_i/iq_0/inst/snapshot_cdc/dest_hsdata_ff_reg[16]} \
          {system_i/iq_0/inst/snapshot_cdc/dest_hsdata_ff_reg[17]} \
          {system_i/iq_0/inst/snapshot_cdc/dest_hsdata_ff_reg[18]} \
          {system_i/iq_0/inst/snapshot_cdc/dest_hsdata_ff_reg[19]} \
          {system_i/iq_0/inst/snapshot_cdc/dest_hsdata_ff_reg[1]} \
          {system_i/iq_0/inst/snapshot_cdc/dest_hsdata_ff_reg[20]} \
          {system_i/iq_0/inst/snapshot_cdc/dest_hsdata_ff_reg[21]} \
          {system_i/iq_0/inst/snapshot_cdc/dest_hsdata_ff_reg[22]} \
          {system_i/iq_0/inst/snapshot_cdc/dest_hsdata_ff_reg[23]} \
          {system_i/iq_0/inst/snapshot_cdc/dest_hsdata_ff_reg[24]} \
          {system_i/iq_0/inst/snapshot_cdc/dest_hsdata_ff_reg[25]} \
          {system_i/iq_0/inst/snapshot_cdc/dest_hsdata_ff_reg[26]} \
          {system_i/iq_0/inst/snapshot_cdc/dest_hsdata_ff_reg[27]} \
          {system_i/iq_0/inst/snapshot_cdc/dest_hsdata_ff_reg[28]} \
          {system_i/iq_0/inst/snapshot_cdc/dest_hsdata_ff_reg[29]} \
          {system_i/iq_0/inst/snapshot_cdc/dest_hsdata_ff_reg[2]} \
          {system_i/iq_0/inst/snapshot_cdc/dest_hsdata_ff_reg[30]} \
          {system_i/iq_0/inst/snapshot_cdc/dest_hsdata_ff_reg[31]} \
          {system_i/iq_0/inst/snapshot_cdc/dest_hsdata_ff_reg[3]} \
          {system_i/iq_0/inst/snapshot_cdc/dest_hsdata_ff_reg[4]} \
          {system_i/iq_0/inst/snapshot_cdc/dest_hsdata_ff_reg[5]} \
          {system_i/iq_0/inst/snapshot_cdc/dest_hsdata_ff_reg[6]} \
          {system_i/iq_0/inst/snapshot_cdc/dest_hsdata_ff_reg[7]} \
          {system_i/iq_0/inst/snapshot_cdc/dest_hsdata_ff_reg[8]} \
          {system_i/iq_0/inst/snapshot_cdc/dest_hsdata_ff_reg[9]}]] 24.000
Requirement: 24.000ns
Endpoints: 32

From Clock            To Clock              Endpoint Pin                    Reference Pin                   Corner  Actual(ns)  Slack(ns)
--------------------  --------------------  ------------------------------  ------------------------------  ------  ----------  ---------
clk_fpga_1            clk_fpga_0            system_i/iq_0/inst/snapshot_cdc/dest_hsdata_ff_reg[10]/D
                                                                            system_i/iq_0/inst/snapshot_cdc/dest_hsdata_ff_reg[26]/D
                                                                                                            Slow         1.576     22.424


Slack (MET) :             22.424ns  (requirement - actual skew)
  Endpoint Source:        system_i/iq_0/inst/snapshot_cdc/src_hsdata_ff_reg[10]/C
                            (rising edge-triggered cell FDRE clocked by clk_fpga_1)
  Endpoint Destination:   system_i/iq_0/inst/snapshot_cdc/dest_hsdata_ff_reg[10]/D
                            (rising edge-triggered cell FDRE clocked by clk_fpga_0)
  Reference Source:       system_i/iq_0/inst/snapshot_cdc/src_hsdata_ff_reg[26]/C
                            (rising edge-triggered cell FDRE clocked by clk_fpga_1)
  Reference Destination:  system_i/iq_0/inst/snapshot_cdc/dest_hsdata_ff_reg[26]/D
                            (rising edge-triggered cell FDRE clocked by clk_fpga_0)
  Path Type:              Bus Skew (Max at Slow Process Corner)
  Requirement:            24.000ns
  Endpoint Relative Delay:    2.248ns
  Reference Relative Delay:   0.314ns
  Relative CRPR:              0.358ns
  Actual Bus Skew:            1.576ns  (Endpoint Relative Delay - Reference Relative Delay - Relative CRPR)

Endpoint path:
    Location             Delay type                Incr(ns)  Path(ns)    Netlist Resource(s)
  -------------------------------------------------------------------    -------------------
                         (clock clk_fpga_1 rise edge)
                                                      0.000     0.000 r  <hidden>
    PS7_X0Y0             PS7                          0.000     0.000 r  system_i/ps7/inst/PS7_i/FCLKCLK[1]
                         net (fo=1, routed)           1.193     1.193    system_i/ps7/inst/FCLK_CLK_unbuffered[1]
    BUFGCTRL_X0Y17       BUFG (Prop_bufg_I_O)         0.101     1.294 r  system_i/ps7/inst/buffer_fclk_clk_1.FCLK_CLK_1_BUFG/O
                         net (fo=16766, routed)       1.650     2.944    system_i/iq_0/inst/snapshot_cdc/src_clk
    SLICE_X36Y89         FDRE                                         r  system_i/iq_0/inst/snapshot_cdc/src_hsdata_ff_reg[10]/C
  -------------------------------------------------------------------    -------------------
    SLICE_X36Y89         FDRE (Prop_fdre_C_Q)         0.518     3.462 r  system_i/iq_0/inst/snapshot_cdc/src_hsdata_ff_reg[10]/Q
                         net (fo=1, routed)           1.349     4.811    system_i/iq_0/inst/snapshot_cdc/src_hsdata_ff[10]
    SLICE_X33Y98         FDRE                                         r  system_i/iq_0/inst/snapshot_cdc/dest_hsdata_ff_reg[10]/D
  -------------------------------------------------------------------    -------------------

                         (clock clk_fpga_0 rise edge)
                                                      0.000     0.000 r  <hidden>
    PS7_X0Y0             PS7                          0.000     0.000 r  system_i/ps7/inst/PS7_i/FCLKCLK[0]
                         net (fo=1, routed)           1.088     1.088    system_i/ps7/inst/FCLK_CLK_unbuffered[0]
    BUFGCTRL_X0Y16       BUFG (Prop_bufg_I_O)         0.091     1.179 r  system_i/ps7/inst/buffer_fclk_clk_0.FCLK_CLK_0_BUFG/O
                         net (fo=11036, routed)       1.480     2.659    system_i/iq_0/inst/snapshot_cdc/dest_clk
    SLICE_X33Y98         FDRE                                         r  system_i/iq_0/inst/snapshot_cdc/dest_hsdata_ff_reg[10]/C
                         clock pessimism              0.000     2.659    <hidden>
    SLICE_X33Y98         FDRE (Setup_fdre_C_D)       -0.095     2.564    system_i/iq_0/inst/snapshot_cdc/dest_hsdata_ff_reg[10]
  -------------------------------------------------------------------
                         data arrival                           4.811    <hidden>
                         clock arrival                          2.564    <hidden>
  -------------------------------------------------------------------
                         relative delay                         2.248    <hidden>

Reference path:
    Location             Delay type                Incr(ns)  Path(ns)    Netlist Resource(s)
  -------------------------------------------------------------------    -------------------
                         (clock clk_fpga_1 rise edge)
                                                      0.000     0.000 r  <hidden>
    PS7_X0Y0             PS7                          0.000     0.000 r  system_i/ps7/inst/PS7_i/FCLKCLK[1]
                         net (fo=1, routed)           1.088     1.088    system_i/ps7/inst/FCLK_CLK_unbuffered[1]
    BUFGCTRL_X0Y17       BUFG (Prop_bufg_I_O)         0.091     1.179 r  system_i/ps7/inst/buffer_fclk_clk_1.FCLK_CLK_1_BUFG/O
                         net (fo=16766, routed)       1.479     2.658    system_i/iq_0/inst/snapshot_cdc/src_clk
    SLICE_X33Y96         FDRE                                         r  system_i/iq_0/inst/snapshot_cdc/src_hsdata_ff_reg[26]/C
  -------------------------------------------------------------------    -------------------
    SLICE_X33Y96         FDRE (Prop_fdre_C_Q)         0.337     2.995 r  system_i/iq_0/inst/snapshot_cdc/src_hsdata_ff_reg[26]/Q
                         net (fo=1, routed)           0.546     3.541    system_i/iq_0/inst/snapshot_cdc/src_hsdata_ff[26]
    SLICE_X31Y101        FDRE                                         r  system_i/iq_0/inst/snapshot_cdc/dest_hsdata_ff_reg[26]/D
  -------------------------------------------------------------------    -------------------

                         (clock clk_fpga_0 rise edge)
                                                      0.000     0.000 r  <hidden>
    PS7_X0Y0             PS7                          0.000     0.000 r  system_i/ps7/inst/PS7_i/FCLKCLK[0]
                         net (fo=1, routed)           1.193     1.193    system_i/ps7/inst/FCLK_CLK_unbuffered[0]
    BUFGCTRL_X0Y16       BUFG (Prop_bufg_I_O)         0.101     1.294 r  system_i/ps7/inst/buffer_fclk_clk_0.FCLK_CLK_0_BUFG/O
                         net (fo=11036, routed)       1.892     3.186    system_i/iq_0/inst/snapshot_cdc/dest_clk
    SLICE_X31Y101        FDRE                                         r  system_i/iq_0/inst/snapshot_cdc/dest_hsdata_ff_reg[26]/C
                         clock pessimism              0.000     3.186    <hidden>
    SLICE_X31Y101        FDRE (Hold_fdre_C_D)         0.041     3.227    system_i/iq_0/inst/snapshot_cdc/dest_hsdata_ff_reg[26]
  -------------------------------------------------------------------
                         data arrival                           3.541    <hidden>
                         clock arrival                          3.227    <hidden>
  -------------------------------------------------------------------
                         relative delay                         0.314    <hidden>



