{
  "source": "Zybo UDP board capture",
  "board": "192.168.1.10",
  "vector": "D:\\fft\\fft_phase11_latency_opt\\build\\phase11_125\\vectors\\noise_0_91002.bin",
  "vector_sha256": "93b460472e6cf041bccab14318edf4964c57f81b41da9efebecaee6b2568083b",
  "cyclic": false,
  "detector_mode": "threshold",
  "gap_min": 32,
  "length_semantics": "门限突发长度",
  "length_definition": "Waveform boundary measurement; not communication protocol frame recognition",
  "max_burst_samples": 1048576,
  "applied_detector": {
    "ton": 4182705454,
    "toff": 2091352727,
    "kon": 8,
    "koff": 32,
    "max_burst_samples": 1048576,
    "mode": "threshold",
    "gap_min": 32
  },
  "threshold_request": {
    "profile": "explicit",
    "policy": "explicit",
    "requested_parameters": {
      "mode": "threshold",
      "ton": 4182705454,
      "toff": 2091352727,
      "kon": 8,
      "koff": 32,
      "gap_min": 32,
      "max_burst_samples": 1048576
    },
    "algorithm": "sliding-energy-16-v1"
  },
  "hardware_version": 65545,
  "hardware_version_hex": "0x00010009",
  "hardware_capabilities": 31,
  "sample_rate_hz": 125000000,
  "build_id": "9de00f7c8261de0723505e5e50040906",
  "timestamp_clock_hz": 125000000,
  "record_format_version": 1,
  "scan_lanes": 8,
  "fft_clock_hz": 150000000,
  "fft_length": 16384,
  "replay_bank_samples": 32768,
  "frequency_ring_records": 128,
  "burst_ring_records": 128,
  "snapshot_points": 1024,
  "input_fifo_depth": 4096,
  "snapshot_group": 16,
  "replay_readback_verified": true,
  "configuration_registers_before_start": [
    32768,
    0,
    0,
    1,
    0,
    16383,
    4182705454,
    0,
    2091352727,
    0,
    8,
    32,
    1048576
  ],
  "threshold_registers_before_start": [
    4182705454,
    0,
    2091352727,
    0,
    8,
    32,
    1048576
  ],
  "epoch": 60,
  "config_id": 61,
  "error_status": 0,
  "source_ticks": 14944132830,
  "input_samples": 32768,
  "completed_windows": 2,
  "hardware_max_latency_cycles": 34776,
  "hardware_max_publish_latency_cycles": 34811,
  "frequency_queue_dropped": 0,
  "burst_queue_dropped": 0,
  "throughput_diagnostics": {
    "snapshot_sequence": 60,
    "issued_samples": 32768,
    "accepted_samples": 32768,
    "input_rejected": 0,
    "input_fifo_high_water": 10,
    "fft_snapshot_arrival_tick": 14944132839,
    "fft_input_samples": 32768,
    "fft_output_samples": 32768,
    "fft_output_windows": 2,
    "result_queue_rejected": 0,
    "input_underreads": 0,
    "semantics": "Native-domain snapshots at different instants; conservation checked only after STOPPED/drain"
  },
  "throughput_conservation_valid": true,
  "udp_missing_packet_count": 0,
  "frequency_records_missing": 0,
  "burst_records_missing": 0,
  "frequency_sequence_valid": true,
  "sample_count_valid": true,
  "hardware_max_latency_us": 278.208,
  "hardware_max_publish_latency_us": 278.488,
  "analysis_deadline_met": true,
  "record_configuration_valid": true,
  "detector_mode_valid": true,
  "capture_complete": true,
  "numerical_reference_validation": {
    "status": "NOT_RUN",
    "scope": "Capture integrity is distinct from numerical reference verification"
  },
  "socket_reopens": 0,
  "frequency_records": 2,
  "burst_records": 0,
  "duplicate_frequency_records": 0,
  "maximum_received_latency_us": 278.208,
  "record_sample_rates_hz": [
    125000000
  ],
  "record_detector_modes": []
}
