Copyright 1986-2022 Xilinx, Inc. All Rights Reserved. Copyright 2022-2026 Advanced Micro Devices, Inc. All Rights Reserved.
---------------------------------------------------------------------------------------------------------------------------------------------
| Tool Version : Vivado v.2026.1 (win64) Build 6511674 Tue Jun 16 11:02:23 MDT 2026
| Date         : Fri Oct  9 14:07:34 2026
| Host         : LAPTOP-ATE8I1GS running 64-bit major release  (build 9200)
| Command      : report_bus_skew -file D:/fft/fft_phase10_resource_opt/reports/bus_skew.rpt
| Design       : system_wrapper
| Device       : 7z020-clg400
| Speed File   : -1  PRODUCTION 1.12 2019-11-22
| Design State : Physopt postRoute
---------------------------------------------------------------------------------------------------------------------------------------------

Bus Skew Report

Table of Contents
-----------------
1. Bus Skew Report Summary
2. Bus Skew Report Per Constraint

1. Bus Skew Report Summary
--------------------------

Id  Position  From                            To                              Corner  Requirement(ns)  Actual(ns)  Slack(ns)
--  --------  ------------------------------  ------------------------------  ------  ---------------  ----------  ---------
1   13        [get_cells [list {system_i/iq_0/inst/core/input_fifo/gnuram_async_fifo.xpm_fifo_base_inst/gen_cdc_pntr.rd_pntr_cdc_inst/src_gray_ff_reg[0]} \
          {system_i/iq_0/inst/core/input_fifo/gnuram_async_fifo.xpm_fifo_base_inst/gen_cdc_pntr.rd_pntr_cdc_inst/src_gray_ff_reg[10]} \
          {system_i/iq_0/inst/core/input_fifo/gnuram_async_fifo.xpm_fifo_base_inst/gen_cdc_pntr.rd_pntr_cdc_inst/src_gray_ff_reg[11]} \
          {system_i/iq_0/inst/core/input_fifo/gnuram_async_fifo.xpm_fifo_base_inst/gen_cdc_pntr.rd_pntr_cdc_inst/src_gray_ff_reg[1]} \
          {system_i/iq_0/inst/core/input_fifo/gnuram_async_fifo.xpm_fifo_base_inst/gen_cdc_pntr.rd_pntr_cdc_inst/src_gray_ff_reg[2]} \
          {system_i/iq_0/inst/core/input_fifo/gnuram_async_fifo.xpm_fifo_base_inst/gen_cdc_pntr.rd_pntr_cdc_inst/src_gray_ff_reg[3]} \
          {system_i/iq_0/inst/core/input_fifo/gnuram_async_fifo.xpm_fifo_base_inst/gen_cdc_pntr.rd_pntr_cdc_inst/src_gray_ff_reg[4]} \
          {system_i/iq_0/inst/core/input_fifo/gnuram_async_fifo.xpm_fifo_base_inst/gen_cdc_pntr.rd_pntr_cdc_inst/src_gray_ff_reg[5]} \
          {system_i/iq_0/inst/core/input_fifo/gnuram_async_fifo.xpm_fifo_base_inst/gen_cdc_pntr.rd_pntr_cdc_inst/src_gray_ff_reg[6]} \
          {system_i/iq_0/inst/core/input_fifo/gnuram_async_fifo.xpm_fifo_base_inst/gen_cdc_pntr.rd_pntr_cdc_inst/src_gray_ff_reg[7]} \
          {system_i/iq_0/inst/core/input_fifo/gnuram_async_fifo.xpm_fifo_base_inst/gen_cdc_pntr.rd_pntr_cdc_inst/src_gray_ff_reg[8]} \
          {system_i/iq_0/inst/core/input_fifo/gnuram_async_fifo.xpm_fifo_base_inst/gen_cdc_pntr.rd_pntr_cdc_inst/src_gray_ff_reg[9]}]]
                                              [get_cells [list {system_i/iq_0/inst/core/input_fifo/gnuram_async_fifo.xpm_fifo_base_inst/gen_cdc_pntr.rd_pntr_cdc_inst/dest_graysync_ff_reg[0][0]} \
          {system_i/iq_0/inst/core/input_fifo/gnuram_async_fifo.xpm_fifo_base_inst/gen_cdc_pntr.rd_pntr_cdc_inst/dest_graysync_ff_reg[0][10]} \
          {system_i/iq_0/inst/core/input_fifo/gnuram_async_fifo.xpm_fifo_base_inst/gen_cdc_pntr.rd_pntr_cdc_inst/dest_graysync_ff_reg[0][11]} \
          {system_i/iq_0/inst/core/input_fifo/gnuram_async_fifo.xpm_fifo_base_inst/gen_cdc_pntr.rd_pntr_cdc_inst/dest_graysync_ff_reg[0][1]} \
          {system_i/iq_0/inst/core/input_fifo/gnuram_async_fifo.xpm_fifo_base_inst/gen_cdc_pntr.rd_pntr_cdc_inst/dest_graysync_ff_reg[0][2]} \
          {system_i/iq_0/inst/core/input_fifo/gnuram_async_fifo.xpm_fifo_base_inst/gen_cdc_pntr.rd_pntr_cdc_inst/dest_graysync_ff_reg[0][3]} \
          {system_i/iq_0/inst/core/input_fifo/gnuram_async_fifo.xpm_fifo_base_inst/gen_cdc_pntr.rd_pntr_cdc_inst/dest_graysync_ff_reg[0][4]} \
          {system_i/iq_0/inst/core/input_fifo/gnuram_async_fifo.xpm_fifo_base_inst/gen_cdc_pntr.rd_pntr_cdc_inst/dest_graysync_ff_reg[0][5]} \
          {system_i/iq_0/inst/core/input_fifo/gnuram_async_fifo.xpm_fifo_base_inst/gen_cdc_pntr.rd_pntr_cdc_inst/dest_graysync_ff_reg[0][6]} \
          {system_i/iq_0/inst/core/input_fifo/gnuram_async_fifo.xpm_fifo_base_inst/gen_cdc_pntr.rd_pntr_cdc_inst/dest_graysync_ff_reg[0][7]} \
          {system_i/iq_0/inst/core/input_fifo/gnuram_async_fifo.xpm_fifo_base_inst/gen_cdc_pntr.rd_pntr_cdc_inst/dest_graysync_ff_reg[0][8]} \
          {system_i/iq_0/inst/core/input_fifo/gnuram_async_fifo.xpm_fifo_base_inst/gen_cdc_pntr.rd_pntr_cdc_inst/dest_graysync_ff_reg[0][9]}]]
                                                                              Slow              8.000       1.219      6.781
2   15        [get_cells [list {system_i/iq_0/inst/core/input_fifo/gnuram_async_fifo.xpm_fifo_base_inst/gen_cdc_pntr.wr_pntr_cdc_inst/src_gray_ff_reg[0]} \
          {system_i/iq_0/inst/core/input_fifo/gnuram_async_fifo.xpm_fifo_base_inst/gen_cdc_pntr.wr_pntr_cdc_inst/src_gray_ff_reg[10]} \
          {system_i/iq_0/inst/core/input_fifo/gnuram_async_fifo.xpm_fifo_base_inst/gen_cdc_pntr.wr_pntr_cdc_inst/src_gray_ff_reg[11]} \
          {system_i/iq_0/inst/core/input_fifo/gnuram_async_fifo.xpm_fifo_base_inst/gen_cdc_pntr.wr_pntr_cdc_inst/src_gray_ff_reg[1]} \
          {system_i/iq_0/inst/core/input_fifo/gnuram_async_fifo.xpm_fifo_base_inst/gen_cdc_pntr.wr_pntr_cdc_inst/src_gray_ff_reg[2]} \
          {system_i/iq_0/inst/core/input_fifo/gnuram_async_fifo.xpm_fifo_base_inst/gen_cdc_pntr.wr_pntr_cdc_inst/src_gray_ff_reg[3]} \
          {system_i/iq_0/inst/core/input_fifo/gnuram_async_fifo.xpm_fifo_base_inst/gen_cdc_pntr.wr_pntr_cdc_inst/src_gray_ff_reg[4]} \
          {system_i/iq_0/inst/core/input_fifo/gnuram_async_fifo.xpm_fifo_base_inst/gen_cdc_pntr.wr_pntr_cdc_inst/src_gray_ff_reg[5]} \
          {system_i/iq_0/inst/core/input_fifo/gnuram_async_fifo.xpm_fifo_base_inst/gen_cdc_pntr.wr_pntr_cdc_inst/src_gray_ff_reg[6]} \
          {system_i/iq_0/inst/core/input_fifo/gnuram_async_fifo.xpm_fifo_base_inst/gen_cdc_pntr.wr_pntr_cdc_inst/src_gray_ff_reg[7]} \
          {system_i/iq_0/inst/core/input_fifo/gnuram_async_fifo.xpm_fifo_base_inst/gen_cdc_pntr.wr_pntr_cdc_inst/src_gray_ff_reg[8]} \
          {system_i/iq_0/inst/core/input_fifo/gnuram_async_fifo.xpm_fifo_base_inst/gen_cdc_pntr.wr_pntr_cdc_inst/src_gray_ff_reg[9]}]]
                                              [get_cells [list {system_i/iq_0/inst/core/input_fifo/gnuram_async_fifo.xpm_fifo_base_inst/gen_cdc_pntr.wr_pntr_cdc_inst/dest_graysync_ff_reg[0][0]} \
          {system_i/iq_0/inst/core/input_fifo/gnuram_async_fifo.xpm_fifo_base_inst/gen_cdc_pntr.wr_pntr_cdc_inst/dest_graysync_ff_reg[0][10]} \
          {system_i/iq_0/inst/core/input_fifo/gnuram_async_fifo.xpm_fifo_base_inst/gen_cdc_pntr.wr_pntr_cdc_inst/dest_graysync_ff_reg[0][11]} \
          {system_i/iq_0/inst/core/input_fifo/gnuram_async_fifo.xpm_fifo_base_inst/gen_cdc_pntr.wr_pntr_cdc_inst/dest_graysync_ff_reg[0][1]} \
          {system_i/iq_0/inst/core/input_fifo/gnuram_async_fifo.xpm_fifo_base_inst/gen_cdc_pntr.wr_pntr_cdc_inst/dest_graysync_ff_reg[0][2]} \
          {system_i/iq_0/inst/core/input_fifo/gnuram_async_fifo.xpm_fifo_base_inst/gen_cdc_pntr.wr_pntr_cdc_inst/dest_graysync_ff_reg[0][3]} \
          {system_i/iq_0/inst/core/input_fifo/gnuram_async_fifo.xpm_fifo_base_inst/gen_cdc_pntr.wr_pntr_cdc_inst/dest_graysync_ff_reg[0][4]} \
          {system_i/iq_0/inst/core/input_fifo/gnuram_async_fifo.xpm_fifo_base_inst/gen_cdc_pntr.wr_pntr_cdc_inst/dest_graysync_ff_reg[0][5]} \
          {system_i/iq_0/inst/core/input_fifo/gnuram_async_fifo.xpm_fifo_base_inst/gen_cdc_pntr.wr_pntr_cdc_inst/dest_graysync_ff_reg[0][6]} \
          {system_i/iq_0/inst/core/input_fifo/gnuram_async_fifo.xpm_fifo_base_inst/gen_cdc_pntr.wr_pntr_cdc_inst/dest_graysync_ff_reg[0][7]} \
          {system_i/iq_0/inst/core/input_fifo/gnuram_async_fifo.xpm_fifo_base_inst/gen_cdc_pntr.wr_pntr_cdc_inst/dest_graysync_ff_reg[0][8]} \
          {system_i/iq_0/inst/core/input_fifo/gnuram_async_fifo.xpm_fifo_base_inst/gen_cdc_pntr.wr_pntr_cdc_inst/dest_graysync_ff_reg[0][9]}]]
                                                                              Slow              8.000       0.983      7.017
3   19        [get_cells [list {system_i/iq_0/inst/core/input_fifo/gnuram_async_fifo.xpm_fifo_base_inst/gen_cdc_pntr.rd_pntr_cdc_dc_inst/src_gray_ff_reg[0]} \
          {system_i/iq_0/inst/core/input_fifo/gnuram_async_fifo.xpm_fifo_base_inst/gen_cdc_pntr.rd_pntr_cdc_dc_inst/src_gray_ff_reg[10]} \
          {system_i/iq_0/inst/core/input_fifo/gnuram_async_fifo.xpm_fifo_base_inst/gen_cdc_pntr.rd_pntr_cdc_dc_inst/src_gray_ff_reg[11]} \
          {system_i/iq_0/inst/core/input_fifo/gnuram_async_fifo.xpm_fifo_base_inst/gen_cdc_pntr.rd_pntr_cdc_dc_inst/src_gray_ff_reg[12]} \
          {system_i/iq_0/inst/core/input_fifo/gnuram_async_fifo.xpm_fifo_base_inst/gen_cdc_pntr.rd_pntr_cdc_dc_inst/src_gray_ff_reg[1]} \
          {system_i/iq_0/inst/core/input_fifo/gnuram_async_fifo.xpm_fifo_base_inst/gen_cdc_pntr.rd_pntr_cdc_dc_inst/src_gray_ff_reg[2]} \
          {system_i/iq_0/inst/core/input_fifo/gnuram_async_fifo.xpm_fifo_base_inst/gen_cdc_pntr.rd_pntr_cdc_dc_inst/src_gray_ff_reg[3]} \
          {system_i/iq_0/inst/core/input_fifo/gnuram_async_fifo.xpm_fifo_base_inst/gen_cdc_pntr.rd_pntr_cdc_dc_inst/src_gray_ff_reg[4]} \
          {system_i/iq_0/inst/core/input_fifo/gnuram_async_fifo.xpm_fifo_base_inst/gen_cdc_pntr.rd_pntr_cdc_dc_inst/src_gray_ff_reg[5]} \
          {system_i/iq_0/inst/core/input_fifo/gnuram_async_fifo.xpm_fifo_base_inst/gen_cdc_pntr.rd_pntr_cdc_dc_inst/src_gray_ff_reg[6]} \
          {system_i/iq_0/inst/core/input_fifo/gnuram_async_fifo.xpm_fifo_base_inst/gen_cdc_pntr.rd_pntr_cdc_dc_inst/src_gray_ff_reg[7]} \
          {system_i/iq_0/inst/core/input_fifo/gnuram_async_fifo.xpm_fifo_base_inst/gen_cdc_pntr.rd_pntr_cdc_dc_inst/src_gray_ff_reg[8]} \
          {system_i/iq_0/inst/core/input_fifo/gnuram_async_fifo.xpm_fifo_base_inst/gen_cdc_pntr.rd_pntr_cdc_dc_inst/src_gray_ff_reg[9]}]]
                                              [get_cells [list {system_i/iq_0/inst/core/input_fifo/gnuram_async_fifo.xpm_fifo_base_inst/gen_cdc_pntr.rd_pntr_cdc_dc_inst/dest_graysync_ff_reg[0][0]} \
          {system_i/iq_0/inst/core/input_fifo/gnuram_async_fifo.xpm_fifo_base_inst/gen_cdc_pntr.rd_pntr_cdc_dc_inst/dest_graysync_ff_reg[0][10]} \
          {system_i/iq_0/inst/core/input_fifo/gnuram_async_fifo.xpm_fifo_base_inst/gen_cdc_pntr.rd_pntr_cdc_dc_inst/dest_graysync_ff_reg[0][11]} \
          {system_i/iq_0/inst/core/input_fifo/gnuram_async_fifo.xpm_fifo_base_inst/gen_cdc_pntr.rd_pntr_cdc_dc_inst/dest_graysync_ff_reg[0][12]} \
          {system_i/iq_0/inst/core/input_fifo/gnuram_async_fifo.xpm_fifo_base_inst/gen_cdc_pntr.rd_pntr_cdc_dc_inst/dest_graysync_ff_reg[0][1]} \
          {system_i/iq_0/inst/core/input_fifo/gnuram_async_fifo.xpm_fifo_base_inst/gen_cdc_pntr.rd_pntr_cdc_dc_inst/dest_graysync_ff_reg[0][2]} \
          {system_i/iq_0/inst/core/input_fifo/gnuram_async_fifo.xpm_fifo_base_inst/gen_cdc_pntr.rd_pntr_cdc_dc_inst/dest_graysync_ff_reg[0][3]} \
          {system_i/iq_0/inst/core/input_fifo/gnuram_async_fifo.xpm_fifo_base_inst/gen_cdc_pntr.rd_pntr_cdc_dc_inst/dest_graysync_ff_reg[0][4]} \
          {system_i/iq_0/inst/core/input_fifo/gnuram_async_fifo.xpm_fifo_base_inst/gen_cdc_pntr.rd_pntr_cdc_dc_inst/dest_graysync_ff_reg[0][5]} \
          {system_i/iq_0/inst/core/input_fifo/gnuram_async_fifo.xpm_fifo_base_inst/gen_cdc_pntr.rd_pntr_cdc_dc_inst/dest_graysync_ff_reg[0][6]} \
          {system_i/iq_0/inst/core/input_fifo/gnuram_async_fifo.xpm_fifo_base_inst/gen_cdc_pntr.rd_pntr_cdc_dc_inst/dest_graysync_ff_reg[0][7]} \
          {system_i/iq_0/inst/core/input_fifo/gnuram_async_fifo.xpm_fifo_base_inst/gen_cdc_pntr.rd_pntr_cdc_dc_inst/dest_graysync_ff_reg[0][8]} \
          {system_i/iq_0/inst/core/input_fifo/gnuram_async_fifo.xpm_fifo_base_inst/gen_cdc_pntr.rd_pntr_cdc_dc_inst/dest_graysync_ff_reg[0][9]}]]
                                                                              Slow              8.000       1.268      6.732
4   21        [get_cells [list {system_i/iq_0/inst/core/freq_cdc/gnuram_async_fifo.xpm_fifo_base_inst/gen_cdc_pntr.rd_pntr_cdc_inst/src_gray_ff_reg[0]} {system_i/iq_0/inst/core/freq_cdc/gnuram_async_fifo.xpm_fifo_base_inst/gen_cdc_pntr.rd_pntr_cdc_inst/src_gray_ff_reg[1]} {system_i/iq_0/inst/core/freq_cdc/gnuram_async_fifo.xpm_fifo_base_inst/gen_cdc_pntr.rd_pntr_cdc_inst/src_gray_ff_reg[2]} {system_i/iq_0/inst/core/freq_cdc/gnuram_async_fifo.xpm_fifo_base_inst/gen_cdc_pntr.rd_pntr_cdc_inst/src_gray_ff_reg[3]}]]
                                              [get_cells [list {system_i/iq_0/inst/core/freq_cdc/gnuram_async_fifo.xpm_fifo_base_inst/gen_cdc_pntr.rd_pntr_cdc_inst/dest_graysync_ff_reg[0][0]} {system_i/iq_0/inst/core/freq_cdc/gnuram_async_fifo.xpm_fifo_base_inst/gen_cdc_pntr.rd_pntr_cdc_inst/dest_graysync_ff_reg[0][1]} {system_i/iq_0/inst/core/freq_cdc/gnuram_async_fifo.xpm_fifo_base_inst/gen_cdc_pntr.rd_pntr_cdc_inst/dest_graysync_ff_reg[0][2]} {system_i/iq_0/inst/core/freq_cdc/gnuram_async_fifo.xpm_fifo_base_inst/gen_cdc_pntr.rd_pntr_cdc_inst/dest_graysync_ff_reg[0][3]}]]
                                                                              Slow              8.000       0.693      7.307
5   23        [get_cells [list {system_i/iq_0/inst/core/freq_cdc/gnuram_async_fifo.xpm_fifo_base_inst/gen_cdc_pntr.wr_pntr_cdc_inst/src_gray_ff_reg[0]} {system_i/iq_0/inst/core/freq_cdc/gnuram_async_fifo.xpm_fifo_base_inst/gen_cdc_pntr.wr_pntr_cdc_inst/src_gray_ff_reg[1]} {system_i/iq_0/inst/core/freq_cdc/gnuram_async_fifo.xpm_fifo_base_inst/gen_cdc_pntr.wr_pntr_cdc_inst/src_gray_ff_reg[2]} {system_i/iq_0/inst/core/freq_cdc/gnuram_async_fifo.xpm_fifo_base_inst/gen_cdc_pntr.wr_pntr_cdc_inst/src_gray_ff_reg[3]}]]
                                              [get_cells [list {system_i/iq_0/inst/core/freq_cdc/gnuram_async_fifo.xpm_fifo_base_inst/gen_cdc_pntr.wr_pntr_cdc_inst/dest_graysync_ff_reg[0][0]} {system_i/iq_0/inst/core/freq_cdc/gnuram_async_fifo.xpm_fifo_base_inst/gen_cdc_pntr.wr_pntr_cdc_inst/dest_graysync_ff_reg[0][1]} {system_i/iq_0/inst/core/freq_cdc/gnuram_async_fifo.xpm_fifo_base_inst/gen_cdc_pntr.wr_pntr_cdc_inst/dest_graysync_ff_reg[0][2]} {system_i/iq_0/inst/core/freq_cdc/gnuram_async_fifo.xpm_fifo_base_inst/gen_cdc_pntr.wr_pntr_cdc_inst/dest_graysync_ff_reg[0][3]}]]
                                                                              Slow              8.000       0.748      7.252
6   29        [get_cells [list {system_i/iq_0/inst/snapshot_cdc/src_hsdata_ff_reg[0]} \
          {system_i/iq_0/inst/snapshot_cdc/src_hsdata_ff_reg[10]} \
          {system_i/iq_0/inst/snapshot_cdc/src_hsdata_ff_reg[11]} \
          {system_i/iq_0/inst/snapshot_cdc/src_hsdata_ff_reg[12]} \
          {system_i/iq_0/inst/snapshot_cdc/src_hsdata_ff_reg[13]} \
          {system_i/iq_0/inst/snapshot_cdc/src_hsdata_ff_reg[14]} \
          {system_i/iq_0/inst/snapshot_cdc/src_hsdata_ff_reg[15]} \
          {system_i/iq_0/inst/snapshot_cdc/src_hsdata_ff_reg[16]} \
          {system_i/iq_0/inst/snapshot_cdc/src_hsdata_ff_reg[17]} \
          {system_i/iq_0/inst/snapshot_cdc/src_hsdata_ff_reg[18]} \
          {system_i/iq_0/inst/snapshot_cdc/src_hsdata_ff_reg[19]} \
          {system_i/iq_0/inst/snapshot_cdc/src_hsdata_ff_reg[1]} \
          {system_i/iq_0/inst/snapshot_cdc/src_hsdata_ff_reg[20]} \
          {system_i/iq_0/inst/snapshot_cdc/src_hsdata_ff_reg[21]} \
          {system_i/iq_0/inst/snapshot_cdc/src_hsdata_ff_reg[22]} \
          {system_i/iq_0/inst/snapshot_cdc/src_hsdata_ff_reg[23]} \
          {system_i/iq_0/inst/snapshot_cdc/src_hsdata_ff_reg[24]} \
          {system_i/iq_0/inst/snapshot_cdc/src_hsdata_ff_reg[25]} \
          {system_i/iq_0/inst/snapshot_cdc/src_hsdata_ff_reg[26]} \
          {system_i/iq_0/inst/snapshot_cdc/src_hsdata_ff_reg[27]} \
          {system_i/iq_0/inst/snapshot_cdc/src_hsdata_ff_reg[28]} \
          {system_i/iq_0/inst/snapshot_cdc/src_hsdata_ff_reg[29]} \
          {system_i/iq_0/inst/snapshot_cdc/src_hsdata_ff_reg[2]} \
          {system_i/iq_0/inst/snapshot_cdc/src_hsdata_ff_reg[30]} \
          {system_i/iq_0/inst/snapshot_cdc/src_hsdata_ff_reg[31]} \
          {system_i/iq_0/inst/snapshot_cdc/src_hsdata_ff_reg[3]} \
          {system_i/iq_0/inst/snapshot_cdc/src_hsdata_ff_reg[4]} \
          {system_i/iq_0/inst/snapshot_cdc/src_hsdata_ff_reg[5]} \
          {system_i/iq_0/inst/snapshot_cdc/src_hsdata_ff_reg[6]} \
          {system_i/iq_0/inst/snapshot_cdc/src_hsdata_ff_reg[7]} \
          {system_i/iq_0/inst/snapshot_cdc/src_hsdata_ff_reg[8]} \
          {system_i/iq_0/inst/snapshot_cdc/src_hsdata_ff_reg[9]}]]
                                              [get_cells [list {system_i/iq_0/inst/snapshot_cdc/dest_hsdata_ff_reg[0]} \
          {system_i/iq_0/inst/snapshot_cdc/dest_hsdata_ff_reg[10]} \
          {system_i/iq_0/inst/snapshot_cdc/dest_hsdata_ff_reg[11]} \
          {system_i/iq_0/inst/snapshot_cdc/dest_hsdata_ff_reg[12]} \
          {system_i/iq_0/inst/snapshot_cdc/dest_hsdata_ff_reg[13]} \
          {system_i/iq_0/inst/snapshot_cdc/dest_hsdata_ff_reg[14]} \
          {system_i/iq_0/inst/snapshot_cdc/dest_hsdata_ff_reg[15]} \
          {system_i/iq_0/inst/snapshot_cdc/dest_hsdata_ff_reg[16]} \
          {system_i/iq_0/inst/snapshot_cdc/dest_hsdata_ff_reg[17]} \
          {system_i/iq_0/inst/snapshot_cdc/dest_hsdata_ff_reg[18]} \
          {system_i/iq_0/inst/snapshot_cdc/dest_hsdata_ff_reg[19]} \
          {system_i/iq_0/inst/snapshot_cdc/dest_hsdata_ff_reg[1]} \
          {system_i/iq_0/inst/snapshot_cdc/dest_hsdata_ff_reg[20]} \
          {system_i/iq_0/inst/snapshot_cdc/dest_hsdata_ff_reg[21]} \
          {system_i/iq_0/inst/snapshot_cdc/dest_hsdata_ff_reg[22]} \
          {system_i/iq_0/inst/snapshot_cdc/dest_hsdata_ff_reg[23]} \
          {system_i/iq_0/inst/snapshot_cdc/dest_hsdata_ff_reg[24]} \
          {system_i/iq_0/inst/snapshot_cdc/dest_hsdata_ff_reg[25]} \
          {system_i/iq_0/inst/snapshot_cdc/dest_hsdata_ff_reg[26]} \
          {system_i/iq_0/inst/snapshot_cdc/dest_hsdata_ff_reg[27]} \
          {system_i/iq_0/inst/snapshot_cdc/dest_hsdata_ff_reg[28]} \
          {system_i/iq_0/inst/snapshot_cdc/dest_hsdata_ff_reg[29]} \
          {system_i/iq_0/inst/snapshot_cdc/dest_hsdata_ff_reg[2]} \
          {system_i/iq_0/inst/snapshot_cdc/dest_hsdata_ff_reg[30]} \
          {system_i/iq_0/inst/snapshot_cdc/dest_hsdata_ff_reg[31]} \
          {system_i/iq_0/inst/snapshot_cdc/dest_hsdata_ff_reg[3]} \
          {system_i/iq_0/inst/snapshot_cdc/dest_hsdata_ff_reg[4]} \
          {system_i/iq_0/inst/snapshot_cdc/dest_hsdata_ff_reg[5]} \
          {system_i/iq_0/inst/snapshot_cdc/dest_hsdata_ff_reg[6]} \
          {system_i/iq_0/inst/snapshot_cdc/dest_hsdata_ff_reg[7]} \
          {system_i/iq_0/inst/snapshot_cdc/dest_hsdata_ff_reg[8]} \
          {system_i/iq_0/inst/snapshot_cdc/dest_hsdata_ff_reg[9]}]]
                                                                              Slow             24.000       1.490     22.510


2. Bus Skew Report Per Constraint
---------------------------------

Id: 1
set_bus_skew -from [get_cells [list {system_i/iq_0/inst/core/input_fifo/gnuram_async_fifo.xpm_fifo_base_inst/gen_cdc_pntr.rd_pntr_cdc_inst/src_gray_ff_reg[0]} \
          {system_i/iq_0/inst/core/input_fifo/gnuram_async_fifo.xpm_fifo_base_inst/gen_cdc_pntr.rd_pntr_cdc_inst/src_gray_ff_reg[10]} \
          {system_i/iq_0/inst/core/input_fifo/gnuram_async_fifo.xpm_fifo_base_inst/gen_cdc_pntr.rd_pntr_cdc_inst/src_gray_ff_reg[11]} \
          {system_i/iq_0/inst/core/input_fifo/gnuram_async_fifo.xpm_fifo_base_inst/gen_cdc_pntr.rd_pntr_cdc_inst/src_gray_ff_reg[1]} \
          {system_i/iq_0/inst/core/input_fifo/gnuram_async_fifo.xpm_fifo_base_inst/gen_cdc_pntr.rd_pntr_cdc_inst/src_gray_ff_reg[2]} \
          {system_i/iq_0/inst/core/input_fifo/gnuram_async_fifo.xpm_fifo_base_inst/gen_cdc_pntr.rd_pntr_cdc_inst/src_gray_ff_reg[3]} \
          {system_i/iq_0/inst/core/input_fifo/gnuram_async_fifo.xpm_fifo_base_inst/gen_cdc_pntr.rd_pntr_cdc_inst/src_gray_ff_reg[4]} \
          {system_i/iq_0/inst/core/input_fifo/gnuram_async_fifo.xpm_fifo_base_inst/gen_cdc_pntr.rd_pntr_cdc_inst/src_gray_ff_reg[5]} \
          {system_i/iq_0/inst/core/input_fifo/gnuram_async_fifo.xpm_fifo_base_inst/gen_cdc_pntr.rd_pntr_cdc_inst/src_gray_ff_reg[6]} \
          {system_i/iq_0/inst/core/input_fifo/gnuram_async_fifo.xpm_fifo_base_inst/gen_cdc_pntr.rd_pntr_cdc_inst/src_gray_ff_reg[7]} \
          {system_i/iq_0/inst/core/input_fifo/gnuram_async_fifo.xpm_fifo_base_inst/gen_cdc_pntr.rd_pntr_cdc_inst/src_gray_ff_reg[8]} \
          {system_i/iq_0/inst/core/input_fifo/gnuram_async_fifo.xpm_fifo_base_inst/gen_cdc_pntr.rd_pntr_cdc_inst/src_gray_ff_reg[9]}]] -to [get_cells [list {system_i/iq_0/inst/core/input_fifo/gnuram_async_fifo.xpm_fifo_base_inst/gen_cdc_pntr.rd_pntr_cdc_inst/dest_graysync_ff_reg[0][0]} \
          {system_i/iq_0/inst/core/input_fifo/gnuram_async_fifo.xpm_fifo_base_inst/gen_cdc_pntr.rd_pntr_cdc_inst/dest_graysync_ff_reg[0][10]} \
          {system_i/iq_0/inst/core/input_fifo/gnuram_async_fifo.xpm_fifo_base_inst/gen_cdc_pntr.rd_pntr_cdc_inst/dest_graysync_ff_reg[0][11]} \
          {system_i/iq_0/inst/core/input_fifo/gnuram_async_fifo.xpm_fifo_base_inst/gen_cdc_pntr.rd_pntr_cdc_inst/dest_graysync_ff_reg[0][1]} \
          {system_i/iq_0/inst/core/input_fifo/gnuram_async_fifo.xpm_fifo_base_inst/gen_cdc_pntr.rd_pntr_cdc_inst/dest_graysync_ff_reg[0][2]} \
          {system_i/iq_0/inst/core/input_fifo/gnuram_async_fifo.xpm_fifo_base_inst/gen_cdc_pntr.rd_pntr_cdc_inst/dest_graysync_ff_reg[0][3]} \
          {system_i/iq_0/inst/core/input_fifo/gnuram_async_fifo.xpm_fifo_base_inst/gen_cdc_pntr.rd_pntr_cdc_inst/dest_graysync_ff_reg[0][4]} \
          {system_i/iq_0/inst/core/input_fifo/gnuram_async_fifo.xpm_fifo_base_inst/gen_cdc_pntr.rd_pntr_cdc_inst/dest_graysync_ff_reg[0][5]} \
          {system_i/iq_0/inst/core/input_fifo/gnuram_async_fifo.xpm_fifo_base_inst/gen_cdc_pntr.rd_pntr_cdc_inst/dest_graysync_ff_reg[0][6]} \
          {system_i/iq_0/inst/core/input_fifo/gnuram_async_fifo.xpm_fifo_base_inst/gen_cdc_pntr.rd_pntr_cdc_inst/dest_graysync_ff_reg[0][7]} \
          {system_i/iq_0/inst/core/input_fifo/gnuram_async_fifo.xpm_fifo_base_inst/gen_cdc_pntr.rd_pntr_cdc_inst/dest_graysync_ff_reg[0][8]} \
          {system_i/iq_0/inst/core/input_fifo/gnuram_async_fifo.xpm_fifo_base_inst/gen_cdc_pntr.rd_pntr_cdc_inst/dest_graysync_ff_reg[0][9]}]] 8.000
Requirement: 8.000ns
Endpoints: 12

From Clock            To Clock              Endpoint Pin                    Reference Pin                   Corner  Actual(ns)  Slack(ns)
--------------------  --------------------  ------------------------------  ------------------------------  ------  ----------  ---------
clk_fpga_1            clk_fpga_0            system_i/iq_0/inst/core/input_fifo/gnuram_async_fifo.xpm_fifo_base_inst/gen_cdc_pntr.rd_pntr_cdc_inst/dest_graysync_ff_reg[0][0]/D
                                                                            system_i/iq_0/inst/core/input_fifo/gnuram_async_fifo.xpm_fifo_base_inst/gen_cdc_pntr.rd_pntr_cdc_inst/dest_graysync_ff_reg[0][8]/D
                                                                                                            Slow         1.219      6.781


Slack (MET) :             6.781ns  (requirement - actual skew)
  Endpoint Source:        system_i/iq_0/inst/core/input_fifo/gnuram_async_fifo.xpm_fifo_base_inst/gen_cdc_pntr.rd_pntr_cdc_inst/src_gray_ff_reg[0]/C
                            (rising edge-triggered cell FDRE clocked by clk_fpga_1)
  Endpoint Destination:   system_i/iq_0/inst/core/input_fifo/gnuram_async_fifo.xpm_fifo_base_inst/gen_cdc_pntr.rd_pntr_cdc_inst/dest_graysync_ff_reg[0][0]/D
                            (rising edge-triggered cell FDRE clocked by clk_fpga_0)
  Reference Source:       system_i/iq_0/inst/core/input_fifo/gnuram_async_fifo.xpm_fifo_base_inst/gen_cdc_pntr.rd_pntr_cdc_inst/src_gray_ff_reg[8]/C
                            (rising edge-triggered cell FDRE clocked by clk_fpga_1)
  Reference Destination:  system_i/iq_0/inst/core/input_fifo/gnuram_async_fifo.xpm_fifo_base_inst/gen_cdc_pntr.rd_pntr_cdc_inst/dest_graysync_ff_reg[0][8]/D
                            (rising edge-triggered cell FDRE clocked by clk_fpga_0)
  Path Type:              Bus Skew (Max at Slow Process Corner)
  Requirement:            8.000ns
  Endpoint Relative Delay:    2.470ns
  Reference Relative Delay:   0.847ns
  Relative CRPR:              0.404ns
  Actual Bus Skew:            1.219ns  (Endpoint Relative Delay - Reference Relative Delay - Relative CRPR)

Endpoint path:
    Location             Delay type                Incr(ns)  Path(ns)    Netlist Resource(s)
  -------------------------------------------------------------------    -------------------
                         (clock clk_fpga_1 rise edge)
                                                      0.000     0.000 r  <hidden>
    PS7_X0Y0             PS7                          0.000     0.000 r  system_i/ps7/inst/PS7_i/FCLKCLK[1]
                         net (fo=1, routed)           1.193     1.193    system_i/ps7/inst/FCLK_CLK_unbuffered[1]
    BUFGCTRL_X0Y19       BUFG (Prop_bufg_I_O)         0.101     1.294 r  system_i/ps7/inst/buffer_fclk_clk_1.FCLK_CLK_1_BUFG_replica_1/O
                         net (fo=2, routed)           0.146     1.440    system_i/ps7/inst/FCLK_CLK1_repN_1
    BUFGCTRL_X0Y18       BUFG (Prop_bufg_I_O)         0.101     1.541 r  system_i/ps7/inst/buffer_fclk_clk_1.FCLK_CLK_1_BUFG_replica/O
                         net (fo=11, routed)          0.146     1.687    system_i/ps7/inst/FCLK_CLK1_repN
    BUFGCTRL_X0Y17       BUFG (Prop_bufg_I_O)         0.101     1.788 r  system_i/ps7/inst/buffer_fclk_clk_1.FCLK_CLK_1_BUFG/O
                         net (fo=24466, routed)       1.647     3.435    system_i/iq_0/inst/core/input_fifo/gnuram_async_fifo.xpm_fifo_base_inst/gen_cdc_pntr.rd_pntr_cdc_inst/src_clk
    SLICE_X41Y87         FDRE                                         r  system_i/iq_0/inst/core/input_fifo/gnuram_async_fifo.xpm_fifo_base_inst/gen_cdc_pntr.rd_pntr_cdc_inst/src_gray_ff_reg[0]/C
  -------------------------------------------------------------------    -------------------
    SLICE_X41Y87         FDRE (Prop_fdre_C_Q)         0.456     3.891 r  system_i/iq_0/inst/core/input_fifo/gnuram_async_fifo.xpm_fifo_base_inst/gen_cdc_pntr.rd_pntr_cdc_inst/src_gray_ff_reg[0]/Q
                         net (fo=1, routed)           1.186     5.077    system_i/iq_0/inst/core/input_fifo/gnuram_async_fifo.xpm_fifo_base_inst/gen_cdc_pntr.rd_pntr_cdc_inst/async_path[0]
    SLICE_X42Y87         FDRE                                         r  system_i/iq_0/inst/core/input_fifo/gnuram_async_fifo.xpm_fifo_base_inst/gen_cdc_pntr.rd_pntr_cdc_inst/dest_graysync_ff_reg[0][0]/D
  -------------------------------------------------------------------    -------------------

                         (clock clk_fpga_0 rise edge)
                                                      0.000     0.000 r  <hidden>
    PS7_X0Y0             PS7                          0.000     0.000 r  system_i/ps7/inst/PS7_i/FCLKCLK[0]
                         net (fo=1, routed)           1.088     1.088    system_i/ps7/inst/FCLK_CLK_unbuffered[0]
    BUFGCTRL_X0Y16       BUFG (Prop_bufg_I_O)         0.091     1.179 r  system_i/ps7/inst/buffer_fclk_clk_0.FCLK_CLK_0_BUFG/O
                         net (fo=16057, routed)       1.475     2.654    system_i/iq_0/inst/core/input_fifo/gnuram_async_fifo.xpm_fifo_base_inst/gen_cdc_pntr.rd_pntr_cdc_inst/dest_clk
    SLICE_X42Y87         FDRE                                         r  system_i/iq_0/inst/core/input_fifo/gnuram_async_fifo.xpm_fifo_base_inst/gen_cdc_pntr.rd_pntr_cdc_inst/dest_graysync_ff_reg[0][0]/C
                         clock pessimism              0.000     2.654    <hidden>
    SLICE_X42Y87         FDRE (Setup_fdre_C_D)       -0.047     2.607    system_i/iq_0/inst/core/input_fifo/gnuram_async_fifo.xpm_fifo_base_inst/gen_cdc_pntr.rd_pntr_cdc_inst/dest_graysync_ff_reg[0][0]
  -------------------------------------------------------------------
                         data arrival                           5.077    <hidden>
                         clock arrival                          2.607    <hidden>
  -------------------------------------------------------------------
                         relative delay                         2.470    <hidden>

Reference path:
    Location             Delay type                Incr(ns)  Path(ns)    Netlist Resource(s)
  -------------------------------------------------------------------    -------------------
                         (clock clk_fpga_1 rise edge)
                                                      0.000     0.000 r  <hidden>
    PS7_X0Y0             PS7                          0.000     0.000 r  system_i/ps7/inst/PS7_i/FCLKCLK[1]
                         net (fo=1, routed)           1.088     1.088    system_i/ps7/inst/FCLK_CLK_unbuffered[1]
    BUFGCTRL_X0Y19       BUFG (Prop_bufg_I_O)         0.091     1.179 r  system_i/ps7/inst/buffer_fclk_clk_1.FCLK_CLK_1_BUFG_replica_1/O
                         net (fo=2, routed)           0.133     1.312    system_i/ps7/inst/FCLK_CLK1_repN_1
    BUFGCTRL_X0Y18       BUFG (Prop_bufg_I_O)         0.091     1.403 r  system_i/ps7/inst/buffer_fclk_clk_1.FCLK_CLK_1_BUFG_replica/O
                         net (fo=11, routed)          0.133     1.536    system_i/ps7/inst/FCLK_CLK1_repN
    BUFGCTRL_X0Y17       BUFG (Prop_bufg_I_O)         0.091     1.627 r  system_i/ps7/inst/buffer_fclk_clk_1.FCLK_CLK_1_BUFG/O
                         net (fo=24466, routed)       1.464     3.091    system_i/iq_0/inst/core/input_fifo/gnuram_async_fifo.xpm_fifo_base_inst/gen_cdc_pntr.rd_pntr_cdc_inst/src_clk
    SLICE_X51Y90         FDRE                                         r  system_i/iq_0/inst/core/input_fifo/gnuram_async_fifo.xpm_fifo_base_inst/gen_cdc_pntr.rd_pntr_cdc_inst/src_gray_ff_reg[8]/C
  -------------------------------------------------------------------    -------------------
    SLICE_X51Y90         FDRE (Prop_fdre_C_Q)         0.367     3.458 r  system_i/iq_0/inst/core/input_fifo/gnuram_async_fifo.xpm_fifo_base_inst/gen_cdc_pntr.rd_pntr_cdc_inst/src_gray_ff_reg[8]/Q
                         net (fo=1, routed)           0.501     3.959    system_i/iq_0/inst/core/input_fifo/gnuram_async_fifo.xpm_fifo_base_inst/gen_cdc_pntr.rd_pntr_cdc_inst/async_path[8]
    SLICE_X49Y90         FDRE                                         r  system_i/iq_0/inst/core/input_fifo/gnuram_async_fifo.xpm_fifo_base_inst/gen_cdc_pntr.rd_pntr_cdc_inst/dest_graysync_ff_reg[0][8]/D
  -------------------------------------------------------------------    -------------------

                         (clock clk_fpga_0 rise edge)
                                                      0.000     0.000 r  <hidden>
    PS7_X0Y0             PS7                          0.000     0.000 r  system_i/ps7/inst/PS7_i/FCLKCLK[0]
                         net (fo=1, routed)           1.193     1.193    system_i/ps7/inst/FCLK_CLK_unbuffered[0]
    BUFGCTRL_X0Y16       BUFG (Prop_bufg_I_O)         0.101     1.294 r  system_i/ps7/inst/buffer_fclk_clk_0.FCLK_CLK_0_BUFG/O
                         net (fo=16057, routed)       1.648     2.942    system_i/iq_0/inst/core/input_fifo/gnuram_async_fifo.xpm_fifo_base_inst/gen_cdc_pntr.rd_pntr_cdc_inst/dest_clk
    SLICE_X49Y90         FDRE                                         r  system_i/iq_0/inst/core/input_fifo/gnuram_async_fifo.xpm_fifo_base_inst/gen_cdc_pntr.rd_pntr_cdc_inst/dest_graysync_ff_reg[0][8]/C
                         clock pessimism              0.000     2.942    <hidden>
    SLICE_X49Y90         FDRE (Hold_fdre_C_D)         0.170     3.112    system_i/iq_0/inst/core/input_fifo/gnuram_async_fifo.xpm_fifo_base_inst/gen_cdc_pntr.rd_pntr_cdc_inst/dest_graysync_ff_reg[0][8]
  -------------------------------------------------------------------
                         data arrival                           3.959    <hidden>
                         clock arrival                          3.112    <hidden>
  -------------------------------------------------------------------
                         relative delay                         0.847    <hidden>



Id: 2
set_bus_skew -from [get_cells [list {system_i/iq_0/inst/core/input_fifo/gnuram_async_fifo.xpm_fifo_base_inst/gen_cdc_pntr.wr_pntr_cdc_inst/src_gray_ff_reg[0]} \
          {system_i/iq_0/inst/core/input_fifo/gnuram_async_fifo.xpm_fifo_base_inst/gen_cdc_pntr.wr_pntr_cdc_inst/src_gray_ff_reg[10]} \
          {system_i/iq_0/inst/core/input_fifo/gnuram_async_fifo.xpm_fifo_base_inst/gen_cdc_pntr.wr_pntr_cdc_inst/src_gray_ff_reg[11]} \
          {system_i/iq_0/inst/core/input_fifo/gnuram_async_fifo.xpm_fifo_base_inst/gen_cdc_pntr.wr_pntr_cdc_inst/src_gray_ff_reg[1]} \
          {system_i/iq_0/inst/core/input_fifo/gnuram_async_fifo.xpm_fifo_base_inst/gen_cdc_pntr.wr_pntr_cdc_inst/src_gray_ff_reg[2]} \
          {system_i/iq_0/inst/core/input_fifo/gnuram_async_fifo.xpm_fifo_base_inst/gen_cdc_pntr.wr_pntr_cdc_inst/src_gray_ff_reg[3]} \
          {system_i/iq_0/inst/core/input_fifo/gnuram_async_fifo.xpm_fifo_base_inst/gen_cdc_pntr.wr_pntr_cdc_inst/src_gray_ff_reg[4]} \
          {system_i/iq_0/inst/core/input_fifo/gnuram_async_fifo.xpm_fifo_base_inst/gen_cdc_pntr.wr_pntr_cdc_inst/src_gray_ff_reg[5]} \
          {system_i/iq_0/inst/core/input_fifo/gnuram_async_fifo.xpm_fifo_base_inst/gen_cdc_pntr.wr_pntr_cdc_inst/src_gray_ff_reg[6]} \
          {system_i/iq_0/inst/core/input_fifo/gnuram_async_fifo.xpm_fifo_base_inst/gen_cdc_pntr.wr_pntr_cdc_inst/src_gray_ff_reg[7]} \
          {system_i/iq_0/inst/core/input_fifo/gnuram_async_fifo.xpm_fifo_base_inst/gen_cdc_pntr.wr_pntr_cdc_inst/src_gray_ff_reg[8]} \
          {system_i/iq_0/inst/core/input_fifo/gnuram_async_fifo.xpm_fifo_base_inst/gen_cdc_pntr.wr_pntr_cdc_inst/src_gray_ff_reg[9]}]] -to [get_cells [list {system_i/iq_0/inst/core/input_fifo/gnuram_async_fifo.xpm_fifo_base_inst/gen_cdc_pntr.wr_pntr_cdc_inst/dest_graysync_ff_reg[0][0]} \
          {system_i/iq_0/inst/core/input_fifo/gnuram_async_fifo.xpm_fifo_base_inst/gen_cdc_pntr.wr_pntr_cdc_inst/dest_graysync_ff_reg[0][10]} \
          {system_i/iq_0/inst/core/input_fifo/gnuram_async_fifo.xpm_fifo_base_inst/gen_cdc_pntr.wr_pntr_cdc_inst/dest_graysync_ff_reg[0][11]} \
          {system_i/iq_0/inst/core/input_fifo/gnuram_async_fifo.xpm_fifo_base_inst/gen_cdc_pntr.wr_pntr_cdc_inst/dest_graysync_ff_reg[0][1]} \
          {system_i/iq_0/inst/core/input_fifo/gnuram_async_fifo.xpm_fifo_base_inst/gen_cdc_pntr.wr_pntr_cdc_inst/dest_graysync_ff_reg[0][2]} \
          {system_i/iq_0/inst/core/input_fifo/gnuram_async_fifo.xpm_fifo_base_inst/gen_cdc_pntr.wr_pntr_cdc_inst/dest_graysync_ff_reg[0][3]} \
          {system_i/iq_0/inst/core/input_fifo/gnuram_async_fifo.xpm_fifo_base_inst/gen_cdc_pntr.wr_pntr_cdc_inst/dest_graysync_ff_reg[0][4]} \
          {system_i/iq_0/inst/core/input_fifo/gnuram_async_fifo.xpm_fifo_base_inst/gen_cdc_pntr.wr_pntr_cdc_inst/dest_graysync_ff_reg[0][5]} \
          {system_i/iq_0/inst/core/input_fifo/gnuram_async_fifo.xpm_fifo_base_inst/gen_cdc_pntr.wr_pntr_cdc_inst/dest_graysync_ff_reg[0][6]} \
          {system_i/iq_0/inst/core/input_fifo/gnuram_async_fifo.xpm_fifo_base_inst/gen_cdc_pntr.wr_pntr_cdc_inst/dest_graysync_ff_reg[0][7]} \
          {system_i/iq_0/inst/core/input_fifo/gnuram_async_fifo.xpm_fifo_base_inst/gen_cdc_pntr.wr_pntr_cdc_inst/dest_graysync_ff_reg[0][8]} \
          {system_i/iq_0/inst/core/input_fifo/gnuram_async_fifo.xpm_fifo_base_inst/gen_cdc_pntr.wr_pntr_cdc_inst/dest_graysync_ff_reg[0][9]}]] 8.000
Requirement: 8.000ns
Endpoints: 12

From Clock            To Clock              Endpoint Pin                    Reference Pin                   Corner  Actual(ns)  Slack(ns)
--------------------  --------------------  ------------------------------  ------------------------------  ------  ----------  ---------
clk_fpga_0            clk_fpga_1            system_i/iq_0/inst/core/input_fifo/gnuram_async_fifo.xpm_fifo_base_inst/gen_cdc_pntr.wr_pntr_cdc_inst/dest_graysync_ff_reg[0][0]/D
                                                                            system_i/iq_0/inst/core/input_fifo/gnuram_async_fifo.xpm_fifo_base_inst/gen_cdc_pntr.wr_pntr_cdc_inst/dest_graysync_ff_reg[0][6]/D
                                                                                                            Slow         0.983      7.017


Slack (MET) :             7.017ns  (requirement - actual skew)
  Endpoint Source:        system_i/iq_0/inst/core/input_fifo/gnuram_async_fifo.xpm_fifo_base_inst/gen_cdc_pntr.wr_pntr_cdc_inst/src_gray_ff_reg[0]/C
                            (rising edge-triggered cell FDRE clocked by clk_fpga_0)
  Endpoint Destination:   system_i/iq_0/inst/core/input_fifo/gnuram_async_fifo.xpm_fifo_base_inst/gen_cdc_pntr.wr_pntr_cdc_inst/dest_graysync_ff_reg[0][0]/D
                            (rising edge-triggered cell FDRE clocked by clk_fpga_1)
  Reference Source:       system_i/iq_0/inst/core/input_fifo/gnuram_async_fifo.xpm_fifo_base_inst/gen_cdc_pntr.wr_pntr_cdc_inst/src_gray_ff_reg[6]/C
                            (rising edge-triggered cell FDRE clocked by clk_fpga_0)
  Reference Destination:  system_i/iq_0/inst/core/input_fifo/gnuram_async_fifo.xpm_fifo_base_inst/gen_cdc_pntr.wr_pntr_cdc_inst/dest_graysync_ff_reg[0][6]/D
                            (rising edge-triggered cell FDRE clocked by clk_fpga_1)
  Path Type:              Bus Skew (Max at Slow Process Corner)
  Requirement:            8.000ns
  Endpoint Relative Delay:    1.277ns
  Reference Relative Delay:  -0.210ns
  Relative CRPR:              0.504ns
  Actual Bus Skew:            0.983ns  (Endpoint Relative Delay - Reference Relative Delay - Relative CRPR)

Endpoint path:
    Location             Delay type                Incr(ns)  Path(ns)    Netlist Resource(s)
  -------------------------------------------------------------------    -------------------
                         (clock clk_fpga_0 rise edge)
                                                      0.000     0.000 r  <hidden>
    PS7_X0Y0             PS7                          0.000     0.000 r  system_i/ps7/inst/PS7_i/FCLKCLK[0]
                         net (fo=1, routed)           1.193     1.193    system_i/ps7/inst/FCLK_CLK_unbuffered[0]
    BUFGCTRL_X0Y16       BUFG (Prop_bufg_I_O)         0.101     1.294 r  system_i/ps7/inst/buffer_fclk_clk_0.FCLK_CLK_0_BUFG/O
                         net (fo=16057, routed)       1.715     3.009    system_i/iq_0/inst/core/input_fifo/gnuram_async_fifo.xpm_fifo_base_inst/gen_cdc_pntr.wr_pntr_cdc_inst/src_clk
    SLICE_X60Y97         FDRE                                         r  system_i/iq_0/inst/core/input_fifo/gnuram_async_fifo.xpm_fifo_base_inst/gen_cdc_pntr.wr_pntr_cdc_inst/src_gray_ff_reg[0]/C
  -------------------------------------------------------------------    -------------------
    SLICE_X60Y97         FDRE (Prop_fdre_C_Q)         0.456     3.465 r  system_i/iq_0/inst/core/input_fifo/gnuram_async_fifo.xpm_fifo_base_inst/gen_cdc_pntr.wr_pntr_cdc_inst/src_gray_ff_reg[0]/Q
                         net (fo=1, routed)           0.882     4.347    system_i/iq_0/inst/core/input_fifo/gnuram_async_fifo.xpm_fifo_base_inst/gen_cdc_pntr.wr_pntr_cdc_inst/async_path[0]
    SLICE_X59Y97         FDRE                                         r  system_i/iq_0/inst/core/input_fifo/gnuram_async_fifo.xpm_fifo_base_inst/gen_cdc_pntr.wr_pntr_cdc_inst/dest_graysync_ff_reg[0][0]/D
  -------------------------------------------------------------------    -------------------

                         (clock clk_fpga_1 rise edge)
                                                      0.000     0.000 r  <hidden>
    PS7_X0Y0             PS7                          0.000     0.000 r  system_i/ps7/inst/PS7_i/FCLKCLK[1]
                         net (fo=1, routed)           1.088     1.088    system_i/ps7/inst/FCLK_CLK_unbuffered[1]
    BUFGCTRL_X0Y19       BUFG (Prop_bufg_I_O)         0.091     1.179 r  system_i/ps7/inst/buffer_fclk_clk_1.FCLK_CLK_1_BUFG_replica_1/O
                         net (fo=2, routed)           0.133     1.312    system_i/ps7/inst/FCLK_CLK1_repN_1
    BUFGCTRL_X0Y18       BUFG (Prop_bufg_I_O)         0.091     1.403 r  system_i/ps7/inst/buffer_fclk_clk_1.FCLK_CLK_1_BUFG_replica/O
                         net (fo=11, routed)          0.133     1.536    system_i/ps7/inst/FCLK_CLK1_repN
    BUFGCTRL_X0Y17       BUFG (Prop_bufg_I_O)         0.091     1.627 r  system_i/ps7/inst/buffer_fclk_clk_1.FCLK_CLK_1_BUFG/O
                         net (fo=24466, routed)       1.538     3.165    system_i/iq_0/inst/core/input_fifo/gnuram_async_fifo.xpm_fifo_base_inst/gen_cdc_pntr.wr_pntr_cdc_inst/dest_clk
    SLICE_X59Y97         FDRE                                         r  system_i/iq_0/inst/core/input_fifo/gnuram_async_fifo.xpm_fifo_base_inst/gen_cdc_pntr.wr_pntr_cdc_inst/dest_graysync_ff_reg[0][0]/C
                         clock pessimism              0.000     3.165    <hidden>
    SLICE_X59Y97         FDRE (Setup_fdre_C_D)       -0.095     3.070    system_i/iq_0/inst/core/input_fifo/gnuram_async_fifo.xpm_fifo_base_inst/gen_cdc_pntr.wr_pntr_cdc_inst/dest_graysync_ff_reg[0][0]
  -------------------------------------------------------------------
                         data arrival                           4.347    <hidden>
                         clock arrival                          3.070    <hidden>
  -------------------------------------------------------------------
                         relative delay                         1.277    <hidden>

Reference path:
    Location             Delay type                Incr(ns)  Path(ns)    Netlist Resource(s)
  -------------------------------------------------------------------    -------------------
                         (clock clk_fpga_0 rise edge)
                                                      0.000     0.000 r  <hidden>
    PS7_X0Y0             PS7                          0.000     0.000 r  system_i/ps7/inst/PS7_i/FCLKCLK[0]
                         net (fo=1, routed)           1.088     1.088    system_i/ps7/inst/FCLK_CLK_unbuffered[0]
    BUFGCTRL_X0Y16       BUFG (Prop_bufg_I_O)         0.091     1.179 r  system_i/ps7/inst/buffer_fclk_clk_0.FCLK_CLK_0_BUFG/O
                         net (fo=16057, routed)       1.537     2.716    system_i/iq_0/inst/core/input_fifo/gnuram_async_fifo.xpm_fifo_base_inst/gen_cdc_pntr.wr_pntr_cdc_inst/src_clk
    SLICE_X59Y93         FDRE                                         r  system_i/iq_0/inst/core/input_fifo/gnuram_async_fifo.xpm_fifo_base_inst/gen_cdc_pntr.wr_pntr_cdc_inst/src_gray_ff_reg[6]/C
  -------------------------------------------------------------------    -------------------
    SLICE_X59Y93         FDRE (Prop_fdre_C_Q)         0.367     3.083 r  system_i/iq_0/inst/core/input_fifo/gnuram_async_fifo.xpm_fifo_base_inst/gen_cdc_pntr.wr_pntr_cdc_inst/src_gray_ff_reg[6]/Q
                         net (fo=1, routed)           0.378     3.461    system_i/iq_0/inst/core/input_fifo/gnuram_async_fifo.xpm_fifo_base_inst/gen_cdc_pntr.wr_pntr_cdc_inst/async_path[6]
    SLICE_X60Y93         FDRE                                         r  system_i/iq_0/inst/core/input_fifo/gnuram_async_fifo.xpm_fifo_base_inst/gen_cdc_pntr.wr_pntr_cdc_inst/dest_graysync_ff_reg[0][6]/D
  -------------------------------------------------------------------    -------------------

                         (clock clk_fpga_1 rise edge)
                                                      0.000     0.000 r  <hidden>
    PS7_X0Y0             PS7                          0.000     0.000 r  system_i/ps7/inst/PS7_i/FCLKCLK[1]
                         net (fo=1, routed)           1.193     1.193    system_i/ps7/inst/FCLK_CLK_unbuffered[1]
    BUFGCTRL_X0Y19       BUFG (Prop_bufg_I_O)         0.101     1.294 r  system_i/ps7/inst/buffer_fclk_clk_1.FCLK_CLK_1_BUFG_replica_1/O
                         net (fo=2, routed)           0.146     1.440    system_i/ps7/inst/FCLK_CLK1_repN_1
    BUFGCTRL_X0Y18       BUFG (Prop_bufg_I_O)         0.101     1.541 r  system_i/ps7/inst/buffer_fclk_clk_1.FCLK_CLK_1_BUFG_replica/O
                         net (fo=11, routed)          0.146     1.687    system_i/ps7/inst/FCLK_CLK1_repN
    BUFGCTRL_X0Y17       BUFG (Prop_bufg_I_O)         0.101     1.788 r  system_i/ps7/inst/buffer_fclk_clk_1.FCLK_CLK_1_BUFG/O
                         net (fo=24466, routed)       1.714     3.502    system_i/iq_0/inst/core/input_fifo/gnuram_async_fifo.xpm_fifo_base_inst/gen_cdc_pntr.wr_pntr_cdc_inst/dest_clk
    SLICE_X60Y93         FDRE                                         r  system_i/iq_0/inst/core/input_fifo/gnuram_async_fifo.xpm_fifo_base_inst/gen_cdc_pntr.wr_pntr_cdc_inst/dest_graysync_ff_reg[0][6]/C
                         clock pessimism              0.000     3.502    <hidden>
    SLICE_X60Y93         FDRE (Hold_fdre_C_D)         0.169     3.671    system_i/iq_0/inst/core/input_fifo/gnuram_async_fifo.xpm_fifo_base_inst/gen_cdc_pntr.wr_pntr_cdc_inst/dest_graysync_ff_reg[0][6]
  -------------------------------------------------------------------
                         data arrival                           3.461    <hidden>
                         clock arrival                          3.671    <hidden>
  -------------------------------------------------------------------
                         relative delay                        -0.210    <hidden>



Id: 3
set_bus_skew -from [get_cells [list {system_i/iq_0/inst/core/input_fifo/gnuram_async_fifo.xpm_fifo_base_inst/gen_cdc_pntr.rd_pntr_cdc_dc_inst/src_gray_ff_reg[0]} \
          {system_i/iq_0/inst/core/input_fifo/gnuram_async_fifo.xpm_fifo_base_inst/gen_cdc_pntr.rd_pntr_cdc_dc_inst/src_gray_ff_reg[10]} \
          {system_i/iq_0/inst/core/input_fifo/gnuram_async_fifo.xpm_fifo_base_inst/gen_cdc_pntr.rd_pntr_cdc_dc_inst/src_gray_ff_reg[11]} \
          {system_i/iq_0/inst/core/input_fifo/gnuram_async_fifo.xpm_fifo_base_inst/gen_cdc_pntr.rd_pntr_cdc_dc_inst/src_gray_ff_reg[12]} \
          {system_i/iq_0/inst/core/input_fifo/gnuram_async_fifo.xpm_fifo_base_inst/gen_cdc_pntr.rd_pntr_cdc_dc_inst/src_gray_ff_reg[1]} \
          {system_i/iq_0/inst/core/input_fifo/gnuram_async_fifo.xpm_fifo_base_inst/gen_cdc_pntr.rd_pntr_cdc_dc_inst/src_gray_ff_reg[2]} \
          {system_i/iq_0/inst/core/input_fifo/gnuram_async_fifo.xpm_fifo_base_inst/gen_cdc_pntr.rd_pntr_cdc_dc_inst/src_gray_ff_reg[3]} \
          {system_i/iq_0/inst/core/input_fifo/gnuram_async_fifo.xpm_fifo_base_inst/gen_cdc_pntr.rd_pntr_cdc_dc_inst/src_gray_ff_reg[4]} \
          {system_i/iq_0/inst/core/input_fifo/gnuram_async_fifo.xpm_fifo_base_inst/gen_cdc_pntr.rd_pntr_cdc_dc_inst/src_gray_ff_reg[5]} \
          {system_i/iq_0/inst/core/input_fifo/gnuram_async_fifo.xpm_fifo_base_inst/gen_cdc_pntr.rd_pntr_cdc_dc_inst/src_gray_ff_reg[6]} \
          {system_i/iq_0/inst/core/input_fifo/gnuram_async_fifo.xpm_fifo_base_inst/gen_cdc_pntr.rd_pntr_cdc_dc_inst/src_gray_ff_reg[7]} \
          {system_i/iq_0/inst/core/input_fifo/gnuram_async_fifo.xpm_fifo_base_inst/gen_cdc_pntr.rd_pntr_cdc_dc_inst/src_gray_ff_reg[8]} \
          {system_i/iq_0/inst/core/input_fifo/gnuram_async_fifo.xpm_fifo_base_inst/gen_cdc_pntr.rd_pntr_cdc_dc_inst/src_gray_ff_reg[9]}]] -to [get_cells [list {system_i/iq_0/inst/core/input_fifo/gnuram_async_fifo.xpm_fifo_base_inst/gen_cdc_pntr.rd_pntr_cdc_dc_inst/dest_graysync_ff_reg[0][0]} \
          {system_i/iq_0/inst/core/input_fifo/gnuram_async_fifo.xpm_fifo_base_inst/gen_cdc_pntr.rd_pntr_cdc_dc_inst/dest_graysync_ff_reg[0][10]} \
          {system_i/iq_0/inst/core/input_fifo/gnuram_async_fifo.xpm_fifo_base_inst/gen_cdc_pntr.rd_pntr_cdc_dc_inst/dest_graysync_ff_reg[0][11]} \
          {system_i/iq_0/inst/core/input_fifo/gnuram_async_fifo.xpm_fifo_base_inst/gen_cdc_pntr.rd_pntr_cdc_dc_inst/dest_graysync_ff_reg[0][12]} \
          {system_i/iq_0/inst/core/input_fifo/gnuram_async_fifo.xpm_fifo_base_inst/gen_cdc_pntr.rd_pntr_cdc_dc_inst/dest_graysync_ff_reg[0][1]} \
          {system_i/iq_0/inst/core/input_fifo/gnuram_async_fifo.xpm_fifo_base_inst/gen_cdc_pntr.rd_pntr_cdc_dc_inst/dest_graysync_ff_reg[0][2]} \
          {system_i/iq_0/inst/core/input_fifo/gnuram_async_fifo.xpm_fifo_base_inst/gen_cdc_pntr.rd_pntr_cdc_dc_inst/dest_graysync_ff_reg[0][3]} \
          {system_i/iq_0/inst/core/input_fifo/gnuram_async_fifo.xpm_fifo_base_inst/gen_cdc_pntr.rd_pntr_cdc_dc_inst/dest_graysync_ff_reg[0][4]} \
          {system_i/iq_0/inst/core/input_fifo/gnuram_async_fifo.xpm_fifo_base_inst/gen_cdc_pntr.rd_pntr_cdc_dc_inst/dest_graysync_ff_reg[0][5]} \
          {system_i/iq_0/inst/core/input_fifo/gnuram_async_fifo.xpm_fifo_base_inst/gen_cdc_pntr.rd_pntr_cdc_dc_inst/dest_graysync_ff_reg[0][6]} \
          {system_i/iq_0/inst/core/input_fifo/gnuram_async_fifo.xpm_fifo_base_inst/gen_cdc_pntr.rd_pntr_cdc_dc_inst/dest_graysync_ff_reg[0][7]} \
          {system_i/iq_0/inst/core/input_fifo/gnuram_async_fifo.xpm_fifo_base_inst/gen_cdc_pntr.rd_pntr_cdc_dc_inst/dest_graysync_ff_reg[0][8]} \
          {system_i/iq_0/inst/core/input_fifo/gnuram_async_fifo.xpm_fifo_base_inst/gen_cdc_pntr.rd_pntr_cdc_dc_inst/dest_graysync_ff_reg[0][9]}]] 8.000
Requirement: 8.000ns
Endpoints: 13

From Clock            To Clock              Endpoint Pin                    Reference Pin                   Corner  Actual(ns)  Slack(ns)
--------------------  --------------------  ------------------------------  ------------------------------  ------  ----------  ---------
clk_fpga_1            clk_fpga_0            system_i/iq_0/inst/core/input_fifo/gnuram_async_fifo.xpm_fifo_base_inst/gen_cdc_pntr.rd_pntr_cdc_dc_inst/dest_graysync_ff_reg[0][1]/D
                                                                            system_i/iq_0/inst/core/input_fifo/gnuram_async_fifo.xpm_fifo_base_inst/gen_cdc_pntr.rd_pntr_cdc_dc_inst/dest_graysync_ff_reg[0][8]/D
                                                                                                            Slow         1.268      6.732


Slack (MET) :             6.732ns  (requirement - actual skew)
  Endpoint Source:        system_i/iq_0/inst/core/input_fifo/gnuram_async_fifo.xpm_fifo_base_inst/gen_cdc_pntr.rd_pntr_cdc_dc_inst/src_gray_ff_reg[1]/C
                            (rising edge-triggered cell FDRE clocked by clk_fpga_1)
  Endpoint Destination:   system_i/iq_0/inst/core/input_fifo/gnuram_async_fifo.xpm_fifo_base_inst/gen_cdc_pntr.rd_pntr_cdc_dc_inst/dest_graysync_ff_reg[0][1]/D
                            (rising edge-triggered cell FDRE clocked by clk_fpga_0)
  Reference Source:       system_i/iq_0/inst/core/input_fifo/gnuram_async_fifo.xpm_fifo_base_inst/gen_cdc_pntr.rd_pntr_cdc_dc_inst/src_gray_ff_reg[8]/C
                            (rising edge-triggered cell FDRE clocked by clk_fpga_1)
  Reference Destination:  system_i/iq_0/inst/core/input_fifo/gnuram_async_fifo.xpm_fifo_base_inst/gen_cdc_pntr.rd_pntr_cdc_dc_inst/dest_graysync_ff_reg[0][8]/D
                            (rising edge-triggered cell FDRE clocked by clk_fpga_0)
  Path Type:              Bus Skew (Max at Slow Process Corner)
  Requirement:            8.000ns
  Endpoint Relative Delay:    2.580ns
  Reference Relative Delay:   0.807ns
  Relative CRPR:              0.504ns
  Actual Bus Skew:            1.268ns  (Endpoint Relative Delay - Reference Relative Delay - Relative CRPR)

Endpoint path:
    Location             Delay type                Incr(ns)  Path(ns)    Netlist Resource(s)
  -------------------------------------------------------------------    -------------------
                         (clock clk_fpga_1 rise edge)
                                                      0.000     0.000 r  <hidden>
    PS7_X0Y0             PS7                          0.000     0.000 r  system_i/ps7/inst/PS7_i/FCLKCLK[1]
                         net (fo=1, routed)           1.193     1.193    system_i/ps7/inst/FCLK_CLK_unbuffered[1]
    BUFGCTRL_X0Y19       BUFG (Prop_bufg_I_O)         0.101     1.294 r  system_i/ps7/inst/buffer_fclk_clk_1.FCLK_CLK_1_BUFG_replica_1/O
                         net (fo=2, routed)           0.146     1.440    system_i/ps7/inst/FCLK_CLK1_repN_1
    BUFGCTRL_X0Y18       BUFG (Prop_bufg_I_O)         0.101     1.541 r  system_i/ps7/inst/buffer_fclk_clk_1.FCLK_CLK_1_BUFG_replica/O
                         net (fo=11, routed)          0.146     1.687    system_i/ps7/inst/FCLK_CLK1_repN
    BUFGCTRL_X0Y17       BUFG (Prop_bufg_I_O)         0.101     1.788 r  system_i/ps7/inst/buffer_fclk_clk_1.FCLK_CLK_1_BUFG/O
                         net (fo=24466, routed)       1.637     3.425    system_i/iq_0/inst/core/input_fifo/gnuram_async_fifo.xpm_fifo_base_inst/gen_cdc_pntr.rd_pntr_cdc_dc_inst/src_clk
    SLICE_X52Y89         FDRE                                         r  system_i/iq_0/inst/core/input_fifo/gnuram_async_fifo.xpm_fifo_base_inst/gen_cdc_pntr.rd_pntr_cdc_dc_inst/src_gray_ff_reg[1]/C
  -------------------------------------------------------------------    -------------------
    SLICE_X52Y89         FDRE (Prop_fdre_C_Q)         0.419     3.844 r  system_i/iq_0/inst/core/input_fifo/gnuram_async_fifo.xpm_fifo_base_inst/gen_cdc_pntr.rd_pntr_cdc_dc_inst/src_gray_ff_reg[1]/Q
                         net (fo=1, routed)           1.168     5.012    system_i/iq_0/inst/core/input_fifo/gnuram_async_fifo.xpm_fifo_base_inst/gen_cdc_pntr.rd_pntr_cdc_dc_inst/async_path[1]
    SLICE_X55Y88         FDRE                                         r  system_i/iq_0/inst/core/input_fifo/gnuram_async_fifo.xpm_fifo_base_inst/gen_cdc_pntr.rd_pntr_cdc_dc_inst/dest_graysync_ff_reg[0][1]/D
  -------------------------------------------------------------------    -------------------

                         (clock clk_fpga_0 rise edge)
                                                      0.000     0.000 r  <hidden>
    PS7_X0Y0             PS7                          0.000     0.000 r  system_i/ps7/inst/PS7_i/FCLKCLK[0]
                         net (fo=1, routed)           1.088     1.088    system_i/ps7/inst/FCLK_CLK_unbuffered[0]
    BUFGCTRL_X0Y16       BUFG (Prop_bufg_I_O)         0.091     1.179 r  system_i/ps7/inst/buffer_fclk_clk_0.FCLK_CLK_0_BUFG/O
                         net (fo=16057, routed)       1.533     2.712    system_i/iq_0/inst/core/input_fifo/gnuram_async_fifo.xpm_fifo_base_inst/gen_cdc_pntr.rd_pntr_cdc_dc_inst/dest_clk
    SLICE_X55Y88         FDRE                                         r  system_i/iq_0/inst/core/input_fifo/gnuram_async_fifo.xpm_fifo_base_inst/gen_cdc_pntr.rd_pntr_cdc_dc_inst/dest_graysync_ff_reg[0][1]/C
                         clock pessimism              0.000     2.712    <hidden>
    SLICE_X55Y88         FDRE (Setup_fdre_C_D)       -0.280     2.432    system_i/iq_0/inst/core/input_fifo/gnuram_async_fifo.xpm_fifo_base_inst/gen_cdc_pntr.rd_pntr_cdc_dc_inst/dest_graysync_ff_reg[0][1]
  -------------------------------------------------------------------
                         data arrival                           5.012    <hidden>
                         clock arrival                          2.432    <hidden>
  -------------------------------------------------------------------
                         relative delay                         2.580    <hidden>

Reference path:
    Location             Delay type                Incr(ns)  Path(ns)    Netlist Resource(s)
  -------------------------------------------------------------------    -------------------
                         (clock clk_fpga_1 rise edge)
                                                      0.000     0.000 r  <hidden>
    PS7_X0Y0             PS7                          0.000     0.000 r  system_i/ps7/inst/PS7_i/FCLKCLK[1]
                         net (fo=1, routed)           1.088     1.088    system_i/ps7/inst/FCLK_CLK_unbuffered[1]
    BUFGCTRL_X0Y19       BUFG (Prop_bufg_I_O)         0.091     1.179 r  system_i/ps7/inst/buffer_fclk_clk_1.FCLK_CLK_1_BUFG_replica_1/O
                         net (fo=2, routed)           0.133     1.312    system_i/ps7/inst/FCLK_CLK1_repN_1
    BUFGCTRL_X0Y18       BUFG (Prop_bufg_I_O)         0.091     1.403 r  system_i/ps7/inst/buffer_fclk_clk_1.FCLK_CLK_1_BUFG_replica/O
                         net (fo=11, routed)          0.133     1.536    system_i/ps7/inst/FCLK_CLK1_repN
    BUFGCTRL_X0Y17       BUFG (Prop_bufg_I_O)         0.091     1.627 r  system_i/ps7/inst/buffer_fclk_clk_1.FCLK_CLK_1_BUFG/O
                         net (fo=24466, routed)       1.536     3.163    system_i/iq_0/inst/core/input_fifo/gnuram_async_fifo.xpm_fifo_base_inst/gen_cdc_pntr.rd_pntr_cdc_dc_inst/src_clk
    SLICE_X56Y91         FDRE                                         r  system_i/iq_0/inst/core/input_fifo/gnuram_async_fifo.xpm_fifo_base_inst/gen_cdc_pntr.rd_pntr_cdc_dc_inst/src_gray_ff_reg[8]/C
  -------------------------------------------------------------------    -------------------
    SLICE_X56Y91         FDRE (Prop_fdre_C_Q)         0.367     3.530 r  system_i/iq_0/inst/core/input_fifo/gnuram_async_fifo.xpm_fifo_base_inst/gen_cdc_pntr.rd_pntr_cdc_dc_inst/src_gray_ff_reg[8]/Q
                         net (fo=1, routed)           0.514     4.044    system_i/iq_0/inst/core/input_fifo/gnuram_async_fifo.xpm_fifo_base_inst/gen_cdc_pntr.rd_pntr_cdc_dc_inst/async_path[8]
    SLICE_X58Y90         FDRE                                         r  system_i/iq_0/inst/core/input_fifo/gnuram_async_fifo.xpm_fifo_base_inst/gen_cdc_pntr.rd_pntr_cdc_dc_inst/dest_graysync_ff_reg[0][8]/D
  -------------------------------------------------------------------    -------------------

                         (clock clk_fpga_0 rise edge)
                                                      0.000     0.000 r  <hidden>
    PS7_X0Y0             PS7                          0.000     0.000 r  system_i/ps7/inst/PS7_i/FCLKCLK[0]
                         net (fo=1, routed)           1.193     1.193    system_i/ps7/inst/FCLK_CLK_unbuffered[0]
    BUFGCTRL_X0Y16       BUFG (Prop_bufg_I_O)         0.101     1.294 r  system_i/ps7/inst/buffer_fclk_clk_0.FCLK_CLK_0_BUFG/O
                         net (fo=16057, routed)       1.710     3.004    system_i/iq_0/inst/core/input_fifo/gnuram_async_fifo.xpm_fifo_base_inst/gen_cdc_pntr.rd_pntr_cdc_dc_inst/dest_clk
    SLICE_X58Y90         FDRE                                         r  system_i/iq_0/inst/core/input_fifo/gnuram_async_fifo.xpm_fifo_base_inst/gen_cdc_pntr.rd_pntr_cdc_dc_inst/dest_graysync_ff_reg[0][8]/C
                         clock pessimism              0.000     3.004    <hidden>
    SLICE_X58Y90         FDRE (Hold_fdre_C_D)         0.233     3.237    system_i/iq_0/inst/core/input_fifo/gnuram_async_fifo.xpm_fifo_base_inst/gen_cdc_pntr.rd_pntr_cdc_dc_inst/dest_graysync_ff_reg[0][8]
  -------------------------------------------------------------------
                         data arrival                           4.044    <hidden>
                         clock arrival                          3.237    <hidden>
  -------------------------------------------------------------------
                         relative delay                         0.807    <hidden>



Id: 4
set_bus_skew -from [get_cells [list {system_i/iq_0/inst/core/freq_cdc/gnuram_async_fifo.xpm_fifo_base_inst/gen_cdc_pntr.rd_pntr_cdc_inst/src_gray_ff_reg[0]} {system_i/iq_0/inst/core/freq_cdc/gnuram_async_fifo.xpm_fifo_base_inst/gen_cdc_pntr.rd_pntr_cdc_inst/src_gray_ff_reg[1]} {system_i/iq_0/inst/core/freq_cdc/gnuram_async_fifo.xpm_fifo_base_inst/gen_cdc_pntr.rd_pntr_cdc_inst/src_gray_ff_reg[2]} {system_i/iq_0/inst/core/freq_cdc/gnuram_async_fifo.xpm_fifo_base_inst/gen_cdc_pntr.rd_pntr_cdc_inst/src_gray_ff_reg[3]}]] -to [get_cells [list {system_i/iq_0/inst/core/freq_cdc/gnuram_async_fifo.xpm_fifo_base_inst/gen_cdc_pntr.rd_pntr_cdc_inst/dest_graysync_ff_reg[0][0]} {system_i/iq_0/inst/core/freq_cdc/gnuram_async_fifo.xpm_fifo_base_inst/gen_cdc_pntr.rd_pntr_cdc_inst/dest_graysync_ff_reg[0][1]} {system_i/iq_0/inst/core/freq_cdc/gnuram_async_fifo.xpm_fifo_base_inst/gen_cdc_pntr.rd_pntr_cdc_inst/dest_graysync_ff_reg[0][2]} {system_i/iq_0/inst/core/freq_cdc/gnuram_async_fifo.xpm_fifo_base_inst/gen_cdc_pntr.rd_pntr_cdc_inst/dest_graysync_ff_reg[0][3]}]] 8.000
Requirement: 8.000ns
Endpoints: 4

From Clock            To Clock              Endpoint Pin                    Reference Pin                   Corner  Actual(ns)  Slack(ns)
--------------------  --------------------  ------------------------------  ------------------------------  ------  ----------  ---------
clk_fpga_0            clk_fpga_1            system_i/iq_0/inst/core/freq_cdc/gnuram_async_fifo.xpm_fifo_base_inst/gen_cdc_pntr.rd_pntr_cdc_inst/dest_graysync_ff_reg[0][1]/D
                                                                            system_i/iq_0/inst/core/freq_cdc/gnuram_async_fifo.xpm_fifo_base_inst/gen_cdc_pntr.rd_pntr_cdc_inst/dest_graysync_ff_reg[0][3]/D
                                                                                                            Slow         0.693      7.307


Slack (MET) :             7.307ns  (requirement - actual skew)
  Endpoint Source:        system_i/iq_0/inst/core/freq_cdc/gnuram_async_fifo.xpm_fifo_base_inst/gen_cdc_pntr.rd_pntr_cdc_inst/src_gray_ff_reg[1]/C
                            (rising edge-triggered cell FDRE clocked by clk_fpga_0)
  Endpoint Destination:   system_i/iq_0/inst/core/freq_cdc/gnuram_async_fifo.xpm_fifo_base_inst/gen_cdc_pntr.rd_pntr_cdc_inst/dest_graysync_ff_reg[0][1]/D
                            (rising edge-triggered cell FDRE clocked by clk_fpga_1)
  Reference Source:       system_i/iq_0/inst/core/freq_cdc/gnuram_async_fifo.xpm_fifo_base_inst/gen_cdc_pntr.rd_pntr_cdc_inst/src_gray_ff_reg[3]/C
                            (rising edge-triggered cell FDRE clocked by clk_fpga_0)
  Reference Destination:  system_i/iq_0/inst/core/freq_cdc/gnuram_async_fifo.xpm_fifo_base_inst/gen_cdc_pntr.rd_pntr_cdc_inst/dest_graysync_ff_reg[0][3]/D
                            (rising edge-triggered cell FDRE clocked by clk_fpga_1)
  Path Type:              Bus Skew (Max at Slow Process Corner)
  Requirement:            8.000ns
  Endpoint Relative Delay:    1.104ns
  Reference Relative Delay:  -0.093ns
  Relative CRPR:              0.505ns
  Actual Bus Skew:            0.693ns  (Endpoint Relative Delay - Reference Relative Delay - Relative CRPR)

Endpoint path:
    Location             Delay type                Incr(ns)  Path(ns)    Netlist Resource(s)
  -------------------------------------------------------------------    -------------------
                         (clock clk_fpga_0 rise edge)
                                                      0.000     0.000 r  <hidden>
    PS7_X0Y0             PS7                          0.000     0.000 r  system_i/ps7/inst/PS7_i/FCLKCLK[0]
                         net (fo=1, routed)           1.193     1.193    system_i/ps7/inst/FCLK_CLK_unbuffered[0]
    BUFGCTRL_X0Y16       BUFG (Prop_bufg_I_O)         0.101     1.294 r  system_i/ps7/inst/buffer_fclk_clk_0.FCLK_CLK_0_BUFG/O
                         net (fo=16057, routed)       1.718     3.012    system_i/iq_0/inst/core/freq_cdc/gnuram_async_fifo.xpm_fifo_base_inst/gen_cdc_pntr.rd_pntr_cdc_inst/src_clk
    SLICE_X60Y29         FDRE                                         r  system_i/iq_0/inst/core/freq_cdc/gnuram_async_fifo.xpm_fifo_base_inst/gen_cdc_pntr.rd_pntr_cdc_inst/src_gray_ff_reg[1]/C
  -------------------------------------------------------------------    -------------------
    SLICE_X60Y29         FDRE (Prop_fdre_C_Q)         0.419     3.431 r  system_i/iq_0/inst/core/freq_cdc/gnuram_async_fifo.xpm_fifo_base_inst/gen_cdc_pntr.rd_pntr_cdc_inst/src_gray_ff_reg[1]/Q
                         net (fo=1, routed)           0.578     4.009    system_i/iq_0/inst/core/freq_cdc/gnuram_async_fifo.xpm_fifo_base_inst/gen_cdc_pntr.rd_pntr_cdc_inst/async_path[1]
    SLICE_X61Y29         FDRE                                         r  system_i/iq_0/inst/core/freq_cdc/gnuram_async_fifo.xpm_fifo_base_inst/gen_cdc_pntr.rd_pntr_cdc_inst/dest_graysync_ff_reg[0][1]/D
  -------------------------------------------------------------------    -------------------

                         (clock clk_fpga_1 rise edge)
                                                      0.000     0.000 r  <hidden>
    PS7_X0Y0             PS7                          0.000     0.000 r  system_i/ps7/inst/PS7_i/FCLKCLK[1]
                         net (fo=1, routed)           1.088     1.088    system_i/ps7/inst/FCLK_CLK_unbuffered[1]
    BUFGCTRL_X0Y19       BUFG (Prop_bufg_I_O)         0.091     1.179 r  system_i/ps7/inst/buffer_fclk_clk_1.FCLK_CLK_1_BUFG_replica_1/O
                         net (fo=2, routed)           0.133     1.312    system_i/ps7/inst/FCLK_CLK1_repN_1
    BUFGCTRL_X0Y18       BUFG (Prop_bufg_I_O)         0.091     1.403 r  system_i/ps7/inst/buffer_fclk_clk_1.FCLK_CLK_1_BUFG_replica/O
                         net (fo=11, routed)          0.133     1.536    system_i/ps7/inst/FCLK_CLK1_repN
    BUFGCTRL_X0Y17       BUFG (Prop_bufg_I_O)         0.091     1.627 r  system_i/ps7/inst/buffer_fclk_clk_1.FCLK_CLK_1_BUFG/O
                         net (fo=24466, routed)       1.545     3.172    system_i/iq_0/inst/core/freq_cdc/gnuram_async_fifo.xpm_fifo_base_inst/gen_cdc_pntr.rd_pntr_cdc_inst/dest_clk
    SLICE_X61Y29         FDRE                                         r  system_i/iq_0/inst/core/freq_cdc/gnuram_async_fifo.xpm_fifo_base_inst/gen_cdc_pntr.rd_pntr_cdc_inst/dest_graysync_ff_reg[0][1]/C
                         clock pessimism              0.000     3.172    <hidden>
    SLICE_X61Y29         FDRE (Setup_fdre_C_D)       -0.268     2.905    system_i/iq_0/inst/core/freq_cdc/gnuram_async_fifo.xpm_fifo_base_inst/gen_cdc_pntr.rd_pntr_cdc_inst/dest_graysync_ff_reg[0][1]
  -------------------------------------------------------------------
                         data arrival                           4.009    <hidden>
                         clock arrival                          2.905    <hidden>
  -------------------------------------------------------------------
                         relative delay                         1.104    <hidden>

Reference path:
    Location             Delay type                Incr(ns)  Path(ns)    Netlist Resource(s)
  -------------------------------------------------------------------    -------------------
                         (clock clk_fpga_0 rise edge)
                                                      0.000     0.000 r  <hidden>
    PS7_X0Y0             PS7                          0.000     0.000 r  system_i/ps7/inst/PS7_i/FCLKCLK[0]
                         net (fo=1, routed)           1.088     1.088    system_i/ps7/inst/FCLK_CLK_unbuffered[0]
    BUFGCTRL_X0Y16       BUFG (Prop_bufg_I_O)         0.091     1.179 r  system_i/ps7/inst/buffer_fclk_clk_0.FCLK_CLK_0_BUFG/O
                         net (fo=16057, routed)       1.543     2.722    system_i/iq_0/inst/core/freq_cdc/gnuram_async_fifo.xpm_fifo_base_inst/gen_cdc_pntr.rd_pntr_cdc_inst/src_clk
    SLICE_X67Y22         FDRE                                         r  system_i/iq_0/inst/core/freq_cdc/gnuram_async_fifo.xpm_fifo_base_inst/gen_cdc_pntr.rd_pntr_cdc_inst/src_gray_ff_reg[3]/C
  -------------------------------------------------------------------    -------------------
    SLICE_X67Y22         FDRE (Prop_fdre_C_Q)         0.367     3.089 r  system_i/iq_0/inst/core/freq_cdc/gnuram_async_fifo.xpm_fifo_base_inst/gen_cdc_pntr.rd_pntr_cdc_inst/src_gray_ff_reg[3]/Q
                         net (fo=1, routed)           0.488     3.578    system_i/iq_0/inst/core/freq_cdc/gnuram_async_fifo.xpm_fifo_base_inst/gen_cdc_pntr.rd_pntr_cdc_inst/async_path[3]
    SLICE_X61Y22         FDRE                                         r  system_i/iq_0/inst/core/freq_cdc/gnuram_async_fifo.xpm_fifo_base_inst/gen_cdc_pntr.rd_pntr_cdc_inst/dest_graysync_ff_reg[0][3]/D
  -------------------------------------------------------------------    -------------------

                         (clock clk_fpga_1 rise edge)
                                                      0.000     0.000 r  <hidden>
    PS7_X0Y0             PS7                          0.000     0.000 r  system_i/ps7/inst/PS7_i/FCLKCLK[1]
                         net (fo=1, routed)           1.193     1.193    system_i/ps7/inst/FCLK_CLK_unbuffered[1]
    BUFGCTRL_X0Y19       BUFG (Prop_bufg_I_O)         0.101     1.294 r  system_i/ps7/inst/buffer_fclk_clk_1.FCLK_CLK_1_BUFG_replica_1/O
                         net (fo=2, routed)           0.146     1.440    system_i/ps7/inst/FCLK_CLK1_repN_1
    BUFGCTRL_X0Y18       BUFG (Prop_bufg_I_O)         0.101     1.541 r  system_i/ps7/inst/buffer_fclk_clk_1.FCLK_CLK_1_BUFG_replica/O
                         net (fo=11, routed)          0.146     1.687    system_i/ps7/inst/FCLK_CLK1_repN
    BUFGCTRL_X0Y17       BUFG (Prop_bufg_I_O)         0.101     1.788 r  system_i/ps7/inst/buffer_fclk_clk_1.FCLK_CLK_1_BUFG/O
                         net (fo=24466, routed)       1.714     3.502    system_i/iq_0/inst/core/freq_cdc/gnuram_async_fifo.xpm_fifo_base_inst/gen_cdc_pntr.rd_pntr_cdc_inst/dest_clk
    SLICE_X61Y22         FDRE                                         r  system_i/iq_0/inst/core/freq_cdc/gnuram_async_fifo.xpm_fifo_base_inst/gen_cdc_pntr.rd_pntr_cdc_inst/dest_graysync_ff_reg[0][3]/C
                         clock pessimism              0.000     3.502    <hidden>
    SLICE_X61Y22         FDRE (Hold_fdre_C_D)         0.169     3.671    system_i/iq_0/inst/core/freq_cdc/gnuram_async_fifo.xpm_fifo_base_inst/gen_cdc_pntr.rd_pntr_cdc_inst/dest_graysync_ff_reg[0][3]
  -------------------------------------------------------------------
                         data arrival                           3.578    <hidden>
                         clock arrival                          3.671    <hidden>
  -------------------------------------------------------------------
                         relative delay                        -0.093    <hidden>



Id: 5
set_bus_skew -from [get_cells [list {system_i/iq_0/inst/core/freq_cdc/gnuram_async_fifo.xpm_fifo_base_inst/gen_cdc_pntr.wr_pntr_cdc_inst/src_gray_ff_reg[0]} {system_i/iq_0/inst/core/freq_cdc/gnuram_async_fifo.xpm_fifo_base_inst/gen_cdc_pntr.wr_pntr_cdc_inst/src_gray_ff_reg[1]} {system_i/iq_0/inst/core/freq_cdc/gnuram_async_fifo.xpm_fifo_base_inst/gen_cdc_pntr.wr_pntr_cdc_inst/src_gray_ff_reg[2]} {system_i/iq_0/inst/core/freq_cdc/gnuram_async_fifo.xpm_fifo_base_inst/gen_cdc_pntr.wr_pntr_cdc_inst/src_gray_ff_reg[3]}]] -to [get_cells [list {system_i/iq_0/inst/core/freq_cdc/gnuram_async_fifo.xpm_fifo_base_inst/gen_cdc_pntr.wr_pntr_cdc_inst/dest_graysync_ff_reg[0][0]} {system_i/iq_0/inst/core/freq_cdc/gnuram_async_fifo.xpm_fifo_base_inst/gen_cdc_pntr.wr_pntr_cdc_inst/dest_graysync_ff_reg[0][1]} {system_i/iq_0/inst/core/freq_cdc/gnuram_async_fifo.xpm_fifo_base_inst/gen_cdc_pntr.wr_pntr_cdc_inst/dest_graysync_ff_reg[0][2]} {system_i/iq_0/inst/core/freq_cdc/gnuram_async_fifo.xpm_fifo_base_inst/gen_cdc_pntr.wr_pntr_cdc_inst/dest_graysync_ff_reg[0][3]}]] 8.000
Requirement: 8.000ns
Endpoints: 4

From Clock            To Clock              Endpoint Pin                    Reference Pin                   Corner  Actual(ns)  Slack(ns)
--------------------  --------------------  ------------------------------  ------------------------------  ------  ----------  ---------
clk_fpga_1            clk_fpga_0            system_i/iq_0/inst/core/freq_cdc/gnuram_async_fifo.xpm_fifo_base_inst/gen_cdc_pntr.wr_pntr_cdc_inst/dest_graysync_ff_reg[0][2]/D
                                                                            system_i/iq_0/inst/core/freq_cdc/gnuram_async_fifo.xpm_fifo_base_inst/gen_cdc_pntr.wr_pntr_cdc_inst/dest_graysync_ff_reg[0][3]/D
                                                                                                            Slow         0.748      7.252


Slack (MET) :             7.252ns  (requirement - actual skew)
  Endpoint Source:        system_i/iq_0/inst/core/freq_cdc/gnuram_async_fifo.xpm_fifo_base_inst/gen_cdc_pntr.wr_pntr_cdc_inst/src_gray_ff_reg[2]/C
                            (rising edge-triggered cell FDRE clocked by clk_fpga_1)
  Endpoint Destination:   system_i/iq_0/inst/core/freq_cdc/gnuram_async_fifo.xpm_fifo_base_inst/gen_cdc_pntr.wr_pntr_cdc_inst/dest_graysync_ff_reg[0][2]/D
                            (rising edge-triggered cell FDRE clocked by clk_fpga_0)
  Reference Source:       system_i/iq_0/inst/core/freq_cdc/gnuram_async_fifo.xpm_fifo_base_inst/gen_cdc_pntr.wr_pntr_cdc_inst/src_gray_ff_reg[3]/C
                            (rising edge-triggered cell FDRE clocked by clk_fpga_1)
  Reference Destination:  system_i/iq_0/inst/core/freq_cdc/gnuram_async_fifo.xpm_fifo_base_inst/gen_cdc_pntr.wr_pntr_cdc_inst/dest_graysync_ff_reg[0][3]/D
                            (rising edge-triggered cell FDRE clocked by clk_fpga_0)
  Path Type:              Bus Skew (Max at Slow Process Corner)
  Requirement:            8.000ns
  Endpoint Relative Delay:    2.116ns
  Reference Relative Delay:   0.963ns
  Relative CRPR:              0.404ns
  Actual Bus Skew:            0.748ns  (Endpoint Relative Delay - Reference Relative Delay - Relative CRPR)

Endpoint path:
    Location             Delay type                Incr(ns)  Path(ns)    Netlist Resource(s)
  -------------------------------------------------------------------    -------------------
                         (clock clk_fpga_1 rise edge)
                                                      0.000     0.000 r  <hidden>
    PS7_X0Y0             PS7                          0.000     0.000 r  system_i/ps7/inst/PS7_i/FCLKCLK[1]
                         net (fo=1, routed)           1.193     1.193    system_i/ps7/inst/FCLK_CLK_unbuffered[1]
    BUFGCTRL_X0Y19       BUFG (Prop_bufg_I_O)         0.101     1.294 r  system_i/ps7/inst/buffer_fclk_clk_1.FCLK_CLK_1_BUFG_replica_1/O
                         net (fo=2, routed)           0.146     1.440    system_i/ps7/inst/FCLK_CLK1_repN_1
    BUFGCTRL_X0Y18       BUFG (Prop_bufg_I_O)         0.101     1.541 r  system_i/ps7/inst/buffer_fclk_clk_1.FCLK_CLK_1_BUFG_replica/O
                         net (fo=11, routed)          0.146     1.687    system_i/ps7/inst/FCLK_CLK1_repN
    BUFGCTRL_X0Y17       BUFG (Prop_bufg_I_O)         0.101     1.788 r  system_i/ps7/inst/buffer_fclk_clk_1.FCLK_CLK_1_BUFG/O
                         net (fo=24466, routed)       1.656     3.444    system_i/iq_0/inst/core/freq_cdc/gnuram_async_fifo.xpm_fifo_base_inst/gen_cdc_pntr.wr_pntr_cdc_inst/src_clk
    SLICE_X44Y30         FDRE                                         r  system_i/iq_0/inst/core/freq_cdc/gnuram_async_fifo.xpm_fifo_base_inst/gen_cdc_pntr.wr_pntr_cdc_inst/src_gray_ff_reg[2]/C
  -------------------------------------------------------------------    -------------------
    SLICE_X44Y30         FDRE (Prop_fdre_C_Q)         0.456     3.900 r  system_i/iq_0/inst/core/freq_cdc/gnuram_async_fifo.xpm_fifo_base_inst/gen_cdc_pntr.wr_pntr_cdc_inst/src_gray_ff_reg[2]/Q
                         net (fo=1, routed)           0.774     4.674    system_i/iq_0/inst/core/freq_cdc/gnuram_async_fifo.xpm_fifo_base_inst/gen_cdc_pntr.wr_pntr_cdc_inst/async_path[2]
    SLICE_X51Y32         FDRE                                         r  system_i/iq_0/inst/core/freq_cdc/gnuram_async_fifo.xpm_fifo_base_inst/gen_cdc_pntr.wr_pntr_cdc_inst/dest_graysync_ff_reg[0][2]/D
  -------------------------------------------------------------------    -------------------

                         (clock clk_fpga_0 rise edge)
                                                      0.000     0.000 r  <hidden>
    PS7_X0Y0             PS7                          0.000     0.000 r  system_i/ps7/inst/PS7_i/FCLKCLK[0]
                         net (fo=1, routed)           1.088     1.088    system_i/ps7/inst/FCLK_CLK_unbuffered[0]
    BUFGCTRL_X0Y16       BUFG (Prop_bufg_I_O)         0.091     1.179 r  system_i/ps7/inst/buffer_fclk_clk_0.FCLK_CLK_0_BUFG/O
                         net (fo=16057, routed)       1.474     2.653    system_i/iq_0/inst/core/freq_cdc/gnuram_async_fifo.xpm_fifo_base_inst/gen_cdc_pntr.wr_pntr_cdc_inst/dest_clk
    SLICE_X51Y32         FDRE                                         r  system_i/iq_0/inst/core/freq_cdc/gnuram_async_fifo.xpm_fifo_base_inst/gen_cdc_pntr.wr_pntr_cdc_inst/dest_graysync_ff_reg[0][2]/C
                         clock pessimism              0.000     2.653    <hidden>
    SLICE_X51Y32         FDRE (Setup_fdre_C_D)       -0.095     2.558    system_i/iq_0/inst/core/freq_cdc/gnuram_async_fifo.xpm_fifo_base_inst/gen_cdc_pntr.wr_pntr_cdc_inst/dest_graysync_ff_reg[0][2]
  -------------------------------------------------------------------
                         data arrival                           4.674    <hidden>
                         clock arrival                          2.558    <hidden>
  -------------------------------------------------------------------
                         relative delay                         2.116    <hidden>

Reference path:
    Location             Delay type                Incr(ns)  Path(ns)    Netlist Resource(s)
  -------------------------------------------------------------------    -------------------
                         (clock clk_fpga_1 rise edge)
                                                      0.000     0.000 r  <hidden>
    PS7_X0Y0             PS7                          0.000     0.000 r  system_i/ps7/inst/PS7_i/FCLKCLK[1]
                         net (fo=1, routed)           1.088     1.088    system_i/ps7/inst/FCLK_CLK_unbuffered[1]
    BUFGCTRL_X0Y19       BUFG (Prop_bufg_I_O)         0.091     1.179 r  system_i/ps7/inst/buffer_fclk_clk_1.FCLK_CLK_1_BUFG_replica_1/O
                         net (fo=2, routed)           0.133     1.312    system_i/ps7/inst/FCLK_CLK1_repN_1
    BUFGCTRL_X0Y18       BUFG (Prop_bufg_I_O)         0.091     1.403 r  system_i/ps7/inst/buffer_fclk_clk_1.FCLK_CLK_1_BUFG_replica/O
                         net (fo=11, routed)          0.133     1.536    system_i/ps7/inst/FCLK_CLK1_repN
    BUFGCTRL_X0Y17       BUFG (Prop_bufg_I_O)         0.091     1.627 r  system_i/ps7/inst/buffer_fclk_clk_1.FCLK_CLK_1_BUFG/O
                         net (fo=24466, routed)       1.541     3.168    system_i/iq_0/inst/core/freq_cdc/gnuram_async_fifo.xpm_fifo_base_inst/gen_cdc_pntr.wr_pntr_cdc_inst/src_clk
    SLICE_X71Y24         FDRE                                         r  system_i/iq_0/inst/core/freq_cdc/gnuram_async_fifo.xpm_fifo_base_inst/gen_cdc_pntr.wr_pntr_cdc_inst/src_gray_ff_reg[3]/C
  -------------------------------------------------------------------    -------------------
    SLICE_X71Y24         FDRE (Prop_fdre_C_Q)         0.337     3.505 r  system_i/iq_0/inst/core/freq_cdc/gnuram_async_fifo.xpm_fifo_base_inst/gen_cdc_pntr.wr_pntr_cdc_inst/src_gray_ff_reg[3]/Q
                         net (fo=1, routed)           0.494     4.000    system_i/iq_0/inst/core/freq_cdc/gnuram_async_fifo.xpm_fifo_base_inst/gen_cdc_pntr.wr_pntr_cdc_inst/async_path[3]
    SLICE_X70Y24         FDRE                                         r  system_i/iq_0/inst/core/freq_cdc/gnuram_async_fifo.xpm_fifo_base_inst/gen_cdc_pntr.wr_pntr_cdc_inst/dest_graysync_ff_reg[0][3]/D
  -------------------------------------------------------------------    -------------------

                         (clock clk_fpga_0 rise edge)
                                                      0.000     0.000 r  <hidden>
    PS7_X0Y0             PS7                          0.000     0.000 r  system_i/ps7/inst/PS7_i/FCLKCLK[0]
                         net (fo=1, routed)           1.193     1.193    system_i/ps7/inst/FCLK_CLK_unbuffered[0]
    BUFGCTRL_X0Y16       BUFG (Prop_bufg_I_O)         0.101     1.294 r  system_i/ps7/inst/buffer_fclk_clk_0.FCLK_CLK_0_BUFG/O
                         net (fo=16057, routed)       1.713     3.007    system_i/iq_0/inst/core/freq_cdc/gnuram_async_fifo.xpm_fifo_base_inst/gen_cdc_pntr.wr_pntr_cdc_inst/dest_clk
    SLICE_X70Y24         FDRE                                         r  system_i/iq_0/inst/core/freq_cdc/gnuram_async_fifo.xpm_fifo_base_inst/gen_cdc_pntr.wr_pntr_cdc_inst/dest_graysync_ff_reg[0][3]/C
                         clock pessimism              0.000     3.007    <hidden>
    SLICE_X70Y24         FDRE (Hold_fdre_C_D)         0.030     3.037    system_i/iq_0/inst/core/freq_cdc/gnuram_async_fifo.xpm_fifo_base_inst/gen_cdc_pntr.wr_pntr_cdc_inst/dest_graysync_ff_reg[0][3]
  -------------------------------------------------------------------
                         data arrival                           4.000    <hidden>
                         clock arrival                          3.037    <hidden>
  -------------------------------------------------------------------
                         relative delay                         0.963    <hidden>



Id: 6
set_bus_skew -from [get_cells [list {system_i/iq_0/inst/snapshot_cdc/src_hsdata_ff_reg[0]} \
          {system_i/iq_0/inst/snapshot_cdc/src_hsdata_ff_reg[10]} \
          {system_i/iq_0/inst/snapshot_cdc/src_hsdata_ff_reg[11]} \
          {system_i/iq_0/inst/snapshot_cdc/src_hsdata_ff_reg[12]} \
          {system_i/iq_0/inst/snapshot_cdc/src_hsdata_ff_reg[13]} \
          {system_i/iq_0/inst/snapshot_cdc/src_hsdata_ff_reg[14]} \
          {system_i/iq_0/inst/snapshot_cdc/src_hsdata_ff_reg[15]} \
          {system_i/iq_0/inst/snapshot_cdc/src_hsdata_ff_reg[16]} \
          {system_i/iq_0/inst/snapshot_cdc/src_hsdata_ff_reg[17]} \
          {system_i/iq_0/inst/snapshot_cdc/src_hsdata_ff_reg[18]} \
          {system_i/iq_0/inst/snapshot_cdc/src_hsdata_ff_reg[19]} \
          {system_i/iq_0/inst/snapshot_cdc/src_hsdata_ff_reg[1]} \
          {system_i/iq_0/inst/snapshot_cdc/src_hsdata_ff_reg[20]} \
          {system_i/iq_0/inst/snapshot_cdc/src_hsdata_ff_reg[21]} \
          {system_i/iq_0/inst/snapshot_cdc/src_hsdata_ff_reg[22]} \
          {system_i/iq_0/inst/snapshot_cdc/src_hsdata_ff_reg[23]} \
          {system_i/iq_0/inst/snapshot_cdc/src_hsdata_ff_reg[24]} \
          {system_i/iq_0/inst/snapshot_cdc/src_hsdata_ff_reg[25]} \
          {system_i/iq_0/inst/snapshot_cdc/src_hsdata_ff_reg[26]} \
          {system_i/iq_0/inst/snapshot_cdc/src_hsdata_ff_reg[27]} \
          {system_i/iq_0/inst/snapshot_cdc/src_hsdata_ff_reg[28]} \
          {system_i/iq_0/inst/snapshot_cdc/src_hsdata_ff_reg[29]} \
          {system_i/iq_0/inst/snapshot_cdc/src_hsdata_ff_reg[2]} \
          {system_i/iq_0/inst/snapshot_cdc/src_hsdata_ff_reg[30]} \
          {system_i/iq_0/inst/snapshot_cdc/src_hsdata_ff_reg[31]} \
          {system_i/iq_0/inst/snapshot_cdc/src_hsdata_ff_reg[3]} \
          {system_i/iq_0/inst/snapshot_cdc/src_hsdata_ff_reg[4]} \
          {system_i/iq_0/inst/snapshot_cdc/src_hsdata_ff_reg[5]} \
          {system_i/iq_0/inst/snapshot_cdc/src_hsdata_ff_reg[6]} \
          {system_i/iq_0/inst/snapshot_cdc/src_hsdata_ff_reg[7]} \
          {system_i/iq_0/inst/snapshot_cdc/src_hsdata_ff_reg[8]} \
          {system_i/iq_0/inst/snapshot_cdc/src_hsdata_ff_reg[9]}]] -to [get_cells [list {system_i/iq_0/inst/snapshot_cdc/dest_hsdata_ff_reg[0]} \
          {system_i/iq_0/inst/snapshot_cdc/dest_hsdata_ff_reg[10]} \
          {system_i/iq_0/inst/snapshot_cdc/dest_hsdata_ff_reg[11]} \
          {system_i/iq_0/inst/snapshot_cdc/dest_hsdata_ff_reg[12]} \
          {system_i/iq_0/inst/snapshot_cdc/dest_hsdata_ff_reg[13]} \
          {system_i/iq_0/inst/snapshot_cdc/dest_hsdata_ff_reg[14]} \
          {system_i/iq_0/inst/snapshot_cdc/dest_hsdata_ff_reg[15]} \
          {system_i/iq_0/inst/snapshot_cdc/dest_hsdata_ff_reg[16]} \
          {system_i/iq_0/inst/snapshot_cdc/dest_hsdata_ff_reg[17]} \
          {system_i/iq_0/inst/snapshot_cdc/dest_hsdata_ff_reg[18]} \
          {system_i/iq_0/inst/snapshot_cdc/dest_hsdata_ff_reg[19]} \
          {system_i/iq_0/inst/snapshot_cdc/dest_hsdata_ff_reg[1]} \
          {system_i/iq_0/inst/snapshot_cdc/dest_hsdata_ff_reg[20]} \
          {system_i/iq_0/inst/snapshot_cdc/dest_hsdata_ff_reg[21]} \
          {system_i/iq_0/inst/snapshot_cdc/dest_hsdata_ff_reg[22]} \
          {system_i/iq_0/inst/snapshot_cdc/dest_hsdata_ff_reg[23]} \
          {system_i/iq_0/inst/snapshot_cdc/dest_hsdata_ff_reg[24]} \
          {system_i/iq_0/inst/snapshot_cdc/dest_hsdata_ff_reg[25]} \
          {system_i/iq_0/inst/snapshot_cdc/dest_hsdata_ff_reg[26]} \
          {system_i/iq_0/inst/snapshot_cdc/dest_hsdata_ff_reg[27]} \
          {system_i/iq_0/inst/snapshot_cdc/dest_hsdata_ff_reg[28]} \
          {system_i/iq_0/inst/snapshot_cdc/dest_hsdata_ff_reg[29]} \
          {system_i/iq_0/inst/snapshot_cdc/dest_hsdata_ff_reg[2]} \
          {system_i/iq_0/inst/snapshot_cdc/dest_hsdata_ff_reg[30]} \
          {system_i/iq_0/inst/snapshot_cdc/dest_hsdata_ff_reg[31]} \
          {system_i/iq_0/inst/snapshot_cdc/dest_hsdata_ff_reg[3]} \
          {system_i/iq_0/inst/snapshot_cdc/dest_hsdata_ff_reg[4]} \
          {system_i/iq_0/inst/snapshot_cdc/dest_hsdata_ff_reg[5]} \
          {system_i/iq_0/inst/snapshot_cdc/dest_hsdata_ff_reg[6]} \
          {system_i/iq_0/inst/snapshot_cdc/dest_hsdata_ff_reg[7]} \
          {system_i/iq_0/inst/snapshot_cdc/dest_hsdata_ff_reg[8]} \
          {system_i/iq_0/inst/snapshot_cdc/dest_hsdata_ff_reg[9]}]] 24.000
Requirement: 24.000ns
Endpoints: 32

From Clock            To Clock              Endpoint Pin                    Reference Pin                   Corner  Actual(ns)  Slack(ns)
--------------------  --------------------  ------------------------------  ------------------------------  ------  ----------  ---------
clk_fpga_1            clk_fpga_0            system_i/iq_0/inst/snapshot_cdc/dest_hsdata_ff_reg[25]/D
                                                                            system_i/iq_0/inst/snapshot_cdc/dest_hsdata_ff_reg[6]/D
                                                                                                            Slow         1.490     22.510


Slack (MET) :             22.510ns  (requirement - actual skew)
  Endpoint Source:        system_i/iq_0/inst/snapshot_cdc/src_hsdata_ff_reg[25]/C
                            (rising edge-triggered cell FDRE clocked by clk_fpga_1)
  Endpoint Destination:   system_i/iq_0/inst/snapshot_cdc/dest_hsdata_ff_reg[25]/D
                            (rising edge-triggered cell FDRE clocked by clk_fpga_0)
  Reference Source:       system_i/iq_0/inst/snapshot_cdc/src_hsdata_ff_reg[6]/C
                            (rising edge-triggered cell FDRE clocked by clk_fpga_1)
  Reference Destination:  system_i/iq_0/inst/snapshot_cdc/dest_hsdata_ff_reg[6]/D
                            (rising edge-triggered cell FDRE clocked by clk_fpga_0)
  Path Type:              Bus Skew (Max at Slow Process Corner)
  Requirement:            24.000ns
  Endpoint Relative Delay:    2.740ns
  Reference Relative Delay:   0.745ns
  Relative CRPR:              0.504ns
  Actual Bus Skew:            1.490ns  (Endpoint Relative Delay - Reference Relative Delay - Relative CRPR)

Endpoint path:
    Location             Delay type                Incr(ns)  Path(ns)    Netlist Resource(s)
  -------------------------------------------------------------------    -------------------
                         (clock clk_fpga_1 rise edge)
                                                      0.000     0.000 r  <hidden>
    PS7_X0Y0             PS7                          0.000     0.000 r  system_i/ps7/inst/PS7_i/FCLKCLK[1]
                         net (fo=1, routed)           1.193     1.193    system_i/ps7/inst/FCLK_CLK_unbuffered[1]
    BUFGCTRL_X0Y19       BUFG (Prop_bufg_I_O)         0.101     1.294 r  system_i/ps7/inst/buffer_fclk_clk_1.FCLK_CLK_1_BUFG_replica_1/O
                         net (fo=2, routed)           0.146     1.440    system_i/ps7/inst/FCLK_CLK1_repN_1
    BUFGCTRL_X0Y18       BUFG (Prop_bufg_I_O)         0.101     1.541 r  system_i/ps7/inst/buffer_fclk_clk_1.FCLK_CLK_1_BUFG_replica/O
                         net (fo=11, routed)          0.146     1.687    system_i/ps7/inst/FCLK_CLK1_repN
    BUFGCTRL_X0Y17       BUFG (Prop_bufg_I_O)         0.101     1.788 r  system_i/ps7/inst/buffer_fclk_clk_1.FCLK_CLK_1_BUFG/O
                         net (fo=24466, routed)       1.631     3.419    system_i/iq_0/inst/snapshot_cdc/src_clk
    SLICE_X47Y75         FDRE                                         r  system_i/iq_0/inst/snapshot_cdc/src_hsdata_ff_reg[25]/C
  -------------------------------------------------------------------    -------------------
    SLICE_X47Y75         FDRE (Prop_fdre_C_Q)         0.419     3.838 r  system_i/iq_0/inst/snapshot_cdc/src_hsdata_ff_reg[25]/Q
                         net (fo=1, routed)           1.299     5.137    system_i/iq_0/inst/snapshot_cdc/src_hsdata_ff[25]
    SLICE_X37Y62         FDRE                                         r  system_i/iq_0/inst/snapshot_cdc/dest_hsdata_ff_reg[25]/D
  -------------------------------------------------------------------    -------------------

                         (clock clk_fpga_0 rise edge)
                                                      0.000     0.000 r  <hidden>
    PS7_X0Y0             PS7                          0.000     0.000 r  system_i/ps7/inst/PS7_i/FCLKCLK[0]
                         net (fo=1, routed)           1.088     1.088    system_i/ps7/inst/FCLK_CLK_unbuffered[0]
    BUFGCTRL_X0Y16       BUFG (Prop_bufg_I_O)         0.091     1.179 r  system_i/ps7/inst/buffer_fclk_clk_0.FCLK_CLK_0_BUFG/O
                         net (fo=16057, routed)       1.475     2.654    system_i/iq_0/inst/snapshot_cdc/dest_clk
    SLICE_X37Y62         FDRE                                         r  system_i/iq_0/inst/snapshot_cdc/dest_hsdata_ff_reg[25]/C
                         clock pessimism              0.000     2.654    <hidden>
    SLICE_X37Y62         FDRE (Setup_fdre_C_D)       -0.256     2.398    system_i/iq_0/inst/snapshot_cdc/dest_hsdata_ff_reg[25]
  -------------------------------------------------------------------
                         data arrival                           5.137    <hidden>
                         clock arrival                          2.398    <hidden>
  -------------------------------------------------------------------
                         relative delay                         2.740    <hidden>

Reference path:
    Location             Delay type                Incr(ns)  Path(ns)    Netlist Resource(s)
  -------------------------------------------------------------------    -------------------
                         (clock clk_fpga_1 rise edge)
                                                      0.000     0.000 r  <hidden>
    PS7_X0Y0             PS7                          0.000     0.000 r  system_i/ps7/inst/PS7_i/FCLKCLK[1]
                         net (fo=1, routed)           1.088     1.088    system_i/ps7/inst/FCLK_CLK_unbuffered[1]
    BUFGCTRL_X0Y19       BUFG (Prop_bufg_I_O)         0.091     1.179 r  system_i/ps7/inst/buffer_fclk_clk_1.FCLK_CLK_1_BUFG_replica_1/O
                         net (fo=2, routed)           0.133     1.312    system_i/ps7/inst/FCLK_CLK1_repN_1
    BUFGCTRL_X0Y18       BUFG (Prop_bufg_I_O)         0.091     1.403 r  system_i/ps7/inst/buffer_fclk_clk_1.FCLK_CLK_1_BUFG_replica/O
                         net (fo=11, routed)          0.133     1.536    system_i/ps7/inst/FCLK_CLK1_repN
    BUFGCTRL_X0Y17       BUFG (Prop_bufg_I_O)         0.091     1.627 r  system_i/ps7/inst/buffer_fclk_clk_1.FCLK_CLK_1_BUFG/O
                         net (fo=24466, routed)       1.477     3.104    system_i/iq_0/inst/snapshot_cdc/src_clk
    SLICE_X41Y59         FDRE                                         r  system_i/iq_0/inst/snapshot_cdc/src_hsdata_ff_reg[6]/C
  -------------------------------------------------------------------    -------------------
    SLICE_X41Y59         FDRE (Prop_fdre_C_Q)         0.367     3.471 r  system_i/iq_0/inst/snapshot_cdc/src_hsdata_ff_reg[6]/Q
                         net (fo=1, routed)           0.397     3.868    system_i/iq_0/inst/snapshot_cdc/src_hsdata_ff[6]
    SLICE_X41Y60         FDRE                                         r  system_i/iq_0/inst/snapshot_cdc/dest_hsdata_ff_reg[6]/D
  -------------------------------------------------------------------    -------------------

                         (clock clk_fpga_0 rise edge)
                                                      0.000     0.000 r  <hidden>
    PS7_X0Y0             PS7                          0.000     0.000 r  system_i/ps7/inst/PS7_i/FCLKCLK[0]
                         net (fo=1, routed)           1.193     1.193    system_i/ps7/inst/FCLK_CLK_unbuffered[0]
    BUFGCTRL_X0Y16       BUFG (Prop_bufg_I_O)         0.101     1.294 r  system_i/ps7/inst/buffer_fclk_clk_0.FCLK_CLK_0_BUFG/O
                         net (fo=16057, routed)       1.649     2.943    system_i/iq_0/inst/snapshot_cdc/dest_clk
    SLICE_X41Y60         FDRE                                         r  system_i/iq_0/inst/snapshot_cdc/dest_hsdata_ff_reg[6]/C
                         clock pessimism              0.000     2.943    <hidden>
    SLICE_X41Y60         FDRE (Hold_fdre_C_D)         0.180     3.123    system_i/iq_0/inst/snapshot_cdc/dest_hsdata_ff_reg[6]
  -------------------------------------------------------------------
                         data arrival                           3.868    <hidden>
                         clock arrival                          3.123    <hidden>
  -------------------------------------------------------------------
                         relative delay                         0.745    <hidden>



