Copyright 1986-2022 Xilinx, Inc. All Rights Reserved. Copyright 2022-2026 Advanced Micro Devices, Inc. All Rights Reserved.
-----------------------------------------------------------------------------------------------------------------------------------------------------------------------------------------
| Tool Version : Vivado v.2026.1 (win64) Build 6511674 Tue Jun 16 11:02:23 MDT 2026
| Date         : Sat Sep 19 20:33:50 2026
| Host         : LAPTOP-ATE8I1GS running 64-bit major release  (build 9200)
| Command      : report_timing -to [get_cells -hier -filter {NAME =~ */core/sm/roi_power_reg* && IS_SEQUENTIAL == 1}] -max_paths 3 -file D:/fft/iq_analyzer/reports/roi_input_timing.rpt
| Design       : system_wrapper
| Device       : 7z020-clg400
| Speed File   : -1  PRODUCTION 1.12 2019-11-22
| Design State : Physopt postRoute
-----------------------------------------------------------------------------------------------------------------------------------------------------------------------------------------

Timing Report

Slack (MET) :             1.261ns  (required time - arrival time)
  Source:                 system_i/iq_0/inst/core/sm/q1_reg[1]/C
                            (rising edge-triggered cell FDRE clocked by clk_fpga_1  {rise@0.000ns fall@4.000ns period=8.000ns})
  Destination:            system_i/iq_0/inst/core/sm/roi_power_reg[12]/R
                            (rising edge-triggered cell FDRE clocked by clk_fpga_1  {rise@0.000ns fall@4.000ns period=8.000ns})
  Path Group:             clk_fpga_1
  Path Type:              Setup (Max at Slow Process Corner)
  Requirement:            8.000ns  (clk_fpga_1 rise@8.000ns - clk_fpga_1 rise@0.000ns)
  Data Path Delay:        5.942ns  (logic 1.715ns (28.864%)  route 4.227ns (71.136%))
  Logic Levels:           4  (CARRY4=2 LUT3=1 LUT4=1)
  Clock Path Skew:        -0.149ns (DCD - SCD + CPR)
    Destination Clock Delay (DCD):    2.676ns = ( 10.677 - 8.000 ) 
    Source Clock Delay      (SCD):    2.940ns
    Clock Pessimism Removal (CPR):    0.115ns
  Clock Uncertainty:      0.125ns  ((TSJ^2 + TIJ^2)^1/2 + DJ) / 2 + PE
    Total System Jitter     (TSJ):    0.071ns
    Total Input Jitter      (TIJ):    0.240ns
    Discrete Jitter          (DJ):    0.000ns
    Phase Error              (PE):    0.000ns

    Location             Delay type                Incr(ns)  Path(ns)    Netlist Resource(s)
  -------------------------------------------------------------------    -------------------
                         (clock clk_fpga_1 rise edge)
                                                      0.000     0.000 r  <hidden>
    PS7_X0Y0             PS7                          0.000     0.000 r  system_i/ps7/inst/PS7_i/FCLKCLK[1]
                         net (fo=1, routed)           1.193     1.193    system_i/ps7/inst/FCLK_CLK_unbuffered[1]
    BUFGCTRL_X0Y17       BUFG (Prop_bufg_I_O)         0.101     1.294 r  system_i/ps7/inst/buffer_fclk_clk_1.FCLK_CLK_1_BUFG/O
                         net (fo=14075, routed)       1.646     2.940    system_i/iq_0/inst/core/sm/fft_clk
    SLICE_X46Y64         FDRE                                         r  system_i/iq_0/inst/core/sm/q1_reg[1]/C
  -------------------------------------------------------------------    -------------------
    SLICE_X46Y64         FDRE (Prop_fdre_C_Q)         0.518     3.458 r  system_i/iq_0/inst/core/sm/q1_reg[1]/Q
                         net (fo=5, routed)           1.662     5.120    system_i/iq_0/inst/core/sm/q1[1]
    SLICE_X45Y85         LUT4 (Prop_lut4_I0_O)        0.124     5.244 r  system_i/iq_0/inst/core/sm/roi_power[47]_i_25/O
                         net (fo=1, routed)           0.000     5.244    system_i/iq_0/inst/core/sm/roi_power[47]_i_25_n_0
    SLICE_X45Y85         CARRY4 (Prop_carry4_S[0]_CO[3])
                                                      0.532     5.776 r  system_i/iq_0/inst/core/sm/roi_power_reg[47]_i_4/CO[3]
                         net (fo=1, routed)           0.000     5.776    system_i/iq_0/inst/core/sm/roi_power_reg[47]_i_4_n_0
    SLICE_X45Y86         CARRY4 (Prop_carry4_CI_CO[2])
                                                      0.228     6.004 f  system_i/iq_0/inst/core/sm/roi_power_reg[47]_i_2/CO[2]
                         net (fo=1, routed)           0.564     6.567    system_i/iq_0/inst/core/sm/in_roi0
    SLICE_X46Y86         LUT3 (Prop_lut3_I0_O)        0.313     6.880 r  system_i/iq_0/inst/core/sm/roi_power[47]_i_1/O
                         net (fo=48, routed)          2.001     8.882    system_i/iq_0/inst/core/sm/roi_power[47]_i_1_n_0
    SLICE_X34Y49         FDRE                                         r  system_i/iq_0/inst/core/sm/roi_power_reg[12]/R
  -------------------------------------------------------------------    -------------------

                         (clock clk_fpga_1 rise edge)
                                                      8.000     8.000 r  <hidden>
    PS7_X0Y0             PS7                          0.000     8.000 r  system_i/ps7/inst/PS7_i/FCLKCLK[1]
                         net (fo=1, routed)           1.088     9.088    system_i/ps7/inst/FCLK_CLK_unbuffered[1]
    BUFGCTRL_X0Y17       BUFG (Prop_bufg_I_O)         0.091     9.179 r  system_i/ps7/inst/buffer_fclk_clk_1.FCLK_CLK_1_BUFG/O
                         net (fo=14075, routed)       1.497    10.677    system_i/iq_0/inst/core/sm/fft_clk
    SLICE_X34Y49         FDRE                                         r  system_i/iq_0/inst/core/sm/roi_power_reg[12]/C
                         clock pessimism              0.115    10.791    <hidden>
                         clock uncertainty           -0.125    10.666    <hidden>
    SLICE_X34Y49         FDRE (Setup_fdre_C_R)       -0.524    10.142    system_i/iq_0/inst/core/sm/roi_power_reg[12]
  -------------------------------------------------------------------
                         required time                         10.142    <hidden>
                         arrival time                          -8.882    <hidden>
  -------------------------------------------------------------------
                         slack                                  1.261    <hidden>

Slack (MET) :             1.261ns  (required time - arrival time)
  Source:                 system_i/iq_0/inst/core/sm/q1_reg[1]/C
                            (rising edge-triggered cell FDRE clocked by clk_fpga_1  {rise@0.000ns fall@4.000ns period=8.000ns})
  Destination:            system_i/iq_0/inst/core/sm/roi_power_reg[13]/R
                            (rising edge-triggered cell FDRE clocked by clk_fpga_1  {rise@0.000ns fall@4.000ns period=8.000ns})
  Path Group:             clk_fpga_1
  Path Type:              Setup (Max at Slow Process Corner)
  Requirement:            8.000ns  (clk_fpga_1 rise@8.000ns - clk_fpga_1 rise@0.000ns)
  Data Path Delay:        5.942ns  (logic 1.715ns (28.864%)  route 4.227ns (71.136%))
  Logic Levels:           4  (CARRY4=2 LUT3=1 LUT4=1)
  Clock Path Skew:        -0.149ns (DCD - SCD + CPR)
    Destination Clock Delay (DCD):    2.676ns = ( 10.677 - 8.000 ) 
    Source Clock Delay      (SCD):    2.940ns
    Clock Pessimism Removal (CPR):    0.115ns
  Clock Uncertainty:      0.125ns  ((TSJ^2 + TIJ^2)^1/2 + DJ) / 2 + PE
    Total System Jitter     (TSJ):    0.071ns
    Total Input Jitter      (TIJ):    0.240ns
    Discrete Jitter          (DJ):    0.000ns
    Phase Error              (PE):    0.000ns

    Location             Delay type                Incr(ns)  Path(ns)    Netlist Resource(s)
  -------------------------------------------------------------------    -------------------
                         (clock clk_fpga_1 rise edge)
                                                      0.000     0.000 r  <hidden>
    PS7_X0Y0             PS7                          0.000     0.000 r  system_i/ps7/inst/PS7_i/FCLKCLK[1]
                         net (fo=1, routed)           1.193     1.193    system_i/ps7/inst/FCLK_CLK_unbuffered[1]
    BUFGCTRL_X0Y17       BUFG (Prop_bufg_I_O)         0.101     1.294 r  system_i/ps7/inst/buffer_fclk_clk_1.FCLK_CLK_1_BUFG/O
                         net (fo=14075, routed)       1.646     2.940    system_i/iq_0/inst/core/sm/fft_clk
    SLICE_X46Y64         FDRE                                         r  system_i/iq_0/inst/core/sm/q1_reg[1]/C
  -------------------------------------------------------------------    -------------------
    SLICE_X46Y64         FDRE (Prop_fdre_C_Q)         0.518     3.458 r  system_i/iq_0/inst/core/sm/q1_reg[1]/Q
                         net (fo=5, routed)           1.662     5.120    system_i/iq_0/inst/core/sm/q1[1]
    SLICE_X45Y85         LUT4 (Prop_lut4_I0_O)        0.124     5.244 r  system_i/iq_0/inst/core/sm/roi_power[47]_i_25/O
                         net (fo=1, routed)           0.000     5.244    system_i/iq_0/inst/core/sm/roi_power[47]_i_25_n_0
    SLICE_X45Y85         CARRY4 (Prop_carry4_S[0]_CO[3])
                                                      0.532     5.776 r  system_i/iq_0/inst/core/sm/roi_power_reg[47]_i_4/CO[3]
                         net (fo=1, routed)           0.000     5.776    system_i/iq_0/inst/core/sm/roi_power_reg[47]_i_4_n_0
    SLICE_X45Y86         CARRY4 (Prop_carry4_CI_CO[2])
                                                      0.228     6.004 f  system_i/iq_0/inst/core/sm/roi_power_reg[47]_i_2/CO[2]
                         net (fo=1, routed)           0.564     6.567    system_i/iq_0/inst/core/sm/in_roi0
    SLICE_X46Y86         LUT3 (Prop_lut3_I0_O)        0.313     6.880 r  system_i/iq_0/inst/core/sm/roi_power[47]_i_1/O
                         net (fo=48, routed)          2.001     8.882    system_i/iq_0/inst/core/sm/roi_power[47]_i_1_n_0
    SLICE_X34Y49         FDRE                                         r  system_i/iq_0/inst/core/sm/roi_power_reg[13]/R
  -------------------------------------------------------------------    -------------------

                         (clock clk_fpga_1 rise edge)
                                                      8.000     8.000 r  <hidden>
    PS7_X0Y0             PS7                          0.000     8.000 r  system_i/ps7/inst/PS7_i/FCLKCLK[1]
                         net (fo=1, routed)           1.088     9.088    system_i/ps7/inst/FCLK_CLK_unbuffered[1]
    BUFGCTRL_X0Y17       BUFG (Prop_bufg_I_O)         0.091     9.179 r  system_i/ps7/inst/buffer_fclk_clk_1.FCLK_CLK_1_BUFG/O
                         net (fo=14075, routed)       1.497    10.677    system_i/iq_0/inst/core/sm/fft_clk
    SLICE_X34Y49         FDRE                                         r  system_i/iq_0/inst/core/sm/roi_power_reg[13]/C
                         clock pessimism              0.115    10.791    <hidden>
                         clock uncertainty           -0.125    10.666    <hidden>
    SLICE_X34Y49         FDRE (Setup_fdre_C_R)       -0.524    10.142    system_i/iq_0/inst/core/sm/roi_power_reg[13]
  -------------------------------------------------------------------
                         required time                         10.142    <hidden>
                         arrival time                          -8.882    <hidden>
  -------------------------------------------------------------------
                         slack                                  1.261    <hidden>

Slack (MET) :             1.261ns  (required time - arrival time)
  Source:                 system_i/iq_0/inst/core/sm/q1_reg[1]/C
                            (rising edge-triggered cell FDRE clocked by clk_fpga_1  {rise@0.000ns fall@4.000ns period=8.000ns})
  Destination:            system_i/iq_0/inst/core/sm/roi_power_reg[14]/R
                            (rising edge-triggered cell FDRE clocked by clk_fpga_1  {rise@0.000ns fall@4.000ns period=8.000ns})
  Path Group:             clk_fpga_1
  Path Type:              Setup (Max at Slow Process Corner)
  Requirement:            8.000ns  (clk_fpga_1 rise@8.000ns - clk_fpga_1 rise@0.000ns)
  Data Path Delay:        5.942ns  (logic 1.715ns (28.864%)  route 4.227ns (71.136%))
  Logic Levels:           4  (CARRY4=2 LUT3=1 LUT4=1)
  Clock Path Skew:        -0.149ns (DCD - SCD + CPR)
    Destination Clock Delay (DCD):    2.676ns = ( 10.677 - 8.000 ) 
    Source Clock Delay      (SCD):    2.940ns
    Clock Pessimism Removal (CPR):    0.115ns
  Clock Uncertainty:      0.125ns  ((TSJ^2 + TIJ^2)^1/2 + DJ) / 2 + PE
    Total System Jitter     (TSJ):    0.071ns
    Total Input Jitter      (TIJ):    0.240ns
    Discrete Jitter          (DJ):    0.000ns
    Phase Error              (PE):    0.000ns

    Location             Delay type                Incr(ns)  Path(ns)    Netlist Resource(s)
  -------------------------------------------------------------------    -------------------
                         (clock clk_fpga_1 rise edge)
                                                      0.000     0.000 r  <hidden>
    PS7_X0Y0             PS7                          0.000     0.000 r  system_i/ps7/inst/PS7_i/FCLKCLK[1]
                         net (fo=1, routed)           1.193     1.193    system_i/ps7/inst/FCLK_CLK_unbuffered[1]
    BUFGCTRL_X0Y17       BUFG (Prop_bufg_I_O)         0.101     1.294 r  system_i/ps7/inst/buffer_fclk_clk_1.FCLK_CLK_1_BUFG/O
                         net (fo=14075, routed)       1.646     2.940    system_i/iq_0/inst/core/sm/fft_clk
    SLICE_X46Y64         FDRE                                         r  system_i/iq_0/inst/core/sm/q1_reg[1]/C
  -------------------------------------------------------------------    -------------------
    SLICE_X46Y64         FDRE (Prop_fdre_C_Q)         0.518     3.458 r  system_i/iq_0/inst/core/sm/q1_reg[1]/Q
                         net (fo=5, routed)           1.662     5.120    system_i/iq_0/inst/core/sm/q1[1]
    SLICE_X45Y85         LUT4 (Prop_lut4_I0_O)        0.124     5.244 r  system_i/iq_0/inst/core/sm/roi_power[47]_i_25/O
                         net (fo=1, routed)           0.000     5.244    system_i/iq_0/inst/core/sm/roi_power[47]_i_25_n_0
    SLICE_X45Y85         CARRY4 (Prop_carry4_S[0]_CO[3])
                                                      0.532     5.776 r  system_i/iq_0/inst/core/sm/roi_power_reg[47]_i_4/CO[3]
                         net (fo=1, routed)           0.000     5.776    system_i/iq_0/inst/core/sm/roi_power_reg[47]_i_4_n_0
    SLICE_X45Y86         CARRY4 (Prop_carry4_CI_CO[2])
                                                      0.228     6.004 f  system_i/iq_0/inst/core/sm/roi_power_reg[47]_i_2/CO[2]
                         net (fo=1, routed)           0.564     6.567    system_i/iq_0/inst/core/sm/in_roi0
    SLICE_X46Y86         LUT3 (Prop_lut3_I0_O)        0.313     6.880 r  system_i/iq_0/inst/core/sm/roi_power[47]_i_1/O
                         net (fo=48, routed)          2.001     8.882    system_i/iq_0/inst/core/sm/roi_power[47]_i_1_n_0
    SLICE_X34Y49         FDRE                                         r  system_i/iq_0/inst/core/sm/roi_power_reg[14]/R
  -------------------------------------------------------------------    -------------------

                         (clock clk_fpga_1 rise edge)
                                                      8.000     8.000 r  <hidden>
    PS7_X0Y0             PS7                          0.000     8.000 r  system_i/ps7/inst/PS7_i/FCLKCLK[1]
                         net (fo=1, routed)           1.088     9.088    system_i/ps7/inst/FCLK_CLK_unbuffered[1]
    BUFGCTRL_X0Y17       BUFG (Prop_bufg_I_O)         0.091     9.179 r  system_i/ps7/inst/buffer_fclk_clk_1.FCLK_CLK_1_BUFG/O
                         net (fo=14075, routed)       1.497    10.677    system_i/iq_0/inst/core/sm/fft_clk
    SLICE_X34Y49         FDRE                                         r  system_i/iq_0/inst/core/sm/roi_power_reg[14]/C
                         clock pessimism              0.115    10.791    <hidden>
                         clock uncertainty           -0.125    10.666    <hidden>
    SLICE_X34Y49         FDRE (Setup_fdre_C_R)       -0.524    10.142    system_i/iq_0/inst/core/sm/roi_power_reg[14]
  -------------------------------------------------------------------
                         required time                         10.142    <hidden>
                         arrival time                          -8.882    <hidden>
  -------------------------------------------------------------------
                         slack                                  1.261    <hidden>




