Copyright 1986-2022 Xilinx, Inc. All Rights Reserved. Copyright 2022-2026 Advanced Micro Devices, Inc. All Rights Reserved.
---------------------------------------------------------------------------------------------------------------------------------------------
| Tool Version : Vivado v.2026.1 (win64) Build 6511674 Tue Jun 16 11:02:23 MDT 2026
| Date         : Fri Sep 18 18:32:17 2026
| Host         : LAPTOP-ATE8I1GS running 64-bit major release  (build 9200)
| Command      : report_utilization -hierarchical -file D:/fft/iq_analyzer/reports/utilization.rpt
| Design       : system_wrapper
| Device       : xc7z020clg400-1
| Speed File   : -1
| Design State : Physopt postRoute
---------------------------------------------------------------------------------------------------------------------------------------------

Utilization Design Information

Table of Contents
-----------------
1. Utilization by Hierarchy

1. Utilization by Hierarchy
---------------------------

+--------------------------------------------------------------------------+----------------------------------------------------------------------------------------------------+------------+------------+---------+------+-------+--------+--------+------------+
|                                 Instance                                 |                                               Module                                               | Total LUTs | Logic LUTs | LUTRAMs | SRLs |  FFs  | RAMB36 | RAMB18 | DSP Blocks |
+--------------------------------------------------------------------------+----------------------------------------------------------------------------------------------------+------------+------------+---------+------+-------+--------+--------+------------+
| system_wrapper                                                           |                                                                                              (top) |      12359 |      10340 |     574 | 1445 | 20030 |     73 |     35 |         53 |
|   system_i                                                               |                                                                                             system |      12359 |      10340 |     574 | 1445 | 20030 |     73 |     35 |         53 |
|     ps7_axi_periph                                                       |                                                                            system_ps7_axi_periph_0 |        393 |        333 |       0 |   60 |   492 |      0 |      0 |          0 |
|       s00_couplers                                                       |                                                                           s00_couplers_imp_1C0N0JZ |        393 |        333 |       0 |   60 |   492 |      0 |      0 |          0 |
|         auto_pc                                                          |                                                                system_ps7_axi_periph_imp_auto_pc_0 |        393 |        333 |       0 |   60 |   492 |      0 |      0 |          0 |
|           inst                                                           |          system_ps7_axi_periph_imp_auto_pc_0_axi_protocol_converter_v2_1_38_axi_protocol_converter |        393 |        333 |       0 |   60 |   492 |      0 |      0 |          0 |
|             gen_axilite.gen_b2s_conv.axilite_b2s                         |                             system_ps7_axi_periph_imp_auto_pc_0_axi_protocol_converter_v2_1_38_b2s |        393 |        333 |       0 |   60 |   492 |      0 |      0 |          0 |
|               WR.aw_channel_0                                            |                  system_ps7_axi_periph_imp_auto_pc_0_axi_protocol_converter_v2_1_38_b2s_aw_channel |         76 |         76 |       0 |    0 |    86 |      0 |      0 |          0 |
|                 cmd_translator_0                                         |              system_ps7_axi_periph_imp_auto_pc_0_axi_protocol_converter_v2_1_38_b2s_cmd_translator |         33 |         33 |       0 |    0 |    68 |      0 |      0 |          0 |
|               RD.ar_channel_0                                            |                  system_ps7_axi_periph_imp_auto_pc_0_axi_protocol_converter_v2_1_38_b2s_ar_channel |         65 |         65 |       0 |    0 |    82 |      0 |      0 |          0 |
|                 cmd_translator_0                                         |            system_ps7_axi_periph_imp_auto_pc_0_axi_protocol_converter_v2_1_38_b2s_cmd_translator_1 |         33 |         33 |       0 |    0 |    68 |      0 |      0 |          0 |
|               RD.r_channel_0                                             |                   system_ps7_axi_periph_imp_auto_pc_0_axi_protocol_converter_v2_1_38_b2s_r_channel |         60 |         14 |       0 |   46 |    24 |      0 |      0 |          0 |
|               SI_REG                                                     |                  system_ps7_axi_periph_imp_auto_pc_0_axi_register_slice_v2_1_37_axi_register_slice |        161 |        161 |       0 |    0 |   282 |      0 |      0 |          0 |
|                 ar.ar_pipe                                               |                 system_ps7_axi_periph_imp_auto_pc_0_axi_register_slice_v2_1_37_axic_register_slice |         60 |         60 |       0 |    0 |    78 |      0 |      0 |          0 |
|                 aw.aw_pipe                                               |               system_ps7_axi_periph_imp_auto_pc_0_axi_register_slice_v2_1_37_axic_register_slice_0 |         64 |         64 |       0 |    0 |    80 |      0 |      0 |          0 |
|                 r.r_pipe                                                 | system_ps7_axi_periph_imp_auto_pc_0_axi_register_slice_v2_1_37_axic_register_slice__parameterized2 |         27 |         27 |       0 |    0 |    94 |      0 |      0 |          0 |
|     iq_0                                                                 |                                                                                      system_iq_0_0 |      11949 |       9991 |     574 | 1384 | 19505 |     73 |     35 |         53 |
|       inst                                                               |                                                                        system_iq_0_0_iq_peripheral |      11949 |       9991 |     574 | 1384 | 19505 |     73 |     35 |         53 |
|         (inst)                                                           |                                                                        system_iq_0_0_iq_peripheral |        436 |        436 |       0 |    0 |  1255 |     34 |      0 |          0 |
|         burst_ring                                                       |                                                          system_iq_0_0_record_ring__parameterized0 |        758 |        758 |       0 |    0 |   581 |      2 |      0 |          0 |
|         core                                                             |                                                                        system_iq_0_0_analyzer_core |       9771 |       7813 |     574 | 1384 | 16502 |     29 |     35 |         53 |
|           (core)                                                         |                                                                        system_iq_0_0_analyzer_core |         68 |         68 |       0 |    0 |    24 |      0 |      0 |          0 |
|           bursts                                                         |                                                           system_iq_0_0_small_fifo__parameterized0 |        189 |         13 |     176 |    0 |    13 |      0 |      0 |          0 |
|           config_cdc                                                     |                                                                 system_iq_0_0_xpm_cdc_array_single |          0 |          0 |       0 |    0 |   108 |      0 |      0 |          0 |
|           contexts                                                       |                                                                           system_iq_0_0_small_fifo |        185 |         57 |     128 |    0 |    13 |      0 |      0 |          0 |
|           freq_cdc                                                       |                                                       system_iq_0_0_xpm_fifo_async__parameterized0 |        181 |         49 |     132 |    0 |   455 |      0 |      0 |          0 |
|             gnuram_async_fifo.xpm_fifo_base_inst                         |                                                        system_iq_0_0_xpm_fifo_base__parameterized0 |        181 |         49 |     132 |    0 |   455 |      0 |      0 |          0 |
|               gen_sdpram.xpm_memory_base_inst                            |                                                      system_iq_0_0_xpm_memory_base__parameterized0 |        132 |          0 |     132 |    0 |   380 |      0 |      0 |          0 |
|           input_fifo                                                     |                                                                       system_iq_0_0_xpm_fifo_async |         77 |         77 |       0 |    0 |   179 |      4 |      0 |          0 |
|             gnuram_async_fifo.xpm_fifo_base_inst                         |                                                                        system_iq_0_0_xpm_fifo_base |         77 |         77 |       0 |    0 |   179 |      4 |      0 |          0 |
|           rb                                                             |                                                                       system_iq_0_0_result_builder |        894 |        894 |       0 |    0 |  2647 |      0 |      0 |          9 |
|             (rb)                                                         |                                                                       system_iq_0_0_result_builder |        443 |        443 |       0 |    0 |  2215 |      0 |      0 |          9 |
|             divide                                                       |                                                                             system_iq_0_0_udiv64_0 |        278 |        278 |       0 |    0 |   264 |      0 |      0 |          0 |
|             sqrt                                                         |                                                                              system_iq_0_0_isqrt64 |        174 |        174 |       0 |    0 |   168 |      0 |      0 |          0 |
|           sm                                                             |                                                                     system_iq_0_0_spectrum_measure |       1245 |       1139 |     106 |    0 |  1687 |     20 |      4 |          4 |
|             (sm)                                                         |                                                                     system_iq_0_0_spectrum_measure |        987 |        881 |     106 |    0 |  1486 |     20 |      4 |          4 |
|             div200                                                       |                                                                               system_iq_0_0_udiv64 |        259 |        259 |       0 |    0 |   201 |      0 |      0 |          0 |
|           tm                                                             |                                                                         system_iq_0_0_time_measure |       1691 |       1659 |      32 |    0 |  2265 |      0 |      0 |          2 |
|             (tm)                                                         |                                                                         system_iq_0_0_time_measure |       1104 |       1072 |      32 |    0 |  1633 |      0 |      0 |          2 |
|             digital_detector                                             |                                                                system_iq_0_0_digital_burst_measure |        591 |        591 |       0 |    0 |   632 |      0 |      0 |          0 |
|           transform                                                      |                                                                           system_iq_0_0_window_fft |       5241 |       3857 |       0 | 1384 |  9111 |      5 |     31 |         38 |
|             (transform)                                                  |                                                                           system_iq_0_0_window_fft |         24 |         24 |       0 |    0 |    71 |      4 |      1 |          2 |
|             fft                                                          |                                                                                            fft8192 |       5217 |       3833 |       0 | 1384 |  9040 |      1 |     30 |         36 |
|               U0                                                         |                                                                               fft8192_xfft_v9_1_16 |       5217 |       3833 |       0 | 1384 |  9040 |      1 |     30 |         36 |
|                 i_synth                                                  |                                                                           fft8192_xfft_v9_1_16_viv |       5217 |       3833 |       0 | 1384 |  9040 |      1 |     30 |         36 |
|                   axi_wrapper                                            |                                                                                fft8192_axi_wrapper |        231 |        165 |       0 |   66 |   383 |      0 |      0 |          0 |
|                     (axi_wrapper)                                        |                                                                                fft8192_axi_wrapper |         42 |         42 |       0 |    0 |    71 |      0 |      0 |          0 |
|                     data_out_channel                                     |                                                    fft8192_axi_wrapper_output_fifo__parameterized0 |         48 |         16 |       0 |   32 |    71 |      0 |      0 |          0 |
|                       gen_non_real_time.fifo                             |                                                             fft8192_glb_ifx_master__parameterized0 |         42 |         10 |       0 |   32 |    71 |      0 |      0 |          0 |
|                         fifo0                                            |                                                               fft8192_glb_srl_fifo__parameterized5 |         42 |         10 |       0 |   32 |    71 |      0 |      0 |          0 |
|                     gen_input_fifo_read_default.data_in_channel_fifo     |                                                     fft8192_axi_wrapper_input_fifo__parameterized0 |        113 |         88 |       0 |   25 |   208 |      0 |      0 |          0 |
|                       (gen_input_fifo_read_default.data_in_channel_fifo) |                                                     fft8192_axi_wrapper_input_fifo__parameterized0 |          6 |          6 |       0 |    0 |   100 |      0 |      0 |          0 |
|                       gen_non_real_time.data_in_fifo_pt1                 |                                                              fft8192_glb_ifx_slave__parameterized0 |        107 |         82 |       0 |   25 |   108 |      0 |      0 |          0 |
|                         (gen_non_real_time.data_in_fifo_pt1)             |                                                              fft8192_glb_ifx_slave__parameterized0 |         74 |         74 |       0 |    0 |    51 |      0 |      0 |          0 |
|                         fifo0                                            |                                                               fft8192_glb_srl_fifo__parameterized1 |         33 |          8 |       0 |   25 |    57 |      0 |      0 |          0 |
|                   non_native_flt_non_ssr_fft.xfft_inst                   |                                                                          fft8192_xfft_v9_1_16_core |       4990 |       3672 |       0 | 1318 |  8657 |      1 |     30 |         36 |
|                     non_floating_point.arch_d.xfft_inst                  |                                                                             fft8192_xfft_v9_1_16_d |       4990 |       3672 |       0 | 1318 |  8657 |      1 |     30 |         36 |
|                       pe_gen[6].natural_order_input.PE                   |                                                                     fft8192_r22_pe__parameterized5 |        195 |        166 |       0 |   29 |   439 |      0 |      0 |          0 |
|                         rounding.ROUND_1                                 |                                                           fft8192_unbiased_round__parameterized0_8 |         19 |          6 |       0 |   13 |    52 |      0 |      0 |          0 |
|                         FW_1.BF_1                                        |                                                                  fft8192_r22_bf_sp__parameterized3 |        100 |        100 |       0 |    0 |   249 |      0 |      0 |          0 |
|                         rounding.ROUND_0                                 |                                                             fft8192_unbiased_round__parameterized0 |         19 |          6 |       0 |   13 |    52 |      0 |      0 |          0 |
|                       FLOW                                               |                                                                              fft8192_r22_flow_ctrl |         47 |         46 |       0 |    1 |    83 |      0 |      0 |          0 |
|                       pe_gen[0].natural_order_input.PE                   |                                                                                     fft8192_r22_pe |        825 |        625 |       0 |  200 |  1437 |      1 |     18 |          6 |
|                         rounding.ROUND_1                                 |                                                                         fft8192_unbiased_round_560 |         21 |          8 |       0 |   13 |    53 |      0 |      0 |          0 |
|                         FB_1.BF_1                                        |                                                                                     fft8192_r22_bf |        210 |        154 |       0 |   56 |   314 |      0 |     12 |          0 |
|                           BTFLY0                                         |                                                                           fft8192_r22_bfly_byp_650 |        104 |        104 |       0 |    0 |   100 |      0 |      0 |          0 |
|                           MEM                                            |                                                                                 fft8192_r22_memory |         24 |         24 |       0 |    0 |    52 |      0 |     12 |          0 |
|                             blk_ram.use_bram_only.mem                    |                                                                                        fft8192_dpm |         24 |         24 |       0 |    0 |    52 |      0 |     12 |          0 |
|                               (blk_ram.use_bram_only.mem)                |                                                                                        fft8192_dpm |          4 |          4 |       0 |    0 |    52 |      0 |     12 |          0 |
|                           mem_mux_and_reg_upper_im                       |                                                              fft8192_r22_delay_mux__parameterized0 |         26 |         13 |       0 |   13 |    50 |      0 |      0 |          0 |
|                           mem_mux_and_reg_upper_re                       |                                                                              fft8192_r22_delay_mux |         26 |         13 |       0 |   13 |    50 |      0 |      0 |          0 |
|                         has_TW_mult.MULT                                 |                                                                                   fft8192_cmpy_548 |        101 |         62 |       0 |   39 |   272 |      0 |      0 |          6 |
|                           i_cmpy                                         |                                                                     fft8192_cmpy_v6_0_28_synth_630 |        101 |         62 |       0 |   39 |   272 |      0 |      0 |          6 |
|                             three_mult_structure.use_dsp.i_dsp           |                                                                           fft8192_cmpy_3_dsp48_631 |        101 |         62 |       0 |   39 |   272 |      0 |      0 |          6 |
|                               optionally_negate_inputs                   |                                                                         fft8192_input_negation_637 |         37 |         37 |       0 |    0 |    90 |      0 |      0 |          0 |
|                               mult1_preadder_d_plus_a.mult1              |                                                                      fft8192_cmpy_3_dsp48_mult_634 |         14 |          0 |       0 |   14 |    69 |      0 |      0 |          2 |
|                                 mult                                     |                                                                                    fft8192_dsp_645 |         14 |          0 |       0 |   14 |    69 |      0 |      0 |          2 |
|                               mult3_preadder_d_minus_a.mult3             |                                                      fft8192_cmpy_3_dsp48_mult__parameterized1_636 |         14 |          0 |       0 |   14 |    50 |      0 |      0 |          2 |
|                                 mult                                     |                                                                    fft8192_dsp__parameterized1_638 |         14 |          0 |       0 |   14 |    50 |      0 |      0 |          2 |
|                         has_TW_mult.TW                                   |                                                                                 fft8192_r22_tw_gen |         53 |         50 |       0 |    3 |   114 |      1 |      0 |          0 |
|                           twiddle_generator                              |                                                                                fft8192_twiddle_gen |          6 |          4 |       0 |    2 |    74 |      1 |      0 |          0 |
|                             tw1.twgen1                                   |                                                                          fft8192_twgen_quarter_sin |          6 |          4 |       0 |    2 |    74 |      1 |      0 |          0 |
|                               (tw1.twgen1)                               |                                                                          fft8192_twgen_quarter_sin |          4 |          2 |       0 |    2 |    51 |      1 |      0 |          0 |
|                         hasbf2.FB_2.BF_2                                 |                                                                     fft8192_r22_bf__parameterized0 |        221 |        188 |       0 |   33 |   429 |      0 |      6 |          0 |
|                           (hasbf2.FB_2.BF_2)                             |                                                                     fft8192_r22_bf__parameterized0 |          0 |          0 |       0 |    0 |    53 |      0 |      0 |          0 |
|                           BTFLY0                                         |                                                           fft8192_r22_bfly_byp__parameterized0_582 |        108 |        108 |       0 |    0 |   104 |      0 |      0 |          0 |
|                           MEM                                            |                                                                 fft8192_r22_memory__parameterized0 |          0 |          0 |       0 |    0 |    52 |      0 |      6 |          0 |
|                             blk_ram.use_bram_only.mem                    |                                                                        fft8192_dpm__parameterized0 |          0 |          0 |       0 |    0 |    52 |      0 |      6 |          0 |
|                           mem_mux_and_reg_upper_im                       |                                                              fft8192_r22_delay_mux__parameterized2 |         26 |         13 |       0 |   13 |    52 |      0 |      0 |          0 |
|                           mem_mux_and_reg_upper_re                       |                                                              fft8192_r22_delay_mux__parameterized1 |         26 |         13 |       0 |   13 |    52 |      0 |      0 |          0 |
|                         rounding.ROUND_0                                 |                                                                         fft8192_unbiased_round_559 |         21 |          8 |       0 |   13 |    53 |      0 |      0 |          0 |
|                       pe_gen[1].natural_order_input.PE                   |                                                                     fft8192_r22_pe__parameterized0 |        779 |        586 |       0 |  193 |  1405 |      0 |      6 |          6 |
|                         rounding.ROUND_1                                 |                                                                         fft8192_unbiased_round_429 |         21 |          8 |       0 |   13 |    53 |      0 |      0 |          0 |
|                         FB_1.BF_1                                        |                                                                     fft8192_r22_bf__parameterized1 |        186 |        130 |       0 |   56 |   310 |      0 |      3 |          0 |
|                           BTFLY0                                         |                                                                           fft8192_r22_bfly_byp_518 |        104 |        104 |       0 |    0 |   100 |      0 |      0 |          0 |
|                           MEM                                            |                                                                 fft8192_r22_memory__parameterized1 |          0 |          0 |       0 |    0 |    50 |      0 |      3 |          0 |
|                             blk_ram.use_bram_only.mem                    |                                                                        fft8192_dpm__parameterized1 |          0 |          0 |       0 |    0 |    50 |      0 |      3 |          0 |
|                           mem_mux_and_reg_upper_im                       |                                                              fft8192_r22_delay_mux__parameterized4 |         26 |         13 |       0 |   13 |    50 |      0 |      0 |          0 |
|                           mem_mux_and_reg_upper_re                       |                                                              fft8192_r22_delay_mux__parameterized3 |         26 |         13 |       0 |   13 |    50 |      0 |      0 |          0 |
|                         has_TW_mult.MULT                                 |                                                                                   fft8192_cmpy_417 |        101 |         62 |       0 |   39 |   272 |      0 |      0 |          6 |
|                           i_cmpy                                         |                                                                     fft8192_cmpy_v6_0_28_synth_498 |        101 |         62 |       0 |   39 |   272 |      0 |      0 |          6 |
|                             three_mult_structure.use_dsp.i_dsp           |                                                                           fft8192_cmpy_3_dsp48_499 |        101 |         62 |       0 |   39 |   272 |      0 |      0 |          6 |
|                               optionally_negate_inputs                   |                                                                         fft8192_input_negation_505 |         37 |         37 |       0 |    0 |    90 |      0 |      0 |          0 |
|                               mult1_preadder_d_plus_a.mult1              |                                                                      fft8192_cmpy_3_dsp48_mult_502 |         14 |          0 |       0 |   14 |    69 |      0 |      0 |          2 |
|                                 mult                                     |                                                                                    fft8192_dsp_513 |         14 |          0 |       0 |   14 |    69 |      0 |      0 |          2 |
|                               mult3_preadder_d_minus_a.mult3             |                                                      fft8192_cmpy_3_dsp48_mult__parameterized1_504 |         14 |          0 |       0 |   14 |    50 |      0 |      0 |          2 |
|                                 mult                                     |                                                                    fft8192_dsp__parameterized1_506 |         14 |          0 |       0 |   14 |    50 |      0 |      0 |          2 |
|                         has_TW_mult.TW                                   |                                                                 fft8192_r22_tw_gen__parameterized0 |         41 |         38 |       0 |    3 |   102 |      0 |      1 |          0 |
|                           twiddle_generator                              |                                                                fft8192_twiddle_gen__parameterized0 |          6 |          4 |       0 |    2 |    68 |      0 |      1 |          0 |
|                             tw1.twgen1                                   |                                                          fft8192_twgen_quarter_sin__parameterized0 |          6 |          4 |       0 |    2 |    68 |      0 |      1 |          0 |
|                         hasbf2.FB_2.BF_2                                 |                                                                     fft8192_r22_bf__parameterized2 |        220 |        188 |       0 |   32 |   427 |      0 |      2 |          0 |
|                           (hasbf2.FB_2.BF_2)                             |                                                                     fft8192_r22_bf__parameterized2 |          0 |          0 |       0 |    0 |    53 |      0 |      0 |          0 |
|                           BTFLY0                                         |                                                           fft8192_r22_bfly_byp__parameterized0_451 |        108 |        108 |       0 |    0 |   104 |      0 |      0 |          0 |
|                           MEM                                            |                                                                 fft8192_r22_memory__parameterized2 |          0 |          0 |       0 |    0 |    52 |      0 |      2 |          0 |
|                             blk_ram.use_bram_only.mem                    |                                                                        fft8192_dpm__parameterized2 |          0 |          0 |       0 |    0 |    52 |      0 |      2 |          0 |
|                           mem_mux_and_reg_upper_im                       |                                                              fft8192_r22_delay_mux__parameterized6 |         26 |         13 |       0 |   13 |    52 |      0 |      0 |          0 |
|                           mem_mux_and_reg_upper_re                       |                                                              fft8192_r22_delay_mux__parameterized5 |         26 |         13 |       0 |   13 |    52 |      0 |      0 |          0 |
|                         rounding.ROUND_0                                 |                                                                         fft8192_unbiased_round_428 |         21 |          8 |       0 |   13 |    53 |      0 |      0 |          0 |
|                       pe_gen[2].natural_order_input.PE                   |                                                                     fft8192_r22_pe__parameterized1 |        740 |        564 |       0 |  176 |  1348 |      0 |      6 |          6 |
|                         rounding.ROUND_1                                 |                                                                         fft8192_unbiased_round_298 |         21 |          8 |       0 |   13 |    53 |      0 |      0 |          0 |
|                         FB_1.BF_1                                        |                                                                     fft8192_r22_bf__parameterized3 |        185 |        130 |       0 |   55 |   308 |      0 |      2 |          0 |
|                           BTFLY0                                         |                                                                           fft8192_r22_bfly_byp_387 |        104 |        104 |       0 |    0 |   100 |      0 |      0 |          0 |
|                           MEM                                            |                                                                 fft8192_r22_memory__parameterized3 |          0 |          0 |       0 |    0 |    50 |      0 |      2 |          0 |
|                             blk_ram.use_bram_only.mem                    |                                                                        fft8192_dpm__parameterized3 |          0 |          0 |       0 |    0 |    50 |      0 |      2 |          0 |
|                           mem_mux_and_reg_upper_im                       |                                                              fft8192_r22_delay_mux__parameterized8 |         26 |         13 |       0 |   13 |    50 |      0 |      0 |          0 |
|                           mem_mux_and_reg_upper_re                       |                                                              fft8192_r22_delay_mux__parameterized7 |         26 |         13 |       0 |   13 |    50 |      0 |      0 |          0 |
|                         has_TW_mult.MULT                                 |                                                                                   fft8192_cmpy_287 |         65 |         26 |       0 |   39 |   272 |      0 |      0 |          6 |
|                           i_cmpy                                         |                                                                     fft8192_cmpy_v6_0_28_synth_367 |         65 |         26 |       0 |   39 |   272 |      0 |      0 |          6 |
|                             three_mult_structure.use_dsp.i_dsp           |                                                                           fft8192_cmpy_3_dsp48_368 |         65 |         26 |       0 |   39 |   272 |      0 |      0 |          6 |
|                               optionally_negate_inputs                   |                                                                         fft8192_input_negation_374 |          1 |          1 |       0 |    0 |    90 |      0 |      0 |          0 |
|                               mult1_preadder_d_plus_a.mult1              |                                                                      fft8192_cmpy_3_dsp48_mult_371 |         14 |          0 |       0 |   14 |    69 |      0 |      0 |          2 |
|                                 mult                                     |                                                                                    fft8192_dsp_382 |         14 |          0 |       0 |   14 |    69 |      0 |      0 |          2 |
|                               mult3_preadder_d_minus_a.mult3             |                                                      fft8192_cmpy_3_dsp48_mult__parameterized1_373 |         14 |          0 |       0 |   14 |    50 |      0 |      0 |          2 |
|                                 mult                                     |                                                                    fft8192_dsp__parameterized1_375 |         14 |          0 |       0 |   14 |    50 |      0 |      0 |          2 |
|                         has_TW_mult.TW                                   |                                                                 fft8192_r22_tw_gen__parameterized1 |         53 |         52 |       0 |    1 |    67 |      0 |      2 |          0 |
|                         hasbf2.FB_2.BF_2                                 |                                                                     fft8192_r22_bf__parameterized4 |        219 |        188 |       0 |   31 |   425 |      0 |      2 |          0 |
|                           (hasbf2.FB_2.BF_2)                             |                                                                     fft8192_r22_bf__parameterized4 |          0 |          0 |       0 |    0 |    53 |      0 |      0 |          0 |
|                           BTFLY0                                         |                                                           fft8192_r22_bfly_byp__parameterized0_320 |        108 |        108 |       0 |    0 |   104 |      0 |      0 |          0 |
|                           MEM                                            |                                                                 fft8192_r22_memory__parameterized4 |          0 |          0 |       0 |    0 |    52 |      0 |      2 |          0 |
|                             blk_ram.use_bram_only.mem                    |                                                                        fft8192_dpm__parameterized4 |          0 |          0 |       0 |    0 |    52 |      0 |      2 |          0 |
|                           mem_mux_and_reg_upper_im                       |                                                             fft8192_r22_delay_mux__parameterized10 |         26 |         13 |       0 |   13 |    52 |      0 |      0 |          0 |
|                           mem_mux_and_reg_upper_re                       |                                                              fft8192_r22_delay_mux__parameterized9 |         26 |         13 |       0 |   13 |    52 |      0 |      0 |          0 |
|                         rounding.ROUND_0                                 |                                                                         fft8192_unbiased_round_297 |         21 |          8 |       0 |   13 |    53 |      0 |      0 |          0 |
|                       pe_gen[3].natural_order_input.PE                   |                                                                     fft8192_r22_pe__parameterized2 |        909 |        598 |       0 |  311 |  1349 |      0 |      0 |          6 |
|                         rounding.ROUND_1                                 |                                                                         fft8192_unbiased_round_194 |         21 |          8 |       0 |   13 |    53 |      0 |      0 |          0 |
|                         FB_1.BF_1                                        |                                                                     fft8192_r22_bf__parameterized5 |        281 |        130 |       0 |  151 |   300 |      0 |      0 |          0 |
|                           BTFLY0                                         |                                                                               fft8192_r22_bfly_byp |        104 |        104 |       0 |    0 |   100 |      0 |      0 |          0 |
|                           MEM                                            |                                                                 fft8192_r22_memory__parameterized5 |        100 |          0 |       0 |  100 |    50 |      0 |      0 |          0 |
|                             dist_ram.srlram.ram                          |                                                                             fft8192_r22_srl_memory |        100 |          0 |       0 |  100 |    50 |      0 |      0 |          0 |
|                               fixed_length.shift_ram                     |                                                  fft8192_c_shift_ram_v12_0_21_viv__parameterized16 |        100 |          0 |       0 |  100 |    50 |      0 |      0 |          0 |
|                                 i_bb_inst                                |                                               fft8192_c_shift_ram_v12_0_21_legacy__parameterized16 |        100 |          0 |       0 |  100 |    50 |      0 |      0 |          0 |
|                           mem_mux_and_reg_upper_im                       |                                                             fft8192_r22_delay_mux__parameterized12 |         26 |         13 |       0 |   13 |    50 |      0 |      0 |          0 |
|                           mem_mux_and_reg_upper_re                       |                                                             fft8192_r22_delay_mux__parameterized11 |         26 |         13 |       0 |   13 |    50 |      0 |      0 |          0 |
|                         has_TW_mult.MULT                                 |                                                                                   fft8192_cmpy_187 |        100 |         62 |       0 |   38 |   272 |      0 |      0 |          6 |
|                           i_cmpy                                         |                                                                     fft8192_cmpy_v6_0_28_synth_248 |        100 |         62 |       0 |   38 |   272 |      0 |      0 |          6 |
|                             three_mult_structure.use_dsp.i_dsp           |                                                                           fft8192_cmpy_3_dsp48_249 |        100 |         62 |       0 |   38 |   272 |      0 |      0 |          6 |
|                               optionally_negate_inputs                   |                                                                         fft8192_input_negation_255 |         37 |         37 |       0 |    0 |    90 |      0 |      0 |          0 |
|                               mult1_preadder_d_plus_a.mult1              |                                                                      fft8192_cmpy_3_dsp48_mult_252 |         14 |          0 |       0 |   14 |    69 |      0 |      0 |          2 |
|                                 mult                                     |                                                                                    fft8192_dsp_263 |         14 |          0 |       0 |   14 |    69 |      0 |      0 |          2 |
|                               mult3_preadder_d_minus_a.mult3             |                                                      fft8192_cmpy_3_dsp48_mult__parameterized1_254 |         14 |          0 |       0 |   14 |    50 |      0 |      0 |          2 |
|                                 mult                                     |                                                                    fft8192_dsp__parameterized1_256 |         14 |          0 |       0 |   14 |    50 |      0 |      0 |          2 |
|                         has_TW_mult.TW                                   |                                                                 fft8192_r22_tw_gen__parameterized2 |         50 |         50 |       0 |    0 |   100 |      0 |      0 |          0 |
|                           twiddle_generator                              |                                                                fft8192_twiddle_gen__parameterized2 |         37 |         37 |       0 |    0 |    75 |      0 |      0 |          0 |
|                             tw2.twgen2                                   |                                                                              fft8192_twgen_distmem |         37 |         37 |       0 |    0 |    75 |      0 |      0 |          0 |
|                         hasbf2.FB_2.BF_2                                 |                                                                     fft8192_r22_bf__parameterized6 |        267 |        188 |       0 |   79 |   418 |      0 |      0 |          0 |
|                           (hasbf2.FB_2.BF_2)                             |                                                                     fft8192_r22_bf__parameterized6 |          0 |          0 |       0 |    0 |    53 |      0 |      0 |          0 |
|                           BTFLY0                                         |                                                               fft8192_r22_bfly_byp__parameterized0 |        108 |        108 |       0 |    0 |   104 |      0 |      0 |          0 |
|                           MEM                                            |                                                                 fft8192_r22_memory__parameterized6 |         52 |          0 |       0 |   52 |    52 |      0 |      0 |          0 |
|                             dist_ram.srlram.ram                          |                                                             fft8192_r22_srl_memory__parameterized0 |         52 |          0 |       0 |   52 |    52 |      0 |      0 |          0 |
|                               fixed_length.shift_ram                     |                                                  fft8192_c_shift_ram_v12_0_21_viv__parameterized17 |         52 |          0 |       0 |   52 |    52 |      0 |      0 |          0 |
|                                 i_bb_inst                                |                                               fft8192_c_shift_ram_v12_0_21_legacy__parameterized17 |         52 |          0 |       0 |   52 |    52 |      0 |      0 |          0 |
|                           mem_mux_and_reg_upper_im                       |                                                             fft8192_r22_delay_mux__parameterized14 |         26 |         13 |       0 |   13 |    52 |      0 |      0 |          0 |
|                           mem_mux_and_reg_upper_re                       |                                                             fft8192_r22_delay_mux__parameterized13 |         26 |         13 |       0 |   13 |    52 |      0 |      0 |          0 |
|                         rounding.ROUND_0                                 |                                                                         fft8192_unbiased_round_193 |         21 |          8 |       0 |   13 |    53 |      0 |      0 |          0 |
|                       pe_gen[4].natural_order_input.PE                   |                                                                     fft8192_r22_pe__parameterized3 |        721 |        527 |       0 |  194 |  1230 |      0 |      0 |          6 |
|                         rounding.ROUND_1                                 |                                                                          fft8192_unbiased_round_91 |         21 |          8 |       0 |   13 |    53 |      0 |      0 |          0 |
|                         FW_1.BF_1                                        |                                                                                  fft8192_r22_bf_sp |        151 |        100 |       0 |   51 |   249 |      0 |      0 |          0 |
|                         has_TW_mult.MULT                                 |                                                                                    fft8192_cmpy_86 |        101 |         62 |       0 |   39 |   272 |      0 |      0 |          6 |
|                           i_cmpy                                         |                                                                     fft8192_cmpy_v6_0_28_synth_150 |        101 |         62 |       0 |   39 |   272 |      0 |      0 |          6 |
|                             three_mult_structure.use_dsp.i_dsp           |                                                                           fft8192_cmpy_3_dsp48_151 |        101 |         62 |       0 |   39 |   272 |      0 |      0 |          6 |
|                               optionally_negate_inputs                   |                                                                         fft8192_input_negation_157 |         37 |         37 |       0 |    0 |    90 |      0 |      0 |          0 |
|                               mult1_preadder_d_plus_a.mult1              |                                                                      fft8192_cmpy_3_dsp48_mult_154 |         14 |          0 |       0 |   14 |    69 |      0 |      0 |          2 |
|                                 mult                                     |                                                                                    fft8192_dsp_165 |         14 |          0 |       0 |   14 |    69 |      0 |      0 |          2 |
|                               mult3_preadder_d_minus_a.mult3             |                                                      fft8192_cmpy_3_dsp48_mult__parameterized1_156 |         14 |          0 |       0 |   14 |    50 |      0 |      0 |          2 |
|                                 mult                                     |                                                                    fft8192_dsp__parameterized1_158 |         14 |          0 |       0 |   14 |    50 |      0 |      0 |          2 |
|                         has_TW_mult.TW                                   |                                                                 fft8192_r22_tw_gen__parameterized3 |         38 |         38 |       0 |    0 |    82 |      0 |      0 |          0 |
|                           twiddle_generator                              |                                                                fft8192_twiddle_gen__parameterized3 |         29 |         29 |       0 |    0 |    63 |      0 |      0 |          0 |
|                             tw2.twgen2                                   |                                                              fft8192_twgen_distmem__parameterized0 |         29 |         29 |       0 |    0 |    63 |      0 |      0 |          0 |
|                         hasbf2.FW_2.BF_2                                 |                                                                  fft8192_r22_bf_sp__parameterized0 |        211 |        158 |       0 |   53 |   372 |      0 |      0 |          0 |
|                           (hasbf2.FW_2.BF_2)                             |                                                                  fft8192_r22_bf_sp__parameterized0 |          0 |          0 |       0 |    0 |    54 |      0 |      0 |          0 |
|                         rounding.ROUND_0                                 |                                                                          fft8192_unbiased_round_90 |         21 |          8 |       0 |   13 |    53 |      0 |      0 |          0 |
|                       pe_gen[5].natural_order_input.PE                   |                                                                     fft8192_r22_pe__parameterized4 |        672 |        494 |       0 |  178 |  1160 |      0 |      0 |          6 |
|                         rounding.ROUND_1                                 |                                                                          fft8192_unbiased_round_27 |         21 |          8 |       0 |   13 |    53 |      0 |      0 |          0 |
|                         FW_1.BF_1                                        |                                                                  fft8192_r22_bf_sp__parameterized1 |        151 |        100 |       0 |   51 |   249 |      0 |      0 |          0 |
|                         has_TW_mult.MULT                                 |                                                                                       fft8192_cmpy |         79 |         42 |       0 |   37 |   266 |      0 |      0 |          6 |
|                           i_cmpy                                         |                                                                         fft8192_cmpy_v6_0_28_synth |         79 |         42 |       0 |   37 |   266 |      0 |      0 |          6 |
|                             three_mult_structure.use_dsp.i_dsp           |                                                                               fft8192_cmpy_3_dsp48 |         79 |         42 |       0 |   37 |   266 |      0 |      0 |          6 |
|                               optionally_negate_inputs                   |                                                                             fft8192_input_negation |         17 |         17 |       0 |    0 |    88 |      0 |      0 |          0 |
|                               mult1_preadder_d_plus_a.mult1              |                                                                          fft8192_cmpy_3_dsp48_mult |         14 |          0 |       0 |   14 |    67 |      0 |      0 |          2 |
|                                 mult                                     |                                                                                        fft8192_dsp |         14 |          0 |       0 |   14 |    67 |      0 |      0 |          2 |
|                         hasbf2.FW_2.BF_2                                 |                                                                  fft8192_r22_bf_sp__parameterized2 |        210 |        158 |       0 |   52 |   373 |      0 |      0 |          0 |
|                           (hasbf2.FW_2.BF_2)                             |                                                                  fft8192_r22_bf_sp__parameterized2 |          0 |          0 |       0 |    0 |    54 |      0 |      0 |          0 |
|                         rounding.ROUND_0                                 |                                                                             fft8192_unbiased_round |         21 |          8 |       0 |   13 |    53 |      0 |      0 |          0 |
|         freq_ring                                                        |                                                                          system_iq_0_0_record_ring |        999 |        999 |       0 |    0 |  1094 |      8 |      0 |          0 |
|         snapshot_cdc                                                     |                                                                    system_iq_0_0_xpm_cdc_handshake |          2 |          2 |       0 |    0 |    73 |      0 |      0 |          0 |
|           (snapshot_cdc)                                                 |                                                                    system_iq_0_0_xpm_cdc_handshake |          2 |          2 |       0 |    0 |    67 |      0 |      0 |          0 |
+--------------------------------------------------------------------------+----------------------------------------------------------------------------------------------------+------------+------------+---------+------+-------+--------+--------+------------+
* Note: The sum of lower-level cells may be larger than their parent cells total, due to cross-hierarchy LUT combining


