Copyright 1986-2022 Xilinx, Inc. All Rights Reserved. Copyright 2022-2026 Advanced Micro Devices, Inc. All Rights Reserved.
---------------------------------------------------------------------------------------------------------------------------------------------
| Tool Version : Vivado v.2026.1 (win64) Build 6511674 Tue Jun 16 11:02:23 MDT 2026
| Date         : Fri Oct  9 18:38:10 2026
| Host         : LAPTOP-ATE8I1GS running 64-bit major release  (build 9200)
| Command      : report_utilization -hierarchical -file D:/fft/fft_phase10_resource_opt/reports/utilization.rpt
| Design       : system_wrapper
| Device       : xc7z020clg400-1
| Speed File   : -1
| Design State : Physopt postRoute
---------------------------------------------------------------------------------------------------------------------------------------------

Utilization Design Information

Table of Contents
-----------------
1. Utilization by Hierarchy

1. Utilization by Hierarchy
---------------------------

+--------------------------------------------------------------------------+------------------------------------------------------------------------------------------------------+------------+------------+---------+------+-------+--------+--------+------------+
|                                 Instance                                 |                                                Module                                                | Total LUTs | Logic LUTs | LUTRAMs | SRLs |  FFs  | RAMB36 | RAMB18 | DSP Blocks |
+--------------------------------------------------------------------------+------------------------------------------------------------------------------------------------------+------------+------------+---------+------+-------+--------+--------+------------+
| system_wrapper                                                           |                                                                                                (top) |      22775 |      17035 |    3973 | 1767 | 27786 |    103 |     50 |         49 |
|   system_i                                                               |                                                                                               system |      22775 |      17035 |    3973 | 1767 | 27786 |    103 |     50 |         49 |
|     ps7_axi_periph                                                       |                                                                              system_ps7_axi_periph_0 |        535 |        474 |       0 |   61 |   677 |      0 |      0 |          0 |
|       s00_couplers                                                       |                                                                             s00_couplers_imp_1C0N0JZ |        406 |        345 |       0 |   61 |   550 |      0 |      0 |          0 |
|         auto_pc                                                          |                                                                  system_ps7_axi_periph_imp_auto_pc_0 |        406 |        345 |       0 |   61 |   550 |      0 |      0 |          0 |
|           inst                                                           |            system_ps7_axi_periph_imp_auto_pc_0_axi_protocol_converter_v2_1_38_axi_protocol_converter |        406 |        345 |       0 |   61 |   550 |      0 |      0 |          0 |
|             gen_axilite.gen_b2s_conv.axilite_b2s                         |                               system_ps7_axi_periph_imp_auto_pc_0_axi_protocol_converter_v2_1_38_b2s |        406 |        345 |       0 |   61 |   550 |      0 |      0 |          0 |
|               WR.aw_channel_0                                            |                    system_ps7_axi_periph_imp_auto_pc_0_axi_protocol_converter_v2_1_38_b2s_aw_channel |         76 |         76 |       0 |    0 |    86 |      0 |      0 |          0 |
|                 cmd_translator_0                                         |                system_ps7_axi_periph_imp_auto_pc_0_axi_protocol_converter_v2_1_38_b2s_cmd_translator |         33 |         33 |       0 |    0 |    68 |      0 |      0 |          0 |
|               RD.ar_channel_0                                            |                    system_ps7_axi_periph_imp_auto_pc_0_axi_protocol_converter_v2_1_38_b2s_ar_channel |         65 |         65 |       0 |    0 |    82 |      0 |      0 |          0 |
|                 cmd_translator_0                                         |              system_ps7_axi_periph_imp_auto_pc_0_axi_protocol_converter_v2_1_38_b2s_cmd_translator_1 |         33 |         33 |       0 |    0 |    68 |      0 |      0 |          0 |
|               RD.r_channel_0                                             |                     system_ps7_axi_periph_imp_auto_pc_0_axi_protocol_converter_v2_1_38_b2s_r_channel |         61 |         14 |       0 |   47 |    24 |      0 |      0 |          0 |
|               SI_REG                                                     |                    system_ps7_axi_periph_imp_auto_pc_0_axi_register_slice_v2_1_37_axi_register_slice |        175 |        175 |       0 |    0 |   340 |      0 |      0 |          0 |
|                 ar.ar_pipe                                               |                   system_ps7_axi_periph_imp_auto_pc_0_axi_register_slice_v2_1_37_axic_register_slice |         67 |         67 |       0 |    0 |   106 |      0 |      0 |          0 |
|                 aw.aw_pipe                                               |                 system_ps7_axi_periph_imp_auto_pc_0_axi_register_slice_v2_1_37_axic_register_slice_0 |         71 |         71 |       0 |    0 |   108 |      0 |      0 |          0 |
|                 r.r_pipe                                                 |   system_ps7_axi_periph_imp_auto_pc_0_axi_register_slice_v2_1_37_axic_register_slice__parameterized2 |         27 |         27 |       0 |    0 |    96 |      0 |      0 |          0 |
|       xbar                                                               |                                                                     system_ps7_axi_periph_imp_xbar_0 |        129 |        129 |       0 |    0 |   127 |      0 |      0 |          0 |
|         inst                                                             |                                   system_ps7_axi_periph_imp_xbar_0_axi_crossbar_v2_1_39_axi_crossbar |        129 |        129 |       0 |    0 |   127 |      0 |      0 |          0 |
|           gen_sasd.crossbar_sasd_0                                       |                                  system_ps7_axi_periph_imp_xbar_0_axi_crossbar_v2_1_39_crossbar_sasd |        129 |        129 |       0 |    0 |   127 |      0 |      0 |          0 |
|             reg_slice_r                                                  |                      system_ps7_axi_periph_imp_xbar_0_axi_register_slice_v2_1_37_axic_register_slice |         52 |         52 |       0 |    0 |    74 |      0 |      0 |          0 |
|             addr_arbiter_inst                                            |                              system_ps7_axi_periph_imp_xbar_0_axi_crossbar_v2_1_39_addr_arbiter_sasd |         62 |         62 |       0 |    0 |    38 |      0 |      0 |          0 |
|     axi_dma_0                                                            |                                                                                   system_axi_dma_0_0 |        485 |        453 |       0 |   32 |   743 |      1 |      0 |          0 |
|       U0                                                                 |                                                                           system_axi_dma_0_0_axi_dma |        485 |        453 |       0 |   32 |   743 |      1 |      0 |          0 |
|         INCLUDE_MM2S_SOF_EOF_GENERATOR.I_MM2S_DMA_MNGR                   |                                                                 system_axi_dma_0_0_axi_dma_mm2s_mngr |         12 |         12 |       0 |    0 |    73 |      0 |      0 |          0 |
|           GEN_MM2S_DMA_CONTROL.GEN_SIMPLE_DMA_MODE.I_MM2S_SMPL_SM        |                                                                  system_axi_dma_0_0_axi_dma_smple_sm |          5 |          5 |       0 |    0 |    62 |      0 |      0 |          0 |
|         I_AXI_DMA_REG_MODULE                                             |                                                                system_axi_dma_0_0_axi_dma_reg_module |         79 |         79 |       0 |    0 |   168 |      0 |      0 |          0 |
|           GEN_AXI_LITE_IF.AXI_LITE_IF_I                                  |                                                                   system_axi_dma_0_0_axi_dma_lite_if |         56 |         56 |       0 |    0 |    81 |      0 |      0 |          0 |
|           GEN_MM2S_REGISTERS.I_MM2S_DMA_REGISTER                         |                                                                  system_axi_dma_0_0_axi_dma_register |         23 |         23 |       0 |    0 |    87 |      0 |      0 |          0 |
|         I_PRMRY_DATAMOVER                                                |                                                                     system_axi_dma_0_0_axi_datamover |        387 |        355 |       0 |   32 |   478 |      1 |      0 |          0 |
|           GEN_MM2S_FULL.I_MM2S_FULL_WRAPPER                              |                                                      system_axi_dma_0_0_axi_datamover_mm2s_full_wrap |        387 |        355 |       0 |   32 |   478 |      1 |      0 |          0 |
|             ENABLE_AXIS_SKID.I_MM2S_SKID_BUF                             |                                                            system_axi_dma_0_0_axi_datamover_skid_buf |         46 |         46 |       0 |    0 |    81 |      0 |      0 |          0 |
|             GEN_INCLUDE_MM2S_SF.I_RD_SF                                  |                                                               system_axi_dma_0_0_axi_datamover_rd_sf |         75 |         75 |       0 |    0 |    59 |      1 |      0 |          0 |
|               I_DATA_FIFO                                                |                                                        system_axi_dma_0_0_axi_datamover_sfifo_autord |         62 |         62 |       0 |    0 |    47 |      1 |      0 |          0 |
|                 BLK_MEM.I_SYNC_FIFOGEN_FIFO                              |                                                                     system_axi_dma_0_0_xpm_fifo_sync |         56 |         56 |       0 |    0 |    47 |      1 |      0 |          0 |
|                   xpm_fifo_base_inst                                     |                                                                     system_axi_dma_0_0_xpm_fifo_base |         56 |         56 |       0 |    0 |    47 |      1 |      0 |          0 |
|             I_CMD_STATUS                                                 |                                                          system_axi_dma_0_0_axi_datamover_cmd_status |         10 |         10 |       0 |    0 |    68 |      0 |      0 |          0 |
|               I_CMD_FIFO                                                 |                                                                system_axi_dma_0_0_axi_datamover_fifo |          3 |          3 |       0 |    0 |    62 |      0 |      0 |          0 |
|             I_MSTR_PCC                                                   |                                                                 system_axi_dma_0_0_axi_datamover_pcc |        163 |        163 |       0 |    0 |   166 |      0 |      0 |          0 |
|               (I_MSTR_PCC)                                               |                                                                 system_axi_dma_0_0_axi_datamover_pcc |        162 |        162 |       0 |    0 |   166 |      0 |      0 |          0 |
|     axi_mem_intercon                                                     |                                                                            system_axi_mem_intercon_0 |        206 |        184 |       2 |   20 |   315 |      0 |      0 |          0 |
|       s00_couplers                                                       |                                                                             s00_couplers_imp_1P403ZT |        206 |        184 |       2 |   20 |   315 |      0 |      0 |          0 |
|         auto_pc                                                          |                                                                system_axi_mem_intercon_imp_auto_pc_0 |         43 |         41 |       2 |    0 |    88 |      0 |      0 |          0 |
|           inst                                                           |          system_axi_mem_intercon_imp_auto_pc_0_axi_protocol_converter_v2_1_38_axi_protocol_converter |         43 |         41 |       2 |    0 |    88 |      0 |      0 |          0 |
|             gen_axi4_axi3.axi3_conv_inst                                 |                       system_axi_mem_intercon_imp_auto_pc_0_axi_protocol_converter_v2_1_38_axi3_conv |         43 |         41 |       2 |    0 |    88 |      0 |      0 |          0 |
|               (USE_READ.USE_SPLIT_R.read_addr_inst)                      |                     system_axi_mem_intercon_imp_auto_pc_0_axi_protocol_converter_v2_1_38_a_axi3_conv |          6 |          6 |       0 |    0 |    50 |      0 |      0 |          0 |
|         auto_us                                                          |                                                                system_axi_mem_intercon_imp_auto_us_0 |        163 |        143 |       0 |   20 |   227 |      0 |      0 |          0 |
|           inst                                                           |                               system_axi_mem_intercon_imp_auto_us_0_axi_dwidth_converter_v2_1_38_top |        163 |        143 |       0 |   20 |   227 |      0 |      0 |          0 |
|             gen_upsizer.gen_full_upsizer.axi_upsizer_inst                |                       system_axi_mem_intercon_imp_auto_us_0_axi_dwidth_converter_v2_1_38_axi_upsizer |        163 |        143 |       0 |   20 |   227 |      0 |      0 |          0 |
|               USE_READ.gen_non_fifo_r_upsizer.mi_register_slice_inst     |                  system_axi_mem_intercon_imp_auto_us_0_axi_register_slice_v2_1_37_axi_register_slice |         36 |         36 |       0 |    0 |   136 |      0 |      0 |          0 |
|                 r.r_pipe                                                 | system_axi_mem_intercon_imp_auto_us_0_axi_register_slice_v2_1_37_axic_register_slice__parameterized2 |         36 |         36 |       0 |    0 |   136 |      0 |      0 |          0 |
|               USE_READ.gen_non_fifo_r_upsizer.read_data_inst             |                         system_axi_mem_intercon_imp_auto_us_0_axi_dwidth_converter_v2_1_38_r_upsizer |         54 |         54 |       0 |    0 |    18 |      0 |      0 |          0 |
|               USE_READ.read_addr_inst                                    |                         system_axi_mem_intercon_imp_auto_us_0_axi_dwidth_converter_v2_1_38_a_upsizer |         51 |         31 |       0 |   20 |    29 |      0 |      0 |          0 |
|                 GEN_CMD_QUEUE.cmd_queue                                  |                         system_axi_mem_intercon_imp_auto_us_0_generic_baseblocks_v2_1_2_command_fifo |         51 |         31 |       0 |   20 |    28 |      0 |      0 |          0 |
|     iq_0                                                                 |                                                                                        system_iq_0_0 |      21533 |      15909 |    3971 | 1653 | 26018 |    102 |     50 |         49 |
|       inst                                                               |                                                                          system_iq_0_0_iq_peripheral |      21533 |      15909 |    3971 | 1653 | 26018 |    102 |     50 |         49 |
|         (inst)                                                           |                                                                          system_iq_0_0_iq_peripheral |       1006 |       1006 |       0 |    0 |  2933 |      2 |      0 |          0 |
|         bank0                                                            |                                                                         system_iq_0_0_iq_replay_bank |         58 |         58 |       0 |    0 |     0 |     32 |      0 |          0 |
|         bank1                                                            |                                                                       system_iq_0_0_iq_replay_bank_0 |        159 |        159 |       0 |    0 |     0 |     32 |      0 |          0 |
|         burst_ring                                                       |                                                            system_iq_0_0_record_ring__parameterized0 |       1457 |       1457 |       0 |    0 |   588 |      2 |      0 |          0 |
|         core                                                             |                                                                          system_iq_0_0_analyzer_core |      17530 |      11906 |    3971 | 1653 | 21323 |     30 |     50 |         49 |
|           (core)                                                         |                                                                          system_iq_0_0_analyzer_core |        147 |        147 |       0 |    0 |   548 |      0 |      0 |          0 |
|           bursts                                                         |                                                             system_iq_0_0_small_fifo__parameterized0 |        189 |         13 |     176 |    0 |    13 |      0 |      0 |          0 |
|           config_cdc                                                     |                                                                   system_iq_0_0_xpm_cdc_array_single |          0 |          0 |       0 |    0 |   116 |      0 |      0 |          0 |
|           contexts                                                       |                                                                             system_iq_0_0_small_fifo |        185 |         57 |     128 |    0 |    13 |      0 |      0 |          0 |
|           diagnostic_cdc                                                 |                                                      system_iq_0_0_xpm_cdc_handshake__parameterized0 |          2 |          2 |       0 |    0 |   425 |      0 |      0 |          0 |
|             (diagnostic_cdc)                                             |                                                      system_iq_0_0_xpm_cdc_handshake__parameterized0 |          2 |          2 |       0 |    0 |   419 |      0 |      0 |          0 |
|           freq_cdc                                                       |                                                         system_iq_0_0_xpm_fifo_async__parameterized0 |        181 |         49 |     132 |    0 |   455 |      0 |      0 |          0 |
|             gnuram_async_fifo.xpm_fifo_base_inst                         |                                                          system_iq_0_0_xpm_fifo_base__parameterized0 |        181 |         49 |     132 |    0 |   455 |      0 |      0 |          0 |
|               gen_sdpram.xpm_memory_base_inst                            |                                                        system_iq_0_0_xpm_memory_base__parameterized0 |        132 |          0 |     132 |    0 |   380 |      0 |      0 |          0 |
|           input_fifo                                                     |                                                                         system_iq_0_0_xpm_fifo_async |        124 |        124 |       0 |    0 |   248 |      4 |      0 |          0 |
|             gnuram_async_fifo.xpm_fifo_base_inst                         |                                                                          system_iq_0_0_xpm_fifo_base |        124 |        124 |       0 |    0 |   248 |      4 |      0 |          0 |
|           rb                                                             |                                                                         system_iq_0_0_result_builder |       1084 |       1084 |       0 |    0 |  2864 |      0 |      0 |          5 |
|             (rb)                                                         |                                                                         system_iq_0_0_result_builder |        640 |        640 |       0 |    0 |  2432 |      0 |      0 |          5 |
|             divide                                                       |                                                                               system_iq_0_0_udiv64_8 |        270 |        270 |       0 |    0 |   264 |      0 |      0 |          0 |
|             sqrt                                                         |                                                                                system_iq_0_0_isqrt64 |        175 |        175 |       0 |    0 |   168 |      0 |      0 |          0 |
|           sm                                                             |                                                                       system_iq_0_0_spectrum_measure |       7068 |       3600 |    3468 |    0 |  4466 |     24 |      0 |          4 |
|             (sm)                                                         |                                                                       system_iq_0_0_spectrum_measure |       2456 |       2348 |     108 |    0 |  3573 |      0 |      0 |          4 |
|             deferred                                                     |                                                                system_iq_0_0_spectrum_deferred_queue |       4136 |        776 |    3360 |    0 |   557 |      0 |      0 |          0 |
|             div200                                                       |                                                                                 system_iq_0_0_udiv64 |        258 |        258 |       0 |    0 |   201 |      0 |      0 |          0 |
|             lanes[0].storage                                             |                                                                   system_iq_0_0_spectrum_shared_lane |         30 |         30 |       0 |    0 |    62 |      3 |      0 |          0 |
|           tm                                                             |                                                                           system_iq_0_0_time_measure |       1763 |       1731 |      32 |    0 |  2346 |      0 |      0 |          2 |
|             (tm)                                                         |                                                                           system_iq_0_0_time_measure |       1109 |       1077 |      32 |    0 |  1634 |      0 |      0 |          2 |
|             digital_detector                                             |                                                                  system_iq_0_0_digital_burst_measure |        655 |        655 |       0 |    0 |   712 |      0 |      0 |          0 |
|           transform                                                      |                                                                             system_iq_0_0_window_fft |       6787 |       5099 |      35 | 1653 |  9829 |      2 |     50 |         38 |
|             (transform)                                                  |                                                                             system_iq_0_0_window_fft |        928 |        926 |       0 |    2 |   193 |      0 |      0 |          2 |
|             fft                                                          |                                                                                              fft8192 |       5859 |       4173 |      35 | 1651 |  9636 |      2 |     50 |         36 |
|               U0                                                         |                                                                                 fft8192_xfft_v9_1_16 |       5859 |       4173 |      35 | 1651 |  9636 |      2 |     50 |         36 |
|                 i_synth                                                  |                                                                             fft8192_xfft_v9_1_16_viv |       5859 |       4173 |      35 | 1651 |  9636 |      2 |     50 |         36 |
|                   axi_wrapper                                            |                                                                                  fft8192_axi_wrapper |        245 |        179 |       0 |   66 |   418 |      0 |      0 |          0 |
|                     (axi_wrapper)                                        |                                                                                  fft8192_axi_wrapper |         60 |         60 |       0 |    0 |   105 |      0 |      0 |          0 |
|                     data_out_channel                                     |                                                      fft8192_axi_wrapper_output_fifo__parameterized0 |         86 |         54 |       0 |   32 |    72 |      0 |      0 |          0 |
|                       gen_non_real_time.fifo                             |                                                               fft8192_glb_ifx_master__parameterized0 |         42 |         10 |       0 |   32 |    72 |      0 |      0 |          0 |
|                         fifo0                                            |                                                                 fft8192_glb_srl_fifo__parameterized5 |         42 |         10 |       0 |   32 |    72 |      0 |      0 |          0 |
|                     gen_input_fifo_read_default.data_in_channel_fifo     |                                                       fft8192_axi_wrapper_input_fifo__parameterized0 |         71 |         46 |       0 |   25 |   208 |      0 |      0 |          0 |
|                       (gen_input_fifo_read_default.data_in_channel_fifo) |                                                       fft8192_axi_wrapper_input_fifo__parameterized0 |          3 |          3 |       0 |    0 |   100 |      0 |      0 |          0 |
|                       gen_non_real_time.data_in_fifo_pt1                 |                                                                fft8192_glb_ifx_slave__parameterized0 |         68 |         43 |       0 |   25 |   108 |      0 |      0 |          0 |
|                         (gen_non_real_time.data_in_fifo_pt1)             |                                                                fft8192_glb_ifx_slave__parameterized0 |         35 |         35 |       0 |    0 |    51 |      0 |      0 |          0 |
|                         fifo0                                            |                                                                 fft8192_glb_srl_fifo__parameterized1 |         33 |          8 |       0 |   25 |    57 |      0 |      0 |          0 |
|                   non_native_flt_non_ssr_fft.xfft_inst                   |                                                                            fft8192_xfft_v9_1_16_core |       5616 |       3996 |      35 | 1585 |  9218 |      2 |     50 |         36 |
|                     non_floating_point.arch_d.xfft_inst                  |                                                                               fft8192_xfft_v9_1_16_d |       5616 |       3996 |      35 | 1585 |  9218 |      2 |     50 |         36 |
|                       pe_gen[6].natural_order_input.PE                   |                                                                       fft8192_r22_pe__parameterized5 |        439 |        355 |       0 |   84 |   821 |      0 |      0 |          0 |
|                         rounding.ROUND_1                                 |                                                             fft8192_unbiased_round__parameterized0_8 |         19 |          6 |       0 |   13 |    53 |      0 |      0 |          0 |
|                         FW_1.BF_1                                        |                                                                    fft8192_r22_bf_sp__parameterized2 |        150 |        100 |       0 |   50 |   250 |      0 |      0 |          0 |
|                         hasbf2.FW_2.BF_2                                 |                                                                    fft8192_r22_bf_sp__parameterized3 |        158 |        158 |       0 |    0 |   372 |      0 |      0 |          0 |
|                           (hasbf2.FW_2.BF_2)                             |                                                                    fft8192_r22_bf_sp__parameterized3 |          0 |          0 |       0 |    0 |    54 |      0 |      0 |          0 |
|                         rounding.ROUND_0                                 |                                                               fft8192_unbiased_round__parameterized0 |         19 |          6 |       0 |   13 |    53 |      0 |      0 |          0 |
|                       FLOW                                               |                                                                                fft8192_r22_flow_ctrl |         51 |         50 |       0 |    1 |    86 |      0 |      0 |          0 |
|                       pe_gen[0].natural_order_input.PE                   |                                                                                       fft8192_r22_pe |        898 |        695 |       0 |  203 |  1457 |      2 |     35 |          6 |
|                         rounding.ROUND_1                                 |                                                                           fft8192_unbiased_round_596 |         21 |          8 |       0 |   13 |    53 |      0 |      0 |          0 |
|                         FB_1.BF_1                                        |                                                                                       fft8192_r22_bf |        249 |        191 |       0 |   58 |   317 |      0 |     23 |          0 |
|                           BTFLY0                                         |                                                                             fft8192_r22_bfly_byp_690 |        104 |        104 |       0 |    0 |   100 |      0 |      0 |          0 |
|                           MEM                                            |                                                                                   fft8192_r22_memory |         61 |         61 |       0 |    0 |    54 |      0 |     23 |          0 |
|                             blk_ram.use_bram_only.mem                    |                                                                                          fft8192_dpm |         61 |         61 |       0 |    0 |    54 |      0 |     23 |          0 |
|                           mem_mux_and_reg_upper_im                       |                                                                fft8192_r22_delay_mux__parameterized0 |         26 |         13 |       0 |   13 |    50 |      0 |      0 |          0 |
|                           mem_mux_and_reg_upper_re                       |                                                                                fft8192_r22_delay_mux |         26 |         13 |       0 |   13 |    50 |      0 |      0 |          0 |
|                         has_TW_mult.MULT                                 |                                                                                     fft8192_cmpy_584 |        101 |         62 |       0 |   39 |   272 |      0 |      0 |          6 |
|                           i_cmpy                                         |                                                                       fft8192_cmpy_v6_0_28_synth_670 |        101 |         62 |       0 |   39 |   272 |      0 |      0 |          6 |
|                             three_mult_structure.use_dsp.i_dsp           |                                                                             fft8192_cmpy_3_dsp48_671 |        101 |         62 |       0 |   39 |   272 |      0 |      0 |          6 |
|                               optionally_negate_inputs                   |                                                                           fft8192_input_negation_677 |         37 |         37 |       0 |    0 |    90 |      0 |      0 |          0 |
|                               mult1_preadder_d_plus_a.mult1              |                                                                        fft8192_cmpy_3_dsp48_mult_674 |         14 |          0 |       0 |   14 |    69 |      0 |      0 |          2 |
|                                 mult                                     |                                                                                      fft8192_dsp_685 |         14 |          0 |       0 |   14 |    69 |      0 |      0 |          2 |
|                               mult3_preadder_d_minus_a.mult3             |                                                        fft8192_cmpy_3_dsp48_mult__parameterized1_676 |         14 |          0 |       0 |   14 |    50 |      0 |      0 |          2 |
|                                 mult                                     |                                                                      fft8192_dsp__parameterized1_678 |         14 |          0 |       0 |   14 |    50 |      0 |      0 |          2 |
|                         has_TW_mult.TW                                   |                                                                                   fft8192_r22_tw_gen |         59 |         56 |       0 |    3 |   122 |      2 |      0 |          0 |
|                           twiddle_generator                              |                                                                                  fft8192_twiddle_gen |          8 |          6 |       0 |    2 |    79 |      2 |      0 |          0 |
|                             tw1.twgen1                                   |                                                                            fft8192_twgen_quarter_sin |          8 |          6 |       0 |    2 |    79 |      2 |      0 |          0 |
|                               (tw1.twgen1)                               |                                                                            fft8192_twgen_quarter_sin |          6 |          4 |       0 |    2 |    54 |      2 |      0 |          0 |
|                         hasbf2.FB_2.BF_2                                 |                                                                       fft8192_r22_bf__parameterized0 |        252 |        219 |       0 |   33 |   432 |      0 |     12 |          0 |
|                           (hasbf2.FB_2.BF_2)                             |                                                                       fft8192_r22_bf__parameterized0 |          0 |          0 |       0 |    0 |    53 |      0 |      0 |          0 |
|                           BTFLY0                                         |                                                             fft8192_r22_bfly_byp__parameterized0_618 |        108 |        108 |       0 |    0 |   104 |      0 |      0 |          0 |
|                           MEM                                            |                                                                   fft8192_r22_memory__parameterized0 |         31 |         31 |       0 |    0 |    54 |      0 |     12 |          0 |
|                             blk_ram.use_bram_only.mem                    |                                                                          fft8192_dpm__parameterized0 |         31 |         31 |       0 |    0 |    54 |      0 |     12 |          0 |
|                               (blk_ram.use_bram_only.mem)                |                                                                          fft8192_dpm__parameterized0 |         11 |         11 |       0 |    0 |    54 |      0 |     12 |          0 |
|                           mem_mux_and_reg_upper_im                       |                                                                fft8192_r22_delay_mux__parameterized2 |         26 |         13 |       0 |   13 |    52 |      0 |      0 |          0 |
|                           mem_mux_and_reg_upper_re                       |                                                                fft8192_r22_delay_mux__parameterized1 |         26 |         13 |       0 |   13 |    52 |      0 |      0 |          0 |
|                         rounding.ROUND_0                                 |                                                                           fft8192_unbiased_round_595 |         21 |          8 |       0 |   13 |    53 |      0 |      0 |          0 |
|                       pe_gen[1].natural_order_input.PE                   |                                                                       fft8192_r22_pe__parameterized0 |        782 |        588 |       0 |  194 |  1419 |      0 |     10 |          6 |
|                         rounding.ROUND_1                                 |                                                                           fft8192_unbiased_round_464 |         21 |          8 |       0 |   13 |    53 |      0 |      0 |          0 |
|                         FB_1.BF_1                                        |                                                                       fft8192_r22_bf__parameterized1 |        187 |        130 |       0 |   57 |   311 |      0 |      6 |          0 |
|                           BTFLY0                                         |                                                                             fft8192_r22_bfly_byp_554 |        104 |        104 |       0 |    0 |   100 |      0 |      0 |          0 |
|                           MEM                                            |                                                                   fft8192_r22_memory__parameterized1 |          0 |          0 |       0 |    0 |    50 |      0 |      6 |          0 |
|                             blk_ram.use_bram_only.mem                    |                                                                          fft8192_dpm__parameterized1 |          0 |          0 |       0 |    0 |    50 |      0 |      6 |          0 |
|                           mem_mux_and_reg_upper_im                       |                                                                fft8192_r22_delay_mux__parameterized4 |         26 |         13 |       0 |   13 |    50 |      0 |      0 |          0 |
|                           mem_mux_and_reg_upper_re                       |                                                                fft8192_r22_delay_mux__parameterized3 |         26 |         13 |       0 |   13 |    50 |      0 |      0 |          0 |
|                         has_TW_mult.MULT                                 |                                                                                     fft8192_cmpy_452 |        100 |         62 |       0 |   38 |   272 |      0 |      0 |          6 |
|                           i_cmpy                                         |                                                                       fft8192_cmpy_v6_0_28_synth_534 |        100 |         62 |       0 |   38 |   272 |      0 |      0 |          6 |
|                             three_mult_structure.use_dsp.i_dsp           |                                                                             fft8192_cmpy_3_dsp48_535 |        100 |         62 |       0 |   38 |   272 |      0 |      0 |          6 |
|                               optionally_negate_inputs                   |                                                                           fft8192_input_negation_541 |         37 |         37 |       0 |    0 |    90 |      0 |      0 |          0 |
|                               mult1_preadder_d_plus_a.mult1              |                                                                        fft8192_cmpy_3_dsp48_mult_538 |         14 |          0 |       0 |   14 |    69 |      0 |      0 |          2 |
|                                 mult                                     |                                                                                      fft8192_dsp_549 |         14 |          0 |       0 |   14 |    69 |      0 |      0 |          2 |
|                               mult3_preadder_d_minus_a.mult3             |                                                        fft8192_cmpy_3_dsp48_mult__parameterized1_540 |         14 |          0 |       0 |   14 |    50 |      0 |      0 |          2 |
|                                 mult                                     |                                                                      fft8192_dsp__parameterized1_542 |         14 |          0 |       0 |   14 |    50 |      0 |      0 |          2 |
|                         has_TW_mult.TW                                   |                                                                   fft8192_r22_tw_gen__parameterized0 |         44 |         41 |       0 |    3 |   108 |      0 |      1 |          0 |
|                           twiddle_generator                              |                                                                  fft8192_twiddle_gen__parameterized0 |          7 |          5 |       0 |    2 |    71 |      0 |      1 |          0 |
|                             tw1.twgen1                                   |                                                            fft8192_twgen_quarter_sin__parameterized0 |          7 |          5 |       0 |    2 |    71 |      0 |      1 |          0 |
|                               (tw1.twgen1)                               |                                                            fft8192_twgen_quarter_sin__parameterized0 |          5 |          3 |       0 |    2 |    52 |      0 |      1 |          0 |
|                         hasbf2.FB_2.BF_2                                 |                                                                       fft8192_r22_bf__parameterized2 |        220 |        188 |       0 |   32 |   428 |      0 |      3 |          0 |
|                           (hasbf2.FB_2.BF_2)                             |                                                                       fft8192_r22_bf__parameterized2 |          0 |          0 |       0 |    0 |    53 |      0 |      0 |          0 |
|                           BTFLY0                                         |                                                             fft8192_r22_bfly_byp__parameterized0_486 |        108 |        108 |       0 |    0 |   104 |      0 |      0 |          0 |
|                           MEM                                            |                                                                   fft8192_r22_memory__parameterized2 |          0 |          0 |       0 |    0 |    52 |      0 |      3 |          0 |
|                             blk_ram.use_bram_only.mem                    |                                                                          fft8192_dpm__parameterized2 |          0 |          0 |       0 |    0 |    52 |      0 |      3 |          0 |
|                           mem_mux_and_reg_upper_im                       |                                                                fft8192_r22_delay_mux__parameterized6 |         26 |         13 |       0 |   13 |    52 |      0 |      0 |          0 |
|                           mem_mux_and_reg_upper_re                       |                                                                fft8192_r22_delay_mux__parameterized5 |         26 |         13 |       0 |   13 |    52 |      0 |      0 |          0 |
|                         rounding.ROUND_0                                 |                                                                           fft8192_unbiased_round_463 |         21 |          8 |       0 |   13 |    53 |      0 |      0 |          0 |
|                       pe_gen[2].natural_order_input.PE                   |                                                                       fft8192_r22_pe__parameterized1 |        760 |        581 |       0 |  179 |  1386 |      0 |      5 |          6 |
|                         rounding.ROUND_1                                 |                                                                           fft8192_unbiased_round_333 |         21 |          8 |       0 |   13 |    53 |      0 |      0 |          0 |
|                         FB_1.BF_1                                        |                                                                       fft8192_r22_bf__parameterized3 |        186 |        130 |       0 |   56 |   309 |      0 |      2 |          0 |
|                           BTFLY0                                         |                                                                             fft8192_r22_bfly_byp_422 |        104 |        104 |       0 |    0 |   100 |      0 |      0 |          0 |
|                           MEM                                            |                                                                   fft8192_r22_memory__parameterized3 |          0 |          0 |       0 |    0 |    50 |      0 |      2 |          0 |
|                             blk_ram.use_bram_only.mem                    |                                                                          fft8192_dpm__parameterized3 |          0 |          0 |       0 |    0 |    50 |      0 |      2 |          0 |
|                           mem_mux_and_reg_upper_im                       |                                                                fft8192_r22_delay_mux__parameterized8 |         26 |         13 |       0 |   13 |    50 |      0 |      0 |          0 |
|                           mem_mux_and_reg_upper_re                       |                                                                fft8192_r22_delay_mux__parameterized7 |         26 |         13 |       0 |   13 |    50 |      0 |      0 |          0 |
|                         has_TW_mult.MULT                                 |                                                                                     fft8192_cmpy_321 |        100 |         62 |       0 |   38 |   272 |      0 |      0 |          6 |
|                           i_cmpy                                         |                                                                       fft8192_cmpy_v6_0_28_synth_402 |        100 |         62 |       0 |   38 |   272 |      0 |      0 |          6 |
|                             three_mult_structure.use_dsp.i_dsp           |                                                                             fft8192_cmpy_3_dsp48_403 |        100 |         62 |       0 |   38 |   272 |      0 |      0 |          6 |
|                               optionally_negate_inputs                   |                                                                           fft8192_input_negation_409 |         37 |         37 |       0 |    0 |    90 |      0 |      0 |          0 |
|                               mult1_preadder_d_plus_a.mult1              |                                                                        fft8192_cmpy_3_dsp48_mult_406 |         14 |          0 |       0 |   14 |    69 |      0 |      0 |          2 |
|                                 mult                                     |                                                                                      fft8192_dsp_417 |         14 |          0 |       0 |   14 |    69 |      0 |      0 |          2 |
|                               mult3_preadder_d_minus_a.mult3             |                                                        fft8192_cmpy_3_dsp48_mult__parameterized1_408 |         14 |          0 |       0 |   14 |    50 |      0 |      0 |          2 |
|                                 mult                                     |                                                                      fft8192_dsp__parameterized1_410 |         14 |          0 |       0 |   14 |    50 |      0 |      0 |          2 |
|                         has_TW_mult.TW                                   |                                                                   fft8192_r22_tw_gen__parameterized1 |         37 |         34 |       0 |    3 |    96 |      0 |      1 |          0 |
|                           twiddle_generator                              |                                                                  fft8192_twiddle_gen__parameterized1 |          7 |          5 |       0 |    2 |    65 |      0 |      1 |          0 |
|                             tw1.twgen1                                   |                                                            fft8192_twgen_quarter_sin__parameterized1 |          7 |          5 |       0 |    2 |    65 |      0 |      1 |          0 |
|                         hasbf2.FB_2.BF_2                                 |                                                                       fft8192_r22_bf__parameterized4 |        219 |        188 |       0 |   31 |   426 |      0 |      2 |          0 |
|                           (hasbf2.FB_2.BF_2)                             |                                                                       fft8192_r22_bf__parameterized4 |          0 |          0 |       0 |    0 |    53 |      0 |      0 |          0 |
|                           BTFLY0                                         |                                                             fft8192_r22_bfly_byp__parameterized0_355 |        108 |        108 |       0 |    0 |   104 |      0 |      0 |          0 |
|                           MEM                                            |                                                                   fft8192_r22_memory__parameterized4 |          0 |          0 |       0 |    0 |    52 |      0 |      2 |          0 |
|                             blk_ram.use_bram_only.mem                    |                                                                          fft8192_dpm__parameterized4 |          0 |          0 |       0 |    0 |    52 |      0 |      2 |          0 |
|                           mem_mux_and_reg_upper_im                       |                                                               fft8192_r22_delay_mux__parameterized10 |         26 |         13 |       0 |   13 |    52 |      0 |      0 |          0 |
|                           mem_mux_and_reg_upper_re                       |                                                                fft8192_r22_delay_mux__parameterized9 |         26 |         13 |       0 |   13 |    52 |      0 |      0 |          0 |
|                         rounding.ROUND_0                                 |                                                                           fft8192_unbiased_round_332 |         21 |          8 |       0 |   13 |    53 |      0 |      0 |          0 |
|                       pe_gen[3].natural_order_input.PE                   |                                                                       fft8192_r22_pe__parameterized2 |       1078 |        580 |      35 |  463 |  1355 |      0 |      0 |          6 |
|                         rounding.ROUND_1                                 |                                                                           fft8192_unbiased_round_215 |         21 |          8 |       0 |   13 |    53 |      0 |      0 |          0 |
|                         FB_1.BF_1                                        |                                                                       fft8192_r22_bf__parameterized5 |        381 |        130 |       0 |  251 |   300 |      0 |      0 |          0 |
|                           BTFLY0                                         |                                                                             fft8192_r22_bfly_byp_291 |        104 |        104 |       0 |    0 |   100 |      0 |      0 |          0 |
|                           MEM                                            |                                                                   fft8192_r22_memory__parameterized5 |        200 |          0 |       0 |  200 |    50 |      0 |      0 |          0 |
|                             dist_ram.srlram.ram                          |                                                                               fft8192_r22_srl_memory |        200 |          0 |       0 |  200 |    50 |      0 |      0 |          0 |
|                               fixed_length.shift_ram                     |                                                    fft8192_c_shift_ram_v12_0_21_viv__parameterized13 |        200 |          0 |       0 |  200 |    50 |      0 |      0 |          0 |
|                                 i_bb_inst                                |                                                 fft8192_c_shift_ram_v12_0_21_legacy__parameterized13 |        200 |          0 |       0 |  200 |    50 |      0 |      0 |          0 |
|                           mem_mux_and_reg_upper_im                       |                                                               fft8192_r22_delay_mux__parameterized12 |         26 |         13 |       0 |   13 |    50 |      0 |      0 |          0 |
|                           mem_mux_and_reg_upper_re                       |                                                               fft8192_r22_delay_mux__parameterized11 |         26 |         13 |       0 |   13 |    50 |      0 |      0 |          0 |
|                         has_TW_mult.MULT                                 |                                                                                     fft8192_cmpy_206 |        101 |         62 |       0 |   39 |   272 |      0 |      0 |          6 |
|                           i_cmpy                                         |                                                                       fft8192_cmpy_v6_0_28_synth_271 |        101 |         62 |       0 |   39 |   272 |      0 |      0 |          6 |
|                             three_mult_structure.use_dsp.i_dsp           |                                                                             fft8192_cmpy_3_dsp48_272 |        101 |         62 |       0 |   39 |   272 |      0 |      0 |          6 |
|                               optionally_negate_inputs                   |                                                                           fft8192_input_negation_278 |         37 |         37 |       0 |    0 |    90 |      0 |      0 |          0 |
|                               mult1_preadder_d_plus_a.mult1              |                                                                        fft8192_cmpy_3_dsp48_mult_275 |         14 |          0 |       0 |   14 |    69 |      0 |      0 |          2 |
|                                 mult                                     |                                                                                      fft8192_dsp_286 |         14 |          0 |       0 |   14 |    69 |      0 |      0 |          2 |
|                               mult3_preadder_d_minus_a.mult3             |                                                        fft8192_cmpy_3_dsp48_mult__parameterized1_277 |         14 |          0 |       0 |   14 |    50 |      0 |      0 |          2 |
|                                 mult                                     |                                                                      fft8192_dsp__parameterized1_279 |         14 |          0 |       0 |   14 |    50 |      0 |      0 |          2 |
|                         has_TW_mult.TW                                   |                                                                   fft8192_r22_tw_gen__parameterized2 |         68 |         33 |      35 |    0 |   103 |      0 |      0 |          0 |
|                           twiddle_generator                              |                                                                  fft8192_twiddle_gen__parameterized2 |         53 |         18 |      35 |    0 |    75 |      0 |      0 |          0 |
|                             tw2.twgen2                                   |                                                                                fft8192_twgen_distmem |         53 |         18 |      35 |    0 |    75 |      0 |      0 |          0 |
|                         hasbf2.FB_2.BF_2                                 |                                                                       fft8192_r22_bf__parameterized6 |        319 |        188 |       0 |  131 |   418 |      0 |      0 |          0 |
|                           (hasbf2.FB_2.BF_2)                             |                                                                       fft8192_r22_bf__parameterized6 |          0 |          0 |       0 |    0 |    53 |      0 |      0 |          0 |
|                           BTFLY0                                         |                                                                 fft8192_r22_bfly_byp__parameterized0 |        108 |        108 |       0 |    0 |   104 |      0 |      0 |          0 |
|                           MEM                                            |                                                                   fft8192_r22_memory__parameterized6 |        104 |          0 |       0 |  104 |    52 |      0 |      0 |          0 |
|                             dist_ram.srlram.ram                          |                                                               fft8192_r22_srl_memory__parameterized0 |        104 |          0 |       0 |  104 |    52 |      0 |      0 |          0 |
|                               fixed_length.shift_ram                     |                                                    fft8192_c_shift_ram_v12_0_21_viv__parameterized14 |        104 |          0 |       0 |  104 |    52 |      0 |      0 |          0 |
|                                 i_bb_inst                                |                                                 fft8192_c_shift_ram_v12_0_21_legacy__parameterized14 |        104 |          0 |       0 |  104 |    52 |      0 |      0 |          0 |
|                           mem_mux_and_reg_upper_im                       |                                                               fft8192_r22_delay_mux__parameterized14 |         26 |         13 |       0 |   13 |    52 |      0 |      0 |          0 |
|                           mem_mux_and_reg_upper_re                       |                                                               fft8192_r22_delay_mux__parameterized13 |         26 |         13 |       0 |   13 |    52 |      0 |      0 |          0 |
|                         rounding.ROUND_0                                 |                                                                           fft8192_unbiased_round_214 |         21 |          8 |       0 |   13 |    53 |      0 |      0 |          0 |
|                       pe_gen[4].natural_order_input.PE                   |                                                                       fft8192_r22_pe__parameterized3 |        808 |        564 |       0 |  244 |  1299 |      0 |      0 |          6 |
|                         rounding.ROUND_1                                 |                                                                           fft8192_unbiased_round_111 |         21 |          8 |       0 |   13 |    53 |      0 |      0 |          0 |
|                         FB_1.BF_1                                        |                                                                       fft8192_r22_bf__parameterized7 |        231 |        130 |       0 |  101 |   300 |      0 |      0 |          0 |
|                           BTFLY0                                         |                                                                                 fft8192_r22_bfly_byp |        104 |        104 |       0 |    0 |   100 |      0 |      0 |          0 |
|                           MEM                                            |                                                                   fft8192_r22_memory__parameterized7 |         50 |          0 |       0 |   50 |    50 |      0 |      0 |          0 |
|                             dist_ram.srlram.ram                          |                                                               fft8192_r22_srl_memory__parameterized1 |         50 |          0 |       0 |   50 |    50 |      0 |      0 |          0 |
|                               fixed_length.shift_ram                     |                                                    fft8192_c_shift_ram_v12_0_21_viv__parameterized23 |         50 |          0 |       0 |   50 |    50 |      0 |      0 |          0 |
|                                 i_bb_inst                                |                                                 fft8192_c_shift_ram_v12_0_21_legacy__parameterized23 |         50 |          0 |       0 |   50 |    50 |      0 |      0 |          0 |
|                           mem_mux_and_reg_upper_im                       |                                                               fft8192_r22_delay_mux__parameterized16 |         26 |         13 |       0 |   13 |    50 |      0 |      0 |          0 |
|                           mem_mux_and_reg_upper_re                       |                                                               fft8192_r22_delay_mux__parameterized15 |         26 |         13 |       0 |   13 |    50 |      0 |      0 |          0 |
|                         has_TW_mult.MULT                                 |                                                                                     fft8192_cmpy_106 |        101 |         62 |       0 |   39 |   272 |      0 |      0 |          6 |
|                           i_cmpy                                         |                                                                       fft8192_cmpy_v6_0_28_synth_170 |        101 |         62 |       0 |   39 |   272 |      0 |      0 |          6 |
|                             three_mult_structure.use_dsp.i_dsp           |                                                                             fft8192_cmpy_3_dsp48_171 |        101 |         62 |       0 |   39 |   272 |      0 |      0 |          6 |
|                               optionally_negate_inputs                   |                                                                           fft8192_input_negation_177 |         37 |         37 |       0 |    0 |    90 |      0 |      0 |          0 |
|                               mult1_preadder_d_plus_a.mult1              |                                                                        fft8192_cmpy_3_dsp48_mult_174 |         14 |          0 |       0 |   14 |    69 |      0 |      0 |          2 |
|                                 mult                                     |                                                                                      fft8192_dsp_185 |         14 |          0 |       0 |   14 |    69 |      0 |      0 |          2 |
|                               mult3_preadder_d_minus_a.mult3             |                                                        fft8192_cmpy_3_dsp48_mult__parameterized1_176 |         14 |          0 |       0 |   14 |    50 |      0 |      0 |          2 |
|                                 mult                                     |                                                                      fft8192_dsp__parameterized1_178 |         14 |          0 |       0 |   14 |    50 |      0 |      0 |          2 |
|                         has_TW_mult.TW                                   |                                                                   fft8192_r22_tw_gen__parameterized3 |         47 |         47 |       0 |    0 |    97 |      0 |      0 |          0 |
|                           twiddle_generator                              |                                                                  fft8192_twiddle_gen__parameterized3 |         36 |         36 |       0 |    0 |    75 |      0 |      0 |          0 |
|                             tw2.twgen2                                   |                                                                fft8192_twgen_distmem__parameterized0 |         36 |         36 |       0 |    0 |    75 |      0 |      0 |          0 |
|                         hasbf2.FW_2.BF_2                                 |                                                                                    fft8192_r22_bf_sp |        211 |        158 |       0 |   53 |   372 |      0 |      0 |          0 |
|                           (hasbf2.FW_2.BF_2)                             |                                                                                    fft8192_r22_bf_sp |          0 |          0 |       0 |    0 |    54 |      0 |      0 |          0 |
|                         rounding.ROUND_0                                 |                                                                           fft8192_unbiased_round_110 |         21 |          8 |       0 |   13 |    53 |      0 |      0 |          0 |
|                       pe_gen[5].natural_order_input.PE                   |                                                                       fft8192_r22_pe__parameterized4 |        683 |        501 |       0 |  182 |  1185 |      0 |      0 |          6 |
|                         rounding.ROUND_1                                 |                                                                            fft8192_unbiased_round_39 |         21 |          8 |       0 |   13 |    53 |      0 |      0 |          0 |
|                         FW_1.BF_1                                        |                                                                    fft8192_r22_bf_sp__parameterized0 |        151 |        100 |       0 |   51 |   249 |      0 |      0 |          0 |
|                         has_TW_mult.MULT                                 |                                                                                         fft8192_cmpy |         97 |         58 |       0 |   39 |   272 |      0 |      0 |          6 |
|                           i_cmpy                                         |                                                                           fft8192_cmpy_v6_0_28_synth |         97 |         58 |       0 |   39 |   272 |      0 |      0 |          6 |
|                             three_mult_structure.use_dsp.i_dsp           |                                                                                 fft8192_cmpy_3_dsp48 |         97 |         58 |       0 |   39 |   272 |      0 |      0 |          6 |
|                               optionally_negate_inputs                   |                                                                               fft8192_input_negation |         33 |         33 |       0 |    0 |    90 |      0 |      0 |          0 |
|                               mult1_preadder_d_plus_a.mult1              |                                                                            fft8192_cmpy_3_dsp48_mult |         14 |          0 |       0 |   14 |    69 |      0 |      0 |          2 |
|                                 mult                                     |                                                                                          fft8192_dsp |         14 |          0 |       0 |   14 |    69 |      0 |      0 |          2 |
|                               mult3_preadder_d_minus_a.mult3             |                                                            fft8192_cmpy_3_dsp48_mult__parameterized1 |         14 |          0 |       0 |   14 |    50 |      0 |      0 |          2 |
|                                 mult                                     |                                                                          fft8192_dsp__parameterized1 |         14 |          0 |       0 |   14 |    50 |      0 |      0 |          2 |
|                         hasbf2.FW_2.BF_2                                 |                                                                    fft8192_r22_bf_sp__parameterized1 |        211 |        158 |       0 |   53 |   372 |      0 |      0 |          0 |
|                           (hasbf2.FW_2.BF_2)                             |                                                                    fft8192_r22_bf_sp__parameterized1 |          0 |          0 |       0 |    0 |    54 |      0 |      0 |          0 |
|                         rounding.ROUND_0                                 |                                                                               fft8192_unbiased_round |         21 |          8 |       0 |   13 |    53 |      0 |      0 |          0 |
|         freq_ring                                                        |                                                                            system_iq_0_0_record_ring |       1350 |       1350 |       0 |    0 |  1101 |      4 |      0 |          0 |
|         snapshot_cdc                                                     |                                                                      system_iq_0_0_xpm_cdc_handshake |          2 |          2 |       0 |    0 |    73 |      0 |      0 |          0 |
|           (snapshot_cdc)                                                 |                                                                      system_iq_0_0_xpm_cdc_handshake |          2 |          2 |       0 |    0 |    67 |      0 |      0 |          0 |
+--------------------------------------------------------------------------+------------------------------------------------------------------------------------------------------+------------+------------+---------+------+-------+--------+--------+------------+
* Note: The sum of lower-level cells may be larger than their parent cells total, due to cross-hierarchy LUT combining


