#-----------------------------------------------------------
# xsim v2026.1 (64-bit)
# SW Build 6511674 on Tue Jun 16 11:02:23 MDT 2026
# IP Build 6504888 on Tue Jun 09 09:05:25 MDT 2026
# SharedData Build 6501428 on Mon Jun 08 17:34:18 MDT 2026
# Start of session at: Fri Oct  9 22:40:07 2026
# Process ID         : 48064
# Current directory  : D:/fft/fft_phase11_latency_opt/build/core_parallel/20261009_224006/cases_02_03
# Command line       : xsim.exe -log simulate.log -mode tcl -source {xsim.dir/tb_core_behav/xsim_script.tcl}
# Log file           : D:/fft/fft_phase11_latency_opt/build/core_parallel/20261009_224006/cases_02_03/simulate.log
# Journal file       : D:/fft/fft_phase11_latency_opt/build/core_parallel/20261009_224006/cases_02_03\xsim.jou
# Running On         : LAPTOP-ATE8I1GS
# Platform           : Windows 11
# Operating System   : 26100
# Processor Detail   : AMD Ryzen 9 7945HX with Radeon Graphics        
# CPU Frequency      : 2495 MHz
# CPU Physical cores : 16
# CPU Logical cores  : 32
# Host memory        : 16844 MB
# Swap memory        : 24653 MB
# Total Virtual      : 41498 MB
# Available Virtual  : 7369 MB
#-----------------------------------------------------------
source xsim.dir/tb_core_behav/xsim_script.tcl
# xsim {tb_core_behav} -testplusarg CASE_START=2 -testplusarg CASE_END=4 -autoloadwcfg -runall -onerror quit
Time resolution is 1 ps
run -all
Note:   - SCALING_SCH: in_ptr = 1, out_ptr = 1
Time: 0 ps  Iteration: 0  Process: /tb_core/dut/transform/fft/U0/i_synth/axi_wrapper/gen_config_fifo_in/line__94237  File: D:/VivadoMM/2026.1/Vivado/data/ip/xilinx/xfft_v9_1/hdl/xfft_v9_1_vh_rfs.vhd
Note:     - C_CHANNELS  = 1
Time: 0 ps  Iteration: 0  Process: /tb_core/dut/transform/fft/U0/i_synth/axi_wrapper/gen_config_fifo_in/line__94237  File: D:/VivadoMM/2026.1/Vivado/data/ip/xilinx/xfft_v9_1/hdl/xfft_v9_1_vh_rfs.vhd
Note:     - field_width = 14
Time: 0 ps  Iteration: 0  Process: /tb_core/dut/transform/fft/U0/i_synth/axi_wrapper/gen_config_fifo_in/line__94237  File: D:/VivadoMM/2026.1/Vivado/data/ip/xilinx/xfft_v9_1/hdl/xfft_v9_1_vh_rfs.vhd
Note:   - Copying SCALE_SCH from 14 downto 1 to 14 downto 1
Time: 0 ps  Iteration: 0  Process: /tb_core/dut/transform/fft/U0/i_synth/axi_wrapper/gen_config_fifo_in/line__94237  File: D:/VivadoMM/2026.1/Vivado/data/ip/xilinx/xfft_v9_1/hdl/xfft_v9_1_vh_rfs.vhd
CASE_PASS case=2 fft_frames=4 results=4 latency_cycles=34804
CASE_PASS case=3 fft_frames=4 results=4 latency_cycles=34803
CORE_PASS cases=2 exact_fft_points=131072 frequency_records=8
$finish called at time : 1309504 ns : File "D:/fft/fft_phase11_latency_opt/tests/tb_core.sv" Line 98
run: Time (s): cpu = 00:00:00 ; elapsed = 00:10:10 . Memory (MB): peak = 237.430 ; gain = 0.000
exit
INFO: xsimkernel Simulation Memory Usage: 189708 KB (Peak: 189708 KB), Simulation CPU Usage: 603906 ms
INFO: [Common 17-206] Exiting xsim at Fri Oct  9 22:50:19 2026...
