Copyright 1986-2022 Xilinx, Inc. All Rights Reserved. Copyright 2022-2026 Advanced Micro Devices, Inc. All Rights Reserved.
---------------------------------------------------------------------------------------------------------------------------------------------
| Tool Version : Vivado v.2026.1 (win64) Build 6511674 Tue Jun 16 11:02:23 MDT 2026
| Date         : Fri Oct  9 22:52:31 2026
| Host         : LAPTOP-ATE8I1GS running 64-bit major release  (build 9200)
| Command      : report_timing -max_paths 12 -file D:/fft/fft_phase11_latency_opt/reports/phase11_150_placed_paths.rpt
| Design       : system_wrapper
| Device       : 7z020-clg400
| Speed File   : -1  PRODUCTION 1.12 2019-11-22
| Design State : Fully Placed
---------------------------------------------------------------------------------------------------------------------------------------------

Timing Report

Slack (VIOLATED) :        -0.442ns  (required time - arrival time)
  Source:                 system_i/iq_0/inst/core/transform/fft/U0/<hidden>/<hidden>/<hidden>/<hidden>/<hidden>/<hidden>/<hidden>
                            (rising edge-triggered cell FDRE clocked by clk_out1_system_fft_clock_0  {rise@0.000ns fall@3.333ns period=6.667ns})
  Destination:            system_i/iq_0/inst/core/sm/rr_reg/PCIN[0]
                            (rising edge-triggered cell DSP48E1 clocked by clk_out1_system_fft_clock_0  {rise@0.000ns fall@3.333ns period=6.667ns})
  Path Group:             clk_out1_system_fft_clock_0
  Path Type:              Setup (Max at Slow Process Corner)
  Requirement:            6.667ns  (clk_out1_system_fft_clock_0 rise@6.667ns - clk_out1_system_fft_clock_0 rise@0.000ns)
  Data Path Delay:        5.542ns  (logic 4.554ns (82.173%)  route 0.988ns (17.827%))
  Logic Levels:           1  (DSP48E1=1)
  Clock Path Skew:        -0.048ns (DCD - SCD + CPR)
    Destination Clock Delay (DCD):    2.809ns = ( 9.476 - 6.667 ) 
    Source Clock Delay      (SCD):    3.042ns
    Clock Pessimism Removal (CPR):    0.185ns
  Clock Uncertainty:      0.118ns  ((TSJ^2 + DJ^2)^1/2) / 2 + PE
    Total System Jitter     (TSJ):    0.071ns
    Discrete Jitter          (DJ):    0.225ns
    Phase Error              (PE):    0.000ns

    Location             Delay type                Incr(ns)  Path(ns)    Netlist Resource(s)
  -------------------------------------------------------------------    -------------------
                         (clock clk_out1_system_fft_clock_0 rise edge)
                                                      0.000     0.000 r  <hidden>
    PS7_X0Y0             PS7                          0.000     0.000 r  system_i/ps7/inst/PS7_i/FCLKCLK[1]
                         net (fo=1, estimated)        1.193     1.193    system_i/ps7/inst/FCLK_CLK_unbuffered[1]
    BUFGCTRL_X0Y19       BUFG (Prop_bufg_I_O)         0.101     1.294 r  system_i/ps7/inst/buffer_fclk_clk_1.FCLK_CLK_1_BUFG/O
                         net (fo=1, estimated)        2.051     3.345    system_i/fft_clock/inst/clk_in1
    MMCME2_ADV_X1Y2      MMCME2_ADV (Prop_mmcme2_adv_CLKIN1_CLKOUT0)
                                                     -4.359    -1.014 r  system_i/fft_clock/inst/mmcm_adv_inst/CLKOUT0
                         net (fo=1, estimated)        2.206     1.192    system_i/fft_clock/inst/clk_out1_system_fft_clock_0
    BUFGCTRL_X0Y17       BUFG (Prop_bufg_I_O)         0.101     1.293 r  system_i/fft_clock/inst/clkout1_buf/O
                         net (fo=22439, estimated)    1.749     3.042    system_i/iq_0/inst/core/transform/fft/U0/<hidden>/<hidden>/<hidden>/<hidden>/<hidden>/<hidden>
    SLICE_X26Y3          FDRE                                         r  system_i/iq_0/inst/core/transform/fft/U0/<hidden>/<hidden>/<hidden>/<hidden>/<hidden>/<hidden>/<hidden>
  -------------------------------------------------------------------    -------------------
    SLICE_X26Y3          FDRE (Prop_fdre_C_Q)         0.518     3.560 r  system_i/iq_0/inst/core/transform/fft/U0/<hidden>/<hidden>/<hidden>/<hidden>/<hidden>/<hidden>/<hidden>
                         net (fo=26, estimated)       0.988     4.548    system_i/iq_0/inst/core/sm/fft_data[23]
    DSP48_X2Y0           DSP48E1 (Prop_dsp48e1_A[23]_PCOUT[0])
                                                      4.036     8.584 r  system_i/iq_0/inst/core/sm/rr0/PCOUT[0]
                         net (fo=1, estimated)        0.000     8.584    system_i/iq_0/inst/core/sm/rr0_n_153
    DSP48_X2Y1           DSP48E1                                      r  system_i/iq_0/inst/core/sm/rr_reg/PCIN[0]
  -------------------------------------------------------------------    -------------------

                         (clock clk_out1_system_fft_clock_0 rise edge)
                                                      6.667     6.667 r  <hidden>
    PS7_X0Y0             PS7                          0.000     6.667 r  system_i/ps7/inst/PS7_i/FCLKCLK[1]
                         net (fo=1, estimated)        1.133     7.800    system_i/ps7/inst/FCLK_CLK_unbuffered[1]
    BUFGCTRL_X0Y19       BUFG (Prop_bufg_I_O)         0.091     7.891 r  system_i/ps7/inst/buffer_fclk_clk_1.FCLK_CLK_1_BUFG/O
                         net (fo=1, estimated)        1.855     9.746    system_i/fft_clock/inst/clk_in1
    MMCME2_ADV_X1Y2      MMCME2_ADV (Prop_mmcme2_adv_CLKIN1_CLKOUT0)
                                                     -4.043     5.703 r  system_i/fft_clock/inst/mmcm_adv_inst/CLKOUT0
                         net (fo=1, estimated)        2.096     7.799    system_i/fft_clock/inst/clk_out1_system_fft_clock_0
    BUFGCTRL_X0Y17       BUFG (Prop_bufg_I_O)         0.091     7.890 r  system_i/fft_clock/inst/clkout1_buf/O
                         net (fo=22439, estimated)    1.586     9.476    system_i/iq_0/inst/core/sm/fft_clk
    DSP48_X2Y1           DSP48E1                                      r  system_i/iq_0/inst/core/sm/rr_reg/CLK
                         clock pessimism              0.185     9.660    <hidden>
                         clock uncertainty           -0.118     9.542    <hidden>
    DSP48_X2Y1           DSP48E1 (Setup_dsp48e1_CLK_PCIN[0])
                                                     -1.400     8.142    system_i/iq_0/inst/core/sm/rr_reg
  -------------------------------------------------------------------
                         required time                          8.142    <hidden>
                         arrival time                          -8.584    <hidden>
  -------------------------------------------------------------------
                         slack                                 -0.442    <hidden>

Slack (VIOLATED) :        -0.442ns  (required time - arrival time)
  Source:                 system_i/iq_0/inst/core/transform/fft/U0/<hidden>/<hidden>/<hidden>/<hidden>/<hidden>/<hidden>/<hidden>
                            (rising edge-triggered cell FDRE clocked by clk_out1_system_fft_clock_0  {rise@0.000ns fall@3.333ns period=6.667ns})
  Destination:            system_i/iq_0/inst/core/sm/rr_reg/PCIN[10]
                            (rising edge-triggered cell DSP48E1 clocked by clk_out1_system_fft_clock_0  {rise@0.000ns fall@3.333ns period=6.667ns})
  Path Group:             clk_out1_system_fft_clock_0
  Path Type:              Setup (Max at Slow Process Corner)
  Requirement:            6.667ns  (clk_out1_system_fft_clock_0 rise@6.667ns - clk_out1_system_fft_clock_0 rise@0.000ns)
  Data Path Delay:        5.542ns  (logic 4.554ns (82.173%)  route 0.988ns (17.827%))
  Logic Levels:           1  (DSP48E1=1)
  Clock Path Skew:        -0.048ns (DCD - SCD + CPR)
    Destination Clock Delay (DCD):    2.809ns = ( 9.476 - 6.667 ) 
    Source Clock Delay      (SCD):    3.042ns
    Clock Pessimism Removal (CPR):    0.185ns
  Clock Uncertainty:      0.118ns  ((TSJ^2 + DJ^2)^1/2) / 2 + PE
    Total System Jitter     (TSJ):    0.071ns
    Discrete Jitter          (DJ):    0.225ns
    Phase Error              (PE):    0.000ns

    Location             Delay type                Incr(ns)  Path(ns)    Netlist Resource(s)
  -------------------------------------------------------------------    -------------------
                         (clock clk_out1_system_fft_clock_0 rise edge)
                                                      0.000     0.000 r  <hidden>
    PS7_X0Y0             PS7                          0.000     0.000 r  system_i/ps7/inst/PS7_i/FCLKCLK[1]
                         net (fo=1, estimated)        1.193     1.193    system_i/ps7/inst/FCLK_CLK_unbuffered[1]
    BUFGCTRL_X0Y19       BUFG (Prop_bufg_I_O)         0.101     1.294 r  system_i/ps7/inst/buffer_fclk_clk_1.FCLK_CLK_1_BUFG/O
                         net (fo=1, estimated)        2.051     3.345    system_i/fft_clock/inst/clk_in1
    MMCME2_ADV_X1Y2      MMCME2_ADV (Prop_mmcme2_adv_CLKIN1_CLKOUT0)
                                                     -4.359    -1.014 r  system_i/fft_clock/inst/mmcm_adv_inst/CLKOUT0
                         net (fo=1, estimated)        2.206     1.192    system_i/fft_clock/inst/clk_out1_system_fft_clock_0
    BUFGCTRL_X0Y17       BUFG (Prop_bufg_I_O)         0.101     1.293 r  system_i/fft_clock/inst/clkout1_buf/O
                         net (fo=22439, estimated)    1.749     3.042    system_i/iq_0/inst/core/transform/fft/U0/<hidden>/<hidden>/<hidden>/<hidden>/<hidden>/<hidden>
    SLICE_X26Y3          FDRE                                         r  system_i/iq_0/inst/core/transform/fft/U0/<hidden>/<hidden>/<hidden>/<hidden>/<hidden>/<hidden>/<hidden>
  -------------------------------------------------------------------    -------------------
    SLICE_X26Y3          FDRE (Prop_fdre_C_Q)         0.518     3.560 r  system_i/iq_0/inst/core/transform/fft/U0/<hidden>/<hidden>/<hidden>/<hidden>/<hidden>/<hidden>/<hidden>
                         net (fo=26, estimated)       0.988     4.548    system_i/iq_0/inst/core/sm/fft_data[23]
    DSP48_X2Y0           DSP48E1 (Prop_dsp48e1_A[23]_PCOUT[10])
                                                      4.036     8.584 r  system_i/iq_0/inst/core/sm/rr0/PCOUT[10]
                         net (fo=1, estimated)        0.000     8.584    system_i/iq_0/inst/core/sm/rr0_n_143
    DSP48_X2Y1           DSP48E1                                      r  system_i/iq_0/inst/core/sm/rr_reg/PCIN[10]
  -------------------------------------------------------------------    -------------------

                         (clock clk_out1_system_fft_clock_0 rise edge)
                                                      6.667     6.667 r  <hidden>
    PS7_X0Y0             PS7                          0.000     6.667 r  system_i/ps7/inst/PS7_i/FCLKCLK[1]
                         net (fo=1, estimated)        1.133     7.800    system_i/ps7/inst/FCLK_CLK_unbuffered[1]
    BUFGCTRL_X0Y19       BUFG (Prop_bufg_I_O)         0.091     7.891 r  system_i/ps7/inst/buffer_fclk_clk_1.FCLK_CLK_1_BUFG/O
                         net (fo=1, estimated)        1.855     9.746    system_i/fft_clock/inst/clk_in1
    MMCME2_ADV_X1Y2      MMCME2_ADV (Prop_mmcme2_adv_CLKIN1_CLKOUT0)
                                                     -4.043     5.703 r  system_i/fft_clock/inst/mmcm_adv_inst/CLKOUT0
                         net (fo=1, estimated)        2.096     7.799    system_i/fft_clock/inst/clk_out1_system_fft_clock_0
    BUFGCTRL_X0Y17       BUFG (Prop_bufg_I_O)         0.091     7.890 r  system_i/fft_clock/inst/clkout1_buf/O
                         net (fo=22439, estimated)    1.586     9.476    system_i/iq_0/inst/core/sm/fft_clk
    DSP48_X2Y1           DSP48E1                                      r  system_i/iq_0/inst/core/sm/rr_reg/CLK
                         clock pessimism              0.185     9.660    <hidden>
                         clock uncertainty           -0.118     9.542    <hidden>
    DSP48_X2Y1           DSP48E1 (Setup_dsp48e1_CLK_PCIN[10])
                                                     -1.400     8.142    system_i/iq_0/inst/core/sm/rr_reg
  -------------------------------------------------------------------
                         required time                          8.142    <hidden>
                         arrival time                          -8.584    <hidden>
  -------------------------------------------------------------------
                         slack                                 -0.442    <hidden>

Slack (VIOLATED) :        -0.442ns  (required time - arrival time)
  Source:                 system_i/iq_0/inst/core/transform/fft/U0/<hidden>/<hidden>/<hidden>/<hidden>/<hidden>/<hidden>/<hidden>
                            (rising edge-triggered cell FDRE clocked by clk_out1_system_fft_clock_0  {rise@0.000ns fall@3.333ns period=6.667ns})
  Destination:            system_i/iq_0/inst/core/sm/rr_reg/PCIN[11]
                            (rising edge-triggered cell DSP48E1 clocked by clk_out1_system_fft_clock_0  {rise@0.000ns fall@3.333ns period=6.667ns})
  Path Group:             clk_out1_system_fft_clock_0
  Path Type:              Setup (Max at Slow Process Corner)
  Requirement:            6.667ns  (clk_out1_system_fft_clock_0 rise@6.667ns - clk_out1_system_fft_clock_0 rise@0.000ns)
  Data Path Delay:        5.542ns  (logic 4.554ns (82.173%)  route 0.988ns (17.827%))
  Logic Levels:           1  (DSP48E1=1)
  Clock Path Skew:        -0.048ns (DCD - SCD + CPR)
    Destination Clock Delay (DCD):    2.809ns = ( 9.476 - 6.667 ) 
    Source Clock Delay      (SCD):    3.042ns
    Clock Pessimism Removal (CPR):    0.185ns
  Clock Uncertainty:      0.118ns  ((TSJ^2 + DJ^2)^1/2) / 2 + PE
    Total System Jitter     (TSJ):    0.071ns
    Discrete Jitter          (DJ):    0.225ns
    Phase Error              (PE):    0.000ns

    Location             Delay type                Incr(ns)  Path(ns)    Netlist Resource(s)
  -------------------------------------------------------------------    -------------------
                         (clock clk_out1_system_fft_clock_0 rise edge)
                                                      0.000     0.000 r  <hidden>
    PS7_X0Y0             PS7                          0.000     0.000 r  system_i/ps7/inst/PS7_i/FCLKCLK[1]
                         net (fo=1, estimated)        1.193     1.193    system_i/ps7/inst/FCLK_CLK_unbuffered[1]
    BUFGCTRL_X0Y19       BUFG (Prop_bufg_I_O)         0.101     1.294 r  system_i/ps7/inst/buffer_fclk_clk_1.FCLK_CLK_1_BUFG/O
                         net (fo=1, estimated)        2.051     3.345    system_i/fft_clock/inst/clk_in1
    MMCME2_ADV_X1Y2      MMCME2_ADV (Prop_mmcme2_adv_CLKIN1_CLKOUT0)
                                                     -4.359    -1.014 r  system_i/fft_clock/inst/mmcm_adv_inst/CLKOUT0
                         net (fo=1, estimated)        2.206     1.192    system_i/fft_clock/inst/clk_out1_system_fft_clock_0
    BUFGCTRL_X0Y17       BUFG (Prop_bufg_I_O)         0.101     1.293 r  system_i/fft_clock/inst/clkout1_buf/O
                         net (fo=22439, estimated)    1.749     3.042    system_i/iq_0/inst/core/transform/fft/U0/<hidden>/<hidden>/<hidden>/<hidden>/<hidden>/<hidden>
    SLICE_X26Y3          FDRE                                         r  system_i/iq_0/inst/core/transform/fft/U0/<hidden>/<hidden>/<hidden>/<hidden>/<hidden>/<hidden>/<hidden>
  -------------------------------------------------------------------    -------------------
    SLICE_X26Y3          FDRE (Prop_fdre_C_Q)         0.518     3.560 r  system_i/iq_0/inst/core/transform/fft/U0/<hidden>/<hidden>/<hidden>/<hidden>/<hidden>/<hidden>/<hidden>
                         net (fo=26, estimated)       0.988     4.548    system_i/iq_0/inst/core/sm/fft_data[23]
    DSP48_X2Y0           DSP48E1 (Prop_dsp48e1_A[23]_PCOUT[11])
                                                      4.036     8.584 r  system_i/iq_0/inst/core/sm/rr0/PCOUT[11]
                         net (fo=1, estimated)        0.000     8.584    system_i/iq_0/inst/core/sm/rr0_n_142
    DSP48_X2Y1           DSP48E1                                      r  system_i/iq_0/inst/core/sm/rr_reg/PCIN[11]
  -------------------------------------------------------------------    -------------------

                         (clock clk_out1_system_fft_clock_0 rise edge)
                                                      6.667     6.667 r  <hidden>
    PS7_X0Y0             PS7                          0.000     6.667 r  system_i/ps7/inst/PS7_i/FCLKCLK[1]
                         net (fo=1, estimated)        1.133     7.800    system_i/ps7/inst/FCLK_CLK_unbuffered[1]
    BUFGCTRL_X0Y19       BUFG (Prop_bufg_I_O)         0.091     7.891 r  system_i/ps7/inst/buffer_fclk_clk_1.FCLK_CLK_1_BUFG/O
                         net (fo=1, estimated)        1.855     9.746    system_i/fft_clock/inst/clk_in1
    MMCME2_ADV_X1Y2      MMCME2_ADV (Prop_mmcme2_adv_CLKIN1_CLKOUT0)
                                                     -4.043     5.703 r  system_i/fft_clock/inst/mmcm_adv_inst/CLKOUT0
                         net (fo=1, estimated)        2.096     7.799    system_i/fft_clock/inst/clk_out1_system_fft_clock_0
    BUFGCTRL_X0Y17       BUFG (Prop_bufg_I_O)         0.091     7.890 r  system_i/fft_clock/inst/clkout1_buf/O
                         net (fo=22439, estimated)    1.586     9.476    system_i/iq_0/inst/core/sm/fft_clk
    DSP48_X2Y1           DSP48E1                                      r  system_i/iq_0/inst/core/sm/rr_reg/CLK
                         clock pessimism              0.185     9.660    <hidden>
                         clock uncertainty           -0.118     9.542    <hidden>
    DSP48_X2Y1           DSP48E1 (Setup_dsp48e1_CLK_PCIN[11])
                                                     -1.400     8.142    system_i/iq_0/inst/core/sm/rr_reg
  -------------------------------------------------------------------
                         required time                          8.142    <hidden>
                         arrival time                          -8.584    <hidden>
  -------------------------------------------------------------------
                         slack                                 -0.442    <hidden>

Slack (VIOLATED) :        -0.442ns  (required time - arrival time)
  Source:                 system_i/iq_0/inst/core/transform/fft/U0/<hidden>/<hidden>/<hidden>/<hidden>/<hidden>/<hidden>/<hidden>
                            (rising edge-triggered cell FDRE clocked by clk_out1_system_fft_clock_0  {rise@0.000ns fall@3.333ns period=6.667ns})
  Destination:            system_i/iq_0/inst/core/sm/rr_reg/PCIN[12]
                            (rising edge-triggered cell DSP48E1 clocked by clk_out1_system_fft_clock_0  {rise@0.000ns fall@3.333ns period=6.667ns})
  Path Group:             clk_out1_system_fft_clock_0
  Path Type:              Setup (Max at Slow Process Corner)
  Requirement:            6.667ns  (clk_out1_system_fft_clock_0 rise@6.667ns - clk_out1_system_fft_clock_0 rise@0.000ns)
  Data Path Delay:        5.542ns  (logic 4.554ns (82.173%)  route 0.988ns (17.827%))
  Logic Levels:           1  (DSP48E1=1)
  Clock Path Skew:        -0.048ns (DCD - SCD + CPR)
    Destination Clock Delay (DCD):    2.809ns = ( 9.476 - 6.667 ) 
    Source Clock Delay      (SCD):    3.042ns
    Clock Pessimism Removal (CPR):    0.185ns
  Clock Uncertainty:      0.118ns  ((TSJ^2 + DJ^2)^1/2) / 2 + PE
    Total System Jitter     (TSJ):    0.071ns
    Discrete Jitter          (DJ):    0.225ns
    Phase Error              (PE):    0.000ns

    Location             Delay type                Incr(ns)  Path(ns)    Netlist Resource(s)
  -------------------------------------------------------------------    -------------------
                         (clock clk_out1_system_fft_clock_0 rise edge)
                                                      0.000     0.000 r  <hidden>
    PS7_X0Y0             PS7                          0.000     0.000 r  system_i/ps7/inst/PS7_i/FCLKCLK[1]
                         net (fo=1, estimated)        1.193     1.193    system_i/ps7/inst/FCLK_CLK_unbuffered[1]
    BUFGCTRL_X0Y19       BUFG (Prop_bufg_I_O)         0.101     1.294 r  system_i/ps7/inst/buffer_fclk_clk_1.FCLK_CLK_1_BUFG/O
                         net (fo=1, estimated)        2.051     3.345    system_i/fft_clock/inst/clk_in1
    MMCME2_ADV_X1Y2      MMCME2_ADV (Prop_mmcme2_adv_CLKIN1_CLKOUT0)
                                                     -4.359    -1.014 r  system_i/fft_clock/inst/mmcm_adv_inst/CLKOUT0
                         net (fo=1, estimated)        2.206     1.192    system_i/fft_clock/inst/clk_out1_system_fft_clock_0
    BUFGCTRL_X0Y17       BUFG (Prop_bufg_I_O)         0.101     1.293 r  system_i/fft_clock/inst/clkout1_buf/O
                         net (fo=22439, estimated)    1.749     3.042    system_i/iq_0/inst/core/transform/fft/U0/<hidden>/<hidden>/<hidden>/<hidden>/<hidden>/<hidden>
    SLICE_X26Y3          FDRE                                         r  system_i/iq_0/inst/core/transform/fft/U0/<hidden>/<hidden>/<hidden>/<hidden>/<hidden>/<hidden>/<hidden>
  -------------------------------------------------------------------    -------------------
    SLICE_X26Y3          FDRE (Prop_fdre_C_Q)         0.518     3.560 r  system_i/iq_0/inst/core/transform/fft/U0/<hidden>/<hidden>/<hidden>/<hidden>/<hidden>/<hidden>/<hidden>
                         net (fo=26, estimated)       0.988     4.548    system_i/iq_0/inst/core/sm/fft_data[23]
    DSP48_X2Y0           DSP48E1 (Prop_dsp48e1_A[23]_PCOUT[12])
                                                      4.036     8.584 r  system_i/iq_0/inst/core/sm/rr0/PCOUT[12]
                         net (fo=1, estimated)        0.000     8.584    system_i/iq_0/inst/core/sm/rr0_n_141
    DSP48_X2Y1           DSP48E1                                      r  system_i/iq_0/inst/core/sm/rr_reg/PCIN[12]
  -------------------------------------------------------------------    -------------------

                         (clock clk_out1_system_fft_clock_0 rise edge)
                                                      6.667     6.667 r  <hidden>
    PS7_X0Y0             PS7                          0.000     6.667 r  system_i/ps7/inst/PS7_i/FCLKCLK[1]
                         net (fo=1, estimated)        1.133     7.800    system_i/ps7/inst/FCLK_CLK_unbuffered[1]
    BUFGCTRL_X0Y19       BUFG (Prop_bufg_I_O)         0.091     7.891 r  system_i/ps7/inst/buffer_fclk_clk_1.FCLK_CLK_1_BUFG/O
                         net (fo=1, estimated)        1.855     9.746    system_i/fft_clock/inst/clk_in1
    MMCME2_ADV_X1Y2      MMCME2_ADV (Prop_mmcme2_adv_CLKIN1_CLKOUT0)
                                                     -4.043     5.703 r  system_i/fft_clock/inst/mmcm_adv_inst/CLKOUT0
                         net (fo=1, estimated)        2.096     7.799    system_i/fft_clock/inst/clk_out1_system_fft_clock_0
    BUFGCTRL_X0Y17       BUFG (Prop_bufg_I_O)         0.091     7.890 r  system_i/fft_clock/inst/clkout1_buf/O
                         net (fo=22439, estimated)    1.586     9.476    system_i/iq_0/inst/core/sm/fft_clk
    DSP48_X2Y1           DSP48E1                                      r  system_i/iq_0/inst/core/sm/rr_reg/CLK
                         clock pessimism              0.185     9.660    <hidden>
                         clock uncertainty           -0.118     9.542    <hidden>
    DSP48_X2Y1           DSP48E1 (Setup_dsp48e1_CLK_PCIN[12])
                                                     -1.400     8.142    system_i/iq_0/inst/core/sm/rr_reg
  -------------------------------------------------------------------
                         required time                          8.142    <hidden>
                         arrival time                          -8.584    <hidden>
  -------------------------------------------------------------------
                         slack                                 -0.442    <hidden>

Slack (VIOLATED) :        -0.442ns  (required time - arrival time)
  Source:                 system_i/iq_0/inst/core/transform/fft/U0/<hidden>/<hidden>/<hidden>/<hidden>/<hidden>/<hidden>/<hidden>
                            (rising edge-triggered cell FDRE clocked by clk_out1_system_fft_clock_0  {rise@0.000ns fall@3.333ns period=6.667ns})
  Destination:            system_i/iq_0/inst/core/sm/rr_reg/PCIN[13]
                            (rising edge-triggered cell DSP48E1 clocked by clk_out1_system_fft_clock_0  {rise@0.000ns fall@3.333ns period=6.667ns})
  Path Group:             clk_out1_system_fft_clock_0
  Path Type:              Setup (Max at Slow Process Corner)
  Requirement:            6.667ns  (clk_out1_system_fft_clock_0 rise@6.667ns - clk_out1_system_fft_clock_0 rise@0.000ns)
  Data Path Delay:        5.542ns  (logic 4.554ns (82.173%)  route 0.988ns (17.827%))
  Logic Levels:           1  (DSP48E1=1)
  Clock Path Skew:        -0.048ns (DCD - SCD + CPR)
    Destination Clock Delay (DCD):    2.809ns = ( 9.476 - 6.667 ) 
    Source Clock Delay      (SCD):    3.042ns
    Clock Pessimism Removal (CPR):    0.185ns
  Clock Uncertainty:      0.118ns  ((TSJ^2 + DJ^2)^1/2) / 2 + PE
    Total System Jitter     (TSJ):    0.071ns
    Discrete Jitter          (DJ):    0.225ns
    Phase Error              (PE):    0.000ns

    Location             Delay type                Incr(ns)  Path(ns)    Netlist Resource(s)
  -------------------------------------------------------------------    -------------------
                         (clock clk_out1_system_fft_clock_0 rise edge)
                                                      0.000     0.000 r  <hidden>
    PS7_X0Y0             PS7                          0.000     0.000 r  system_i/ps7/inst/PS7_i/FCLKCLK[1]
                         net (fo=1, estimated)        1.193     1.193    system_i/ps7/inst/FCLK_CLK_unbuffered[1]
    BUFGCTRL_X0Y19       BUFG (Prop_bufg_I_O)         0.101     1.294 r  system_i/ps7/inst/buffer_fclk_clk_1.FCLK_CLK_1_BUFG/O
                         net (fo=1, estimated)        2.051     3.345    system_i/fft_clock/inst/clk_in1
    MMCME2_ADV_X1Y2      MMCME2_ADV (Prop_mmcme2_adv_CLKIN1_CLKOUT0)
                                                     -4.359    -1.014 r  system_i/fft_clock/inst/mmcm_adv_inst/CLKOUT0
                         net (fo=1, estimated)        2.206     1.192    system_i/fft_clock/inst/clk_out1_system_fft_clock_0
    BUFGCTRL_X0Y17       BUFG (Prop_bufg_I_O)         0.101     1.293 r  system_i/fft_clock/inst/clkout1_buf/O
                         net (fo=22439, estimated)    1.749     3.042    system_i/iq_0/inst/core/transform/fft/U0/<hidden>/<hidden>/<hidden>/<hidden>/<hidden>/<hidden>
    SLICE_X26Y3          FDRE                                         r  system_i/iq_0/inst/core/transform/fft/U0/<hidden>/<hidden>/<hidden>/<hidden>/<hidden>/<hidden>/<hidden>
  -------------------------------------------------------------------    -------------------
    SLICE_X26Y3          FDRE (Prop_fdre_C_Q)         0.518     3.560 r  system_i/iq_0/inst/core/transform/fft/U0/<hidden>/<hidden>/<hidden>/<hidden>/<hidden>/<hidden>/<hidden>
                         net (fo=26, estimated)       0.988     4.548    system_i/iq_0/inst/core/sm/fft_data[23]
    DSP48_X2Y0           DSP48E1 (Prop_dsp48e1_A[23]_PCOUT[13])
                                                      4.036     8.584 r  system_i/iq_0/inst/core/sm/rr0/PCOUT[13]
                         net (fo=1, estimated)        0.000     8.584    system_i/iq_0/inst/core/sm/rr0_n_140
    DSP48_X2Y1           DSP48E1                                      r  system_i/iq_0/inst/core/sm/rr_reg/PCIN[13]
  -------------------------------------------------------------------    -------------------

                         (clock clk_out1_system_fft_clock_0 rise edge)
                                                      6.667     6.667 r  <hidden>
    PS7_X0Y0             PS7                          0.000     6.667 r  system_i/ps7/inst/PS7_i/FCLKCLK[1]
                         net (fo=1, estimated)        1.133     7.800    system_i/ps7/inst/FCLK_CLK_unbuffered[1]
    BUFGCTRL_X0Y19       BUFG (Prop_bufg_I_O)         0.091     7.891 r  system_i/ps7/inst/buffer_fclk_clk_1.FCLK_CLK_1_BUFG/O
                         net (fo=1, estimated)        1.855     9.746    system_i/fft_clock/inst/clk_in1
    MMCME2_ADV_X1Y2      MMCME2_ADV (Prop_mmcme2_adv_CLKIN1_CLKOUT0)
                                                     -4.043     5.703 r  system_i/fft_clock/inst/mmcm_adv_inst/CLKOUT0
                         net (fo=1, estimated)        2.096     7.799    system_i/fft_clock/inst/clk_out1_system_fft_clock_0
    BUFGCTRL_X0Y17       BUFG (Prop_bufg_I_O)         0.091     7.890 r  system_i/fft_clock/inst/clkout1_buf/O
                         net (fo=22439, estimated)    1.586     9.476    system_i/iq_0/inst/core/sm/fft_clk
    DSP48_X2Y1           DSP48E1                                      r  system_i/iq_0/inst/core/sm/rr_reg/CLK
                         clock pessimism              0.185     9.660    <hidden>
                         clock uncertainty           -0.118     9.542    <hidden>
    DSP48_X2Y1           DSP48E1 (Setup_dsp48e1_CLK_PCIN[13])
                                                     -1.400     8.142    system_i/iq_0/inst/core/sm/rr_reg
  -------------------------------------------------------------------
                         required time                          8.142    <hidden>
                         arrival time                          -8.584    <hidden>
  -------------------------------------------------------------------
                         slack                                 -0.442    <hidden>

Slack (VIOLATED) :        -0.442ns  (required time - arrival time)
  Source:                 system_i/iq_0/inst/core/transform/fft/U0/<hidden>/<hidden>/<hidden>/<hidden>/<hidden>/<hidden>/<hidden>
                            (rising edge-triggered cell FDRE clocked by clk_out1_system_fft_clock_0  {rise@0.000ns fall@3.333ns period=6.667ns})
  Destination:            system_i/iq_0/inst/core/sm/rr_reg/PCIN[14]
                            (rising edge-triggered cell DSP48E1 clocked by clk_out1_system_fft_clock_0  {rise@0.000ns fall@3.333ns period=6.667ns})
  Path Group:             clk_out1_system_fft_clock_0
  Path Type:              Setup (Max at Slow Process Corner)
  Requirement:            6.667ns  (clk_out1_system_fft_clock_0 rise@6.667ns - clk_out1_system_fft_clock_0 rise@0.000ns)
  Data Path Delay:        5.542ns  (logic 4.554ns (82.173%)  route 0.988ns (17.827%))
  Logic Levels:           1  (DSP48E1=1)
  Clock Path Skew:        -0.048ns (DCD - SCD + CPR)
    Destination Clock Delay (DCD):    2.809ns = ( 9.476 - 6.667 ) 
    Source Clock Delay      (SCD):    3.042ns
    Clock Pessimism Removal (CPR):    0.185ns
  Clock Uncertainty:      0.118ns  ((TSJ^2 + DJ^2)^1/2) / 2 + PE
    Total System Jitter     (TSJ):    0.071ns
    Discrete Jitter          (DJ):    0.225ns
    Phase Error              (PE):    0.000ns

    Location             Delay type                Incr(ns)  Path(ns)    Netlist Resource(s)
  -------------------------------------------------------------------    -------------------
                         (clock clk_out1_system_fft_clock_0 rise edge)
                                                      0.000     0.000 r  <hidden>
    PS7_X0Y0             PS7                          0.000     0.000 r  system_i/ps7/inst/PS7_i/FCLKCLK[1]
                         net (fo=1, estimated)        1.193     1.193    system_i/ps7/inst/FCLK_CLK_unbuffered[1]
    BUFGCTRL_X0Y19       BUFG (Prop_bufg_I_O)         0.101     1.294 r  system_i/ps7/inst/buffer_fclk_clk_1.FCLK_CLK_1_BUFG/O
                         net (fo=1, estimated)        2.051     3.345    system_i/fft_clock/inst/clk_in1
    MMCME2_ADV_X1Y2      MMCME2_ADV (Prop_mmcme2_adv_CLKIN1_CLKOUT0)
                                                     -4.359    -1.014 r  system_i/fft_clock/inst/mmcm_adv_inst/CLKOUT0
                         net (fo=1, estimated)        2.206     1.192    system_i/fft_clock/inst/clk_out1_system_fft_clock_0
    BUFGCTRL_X0Y17       BUFG (Prop_bufg_I_O)         0.101     1.293 r  system_i/fft_clock/inst/clkout1_buf/O
                         net (fo=22439, estimated)    1.749     3.042    system_i/iq_0/inst/core/transform/fft/U0/<hidden>/<hidden>/<hidden>/<hidden>/<hidden>/<hidden>
    SLICE_X26Y3          FDRE                                         r  system_i/iq_0/inst/core/transform/fft/U0/<hidden>/<hidden>/<hidden>/<hidden>/<hidden>/<hidden>/<hidden>
  -------------------------------------------------------------------    -------------------
    SLICE_X26Y3          FDRE (Prop_fdre_C_Q)         0.518     3.560 r  system_i/iq_0/inst/core/transform/fft/U0/<hidden>/<hidden>/<hidden>/<hidden>/<hidden>/<hidden>/<hidden>
                         net (fo=26, estimated)       0.988     4.548    system_i/iq_0/inst/core/sm/fft_data[23]
    DSP48_X2Y0           DSP48E1 (Prop_dsp48e1_A[23]_PCOUT[14])
                                                      4.036     8.584 r  system_i/iq_0/inst/core/sm/rr0/PCOUT[14]
                         net (fo=1, estimated)        0.000     8.584    system_i/iq_0/inst/core/sm/rr0_n_139
    DSP48_X2Y1           DSP48E1                                      r  system_i/iq_0/inst/core/sm/rr_reg/PCIN[14]
  -------------------------------------------------------------------    -------------------

                         (clock clk_out1_system_fft_clock_0 rise edge)
                                                      6.667     6.667 r  <hidden>
    PS7_X0Y0             PS7                          0.000     6.667 r  system_i/ps7/inst/PS7_i/FCLKCLK[1]
                         net (fo=1, estimated)        1.133     7.800    system_i/ps7/inst/FCLK_CLK_unbuffered[1]
    BUFGCTRL_X0Y19       BUFG (Prop_bufg_I_O)         0.091     7.891 r  system_i/ps7/inst/buffer_fclk_clk_1.FCLK_CLK_1_BUFG/O
                         net (fo=1, estimated)        1.855     9.746    system_i/fft_clock/inst/clk_in1
    MMCME2_ADV_X1Y2      MMCME2_ADV (Prop_mmcme2_adv_CLKIN1_CLKOUT0)
                                                     -4.043     5.703 r  system_i/fft_clock/inst/mmcm_adv_inst/CLKOUT0
                         net (fo=1, estimated)        2.096     7.799    system_i/fft_clock/inst/clk_out1_system_fft_clock_0
    BUFGCTRL_X0Y17       BUFG (Prop_bufg_I_O)         0.091     7.890 r  system_i/fft_clock/inst/clkout1_buf/O
                         net (fo=22439, estimated)    1.586     9.476    system_i/iq_0/inst/core/sm/fft_clk
    DSP48_X2Y1           DSP48E1                                      r  system_i/iq_0/inst/core/sm/rr_reg/CLK
                         clock pessimism              0.185     9.660    <hidden>
                         clock uncertainty           -0.118     9.542    <hidden>
    DSP48_X2Y1           DSP48E1 (Setup_dsp48e1_CLK_PCIN[14])
                                                     -1.400     8.142    system_i/iq_0/inst/core/sm/rr_reg
  -------------------------------------------------------------------
                         required time                          8.142    <hidden>
                         arrival time                          -8.584    <hidden>
  -------------------------------------------------------------------
                         slack                                 -0.442    <hidden>

Slack (VIOLATED) :        -0.442ns  (required time - arrival time)
  Source:                 system_i/iq_0/inst/core/transform/fft/U0/<hidden>/<hidden>/<hidden>/<hidden>/<hidden>/<hidden>/<hidden>
                            (rising edge-triggered cell FDRE clocked by clk_out1_system_fft_clock_0  {rise@0.000ns fall@3.333ns period=6.667ns})
  Destination:            system_i/iq_0/inst/core/sm/rr_reg/PCIN[15]
                            (rising edge-triggered cell DSP48E1 clocked by clk_out1_system_fft_clock_0  {rise@0.000ns fall@3.333ns period=6.667ns})
  Path Group:             clk_out1_system_fft_clock_0
  Path Type:              Setup (Max at Slow Process Corner)
  Requirement:            6.667ns  (clk_out1_system_fft_clock_0 rise@6.667ns - clk_out1_system_fft_clock_0 rise@0.000ns)
  Data Path Delay:        5.542ns  (logic 4.554ns (82.173%)  route 0.988ns (17.827%))
  Logic Levels:           1  (DSP48E1=1)
  Clock Path Skew:        -0.048ns (DCD - SCD + CPR)
    Destination Clock Delay (DCD):    2.809ns = ( 9.476 - 6.667 ) 
    Source Clock Delay      (SCD):    3.042ns
    Clock Pessimism Removal (CPR):    0.185ns
  Clock Uncertainty:      0.118ns  ((TSJ^2 + DJ^2)^1/2) / 2 + PE
    Total System Jitter     (TSJ):    0.071ns
    Discrete Jitter          (DJ):    0.225ns
    Phase Error              (PE):    0.000ns

    Location             Delay type                Incr(ns)  Path(ns)    Netlist Resource(s)
  -------------------------------------------------------------------    -------------------
                         (clock clk_out1_system_fft_clock_0 rise edge)
                                                      0.000     0.000 r  <hidden>
    PS7_X0Y0             PS7                          0.000     0.000 r  system_i/ps7/inst/PS7_i/FCLKCLK[1]
                         net (fo=1, estimated)        1.193     1.193    system_i/ps7/inst/FCLK_CLK_unbuffered[1]
    BUFGCTRL_X0Y19       BUFG (Prop_bufg_I_O)         0.101     1.294 r  system_i/ps7/inst/buffer_fclk_clk_1.FCLK_CLK_1_BUFG/O
                         net (fo=1, estimated)        2.051     3.345    system_i/fft_clock/inst/clk_in1
    MMCME2_ADV_X1Y2      MMCME2_ADV (Prop_mmcme2_adv_CLKIN1_CLKOUT0)
                                                     -4.359    -1.014 r  system_i/fft_clock/inst/mmcm_adv_inst/CLKOUT0
                         net (fo=1, estimated)        2.206     1.192    system_i/fft_clock/inst/clk_out1_system_fft_clock_0
    BUFGCTRL_X0Y17       BUFG (Prop_bufg_I_O)         0.101     1.293 r  system_i/fft_clock/inst/clkout1_buf/O
                         net (fo=22439, estimated)    1.749     3.042    system_i/iq_0/inst/core/transform/fft/U0/<hidden>/<hidden>/<hidden>/<hidden>/<hidden>/<hidden>
    SLICE_X26Y3          FDRE                                         r  system_i/iq_0/inst/core/transform/fft/U0/<hidden>/<hidden>/<hidden>/<hidden>/<hidden>/<hidden>/<hidden>
  -------------------------------------------------------------------    -------------------
    SLICE_X26Y3          FDRE (Prop_fdre_C_Q)         0.518     3.560 r  system_i/iq_0/inst/core/transform/fft/U0/<hidden>/<hidden>/<hidden>/<hidden>/<hidden>/<hidden>/<hidden>
                         net (fo=26, estimated)       0.988     4.548    system_i/iq_0/inst/core/sm/fft_data[23]
    DSP48_X2Y0           DSP48E1 (Prop_dsp48e1_A[23]_PCOUT[15])
                                                      4.036     8.584 r  system_i/iq_0/inst/core/sm/rr0/PCOUT[15]
                         net (fo=1, estimated)        0.000     8.584    system_i/iq_0/inst/core/sm/rr0_n_138
    DSP48_X2Y1           DSP48E1                                      r  system_i/iq_0/inst/core/sm/rr_reg/PCIN[15]
  -------------------------------------------------------------------    -------------------

                         (clock clk_out1_system_fft_clock_0 rise edge)
                                                      6.667     6.667 r  <hidden>
    PS7_X0Y0             PS7                          0.000     6.667 r  system_i/ps7/inst/PS7_i/FCLKCLK[1]
                         net (fo=1, estimated)        1.133     7.800    system_i/ps7/inst/FCLK_CLK_unbuffered[1]
    BUFGCTRL_X0Y19       BUFG (Prop_bufg_I_O)         0.091     7.891 r  system_i/ps7/inst/buffer_fclk_clk_1.FCLK_CLK_1_BUFG/O
                         net (fo=1, estimated)        1.855     9.746    system_i/fft_clock/inst/clk_in1
    MMCME2_ADV_X1Y2      MMCME2_ADV (Prop_mmcme2_adv_CLKIN1_CLKOUT0)
                                                     -4.043     5.703 r  system_i/fft_clock/inst/mmcm_adv_inst/CLKOUT0
                         net (fo=1, estimated)        2.096     7.799    system_i/fft_clock/inst/clk_out1_system_fft_clock_0
    BUFGCTRL_X0Y17       BUFG (Prop_bufg_I_O)         0.091     7.890 r  system_i/fft_clock/inst/clkout1_buf/O
                         net (fo=22439, estimated)    1.586     9.476    system_i/iq_0/inst/core/sm/fft_clk
    DSP48_X2Y1           DSP48E1                                      r  system_i/iq_0/inst/core/sm/rr_reg/CLK
                         clock pessimism              0.185     9.660    <hidden>
                         clock uncertainty           -0.118     9.542    <hidden>
    DSP48_X2Y1           DSP48E1 (Setup_dsp48e1_CLK_PCIN[15])
                                                     -1.400     8.142    system_i/iq_0/inst/core/sm/rr_reg
  -------------------------------------------------------------------
                         required time                          8.142    <hidden>
                         arrival time                          -8.584    <hidden>
  -------------------------------------------------------------------
                         slack                                 -0.442    <hidden>

Slack (VIOLATED) :        -0.442ns  (required time - arrival time)
  Source:                 system_i/iq_0/inst/core/transform/fft/U0/<hidden>/<hidden>/<hidden>/<hidden>/<hidden>/<hidden>/<hidden>
                            (rising edge-triggered cell FDRE clocked by clk_out1_system_fft_clock_0  {rise@0.000ns fall@3.333ns period=6.667ns})
  Destination:            system_i/iq_0/inst/core/sm/rr_reg/PCIN[16]
                            (rising edge-triggered cell DSP48E1 clocked by clk_out1_system_fft_clock_0  {rise@0.000ns fall@3.333ns period=6.667ns})
  Path Group:             clk_out1_system_fft_clock_0
  Path Type:              Setup (Max at Slow Process Corner)
  Requirement:            6.667ns  (clk_out1_system_fft_clock_0 rise@6.667ns - clk_out1_system_fft_clock_0 rise@0.000ns)
  Data Path Delay:        5.542ns  (logic 4.554ns (82.173%)  route 0.988ns (17.827%))
  Logic Levels:           1  (DSP48E1=1)
  Clock Path Skew:        -0.048ns (DCD - SCD + CPR)
    Destination Clock Delay (DCD):    2.809ns = ( 9.476 - 6.667 ) 
    Source Clock Delay      (SCD):    3.042ns
    Clock Pessimism Removal (CPR):    0.185ns
  Clock Uncertainty:      0.118ns  ((TSJ^2 + DJ^2)^1/2) / 2 + PE
    Total System Jitter     (TSJ):    0.071ns
    Discrete Jitter          (DJ):    0.225ns
    Phase Error              (PE):    0.000ns

    Location             Delay type                Incr(ns)  Path(ns)    Netlist Resource(s)
  -------------------------------------------------------------------    -------------------
                         (clock clk_out1_system_fft_clock_0 rise edge)
                                                      0.000     0.000 r  <hidden>
    PS7_X0Y0             PS7                          0.000     0.000 r  system_i/ps7/inst/PS7_i/FCLKCLK[1]
                         net (fo=1, estimated)        1.193     1.193    system_i/ps7/inst/FCLK_CLK_unbuffered[1]
    BUFGCTRL_X0Y19       BUFG (Prop_bufg_I_O)         0.101     1.294 r  system_i/ps7/inst/buffer_fclk_clk_1.FCLK_CLK_1_BUFG/O
                         net (fo=1, estimated)        2.051     3.345    system_i/fft_clock/inst/clk_in1
    MMCME2_ADV_X1Y2      MMCME2_ADV (Prop_mmcme2_adv_CLKIN1_CLKOUT0)
                                                     -4.359    -1.014 r  system_i/fft_clock/inst/mmcm_adv_inst/CLKOUT0
                         net (fo=1, estimated)        2.206     1.192    system_i/fft_clock/inst/clk_out1_system_fft_clock_0
    BUFGCTRL_X0Y17       BUFG (Prop_bufg_I_O)         0.101     1.293 r  system_i/fft_clock/inst/clkout1_buf/O
                         net (fo=22439, estimated)    1.749     3.042    system_i/iq_0/inst/core/transform/fft/U0/<hidden>/<hidden>/<hidden>/<hidden>/<hidden>/<hidden>
    SLICE_X26Y3          FDRE                                         r  system_i/iq_0/inst/core/transform/fft/U0/<hidden>/<hidden>/<hidden>/<hidden>/<hidden>/<hidden>/<hidden>
  -------------------------------------------------------------------    -------------------
    SLICE_X26Y3          FDRE (Prop_fdre_C_Q)         0.518     3.560 r  system_i/iq_0/inst/core/transform/fft/U0/<hidden>/<hidden>/<hidden>/<hidden>/<hidden>/<hidden>/<hidden>
                         net (fo=26, estimated)       0.988     4.548    system_i/iq_0/inst/core/sm/fft_data[23]
    DSP48_X2Y0           DSP48E1 (Prop_dsp48e1_A[23]_PCOUT[16])
                                                      4.036     8.584 r  system_i/iq_0/inst/core/sm/rr0/PCOUT[16]
                         net (fo=1, estimated)        0.000     8.584    system_i/iq_0/inst/core/sm/rr0_n_137
    DSP48_X2Y1           DSP48E1                                      r  system_i/iq_0/inst/core/sm/rr_reg/PCIN[16]
  -------------------------------------------------------------------    -------------------

                         (clock clk_out1_system_fft_clock_0 rise edge)
                                                      6.667     6.667 r  <hidden>
    PS7_X0Y0             PS7                          0.000     6.667 r  system_i/ps7/inst/PS7_i/FCLKCLK[1]
                         net (fo=1, estimated)        1.133     7.800    system_i/ps7/inst/FCLK_CLK_unbuffered[1]
    BUFGCTRL_X0Y19       BUFG (Prop_bufg_I_O)         0.091     7.891 r  system_i/ps7/inst/buffer_fclk_clk_1.FCLK_CLK_1_BUFG/O
                         net (fo=1, estimated)        1.855     9.746    system_i/fft_clock/inst/clk_in1
    MMCME2_ADV_X1Y2      MMCME2_ADV (Prop_mmcme2_adv_CLKIN1_CLKOUT0)
                                                     -4.043     5.703 r  system_i/fft_clock/inst/mmcm_adv_inst/CLKOUT0
                         net (fo=1, estimated)        2.096     7.799    system_i/fft_clock/inst/clk_out1_system_fft_clock_0
    BUFGCTRL_X0Y17       BUFG (Prop_bufg_I_O)         0.091     7.890 r  system_i/fft_clock/inst/clkout1_buf/O
                         net (fo=22439, estimated)    1.586     9.476    system_i/iq_0/inst/core/sm/fft_clk
    DSP48_X2Y1           DSP48E1                                      r  system_i/iq_0/inst/core/sm/rr_reg/CLK
                         clock pessimism              0.185     9.660    <hidden>
                         clock uncertainty           -0.118     9.542    <hidden>
    DSP48_X2Y1           DSP48E1 (Setup_dsp48e1_CLK_PCIN[16])
                                                     -1.400     8.142    system_i/iq_0/inst/core/sm/rr_reg
  -------------------------------------------------------------------
                         required time                          8.142    <hidden>
                         arrival time                          -8.584    <hidden>
  -------------------------------------------------------------------
                         slack                                 -0.442    <hidden>

Slack (VIOLATED) :        -0.442ns  (required time - arrival time)
  Source:                 system_i/iq_0/inst/core/transform/fft/U0/<hidden>/<hidden>/<hidden>/<hidden>/<hidden>/<hidden>/<hidden>
                            (rising edge-triggered cell FDRE clocked by clk_out1_system_fft_clock_0  {rise@0.000ns fall@3.333ns period=6.667ns})
  Destination:            system_i/iq_0/inst/core/sm/rr_reg/PCIN[17]
                            (rising edge-triggered cell DSP48E1 clocked by clk_out1_system_fft_clock_0  {rise@0.000ns fall@3.333ns period=6.667ns})
  Path Group:             clk_out1_system_fft_clock_0
  Path Type:              Setup (Max at Slow Process Corner)
  Requirement:            6.667ns  (clk_out1_system_fft_clock_0 rise@6.667ns - clk_out1_system_fft_clock_0 rise@0.000ns)
  Data Path Delay:        5.542ns  (logic 4.554ns (82.173%)  route 0.988ns (17.827%))
  Logic Levels:           1  (DSP48E1=1)
  Clock Path Skew:        -0.048ns (DCD - SCD + CPR)
    Destination Clock Delay (DCD):    2.809ns = ( 9.476 - 6.667 ) 
    Source Clock Delay      (SCD):    3.042ns
    Clock Pessimism Removal (CPR):    0.185ns
  Clock Uncertainty:      0.118ns  ((TSJ^2 + DJ^2)^1/2) / 2 + PE
    Total System Jitter     (TSJ):    0.071ns
    Discrete Jitter          (DJ):    0.225ns
    Phase Error              (PE):    0.000ns

    Location             Delay type                Incr(ns)  Path(ns)    Netlist Resource(s)
  -------------------------------------------------------------------    -------------------
                         (clock clk_out1_system_fft_clock_0 rise edge)
                                                      0.000     0.000 r  <hidden>
    PS7_X0Y0             PS7                          0.000     0.000 r  system_i/ps7/inst/PS7_i/FCLKCLK[1]
                         net (fo=1, estimated)        1.193     1.193    system_i/ps7/inst/FCLK_CLK_unbuffered[1]
    BUFGCTRL_X0Y19       BUFG (Prop_bufg_I_O)         0.101     1.294 r  system_i/ps7/inst/buffer_fclk_clk_1.FCLK_CLK_1_BUFG/O
                         net (fo=1, estimated)        2.051     3.345    system_i/fft_clock/inst/clk_in1
    MMCME2_ADV_X1Y2      MMCME2_ADV (Prop_mmcme2_adv_CLKIN1_CLKOUT0)
                                                     -4.359    -1.014 r  system_i/fft_clock/inst/mmcm_adv_inst/CLKOUT0
                         net (fo=1, estimated)        2.206     1.192    system_i/fft_clock/inst/clk_out1_system_fft_clock_0
    BUFGCTRL_X0Y17       BUFG (Prop_bufg_I_O)         0.101     1.293 r  system_i/fft_clock/inst/clkout1_buf/O
                         net (fo=22439, estimated)    1.749     3.042    system_i/iq_0/inst/core/transform/fft/U0/<hidden>/<hidden>/<hidden>/<hidden>/<hidden>/<hidden>
    SLICE_X26Y3          FDRE                                         r  system_i/iq_0/inst/core/transform/fft/U0/<hidden>/<hidden>/<hidden>/<hidden>/<hidden>/<hidden>/<hidden>
  -------------------------------------------------------------------    -------------------
    SLICE_X26Y3          FDRE (Prop_fdre_C_Q)         0.518     3.560 r  system_i/iq_0/inst/core/transform/fft/U0/<hidden>/<hidden>/<hidden>/<hidden>/<hidden>/<hidden>/<hidden>
                         net (fo=26, estimated)       0.988     4.548    system_i/iq_0/inst/core/sm/fft_data[23]
    DSP48_X2Y0           DSP48E1 (Prop_dsp48e1_A[23]_PCOUT[17])
                                                      4.036     8.584 r  system_i/iq_0/inst/core/sm/rr0/PCOUT[17]
                         net (fo=1, estimated)        0.000     8.584    system_i/iq_0/inst/core/sm/rr0_n_136
    DSP48_X2Y1           DSP48E1                                      r  system_i/iq_0/inst/core/sm/rr_reg/PCIN[17]
  -------------------------------------------------------------------    -------------------

                         (clock clk_out1_system_fft_clock_0 rise edge)
                                                      6.667     6.667 r  <hidden>
    PS7_X0Y0             PS7                          0.000     6.667 r  system_i/ps7/inst/PS7_i/FCLKCLK[1]
                         net (fo=1, estimated)        1.133     7.800    system_i/ps7/inst/FCLK_CLK_unbuffered[1]
    BUFGCTRL_X0Y19       BUFG (Prop_bufg_I_O)         0.091     7.891 r  system_i/ps7/inst/buffer_fclk_clk_1.FCLK_CLK_1_BUFG/O
                         net (fo=1, estimated)        1.855     9.746    system_i/fft_clock/inst/clk_in1
    MMCME2_ADV_X1Y2      MMCME2_ADV (Prop_mmcme2_adv_CLKIN1_CLKOUT0)
                                                     -4.043     5.703 r  system_i/fft_clock/inst/mmcm_adv_inst/CLKOUT0
                         net (fo=1, estimated)        2.096     7.799    system_i/fft_clock/inst/clk_out1_system_fft_clock_0
    BUFGCTRL_X0Y17       BUFG (Prop_bufg_I_O)         0.091     7.890 r  system_i/fft_clock/inst/clkout1_buf/O
                         net (fo=22439, estimated)    1.586     9.476    system_i/iq_0/inst/core/sm/fft_clk
    DSP48_X2Y1           DSP48E1                                      r  system_i/iq_0/inst/core/sm/rr_reg/CLK
                         clock pessimism              0.185     9.660    <hidden>
                         clock uncertainty           -0.118     9.542    <hidden>
    DSP48_X2Y1           DSP48E1 (Setup_dsp48e1_CLK_PCIN[17])
                                                     -1.400     8.142    system_i/iq_0/inst/core/sm/rr_reg
  -------------------------------------------------------------------
                         required time                          8.142    <hidden>
                         arrival time                          -8.584    <hidden>
  -------------------------------------------------------------------
                         slack                                 -0.442    <hidden>

Slack (VIOLATED) :        -0.442ns  (required time - arrival time)
  Source:                 system_i/iq_0/inst/core/transform/fft/U0/<hidden>/<hidden>/<hidden>/<hidden>/<hidden>/<hidden>/<hidden>
                            (rising edge-triggered cell FDRE clocked by clk_out1_system_fft_clock_0  {rise@0.000ns fall@3.333ns period=6.667ns})
  Destination:            system_i/iq_0/inst/core/sm/rr_reg/PCIN[18]
                            (rising edge-triggered cell DSP48E1 clocked by clk_out1_system_fft_clock_0  {rise@0.000ns fall@3.333ns period=6.667ns})
  Path Group:             clk_out1_system_fft_clock_0
  Path Type:              Setup (Max at Slow Process Corner)
  Requirement:            6.667ns  (clk_out1_system_fft_clock_0 rise@6.667ns - clk_out1_system_fft_clock_0 rise@0.000ns)
  Data Path Delay:        5.542ns  (logic 4.554ns (82.173%)  route 0.988ns (17.827%))
  Logic Levels:           1  (DSP48E1=1)
  Clock Path Skew:        -0.048ns (DCD - SCD + CPR)
    Destination Clock Delay (DCD):    2.809ns = ( 9.476 - 6.667 ) 
    Source Clock Delay      (SCD):    3.042ns
    Clock Pessimism Removal (CPR):    0.185ns
  Clock Uncertainty:      0.118ns  ((TSJ^2 + DJ^2)^1/2) / 2 + PE
    Total System Jitter     (TSJ):    0.071ns
    Discrete Jitter          (DJ):    0.225ns
    Phase Error              (PE):    0.000ns

    Location             Delay type                Incr(ns)  Path(ns)    Netlist Resource(s)
  -------------------------------------------------------------------    -------------------
                         (clock clk_out1_system_fft_clock_0 rise edge)
                                                      0.000     0.000 r  <hidden>
    PS7_X0Y0             PS7                          0.000     0.000 r  system_i/ps7/inst/PS7_i/FCLKCLK[1]
                         net (fo=1, estimated)        1.193     1.193    system_i/ps7/inst/FCLK_CLK_unbuffered[1]
    BUFGCTRL_X0Y19       BUFG (Prop_bufg_I_O)         0.101     1.294 r  system_i/ps7/inst/buffer_fclk_clk_1.FCLK_CLK_1_BUFG/O
                         net (fo=1, estimated)        2.051     3.345    system_i/fft_clock/inst/clk_in1
    MMCME2_ADV_X1Y2      MMCME2_ADV (Prop_mmcme2_adv_CLKIN1_CLKOUT0)
                                                     -4.359    -1.014 r  system_i/fft_clock/inst/mmcm_adv_inst/CLKOUT0
                         net (fo=1, estimated)        2.206     1.192    system_i/fft_clock/inst/clk_out1_system_fft_clock_0
    BUFGCTRL_X0Y17       BUFG (Prop_bufg_I_O)         0.101     1.293 r  system_i/fft_clock/inst/clkout1_buf/O
                         net (fo=22439, estimated)    1.749     3.042    system_i/iq_0/inst/core/transform/fft/U0/<hidden>/<hidden>/<hidden>/<hidden>/<hidden>/<hidden>
    SLICE_X26Y3          FDRE                                         r  system_i/iq_0/inst/core/transform/fft/U0/<hidden>/<hidden>/<hidden>/<hidden>/<hidden>/<hidden>/<hidden>
  -------------------------------------------------------------------    -------------------
    SLICE_X26Y3          FDRE (Prop_fdre_C_Q)         0.518     3.560 r  system_i/iq_0/inst/core/transform/fft/U0/<hidden>/<hidden>/<hidden>/<hidden>/<hidden>/<hidden>/<hidden>
                         net (fo=26, estimated)       0.988     4.548    system_i/iq_0/inst/core/sm/fft_data[23]
    DSP48_X2Y0           DSP48E1 (Prop_dsp48e1_A[23]_PCOUT[18])
                                                      4.036     8.584 r  system_i/iq_0/inst/core/sm/rr0/PCOUT[18]
                         net (fo=1, estimated)        0.000     8.584    system_i/iq_0/inst/core/sm/rr0_n_135
    DSP48_X2Y1           DSP48E1                                      r  system_i/iq_0/inst/core/sm/rr_reg/PCIN[18]
  -------------------------------------------------------------------    -------------------

                         (clock clk_out1_system_fft_clock_0 rise edge)
                                                      6.667     6.667 r  <hidden>
    PS7_X0Y0             PS7                          0.000     6.667 r  system_i/ps7/inst/PS7_i/FCLKCLK[1]
                         net (fo=1, estimated)        1.133     7.800    system_i/ps7/inst/FCLK_CLK_unbuffered[1]
    BUFGCTRL_X0Y19       BUFG (Prop_bufg_I_O)         0.091     7.891 r  system_i/ps7/inst/buffer_fclk_clk_1.FCLK_CLK_1_BUFG/O
                         net (fo=1, estimated)        1.855     9.746    system_i/fft_clock/inst/clk_in1
    MMCME2_ADV_X1Y2      MMCME2_ADV (Prop_mmcme2_adv_CLKIN1_CLKOUT0)
                                                     -4.043     5.703 r  system_i/fft_clock/inst/mmcm_adv_inst/CLKOUT0
                         net (fo=1, estimated)        2.096     7.799    system_i/fft_clock/inst/clk_out1_system_fft_clock_0
    BUFGCTRL_X0Y17       BUFG (Prop_bufg_I_O)         0.091     7.890 r  system_i/fft_clock/inst/clkout1_buf/O
                         net (fo=22439, estimated)    1.586     9.476    system_i/iq_0/inst/core/sm/fft_clk
    DSP48_X2Y1           DSP48E1                                      r  system_i/iq_0/inst/core/sm/rr_reg/CLK
                         clock pessimism              0.185     9.660    <hidden>
                         clock uncertainty           -0.118     9.542    <hidden>
    DSP48_X2Y1           DSP48E1 (Setup_dsp48e1_CLK_PCIN[18])
                                                     -1.400     8.142    system_i/iq_0/inst/core/sm/rr_reg
  -------------------------------------------------------------------
                         required time                          8.142    <hidden>
                         arrival time                          -8.584    <hidden>
  -------------------------------------------------------------------
                         slack                                 -0.442    <hidden>

Slack (VIOLATED) :        -0.442ns  (required time - arrival time)
  Source:                 system_i/iq_0/inst/core/transform/fft/U0/<hidden>/<hidden>/<hidden>/<hidden>/<hidden>/<hidden>/<hidden>
                            (rising edge-triggered cell FDRE clocked by clk_out1_system_fft_clock_0  {rise@0.000ns fall@3.333ns period=6.667ns})
  Destination:            system_i/iq_0/inst/core/sm/rr_reg/PCIN[19]
                            (rising edge-triggered cell DSP48E1 clocked by clk_out1_system_fft_clock_0  {rise@0.000ns fall@3.333ns period=6.667ns})
  Path Group:             clk_out1_system_fft_clock_0
  Path Type:              Setup (Max at Slow Process Corner)
  Requirement:            6.667ns  (clk_out1_system_fft_clock_0 rise@6.667ns - clk_out1_system_fft_clock_0 rise@0.000ns)
  Data Path Delay:        5.542ns  (logic 4.554ns (82.173%)  route 0.988ns (17.827%))
  Logic Levels:           1  (DSP48E1=1)
  Clock Path Skew:        -0.048ns (DCD - SCD + CPR)
    Destination Clock Delay (DCD):    2.809ns = ( 9.476 - 6.667 ) 
    Source Clock Delay      (SCD):    3.042ns
    Clock Pessimism Removal (CPR):    0.185ns
  Clock Uncertainty:      0.118ns  ((TSJ^2 + DJ^2)^1/2) / 2 + PE
    Total System Jitter     (TSJ):    0.071ns
    Discrete Jitter          (DJ):    0.225ns
    Phase Error              (PE):    0.000ns

    Location             Delay type                Incr(ns)  Path(ns)    Netlist Resource(s)
  -------------------------------------------------------------------    -------------------
                         (clock clk_out1_system_fft_clock_0 rise edge)
                                                      0.000     0.000 r  <hidden>
    PS7_X0Y0             PS7                          0.000     0.000 r  system_i/ps7/inst/PS7_i/FCLKCLK[1]
                         net (fo=1, estimated)        1.193     1.193    system_i/ps7/inst/FCLK_CLK_unbuffered[1]
    BUFGCTRL_X0Y19       BUFG (Prop_bufg_I_O)         0.101     1.294 r  system_i/ps7/inst/buffer_fclk_clk_1.FCLK_CLK_1_BUFG/O
                         net (fo=1, estimated)        2.051     3.345    system_i/fft_clock/inst/clk_in1
    MMCME2_ADV_X1Y2      MMCME2_ADV (Prop_mmcme2_adv_CLKIN1_CLKOUT0)
                                                     -4.359    -1.014 r  system_i/fft_clock/inst/mmcm_adv_inst/CLKOUT0
                         net (fo=1, estimated)        2.206     1.192    system_i/fft_clock/inst/clk_out1_system_fft_clock_0
    BUFGCTRL_X0Y17       BUFG (Prop_bufg_I_O)         0.101     1.293 r  system_i/fft_clock/inst/clkout1_buf/O
                         net (fo=22439, estimated)    1.749     3.042    system_i/iq_0/inst/core/transform/fft/U0/<hidden>/<hidden>/<hidden>/<hidden>/<hidden>/<hidden>
    SLICE_X26Y3          FDRE                                         r  system_i/iq_0/inst/core/transform/fft/U0/<hidden>/<hidden>/<hidden>/<hidden>/<hidden>/<hidden>/<hidden>
  -------------------------------------------------------------------    -------------------
    SLICE_X26Y3          FDRE (Prop_fdre_C_Q)         0.518     3.560 r  system_i/iq_0/inst/core/transform/fft/U0/<hidden>/<hidden>/<hidden>/<hidden>/<hidden>/<hidden>/<hidden>
                         net (fo=26, estimated)       0.988     4.548    system_i/iq_0/inst/core/sm/fft_data[23]
    DSP48_X2Y0           DSP48E1 (Prop_dsp48e1_A[23]_PCOUT[19])
                                                      4.036     8.584 r  system_i/iq_0/inst/core/sm/rr0/PCOUT[19]
                         net (fo=1, estimated)        0.000     8.584    system_i/iq_0/inst/core/sm/rr0_n_134
    DSP48_X2Y1           DSP48E1                                      r  system_i/iq_0/inst/core/sm/rr_reg/PCIN[19]
  -------------------------------------------------------------------    -------------------

                         (clock clk_out1_system_fft_clock_0 rise edge)
                                                      6.667     6.667 r  <hidden>
    PS7_X0Y0             PS7                          0.000     6.667 r  system_i/ps7/inst/PS7_i/FCLKCLK[1]
                         net (fo=1, estimated)        1.133     7.800    system_i/ps7/inst/FCLK_CLK_unbuffered[1]
    BUFGCTRL_X0Y19       BUFG (Prop_bufg_I_O)         0.091     7.891 r  system_i/ps7/inst/buffer_fclk_clk_1.FCLK_CLK_1_BUFG/O
                         net (fo=1, estimated)        1.855     9.746    system_i/fft_clock/inst/clk_in1
    MMCME2_ADV_X1Y2      MMCME2_ADV (Prop_mmcme2_adv_CLKIN1_CLKOUT0)
                                                     -4.043     5.703 r  system_i/fft_clock/inst/mmcm_adv_inst/CLKOUT0
                         net (fo=1, estimated)        2.096     7.799    system_i/fft_clock/inst/clk_out1_system_fft_clock_0
    BUFGCTRL_X0Y17       BUFG (Prop_bufg_I_O)         0.091     7.890 r  system_i/fft_clock/inst/clkout1_buf/O
                         net (fo=22439, estimated)    1.586     9.476    system_i/iq_0/inst/core/sm/fft_clk
    DSP48_X2Y1           DSP48E1                                      r  system_i/iq_0/inst/core/sm/rr_reg/CLK
                         clock pessimism              0.185     9.660    <hidden>
                         clock uncertainty           -0.118     9.542    <hidden>
    DSP48_X2Y1           DSP48E1 (Setup_dsp48e1_CLK_PCIN[19])
                                                     -1.400     8.142    system_i/iq_0/inst/core/sm/rr_reg
  -------------------------------------------------------------------
                         required time                          8.142    <hidden>
                         arrival time                          -8.584    <hidden>
  -------------------------------------------------------------------
                         slack                                 -0.442    <hidden>

Slack (VIOLATED) :        -0.442ns  (required time - arrival time)
  Source:                 system_i/iq_0/inst/core/transform/fft/U0/<hidden>/<hidden>/<hidden>/<hidden>/<hidden>/<hidden>/<hidden>
                            (rising edge-triggered cell FDRE clocked by clk_out1_system_fft_clock_0  {rise@0.000ns fall@3.333ns period=6.667ns})
  Destination:            system_i/iq_0/inst/core/sm/rr_reg/PCIN[1]
                            (rising edge-triggered cell DSP48E1 clocked by clk_out1_system_fft_clock_0  {rise@0.000ns fall@3.333ns period=6.667ns})
  Path Group:             clk_out1_system_fft_clock_0
  Path Type:              Setup (Max at Slow Process Corner)
  Requirement:            6.667ns  (clk_out1_system_fft_clock_0 rise@6.667ns - clk_out1_system_fft_clock_0 rise@0.000ns)
  Data Path Delay:        5.542ns  (logic 4.554ns (82.173%)  route 0.988ns (17.827%))
  Logic Levels:           1  (DSP48E1=1)
  Clock Path Skew:        -0.048ns (DCD - SCD + CPR)
    Destination Clock Delay (DCD):    2.809ns = ( 9.476 - 6.667 ) 
    Source Clock Delay      (SCD):    3.042ns
    Clock Pessimism Removal (CPR):    0.185ns
  Clock Uncertainty:      0.118ns  ((TSJ^2 + DJ^2)^1/2) / 2 + PE
    Total System Jitter     (TSJ):    0.071ns
    Discrete Jitter          (DJ):    0.225ns
    Phase Error              (PE):    0.000ns

    Location             Delay type                Incr(ns)  Path(ns)    Netlist Resource(s)
  -------------------------------------------------------------------    -------------------
                         (clock clk_out1_system_fft_clock_0 rise edge)
                                                      0.000     0.000 r  <hidden>
    PS7_X0Y0             PS7                          0.000     0.000 r  system_i/ps7/inst/PS7_i/FCLKCLK[1]
                         net (fo=1, estimated)        1.193     1.193    system_i/ps7/inst/FCLK_CLK_unbuffered[1]
    BUFGCTRL_X0Y19       BUFG (Prop_bufg_I_O)         0.101     1.294 r  system_i/ps7/inst/buffer_fclk_clk_1.FCLK_CLK_1_BUFG/O
                         net (fo=1, estimated)        2.051     3.345    system_i/fft_clock/inst/clk_in1
    MMCME2_ADV_X1Y2      MMCME2_ADV (Prop_mmcme2_adv_CLKIN1_CLKOUT0)
                                                     -4.359    -1.014 r  system_i/fft_clock/inst/mmcm_adv_inst/CLKOUT0
                         net (fo=1, estimated)        2.206     1.192    system_i/fft_clock/inst/clk_out1_system_fft_clock_0
    BUFGCTRL_X0Y17       BUFG (Prop_bufg_I_O)         0.101     1.293 r  system_i/fft_clock/inst/clkout1_buf/O
                         net (fo=22439, estimated)    1.749     3.042    system_i/iq_0/inst/core/transform/fft/U0/<hidden>/<hidden>/<hidden>/<hidden>/<hidden>/<hidden>
    SLICE_X26Y3          FDRE                                         r  system_i/iq_0/inst/core/transform/fft/U0/<hidden>/<hidden>/<hidden>/<hidden>/<hidden>/<hidden>/<hidden>
  -------------------------------------------------------------------    -------------------
    SLICE_X26Y3          FDRE (Prop_fdre_C_Q)         0.518     3.560 r  system_i/iq_0/inst/core/transform/fft/U0/<hidden>/<hidden>/<hidden>/<hidden>/<hidden>/<hidden>/<hidden>
                         net (fo=26, estimated)       0.988     4.548    system_i/iq_0/inst/core/sm/fft_data[23]
    DSP48_X2Y0           DSP48E1 (Prop_dsp48e1_A[23]_PCOUT[1])
                                                      4.036     8.584 r  system_i/iq_0/inst/core/sm/rr0/PCOUT[1]
                         net (fo=1, estimated)        0.000     8.584    system_i/iq_0/inst/core/sm/rr0_n_152
    DSP48_X2Y1           DSP48E1                                      r  system_i/iq_0/inst/core/sm/rr_reg/PCIN[1]
  -------------------------------------------------------------------    -------------------

                         (clock clk_out1_system_fft_clock_0 rise edge)
                                                      6.667     6.667 r  <hidden>
    PS7_X0Y0             PS7                          0.000     6.667 r  system_i/ps7/inst/PS7_i/FCLKCLK[1]
                         net (fo=1, estimated)        1.133     7.800    system_i/ps7/inst/FCLK_CLK_unbuffered[1]
    BUFGCTRL_X0Y19       BUFG (Prop_bufg_I_O)         0.091     7.891 r  system_i/ps7/inst/buffer_fclk_clk_1.FCLK_CLK_1_BUFG/O
                         net (fo=1, estimated)        1.855     9.746    system_i/fft_clock/inst/clk_in1
    MMCME2_ADV_X1Y2      MMCME2_ADV (Prop_mmcme2_adv_CLKIN1_CLKOUT0)
                                                     -4.043     5.703 r  system_i/fft_clock/inst/mmcm_adv_inst/CLKOUT0
                         net (fo=1, estimated)        2.096     7.799    system_i/fft_clock/inst/clk_out1_system_fft_clock_0
    BUFGCTRL_X0Y17       BUFG (Prop_bufg_I_O)         0.091     7.890 r  system_i/fft_clock/inst/clkout1_buf/O
                         net (fo=22439, estimated)    1.586     9.476    system_i/iq_0/inst/core/sm/fft_clk
    DSP48_X2Y1           DSP48E1                                      r  system_i/iq_0/inst/core/sm/rr_reg/CLK
                         clock pessimism              0.185     9.660    <hidden>
                         clock uncertainty           -0.118     9.542    <hidden>
    DSP48_X2Y1           DSP48E1 (Setup_dsp48e1_CLK_PCIN[1])
                                                     -1.400     8.142    system_i/iq_0/inst/core/sm/rr_reg
  -------------------------------------------------------------------
                         required time                          8.142    <hidden>
                         arrival time                          -8.584    <hidden>
  -------------------------------------------------------------------
                         slack                                 -0.442    <hidden>




