INFO: [Common 17-3922] A valid Vivado Design Suite BASIC license has been detected. Your current license is active and will expire on 22-jul-2027.
#-----------------------------------------------------------
# Vivado v2026.1 (64-bit)
# SW Build 6511674 on Tue Jun 16 11:02:23 MDT 2026
# IP Build 6504888 on Tue Jun 09 09:05:25 MDT 2026
# SharedData Build 6501428 on Mon Jun 08 17:34:18 MDT 2026
# Start of session at: Fri Oct  9 18:42:54 2026
# Process ID         : 23252
# Current directory  : D:/fft/fft_phase10_resource_opt
# Command line       : vivado.exe -mode batch -notrace -nojournal -log D:\fft\fft_phase10_resource_opt\build\logs\sim_digital_burst.log -source scripts/sim_digital_burst.tcl
# Log file           : D:/fft/fft_phase10_resource_opt/build/logs/sim_digital_burst.log
# Journal file       : 
# Running On         : LAPTOP-ATE8I1GS
# Platform           : Windows 11
# Operating System   : 26100
# Processor Detail   : AMD Ryzen 9 7945HX with Radeon Graphics        
# CPU Frequency      : 2495 MHz
# CPU Physical cores : 16
# CPU Logical cores  : 32
# Host memory        : 16844 MB
# Swap memory        : 19904 MB
# Total Virtual      : 36749 MB
# Available Virtual  : 4994 MB
#-----------------------------------------------------------
Sourcing tcl script 'C:/Users/LENOVO/AppData/Roaming/Xilinx/Vivado/Vivado_init.tcl'
source scripts/sim_digital_burst.tcl -notrace
create_project: Time (s): cpu = 00:00:07 ; elapsed = 00:00:11 . Memory (MB): peak = 614.621 ; gain = 270.684
Command: launch_simulation  -mode behavioral
INFO: [Vivado 12-25911] Executing simulation for 'XSim' simulator
INFO: [Vivado 12-28535] Process started - Fri Oct  9 18:43:19 2026

INFO: [Vivado 12-12493] Simulation top is 'tb_digital_burst'
INFO: [Vivado 12-5682] Launching behavioral simulation in 'D:/fft/fft_phase10_resource_opt/build/digital_burst/digital_burst.sim/sim_1/behav/xsim'
INFO: [SIM-utils-51] Simulation object is 'sim_1'
INFO: [SIM-utils-72] Using boost library from 'D:/VivadoMM/2026.1/Vivado/tps/boost_1_72_0'
INFO: [SIM-utils-54] Inspecting design source files for 'tb_digital_burst' in fileset 'sim_1'...
INFO: [SIM-utils-43] Exported 'D:/fft/fft_phase10_resource_opt/build/digital_burst/digital_burst.sim/sim_1/behav/xsim/digital_cases.txt'
INFO: [SIM-utils-43] Exported 'D:/fft/fft_phase10_resource_opt/build/digital_burst/digital_burst.sim/sim_1/behav/xsim/digital_cases.txt'
INFO: [USF-XSim-97] Finding global include files...
INFO: [USF-XSim-98] Fetching design files from 'sim_1'...
INFO: [USF-XSim-2] XSim::Compile design
INFO: [USF-XSim-61] Executing 'COMPILE and ANALYZE' step in 'D:/fft/fft_phase10_resource_opt/build/digital_burst/digital_burst.sim/sim_1/behav/xsim'
"xvlog --incr --relax -L uvm -prj tb_digital_burst_vlog.prj"
INFO: [VRFC 10-2263] Analyzing SystemVerilog file "D:/fft/fft_phase10_resource_opt/rtl/digital_burst_measure.sv" into library xil_defaultlib
INFO: [VRFC 10-311] analyzing module digital_burst_measure
INFO: [VRFC 10-2263] Analyzing SystemVerilog file "D:/fft/fft_phase10_resource_opt/rtl/iq_build_config.sv" into library xil_defaultlib
INFO: [VRFC 10-2263] Analyzing SystemVerilog file "D:/fft/fft_phase10_resource_opt/rtl/time_measure.sv" into library xil_defaultlib
INFO: [VRFC 10-311] analyzing module time_measure
INFO: [VRFC 10-2263] Analyzing SystemVerilog file "D:/fft/fft_phase10_resource_opt/tests/tb_digital_burst.sv" into library xil_defaultlib
INFO: [VRFC 10-311] analyzing module tb_digital_burst
INFO: [VRFC 10-2263] Analyzing Verilog file "D:/fft/fft_phase10_resource_opt/build/digital_burst/digital_burst.sim/sim_1/behav/xsim/glbl.v" into library xil_defaultlib
INFO: [VRFC 10-311] analyzing module glbl
INFO: [USF-XSim-69] 'compile' step finished in '2' seconds
INFO: [USF-XSim-3] XSim::Elaborate design
INFO: [USF-XSim-61] Executing 'ELABORATE' step in 'D:/fft/fft_phase10_resource_opt/build/digital_burst/digital_burst.sim/sim_1/behav/xsim'
"xelab --incr --debug typical --relax --mt 2 -L xil_defaultlib -L uvm -L unisims_ver -L unimacro_ver -L secureip --snapshot tb_digital_burst_behav xil_defaultlib.tb_digital_burst xil_defaultlib.glbl -log elaborate.log"
Vivado Simulator v2026.1
Copyright 1986-2022 Xilinx, Inc. All Rights Reserved.
Copyright 2022-2026 Advanced Micro Devices, Inc. All Rights Reserved.
Running: D:/VivadoMM/2026.1/Vivado/bin/unwrapped/win64.o/xelab.exe --incr --debug typical --relax --mt 2 -L xil_defaultlib -L uvm -L unisims_ver -L unimacro_ver -L secureip --snapshot tb_digital_burst_behav xil_defaultlib.tb_digital_burst xil_defaultlib.glbl -log elaborate.log 
INFO: [XSIM 43-3493] Using 2 slave threads.
Starting static elaboration
Pass Through NonSizing Optimizer
Completed static elaboration
Starting simulation data flow analysis
Completed simulation data flow analysis
Time Resolution for simulation is 1ps
Compiling package xil_defaultlib.iq_build_config
Compiling module xil_defaultlib.digital_burst_measure
Compiling module xil_defaultlib.time_measure_default
Compiling module xil_defaultlib.tb_digital_burst
Compiling module xil_defaultlib.glbl
Built simulation snapshot tb_digital_burst_behav
INFO: [USF-XSim-69] 'elaborate' step finished in '2' seconds
INFO: [USF-XSim-4] XSim::Simulate design
INFO: [USF-XSim-61] Executing 'SIMULATE' step in 'D:/fft/fft_phase10_resource_opt/build/digital_burst/digital_burst.sim/sim_1/behav/xsim'
INFO: [USF-XSim-98] *** Running xsim
   with args "tb_digital_burst_behav -key {Behavioral:sim_1:Functional:tb_digital_burst} -tclbatch {tb_digital_burst.tcl} -log {simulate.log}"
INFO: [USF-XSim-8] Loading simulator feature
Time resolution is 1 ps
source tb_digital_burst.tcl
DIGITAL_BURST_PASS cases=344 samples=3469946 bursts=225699 gaps full_scale finish_both_forms forced_segments valid_bubbles
$finish called at time : 37624810 ns : File "D:/fft/fft_phase10_resource_opt/tests/tb_digital_burst.sv" Line 53
run: Time (s): cpu = 00:00:04 ; elapsed = 00:00:08 . Memory (MB): peak = 636.414 ; gain = 0.000
xsim: Time (s): cpu = 00:00:04 ; elapsed = 00:00:09 . Memory (MB): peak = 636.414 ; gain = 14.938
INFO: [USF-XSim-96] XSim completed. Design snapshot 'tb_digital_burst_behav' loaded.
INFO: [USF-XSim-97] XSim simulation ran for all
launch_simulation: Time (s): cpu = 00:00:04 ; elapsed = 00:00:19 . Memory (MB): peak = 636.414 ; gain = 21.793
INFO: [Simtcl 6-16] Simulation closed
INFO: [Common 17-206] Exiting Vivado at Fri Oct  9 18:43:38 2026...
