#-----------------------------------------------------------
# xsim v2026.1 (64-bit)
# SW Build 6511674 on Tue Jun 16 11:02:23 MDT 2026
# IP Build 6504888 on Tue Jun 09 09:05:25 MDT 2026
# SharedData Build 6501428 on Mon Jun 08 17:34:18 MDT 2026
# Start of session at: Fri Oct  9 18:46:37 2026
# Process ID         : 57336
# Current directory  : D:/fft/fft_phase10_resource_opt/build/core_parallel/20261009_184636/cases_00_01
# Command line       : xsim.exe -log simulate.log -mode tcl -source {xsim.dir/tb_core_behav/xsim_script.tcl}
# Log file           : D:/fft/fft_phase10_resource_opt/build/core_parallel/20261009_184636/cases_00_01/simulate.log
# Journal file       : D:/fft/fft_phase10_resource_opt/build/core_parallel/20261009_184636/cases_00_01\xsim.jou
# Running On         : LAPTOP-ATE8I1GS
# Platform           : Windows 11
# Operating System   : 26100
# Processor Detail   : AMD Ryzen 9 7945HX with Radeon Graphics        
# CPU Frequency      : 2495 MHz
# CPU Physical cores : 16
# CPU Logical cores  : 32
# Host memory        : 16844 MB
# Swap memory        : 19904 MB
# Total Virtual      : 36749 MB
# Available Virtual  : 6813 MB
#-----------------------------------------------------------
source xsim.dir/tb_core_behav/xsim_script.tcl
# xsim {tb_core_behav} -testplusarg CASE_START=0 -testplusarg CASE_END=2 -autoloadwcfg -runall -onerror quit
Time resolution is 1 ps
run -all
Note:   - SCALING_SCH: in_ptr = 1, out_ptr = 1
Time: 0 ps  Iteration: 0  Process: /tb_core/dut/transform/fft/U0/i_synth/axi_wrapper/gen_config_fifo_in/line__94237  File: D:/VivadoMM/2026.1/Vivado/data/ip/xilinx/xfft_v9_1/hdl/xfft_v9_1_vh_rfs.vhd
Note:     - C_CHANNELS  = 1
Time: 0 ps  Iteration: 0  Process: /tb_core/dut/transform/fft/U0/i_synth/axi_wrapper/gen_config_fifo_in/line__94237  File: D:/VivadoMM/2026.1/Vivado/data/ip/xilinx/xfft_v9_1/hdl/xfft_v9_1_vh_rfs.vhd
Note:     - field_width = 14
Time: 0 ps  Iteration: 0  Process: /tb_core/dut/transform/fft/U0/i_synth/axi_wrapper/gen_config_fifo_in/line__94237  File: D:/VivadoMM/2026.1/Vivado/data/ip/xilinx/xfft_v9_1/hdl/xfft_v9_1_vh_rfs.vhd
Note:   - Copying SCALE_SCH from 14 downto 1 to 14 downto 1
Time: 0 ps  Iteration: 0  Process: /tb_core/dut/transform/fft/U0/i_synth/axi_wrapper/gen_config_fifo_in/line__94237  File: D:/VivadoMM/2026.1/Vivado/data/ip/xilinx/xfft_v9_1/hdl/xfft_v9_1_vh_rfs.vhd
CASE_PASS case=0 fft_frames=4 results=4 latency_cycles=35163
CASE_PASS case=1 fft_frames=4 results=4 latency_cycles=35163
CORE_PASS cases=2 exact_fft_points=131072 frequency_records=8
$finish called at time : 1359504 ns : File "D:/fft/fft_phase10_resource_opt/tests/tb_core.sv" Line 98
run: Time (s): cpu = 00:00:01 ; elapsed = 00:13:01 . Memory (MB): peak = 237.531 ; gain = 0.000
exit
INFO: xsimkernel Simulation Memory Usage: 190536 KB (Peak: 190536 KB), Simulation CPU Usage: 768124 ms
INFO: [Common 17-206] Exiting xsim at Fri Oct  9 18:59:41 2026...

#-----------------------------------------------------------
# xsim v2026.1 (64-bit)
# SW Build 6511674 on Tue Jun 16 11:02:23 MDT 2026
# IP Build 6504888 on Tue Jun 09 09:05:25 MDT 2026
# SharedData Build 6501428 on Mon Jun 08 17:34:18 MDT 2026
# Start of session at: Fri Oct  9 18:46:37 2026
# Process ID         : 26420
# Current directory  : D:/fft/fft_phase10_resource_opt/build/core_parallel/20261009_184636/cases_02_03
# Command line       : xsim.exe -log simulate.log -mode tcl -source {xsim.dir/tb_core_behav/xsim_script.tcl}
# Log file           : D:/fft/fft_phase10_resource_opt/build/core_parallel/20261009_184636/cases_02_03/simulate.log
# Journal file       : D:/fft/fft_phase10_resource_opt/build/core_parallel/20261009_184636/cases_02_03\xsim.jou
# Running On         : LAPTOP-ATE8I1GS
# Platform           : Windows 11
# Operating System   : 26100
# Processor Detail   : AMD Ryzen 9 7945HX with Radeon Graphics        
# CPU Frequency      : 2495 MHz
# CPU Physical cores : 16
# CPU Logical cores  : 32
# Host memory        : 16844 MB
# Swap memory        : 19904 MB
# Total Virtual      : 36749 MB
# Available Virtual  : 6813 MB
#-----------------------------------------------------------
source xsim.dir/tb_core_behav/xsim_script.tcl
# xsim {tb_core_behav} -testplusarg CASE_START=2 -testplusarg CASE_END=4 -autoloadwcfg -runall -onerror quit
Time resolution is 1 ps
run -all
Note:   - SCALING_SCH: in_ptr = 1, out_ptr = 1
Time: 0 ps  Iteration: 0  Process: /tb_core/dut/transform/fft/U0/i_synth/axi_wrapper/gen_config_fifo_in/line__94237  File: D:/VivadoMM/2026.1/Vivado/data/ip/xilinx/xfft_v9_1/hdl/xfft_v9_1_vh_rfs.vhd
Note:     - C_CHANNELS  = 1
Time: 0 ps  Iteration: 0  Process: /tb_core/dut/transform/fft/U0/i_synth/axi_wrapper/gen_config_fifo_in/line__94237  File: D:/VivadoMM/2026.1/Vivado/data/ip/xilinx/xfft_v9_1/hdl/xfft_v9_1_vh_rfs.vhd
Note:     - field_width = 14
Time: 0 ps  Iteration: 0  Process: /tb_core/dut/transform/fft/U0/i_synth/axi_wrapper/gen_config_fifo_in/line__94237  File: D:/VivadoMM/2026.1/Vivado/data/ip/xilinx/xfft_v9_1/hdl/xfft_v9_1_vh_rfs.vhd
Note:   - Copying SCALE_SCH from 14 downto 1 to 14 downto 1
Time: 0 ps  Iteration: 0  Process: /tb_core/dut/transform/fft/U0/i_synth/axi_wrapper/gen_config_fifo_in/line__94237  File: D:/VivadoMM/2026.1/Vivado/data/ip/xilinx/xfft_v9_1/hdl/xfft_v9_1_vh_rfs.vhd
CASE_PASS case=2 fft_frames=4 results=4 latency_cycles=35163
CASE_PASS case=3 fft_frames=4 results=4 latency_cycles=35163
CORE_PASS cases=2 exact_fft_points=131072 frequency_records=8
$finish called at time : 1359504 ns : File "D:/fft/fft_phase10_resource_opt/tests/tb_core.sv" Line 98
run: Time (s): cpu = 00:00:01 ; elapsed = 00:15:28 . Memory (MB): peak = 237.512 ; gain = 0.000
exit
INFO: xsimkernel Simulation Memory Usage: 190408 KB (Peak: 190408 KB), Simulation CPU Usage: 915608 ms
INFO: [Common 17-206] Exiting xsim at Fri Oct  9 19:02:08 2026...

#-----------------------------------------------------------
# xsim v2026.1 (64-bit)
# SW Build 6511674 on Tue Jun 16 11:02:23 MDT 2026
# IP Build 6504888 on Tue Jun 09 09:05:25 MDT 2026
# SharedData Build 6501428 on Mon Jun 08 17:34:18 MDT 2026
# Start of session at: Fri Oct  9 18:46:37 2026
# Process ID         : 43404
# Current directory  : D:/fft/fft_phase10_resource_opt/build/core_parallel/20261009_184636/cases_04_05
# Command line       : xsim.exe -log simulate.log -mode tcl -source {xsim.dir/tb_core_behav/xsim_script.tcl}
# Log file           : D:/fft/fft_phase10_resource_opt/build/core_parallel/20261009_184636/cases_04_05/simulate.log
# Journal file       : D:/fft/fft_phase10_resource_opt/build/core_parallel/20261009_184636/cases_04_05\xsim.jou
# Running On         : LAPTOP-ATE8I1GS
# Platform           : Windows 11
# Operating System   : 26100
# Processor Detail   : AMD Ryzen 9 7945HX with Radeon Graphics        
# CPU Frequency      : 2495 MHz
# CPU Physical cores : 16
# CPU Logical cores  : 32
# Host memory        : 16844 MB
# Swap memory        : 19904 MB
# Total Virtual      : 36749 MB
# Available Virtual  : 6813 MB
#-----------------------------------------------------------
source xsim.dir/tb_core_behav/xsim_script.tcl
# xsim {tb_core_behav} -testplusarg CASE_START=4 -testplusarg CASE_END=6 -autoloadwcfg -runall -onerror quit
Time resolution is 1 ps
run -all
Note:   - SCALING_SCH: in_ptr = 1, out_ptr = 1
Time: 0 ps  Iteration: 0  Process: /tb_core/dut/transform/fft/U0/i_synth/axi_wrapper/gen_config_fifo_in/line__94237  File: D:/VivadoMM/2026.1/Vivado/data/ip/xilinx/xfft_v9_1/hdl/xfft_v9_1_vh_rfs.vhd
Note:     - C_CHANNELS  = 1
Time: 0 ps  Iteration: 0  Process: /tb_core/dut/transform/fft/U0/i_synth/axi_wrapper/gen_config_fifo_in/line__94237  File: D:/VivadoMM/2026.1/Vivado/data/ip/xilinx/xfft_v9_1/hdl/xfft_v9_1_vh_rfs.vhd
Note:     - field_width = 14
Time: 0 ps  Iteration: 0  Process: /tb_core/dut/transform/fft/U0/i_synth/axi_wrapper/gen_config_fifo_in/line__94237  File: D:/VivadoMM/2026.1/Vivado/data/ip/xilinx/xfft_v9_1/hdl/xfft_v9_1_vh_rfs.vhd
Note:   - Copying SCALE_SCH from 14 downto 1 to 14 downto 1
Time: 0 ps  Iteration: 0  Process: /tb_core/dut/transform/fft/U0/i_synth/axi_wrapper/gen_config_fifo_in/line__94237  File: D:/VivadoMM/2026.1/Vivado/data/ip/xilinx/xfft_v9_1/hdl/xfft_v9_1_vh_rfs.vhd
CASE_PASS case=4 fft_frames=4 results=4 latency_cycles=35163
CASE_PASS case=5 fft_frames=4 results=4 latency_cycles=35163
CORE_PASS cases=2 exact_fft_points=131072 frequency_records=8
$finish called at time : 1359504 ns : File "D:/fft/fft_phase10_resource_opt/tests/tb_core.sv" Line 98
run: Time (s): cpu = 00:00:01 ; elapsed = 00:18:12 . Memory (MB): peak = 236.895 ; gain = 0.000
exit
INFO: xsimkernel Simulation Memory Usage: 190680 KB (Peak: 190680 KB), Simulation CPU Usage: 1077046 ms
INFO: [Common 17-206] Exiting xsim at Fri Oct  9 19:04:52 2026...

#-----------------------------------------------------------
# xsim v2026.1 (64-bit)
# SW Build 6511674 on Tue Jun 16 11:02:23 MDT 2026
# IP Build 6504888 on Tue Jun 09 09:05:25 MDT 2026
# SharedData Build 6501428 on Mon Jun 08 17:34:18 MDT 2026
# Start of session at: Fri Oct  9 18:46:37 2026
# Process ID         : 13732
# Current directory  : D:/fft/fft_phase10_resource_opt/build/core_parallel/20261009_184636/cases_06_07
# Command line       : xsim.exe -log simulate.log -mode tcl -source {xsim.dir/tb_core_behav/xsim_script.tcl}
# Log file           : D:/fft/fft_phase10_resource_opt/build/core_parallel/20261009_184636/cases_06_07/simulate.log
# Journal file       : D:/fft/fft_phase10_resource_opt/build/core_parallel/20261009_184636/cases_06_07\xsim.jou
# Running On         : LAPTOP-ATE8I1GS
# Platform           : Windows 11
# Operating System   : 26100
# Processor Detail   : AMD Ryzen 9 7945HX with Radeon Graphics        
# CPU Frequency      : 2495 MHz
# CPU Physical cores : 16
# CPU Logical cores  : 32
# Host memory        : 16844 MB
# Swap memory        : 19904 MB
# Total Virtual      : 36749 MB
# Available Virtual  : 6809 MB
#-----------------------------------------------------------
source xsim.dir/tb_core_behav/xsim_script.tcl
# xsim {tb_core_behav} -testplusarg CASE_START=6 -testplusarg CASE_END=8 -autoloadwcfg -runall -onerror quit
Time resolution is 1 ps
run -all
Note:   - SCALING_SCH: in_ptr = 1, out_ptr = 1
Time: 0 ps  Iteration: 0  Process: /tb_core/dut/transform/fft/U0/i_synth/axi_wrapper/gen_config_fifo_in/line__94237  File: D:/VivadoMM/2026.1/Vivado/data/ip/xilinx/xfft_v9_1/hdl/xfft_v9_1_vh_rfs.vhd
Note:     - C_CHANNELS  = 1
Time: 0 ps  Iteration: 0  Process: /tb_core/dut/transform/fft/U0/i_synth/axi_wrapper/gen_config_fifo_in/line__94237  File: D:/VivadoMM/2026.1/Vivado/data/ip/xilinx/xfft_v9_1/hdl/xfft_v9_1_vh_rfs.vhd
Note:     - field_width = 14
Time: 0 ps  Iteration: 0  Process: /tb_core/dut/transform/fft/U0/i_synth/axi_wrapper/gen_config_fifo_in/line__94237  File: D:/VivadoMM/2026.1/Vivado/data/ip/xilinx/xfft_v9_1/hdl/xfft_v9_1_vh_rfs.vhd
Note:   - Copying SCALE_SCH from 14 downto 1 to 14 downto 1
Time: 0 ps  Iteration: 0  Process: /tb_core/dut/transform/fft/U0/i_synth/axi_wrapper/gen_config_fifo_in/line__94237  File: D:/VivadoMM/2026.1/Vivado/data/ip/xilinx/xfft_v9_1/hdl/xfft_v9_1_vh_rfs.vhd
CASE_PASS case=6 fft_frames=4 results=4 latency_cycles=35163
CASE_PASS case=7 fft_frames=4 results=4 latency_cycles=35163
CORE_PASS cases=2 exact_fft_points=131072 frequency_records=8
$finish called at time : 1359504 ns : File "D:/fft/fft_phase10_resource_opt/tests/tb_core.sv" Line 98
run: Time (s): cpu = 00:00:01 ; elapsed = 00:14:44 . Memory (MB): peak = 237.219 ; gain = 0.000
exit
INFO: xsimkernel Simulation Memory Usage: 190400 KB (Peak: 190400 KB), Simulation CPU Usage: 868499 ms
INFO: [Common 17-206] Exiting xsim at Fri Oct  9 19:01:24 2026...

#-----------------------------------------------------------
# xsim v2026.1 (64-bit)
# SW Build 6511674 on Tue Jun 16 11:02:23 MDT 2026
# IP Build 6504888 on Tue Jun 09 09:05:25 MDT 2026
# SharedData Build 6501428 on Mon Jun 08 17:34:18 MDT 2026
# Start of session at: Fri Oct  9 18:59:42 2026
# Process ID         : 55092
# Current directory  : D:/fft/fft_phase10_resource_opt/build/core_parallel/20261009_184636/cases_08_09
# Command line       : xsim.exe -log simulate.log -mode tcl -source {xsim.dir/tb_core_behav/xsim_script.tcl}
# Log file           : D:/fft/fft_phase10_resource_opt/build/core_parallel/20261009_184636/cases_08_09/simulate.log
# Journal file       : D:/fft/fft_phase10_resource_opt/build/core_parallel/20261009_184636/cases_08_09\xsim.jou
# Running On         : LAPTOP-ATE8I1GS
# Platform           : Windows 11
# Operating System   : 26100
# Processor Detail   : AMD Ryzen 9 7945HX with Radeon Graphics        
# CPU Frequency      : 2495 MHz
# CPU Physical cores : 16
# CPU Logical cores  : 32
# Host memory        : 16844 MB
# Swap memory        : 19904 MB
# Total Virtual      : 36749 MB
# Available Virtual  : 5941 MB
#-----------------------------------------------------------
source xsim.dir/tb_core_behav/xsim_script.tcl
# xsim {tb_core_behav} -testplusarg CASE_START=8 -testplusarg CASE_END=10 -autoloadwcfg -runall -onerror quit
Time resolution is 1 ps
run -all
Note:   - SCALING_SCH: in_ptr = 1, out_ptr = 1
Time: 0 ps  Iteration: 0  Process: /tb_core/dut/transform/fft/U0/i_synth/axi_wrapper/gen_config_fifo_in/line__94237  File: D:/VivadoMM/2026.1/Vivado/data/ip/xilinx/xfft_v9_1/hdl/xfft_v9_1_vh_rfs.vhd
Note:     - C_CHANNELS  = 1
Time: 0 ps  Iteration: 0  Process: /tb_core/dut/transform/fft/U0/i_synth/axi_wrapper/gen_config_fifo_in/line__94237  File: D:/VivadoMM/2026.1/Vivado/data/ip/xilinx/xfft_v9_1/hdl/xfft_v9_1_vh_rfs.vhd
Note:     - field_width = 14
Time: 0 ps  Iteration: 0  Process: /tb_core/dut/transform/fft/U0/i_synth/axi_wrapper/gen_config_fifo_in/line__94237  File: D:/VivadoMM/2026.1/Vivado/data/ip/xilinx/xfft_v9_1/hdl/xfft_v9_1_vh_rfs.vhd
Note:   - Copying SCALE_SCH from 14 downto 1 to 14 downto 1
Time: 0 ps  Iteration: 0  Process: /tb_core/dut/transform/fft/U0/i_synth/axi_wrapper/gen_config_fifo_in/line__94237  File: D:/VivadoMM/2026.1/Vivado/data/ip/xilinx/xfft_v9_1/hdl/xfft_v9_1_vh_rfs.vhd
CASE_PASS case=8 fft_frames=4 results=4 latency_cycles=35163
CASE_PASS case=9 fft_frames=4 results=4 latency_cycles=35163
CORE_PASS cases=2 exact_fft_points=131072 frequency_records=8
$finish called at time : 1359504 ns : File "D:/fft/fft_phase10_resource_opt/tests/tb_core.sv" Line 98
run: Time (s): cpu = 00:00:01 ; elapsed = 00:15:26 . Memory (MB): peak = 237.336 ; gain = 0.000
exit
INFO: xsimkernel Simulation Memory Usage: 190612 KB (Peak: 190612 KB), Simulation CPU Usage: 916921 ms
INFO: [Common 17-206] Exiting xsim at Fri Oct  9 19:15:10 2026...

#-----------------------------------------------------------
# xsim v2026.1 (64-bit)
# SW Build 6511674 on Tue Jun 16 11:02:23 MDT 2026
# IP Build 6504888 on Tue Jun 09 09:05:25 MDT 2026
# SharedData Build 6501428 on Mon Jun 08 17:34:18 MDT 2026
# Start of session at: Fri Oct  9 19:01:25 2026
# Process ID         : 50452
# Current directory  : D:/fft/fft_phase10_resource_opt/build/core_parallel/20261009_184636/cases_10_11
# Command line       : xsim.exe -log simulate.log -mode tcl -source {xsim.dir/tb_core_behav/xsim_script.tcl}
# Log file           : D:/fft/fft_phase10_resource_opt/build/core_parallel/20261009_184636/cases_10_11/simulate.log
# Journal file       : D:/fft/fft_phase10_resource_opt/build/core_parallel/20261009_184636/cases_10_11\xsim.jou
# Running On         : LAPTOP-ATE8I1GS
# Platform           : Windows 11
# Operating System   : 26100
# Processor Detail   : AMD Ryzen 9 7945HX with Radeon Graphics        
# CPU Frequency      : 2495 MHz
# CPU Physical cores : 16
# CPU Logical cores  : 32
# Host memory        : 16844 MB
# Swap memory        : 19904 MB
# Total Virtual      : 36749 MB
# Available Virtual  : 5771 MB
#-----------------------------------------------------------
source xsim.dir/tb_core_behav/xsim_script.tcl
# xsim {tb_core_behav} -testplusarg CASE_START=10 -testplusarg CASE_END=12 -autoloadwcfg -runall -onerror quit
Time resolution is 1 ps
run -all
Note:   - SCALING_SCH: in_ptr = 1, out_ptr = 1
Time: 0 ps  Iteration: 0  Process: /tb_core/dut/transform/fft/U0/i_synth/axi_wrapper/gen_config_fifo_in/line__94237  File: D:/VivadoMM/2026.1/Vivado/data/ip/xilinx/xfft_v9_1/hdl/xfft_v9_1_vh_rfs.vhd
Note:     - C_CHANNELS  = 1
Time: 0 ps  Iteration: 0  Process: /tb_core/dut/transform/fft/U0/i_synth/axi_wrapper/gen_config_fifo_in/line__94237  File: D:/VivadoMM/2026.1/Vivado/data/ip/xilinx/xfft_v9_1/hdl/xfft_v9_1_vh_rfs.vhd
Note:     - field_width = 14
Time: 0 ps  Iteration: 0  Process: /tb_core/dut/transform/fft/U0/i_synth/axi_wrapper/gen_config_fifo_in/line__94237  File: D:/VivadoMM/2026.1/Vivado/data/ip/xilinx/xfft_v9_1/hdl/xfft_v9_1_vh_rfs.vhd
Note:   - Copying SCALE_SCH from 14 downto 1 to 14 downto 1
Time: 0 ps  Iteration: 0  Process: /tb_core/dut/transform/fft/U0/i_synth/axi_wrapper/gen_config_fifo_in/line__94237  File: D:/VivadoMM/2026.1/Vivado/data/ip/xilinx/xfft_v9_1/hdl/xfft_v9_1_vh_rfs.vhd
CASE_PASS case=10 fft_frames=4 results=4 latency_cycles=35163
CASE_PASS case=11 fft_frames=4 results=4 latency_cycles=35163
CORE_PASS cases=2 exact_fft_points=131072 frequency_records=8
$finish called at time : 1359504 ns : File "D:/fft/fft_phase10_resource_opt/tests/tb_core.sv" Line 98
run: Time (s): cpu = 00:00:01 ; elapsed = 00:15:51 . Memory (MB): peak = 237.312 ; gain = 0.000
exit
INFO: xsimkernel Simulation Memory Usage: 190584 KB (Peak: 190584 KB), Simulation CPU Usage: 944937 ms
INFO: [Common 17-206] Exiting xsim at Fri Oct  9 19:17:18 2026...

#-----------------------------------------------------------
# xsim v2026.1 (64-bit)
# SW Build 6511674 on Tue Jun 16 11:02:23 MDT 2026
# IP Build 6504888 on Tue Jun 09 09:05:25 MDT 2026
# SharedData Build 6501428 on Mon Jun 08 17:34:18 MDT 2026
# Start of session at: Fri Oct  9 19:02:09 2026
# Process ID         : 38640
# Current directory  : D:/fft/fft_phase10_resource_opt/build/core_parallel/20261009_184636/cases_12_13
# Command line       : xsim.exe -log simulate.log -mode tcl -source {xsim.dir/tb_core_behav/xsim_script.tcl}
# Log file           : D:/fft/fft_phase10_resource_opt/build/core_parallel/20261009_184636/cases_12_13/simulate.log
# Journal file       : D:/fft/fft_phase10_resource_opt/build/core_parallel/20261009_184636/cases_12_13\xsim.jou
# Running On         : LAPTOP-ATE8I1GS
# Platform           : Windows 11
# Operating System   : 26100
# Processor Detail   : AMD Ryzen 9 7945HX with Radeon Graphics        
# CPU Frequency      : 2495 MHz
# CPU Physical cores : 16
# CPU Logical cores  : 32
# Host memory        : 16844 MB
# Swap memory        : 19904 MB
# Total Virtual      : 36749 MB
# Available Virtual  : 5764 MB
#-----------------------------------------------------------
source xsim.dir/tb_core_behav/xsim_script.tcl
# xsim {tb_core_behav} -testplusarg CASE_START=12 -testplusarg CASE_END=14 -autoloadwcfg -runall -onerror quit
Time resolution is 1 ps
run -all
Note:   - SCALING_SCH: in_ptr = 1, out_ptr = 1
Time: 0 ps  Iteration: 0  Process: /tb_core/dut/transform/fft/U0/i_synth/axi_wrapper/gen_config_fifo_in/line__94237  File: D:/VivadoMM/2026.1/Vivado/data/ip/xilinx/xfft_v9_1/hdl/xfft_v9_1_vh_rfs.vhd
Note:     - C_CHANNELS  = 1
Time: 0 ps  Iteration: 0  Process: /tb_core/dut/transform/fft/U0/i_synth/axi_wrapper/gen_config_fifo_in/line__94237  File: D:/VivadoMM/2026.1/Vivado/data/ip/xilinx/xfft_v9_1/hdl/xfft_v9_1_vh_rfs.vhd
Note:     - field_width = 14
Time: 0 ps  Iteration: 0  Process: /tb_core/dut/transform/fft/U0/i_synth/axi_wrapper/gen_config_fifo_in/line__94237  File: D:/VivadoMM/2026.1/Vivado/data/ip/xilinx/xfft_v9_1/hdl/xfft_v9_1_vh_rfs.vhd
Note:   - Copying SCALE_SCH from 14 downto 1 to 14 downto 1
Time: 0 ps  Iteration: 0  Process: /tb_core/dut/transform/fft/U0/i_synth/axi_wrapper/gen_config_fifo_in/line__94237  File: D:/VivadoMM/2026.1/Vivado/data/ip/xilinx/xfft_v9_1/hdl/xfft_v9_1_vh_rfs.vhd
CASE_PASS case=12 fft_frames=4 results=4 latency_cycles=35163
CASE_PASS case=13 fft_frames=4 results=4 latency_cycles=35163
CORE_PASS cases=2 exact_fft_points=131072 frequency_records=8
$finish called at time : 1359504 ns : File "D:/fft/fft_phase10_resource_opt/tests/tb_core.sv" Line 98
run: Time (s): cpu = 00:00:00 ; elapsed = 00:15:54 . Memory (MB): peak = 237.434 ; gain = 0.000
exit
INFO: xsimkernel Simulation Memory Usage: 190536 KB (Peak: 190536 KB), Simulation CPU Usage: 947249 ms
INFO: [Common 17-206] Exiting xsim at Fri Oct  9 19:18:06 2026...

#-----------------------------------------------------------
# xsim v2026.1 (64-bit)
# SW Build 6511674 on Tue Jun 16 11:02:23 MDT 2026
# IP Build 6504888 on Tue Jun 09 09:05:25 MDT 2026
# SharedData Build 6501428 on Mon Jun 08 17:34:18 MDT 2026
# Start of session at: Fri Oct  9 19:04:53 2026
# Process ID         : 32420
# Current directory  : D:/fft/fft_phase10_resource_opt/build/core_parallel/20261009_184636/cases_14_15
# Command line       : xsim.exe -log simulate.log -mode tcl -source {xsim.dir/tb_core_behav/xsim_script.tcl}
# Log file           : D:/fft/fft_phase10_resource_opt/build/core_parallel/20261009_184636/cases_14_15/simulate.log
# Journal file       : D:/fft/fft_phase10_resource_opt/build/core_parallel/20261009_184636/cases_14_15\xsim.jou
# Running On         : LAPTOP-ATE8I1GS
# Platform           : Windows 11
# Operating System   : 26100
# Processor Detail   : AMD Ryzen 9 7945HX with Radeon Graphics        
# CPU Frequency      : 2495 MHz
# CPU Physical cores : 16
# CPU Logical cores  : 32
# Host memory        : 16844 MB
# Swap memory        : 19904 MB
# Total Virtual      : 36749 MB
# Available Virtual  : 5781 MB
#-----------------------------------------------------------
source xsim.dir/tb_core_behav/xsim_script.tcl
# xsim {tb_core_behav} -testplusarg CASE_START=14 -testplusarg CASE_END=16 -autoloadwcfg -runall -onerror quit
Time resolution is 1 ps
run -all
Note:   - SCALING_SCH: in_ptr = 1, out_ptr = 1
Time: 0 ps  Iteration: 0  Process: /tb_core/dut/transform/fft/U0/i_synth/axi_wrapper/gen_config_fifo_in/line__94237  File: D:/VivadoMM/2026.1/Vivado/data/ip/xilinx/xfft_v9_1/hdl/xfft_v9_1_vh_rfs.vhd
Note:     - C_CHANNELS  = 1
Time: 0 ps  Iteration: 0  Process: /tb_core/dut/transform/fft/U0/i_synth/axi_wrapper/gen_config_fifo_in/line__94237  File: D:/VivadoMM/2026.1/Vivado/data/ip/xilinx/xfft_v9_1/hdl/xfft_v9_1_vh_rfs.vhd
Note:     - field_width = 14
Time: 0 ps  Iteration: 0  Process: /tb_core/dut/transform/fft/U0/i_synth/axi_wrapper/gen_config_fifo_in/line__94237  File: D:/VivadoMM/2026.1/Vivado/data/ip/xilinx/xfft_v9_1/hdl/xfft_v9_1_vh_rfs.vhd
Note:   - Copying SCALE_SCH from 14 downto 1 to 14 downto 1
Time: 0 ps  Iteration: 0  Process: /tb_core/dut/transform/fft/U0/i_synth/axi_wrapper/gen_config_fifo_in/line__94237  File: D:/VivadoMM/2026.1/Vivado/data/ip/xilinx/xfft_v9_1/hdl/xfft_v9_1_vh_rfs.vhd
CASE_PASS case=14 fft_frames=4 results=4 latency_cycles=35163
CASE_PASS case=15 fft_frames=4 results=4 latency_cycles=35163
CORE_PASS cases=2 exact_fft_points=131072 frequency_records=8
$finish called at time : 1359504 ns : File "D:/fft/fft_phase10_resource_opt/tests/tb_core.sv" Line 98
run: Time (s): cpu = 00:00:02 ; elapsed = 00:14:00 . Memory (MB): peak = 237.637 ; gain = 0.000
exit
INFO: xsimkernel Simulation Memory Usage: 190268 KB (Peak: 190268 KB), Simulation CPU Usage: 831374 ms
INFO: [Common 17-206] Exiting xsim at Fri Oct  9 19:18:56 2026...

CORE_ALL_GROUPS_PASS cases=16 windows=64
