INFO: [Common 17-3922] A valid Vivado Design Suite BASIC license has been detected. Your current license is active and will expire on 22-jul-2027.
#-----------------------------------------------------------
# Vivado v2026.1 (64-bit)
# SW Build 6511674 on Tue Jun 16 11:02:23 MDT 2026
# IP Build 6504888 on Tue Jun 09 09:05:25 MDT 2026
# SharedData Build 6501428 on Mon Jun 08 17:34:18 MDT 2026
# Start of session at: Fri Oct  9 14:35:00 2026
# Process ID         : 56668
# Current directory  : D:/fft/fft_phase10_resource_opt
# Command line       : vivado.exe -mode batch -notrace -nojournal -log build/logs/phase10_sysmon.log -source build/read_sysmon.tcl
# Log file           : D:/fft/fft_phase10_resource_opt/build/logs/phase10_sysmon.log
# Journal file       : 
# Running On         : LAPTOP-ATE8I1GS
# Platform           : Windows 11
# Operating System   : 26100
# Processor Detail   : AMD Ryzen 9 7945HX with Radeon Graphics        
# CPU Frequency      : 2495 MHz
# CPU Physical cores : 16
# CPU Logical cores  : 32
# Host memory        : 16844 MB
# Swap memory        : 20068 MB
# Total Virtual      : 36913 MB
# Available Virtual  : 7305 MB
#-----------------------------------------------------------
Sourcing tcl script 'C:/Users/LENOVO/AppData/Roaming/Xilinx/Vivado/Vivado_init.tcl'
source build/read_sysmon.tcl -notrace
open_hw_manager: Time (s): cpu = 00:00:09 ; elapsed = 00:00:12 . Memory (MB): peak = 616.793 ; gain = 273.594
INFO: [Labtools 27-2285] Connecting to hw_server url TCP:localhost:3121
INFO: [Labtools 27-3415] Connecting to cs_server url TCP:localhost:0
INFO: [Labtools 27-3417] Launching cs_server...
INFO: [Labtools 27-2221] Launch Output:

****** Xilinx cs_server v2026.1
  **** Build Info : #60 | 2026-06-15 19:15 UTC | a9691a9
    ** Copyright 2017-2022 Xilinx, Inc. All Rights Reserved.
    ** Copyright 2022-2026 Advanced Micro Devices, Inc. All Rights Reserved.



connect_hw_server: Time (s): cpu = 00:00:00 ; elapsed = 00:00:16 . Memory (MB): peak = 620.793 ; gain = 4.000
INFO: [Labtoolstcl 44-466] Opening hw_target localhost:3121/xilinx_tcf/Digilent/210351A82208A
INFO: [Labtools 27-1434] Device xc7z020 (JTAG device index = 1) is programmed with a design that has no supported soft debug core(s) in it.
Property                       Type    Read-only  Value
ADC_A_GAIN                     hex     true       0042
ADC_A_OFFSET                   hex     true       fffd
ADC_B_GAIN                     hex     true       0042
ADC_B_OFFSET                   hex     true       0036
CLASS                          string  true       hw_sysmon
CONFIG_REG.ACQ                 binary  false      0
CONFIG_REG.ALM0                binary  false      0
CONFIG_REG.ALM1                binary  false      0
CONFIG_REG.ALM2                binary  false      0
CONFIG_REG.ALM3                binary  false      0
CONFIG_REG.ALM4                binary  false      0
CONFIG_REG.ALM5                binary  false      0
CONFIG_REG.ALM6                binary  false      0
CONFIG_REG.AVG                 binary  false      00
CONFIG_REG.BU                  binary  false      0
CONFIG_REG.CAL0                binary  false      0
CONFIG_REG.CAL1                binary  false      0
CONFIG_REG.CAL2                binary  false      0
CONFIG_REG.CAL3                binary  false      0
CONFIG_REG.CAVG                binary  false      0
CONFIG_REG.CD                  binary  false      00000000
CONFIG_REG.CH                  binary  false      00000
CONFIG_REG.EC                  binary  false      0
CONFIG_REG.MUX                 binary  false      0
CONFIG_REG.OT                  binary  false      0
CONFIG_REG.PD                  binary  false      00
CONFIG_REG.SEQ                 binary  false      0000
DESCRIPTION                    string  true       XADC
ENABLE_ALL_AUXILIARY_CHANNELS  bool    false      0
FLAG.ALM0                      binary  true       0
FLAG.ALM1                      binary  true       0
FLAG.ALM2                      binary  true       0
FLAG.ALM3                      binary  true       0
FLAG.ALM4                      binary  true       0
FLAG.ALM5                      binary  true       0
FLAG.ALM6                      binary  true       0
FLAG.JTGD                      binary  true       0
FLAG.JTGR                      binary  true       0
FLAG.OT                        binary  true       0
FLAG.REF                       binary  true       0
LOWER_OT                       string  false      -273.1
LOWER_OT_SCALE                 enum    false      CELSIUS
LOWER_TEMPERATURE              string  false      -273.1
LOWER_TEMPERATURE_SCALE        enum    false      CELSIUS
LOWER_VCCAUX                   string  false      0.000
LOWER_VCCBRAM                  string  false      0.000
LOWER_VCCINT                   string  false      0.000
LOWER_VCCO_DDR                 string  false      0.000
LOWER_VCCPAUX                  string  false      0.000
LOWER_VCCPINT                  string  false      0.000
MAX_TEMPERATURE                string  true       56.2
MAX_TEMPERATURE_SCALE          enum    false      CELSIUS
MAX_VCCAUX                     string  true       1.797
MAX_VCCBRAM                    string  true       0.995
MAX_VCCINT                     string  true       0.995
MAX_VCCO_DDR                   string  true       1.337
MAX_VCCPAUX                    string  true       1.796
MAX_VCCPINT                    string  true       0.991
MIN_TEMPERATURE                string  true       54.3
MIN_TEMPERATURE_SCALE          enum    false      CELSIUS
MIN_VCCAUX                     string  true       1.792
MIN_VCCBRAM                    string  true       0.980
MIN_VCCINT                     string  true       0.979
MIN_VCCO_DDR                   string  true       1.329
MIN_VCCPAUX                    string  true       1.790
MIN_VCCPINT                    string  true       0.976
NAME                           string  true       localhost:3121/xilinx_tcf/Digilent/210351A82208A/xc7z020_1/SYSMON
OT_AUTOMATIC_SHUTDOWN          binary  false      0000
SEQUENCER.ACQ_AUX0             binary  false      0
SEQUENCER.ACQ_AUX1             binary  false      0
SEQUENCER.ACQ_AUX2             binary  false      0
SEQUENCER.ACQ_AUX3             binary  false      0
SEQUENCER.ACQ_AUX4             binary  false      0
SEQUENCER.ACQ_AUX5             binary  false      0
SEQUENCER.ACQ_AUX6             binary  false      0
SEQUENCER.ACQ_AUX7             binary  false      0
SEQUENCER.ACQ_AUX8             binary  false      0
SEQUENCER.ACQ_AUX9             binary  false      0
SEQUENCER.ACQ_AUX10            binary  false      0
SEQUENCER.ACQ_AUX11            binary  false      0
SEQUENCER.ACQ_AUX12            binary  false      0
SEQUENCER.ACQ_AUX13            binary  false      0
SEQUENCER.ACQ_AUX14            binary  false      0
SEQUENCER.ACQ_AUX15            binary  false      0
SEQUENCER.ACQ_VPVN             binary  false      0
SEQUENCER.AVG_AUX0             binary  false      0
SEQUENCER.AVG_AUX1             binary  false      0
SEQUENCER.AVG_AUX2             binary  false      0
SEQUENCER.AVG_AUX3             binary  false      0
SEQUENCER.AVG_AUX4             binary  false      0
SEQUENCER.AVG_AUX5             binary  false      0
SEQUENCER.AVG_AUX6             binary  false      0
SEQUENCER.AVG_AUX7             binary  false      0
SEQUENCER.AVG_AUX8             binary  false      0
SEQUENCER.AVG_AUX9             binary  false      0
SEQUENCER.AVG_AUX10            binary  false      0
SEQUENCER.AVG_AUX11            binary  false      0
SEQUENCER.AVG_AUX12            binary  false      0
SEQUENCER.AVG_AUX13            binary  false      0
SEQUENCER.AVG_AUX14            binary  false      0
SEQUENCER.AVG_AUX15            binary  false      0
SEQUENCER.AVG_AUX_AVG          binary  false      0
SEQUENCER.AVG_BRAM_AVG         binary  false      0
SEQUENCER.AVG_INT_AVG          binary  false      0
SEQUENCER.AVG_TEMP             binary  false      0
SEQUENCER.AVG_VCCO_DDR         binary  false      0
SEQUENCER.AVG_VCCPAUX          binary  false      0
SEQUENCER.AVG_VCCPINT          binary  false      0
SEQUENCER.AVG_VPVN             binary  false      0
SEQUENCER.AVG_VREFN            binary  false      0
SEQUENCER.AVG_VREFP            binary  false      0
SEQUENCER.AVG_XADC_CAL         binary  false      0
SEQUENCER.CHSEL_AUX0           binary  false      0
SEQUENCER.CHSEL_AUX1           binary  false      0
SEQUENCER.CHSEL_AUX2           binary  false      0
SEQUENCER.CHSEL_AUX3           binary  false      0
SEQUENCER.CHSEL_AUX4           binary  false      0
SEQUENCER.CHSEL_AUX5           binary  false      0
SEQUENCER.CHSEL_AUX6           binary  false      0
SEQUENCER.CHSEL_AUX7           binary  false      0
SEQUENCER.CHSEL_AUX8           binary  false      0
SEQUENCER.CHSEL_AUX9           binary  false      0
SEQUENCER.CHSEL_AUX10          binary  false      0
SEQUENCER.CHSEL_AUX11          binary  false      0
SEQUENCER.CHSEL_AUX12          binary  false      0
SEQUENCER.CHSEL_AUX13          binary  false      0
SEQUENCER.CHSEL_AUX14          binary  false      0
SEQUENCER.CHSEL_AUX15          binary  false      0
SEQUENCER.CHSEL_AUX_AVG        binary  false      0
SEQUENCER.CHSEL_BRAM_AVG       binary  false      0
SEQUENCER.CHSEL_INT_AVG        binary  false      0
SEQUENCER.CHSEL_TEMP           binary  false      0
SEQUENCER.CHSEL_VCCO_DDR       binary  false      0
SEQUENCER.CHSEL_VCCPAUX        binary  false      0
SEQUENCER.CHSEL_VCCPINT        binary  false      0
SEQUENCER.CHSEL_VPVN           binary  false      0
SEQUENCER.CHSEL_VREFN          binary  false      0
SEQUENCER.CHSEL_VREFP          binary  false      0
SEQUENCER.CHSEL_XADC_CAL       binary  false      0
SEQUENCER.INSEL_AUX0           binary  false      0
SEQUENCER.INSEL_AUX1           binary  false      0
SEQUENCER.INSEL_AUX2           binary  false      0
SEQUENCER.INSEL_AUX3           binary  false      0
SEQUENCER.INSEL_AUX4           binary  false      0
SEQUENCER.INSEL_AUX5           binary  false      0
SEQUENCER.INSEL_AUX6           binary  false      0
SEQUENCER.INSEL_AUX7           binary  false      0
SEQUENCER.INSEL_AUX8           binary  false      0
SEQUENCER.INSEL_AUX9           binary  false      0
SEQUENCER.INSEL_AUX10          binary  false      0
SEQUENCER.INSEL_AUX11          binary  false      0
SEQUENCER.INSEL_AUX12          binary  false      0
SEQUENCER.INSEL_AUX13          binary  false      0
SEQUENCER.INSEL_AUX14          binary  false      0
SEQUENCER.INSEL_AUX15          binary  false      0
SEQUENCER.INSEL_VPVN           binary  false      0
SUPPLY_A_OFFSET                hex     true       fffc
SUPPLY_B_OFFSET                hex     true       003a
SYSMON_REFRESH_RATE_MS         int     false      0
TEMPERATURE                    string  true       55.2
TEMPERATURE_SCALE              enum    false      CELSIUS
UPPER_OT                       string  false      -273.1
UPPER_OT_SCALE                 enum    false      CELSIUS
UPPER_TEMPERATURE              string  false      -273.1
UPPER_TEMPERATURE_SCALE        enum    false      CELSIUS
UPPER_VCCAUX                   string  false      0.000
UPPER_VCCBRAM                  string  false      0.000
UPPER_VCCINT                   string  false      0.000
UPPER_VCCO_DDR                 string  false      0.000
UPPER_VCCPAUX                  string  false      0.000
UPPER_VCCPINT                  string  false      0.000
VAUXP0_VAUXN0                  string  true       0.000
VAUXP1_VAUXN1                  string  true       0.000
VAUXP2_VAUXN2                  string  true       0.000
VAUXP3_VAUXN3                  string  true       0.000
VAUXP4_VAUXN4                  string  true       0.000
VAUXP5_VAUXN5                  string  true       0.000
VAUXP6_VAUXN6                  string  true       0.000
VAUXP7_VAUXN7                  string  true       0.000
VAUXP8_VAUXN8                  string  true       0.000
VAUXP9_VAUXN9                  string  true       0.000
VAUXP10_VAUXN10                string  true       0.000
VAUXP11_VAUXN11                string  true       0.000
VAUXP12_VAUXN12                string  true       0.000
VAUXP13_VAUXN13                string  true       0.000
VAUXP14_VAUXN14                string  true       0.000
VAUXP15_VAUXN15                string  true       0.000
VCCAUX                         string  true       1.794
VCCBRAM                        string  true       0.982
VCCINT                         string  true       0.981
VCCO_DDR                       string  true       1.336
VCCPAUX                        string  true       1.794
VCCPINT                        string  true       0.979
VP_VN                          string  true       0.000
VREFN                          string  true       0.000
VREFP                          string  true       0.000
INFO: [Labtoolstcl 44-464] Closing hw_target localhost:3121/xilinx_tcf/Digilent/210351A82208A
INFO: [Common 17-206] Exiting Vivado at Fri Oct  9 14:35:40 2026...
