INFO: [Common 17-3922] A valid Vivado Design Suite BASIC license has been detected. Your current license is active and will expire on 22-jul-2027.
#-----------------------------------------------------------
# Vivado v2026.1 (64-bit)
# SW Build 6511674 on Tue Jun 16 11:02:23 MDT 2026
# IP Build 6504888 on Tue Jun 09 09:05:25 MDT 2026
# SharedData Build 6501428 on Mon Jun 08 17:34:18 MDT 2026
# Start of session at: Fri Oct  9 15:02:54 2026
# Process ID         : 5944
# Current directory  : D:/fft/fft_phase10_resource_opt
# Command line       : vivado.exe -mode batch -notrace -nojournal -log build/logs/phase10_inspect_dma.log -source build/inspect_dma_paths.tcl
# Log file           : D:/fft/fft_phase10_resource_opt/build/logs/phase10_inspect_dma.log
# Journal file       : 
# Running On         : LAPTOP-ATE8I1GS
# Platform           : Windows 11
# Operating System   : 26100
# Processor Detail   : AMD Ryzen 9 7945HX with Radeon Graphics        
# CPU Frequency      : 2495 MHz
# CPU Physical cores : 16
# CPU Logical cores  : 32
# Host memory        : 16844 MB
# Swap memory        : 20068 MB
# Total Virtual      : 36913 MB
# Available Virtual  : 7131 MB
#-----------------------------------------------------------
Sourcing tcl script 'C:/Users/LENOVO/AppData/Roaming/Xilinx/Vivado/Vivado_init.tcl'
source build/inspect_dma_paths.tcl -notrace
Command: open_checkpoint D:/fft/fft_phase10_resource_opt/build/board/iq_board.runs/impl_1/system_wrapper_postroute_physopt.dcp

Starting open_checkpoint Task

Time (s): cpu = 00:00:00 ; elapsed = 00:00:00.038 . Memory (MB): peak = 358.230 ; gain = 6.223
INFO: [Device 21-403] Loading part xc7z020clg400-1
Netlist sorting complete. Time (s): cpu = 00:00:00 ; elapsed = 00:00:00.260 . Memory (MB): peak = 959.020 ; gain = 0.000
INFO: [Netlist 29-17] Analyzing 5496 Unisim elements for replacement
INFO: [Netlist 29-28] Unisim Transformation completed in 2 CPU seconds
INFO: [Project 1-479] Netlist was created with Vivado 2026.1
INFO: [Project 1-570] Preparing netlist for logic optimization
Read ShapeDB Complete: Time (s): cpu = 00:00:00 ; elapsed = 00:00:00.114 . Memory (MB): peak = 1133.719 ; gain = 11.457
INFO: [Timing 38-478] Restoring timing data from binary archive.
INFO: [Timing 38-479] Binary timing data restore complete.
INFO: [Project 1-856] Restoring constraints from binary archive.
INFO: [Constraints 18-5170] The checkpoint was created with non-default parameter values which do not match the current Vivado settings.  Mismatching parameters are:
  general.maxThreads
INFO: [Project 1-853] Binary constraint restore complete.
INFO: [Designutils 20-5722] Start Reading Physical Databases.
Reading placement.
Read Netlist Cache: Time (s): cpu = 00:00:00 ; elapsed = 00:00:00.040 . Memory (MB): peak = 1828.430 ; gain = 0.000
Reading placer database...
Read Device Cache: Time (s): cpu = 00:00:00 ; elapsed = 00:00:00.010 . Memory (MB): peak = 1828.430 ; gain = 0.000
Read PlaceDB: Time (s): cpu = 00:00:00 ; elapsed = 00:00:00 . Memory (MB): peak = 1828.430 ; gain = 0.000
Read placeStorage: Time (s): cpu = 00:00:01 ; elapsed = 00:00:00.921 . Memory (MB): peak = 1862.129 ; gain = 33.699
Read PulsedLatchDB: Time (s): cpu = 00:00:00 ; elapsed = 00:00:00 . Memory (MB): peak = 1862.129 ; gain = 0.000
Reading routing.
Read RouteStorage: Time (s): cpu = 00:00:01 ; elapsed = 00:00:00.554 . Memory (MB): peak = 1867.234 ; gain = 5.105
Read Physdb Files: Time (s): cpu = 00:00:02 ; elapsed = 00:00:02 . Memory (MB): peak = 1867.234 ; gain = 38.805
Restored from archive | CPU: 2.000000 secs | Memory: 0.000000 MB |
Finished XDEF File Restore: Time (s): cpu = 00:00:02 ; elapsed = 00:00:02 . Memory (MB): peak = 1867.234 ; gain = 38.805
Netlist sorting complete. Time (s): cpu = 00:00:00 ; elapsed = 00:00:00.031 . Memory (MB): peak = 1926.953 ; gain = 0.000
INFO: [Project 1-111] Unisim Transformation Summary:
  A total of 1758 instances were transformed.
  RAM16X1D => RAM32X1D (RAMD32(x2)): 1 instance 
  RAM16X1S => RAM32X1S (RAMS32): 32 instances
  RAM32M => RAM32M (RAMD32(x6), RAMS32(x2)): 135 instances
  RAM32X1D => RAM32X1D (RAMD32(x2)): 3 instances
  RAM64M => RAM64M (RAMD64E(x4)): 1544 instances
  RAM64X1S => RAM64X1S (RAMS64E): 35 instances
  SRLC32E => SRL16E: 8 instances

INFO: [Project 1-604] Checkpoint was created with Vivado v2026.1 (64-bit) build 6511674
open_checkpoint: Time (s): cpu = 00:00:27 ; elapsed = 00:00:34 . Memory (MB): peak = 1934.996 ; gain = 1593.090
INFO: [Timing 38-91] UpdateTimingParams: Speed grade: -1, Delay Type: max.
INFO: [Timing 38-191] Multithreading enabled for timing update using a maximum of 2 CPUs
INFO: [Timing 38-78] ReportTimingParams: -to_pins  -max_paths 15 -nworst 1 -delay_type max -sort_by slack.
report_timing: Time (s): cpu = 00:00:23 ; elapsed = 00:00:13 . Memory (MB): peak = 2047.055 ; gain = 112.059
ERROR: [Common 17-37] Directory in which file phase10_hp_to_ps.rpt is to be written does not exist [D:/fft/fft_phase10_resource_opt/build/diagnostics]
INFO: [Common 17-206] Exiting Vivado at Fri Oct  9 15:03:50 2026...
