BEFORE Running
             r0: 816a8292               r1: 00000001               r2: 797f1496
             r3: 00600000               r4: 002418c0               r5: 00241800
             r6: 002417c0               r7: 00000000               r8: 0000767b
             r9: ffffffff              r10: 00241944              r11: 00000000
            r12: 0000435e               sp: 00814130               lr: 00000001
             pc: 0010f9e8             cpsr: 600f005f              usr          
            fiq                        irq                        abt          
            und                        svc                        mon          
            vfp                       cp15                        dbg          
        Jazelle             gpv_qos301_cpu            gpv_qos301_dmac          
 gpv_qos301_iou              gpv_trustzone                    l2cache          
         mpcore          

RESET F8000258:   00400000

DMA 40400000:   00010002
40400004:   00000001
40400008:   00000000
4040000C:   00000000
40400010:   00000000
40400014:   00000000
40400018:   00000000
4040001C:   00000000
40400020:   00000000
40400024:   00000000
40400028:   00000000
4040002C:   00000000

LOADER 400001C0:   00000000
400001C4:   00000000
400001C8:   00000000
400001CC:   00000000
400001D0:   00000000
400001D4:   00000000
400001D8:   00000000
400001DC:   00000000
400001E0:   00000000
400001E4:   00000000

