BUILD_IDENTITY_PASS fee5b8547053d9807159a1aa1bd5482c
SOFTWARE_CORRESPONDENCE_PASS
BUILD_IDENTITY_PASS fee5b8547053d9807159a1aa1bd5482c
BUILD_IDENTITY_PASS fee5b8547053d9807159a1aa1bd5482c
PACKAGE_CHECK_PASS
BUILD_IDENTITY_PASS fee5b8547053d9807159a1aa1bd5482c
BUILD_IDENTITY_PASS fee5b8547053d9807159a1aa1bd5482c
BUILD_REPORT_PASS


****** Bootgen v2026.1
  **** Build date : Jun  5 2026-13:21:08
    ** Copyright 1986-2022 Xilinx, Inc. All Rights Reserved.
    ** Copyright 2022-2026 Advanced Micro Devices, Inc. All Rights Reserved.


[INFO]   : Bootimage generated successfully



****** Bootgen v2026.1
  **** Build date : Jun  5 2026-13:21:08
    ** Copyright 1986-2022 Xilinx, Inc. All Rights Reserved.
    ** Copyright 2022-2026 Advanced Micro Devices, Inc. All Rights Reserved.


[INFO]   : Bootimage generated successfully

BUILD_IDENTITY_PASS fee5b8547053d9807159a1aa1bd5482c
BOOT_PROVENANCE_PASS
BUILD_IDENTITY_PASS fee5b8547053d9807159a1aa1bd5482c
BUILD_IDENTITY_PASS fee5b8547053d9807159a1aa1bd5482c
PACKAGE_PASS D:\fft\fft_phase10_resource_opt\release
Completed stage: Package
