CLEAN_RESET_CANDIDATE_READY
SOURCE 0x01000000
DMA 40400000:   00010003
40400004:   00001002

LOADER 400001D4:   00000002
400001D8:   00004000
400001DC:   C8F64DEF
400001E0:   00000001
400001E4:   00000000

SOURCE 0x01001000
DMA 40400000:   00010003
40400004:   00001002

LOADER 400001D4:   00000002
400001D8:   00004000
400001DC:   C8F64DEF
400001E0:   00000002
400001E4:   00000000

SOURCE 0x01008000
DMA 40400000:   00010003
40400004:   00001002

LOADER 400001D4:   00000002
400001D8:   00004000
400001DC:   C8F64DEF
400001E0:   00000003
400001E4:   00000000

SOURCE 0x01000400
DMA 40400000:   00010003
40400004:   00001002

LOADER 400001D4:   00000002
400001D8:   00004000
400001DC:   C8F64DEF
400001E0:   00000004
400001E4:   00000000

SOURCE 0x01000040
DMA 40400000:   00010003
40400004:   00001002

LOADER 400001D4:   00000002
400001D8:   00004000
400001DC:   C8F64DEF
400001E0:   00000005
400001E4:   00000000

SOURCE 0x010017c0
DMA 40400000:   00010003
40400004:   00001002

LOADER 400001D4:   00000002
400001D8:   00004000
400001DC:   C8F64DEF
400001E0:   00000006
400001E4:   00000000

