CLEAN_RESET_CANDIDATE_READY
SOURCE 0x00200000
DMA 40400000:   00010003
40400004:   00001002
40400008:   00000000
4040000C:   00000000
40400010:   00000000
40400014:   00000000
40400018:   00200000
4040001C:   00000000
40400020:   00000000
40400024:   00000000
40400028:   00010000
4040002C:   00000000

LOADER 400001C0:   00000000
400001C4:   00000000
400001C8:   00004000
400001CC:   00000001
400001D0:   C8F64DEF
400001D4:   00000004
400001D8:   00004000
400001DC:   5782BB9E
400001E0:   00000000
400001E4:   00000010

RESET F8000258:   5A000000

