{
  "source": "Zybo UDP board capture",
  "board": "192.168.1.10",
  "vector": "D:\\fft\\fft_phase10_resource_opt\\build\\phase10_matrix\\vectors\\boundary_16384_digital_zero.bin",
  "vector_sha256": "c65480037db90394413ed44c051c13bcf4f5c50bfa357f03b0eb95a061d39ec7",
  "cyclic": false,
  "detector_mode": "digital-zero",
  "gap_min": 32,
  "length_semantics": "数字零背景波形长度",
  "length_definition": "Waveform boundary measurement; not communication protocol frame recognition",
  "max_burst_samples": 1048576,
  "applied_detector": {
    "ton": 1048576,
    "toff": 262144,
    "kon": 8,
    "koff": 32,
    "max_burst_samples": 1048576,
    "mode": "digital-zero",
    "gap_min": 32
  },
  "threshold_request": {
    "profile": "explicit",
    "policy": "explicit",
    "requested_parameters": {
      "mode": "digital-zero",
      "ton": 1048576,
      "toff": 262144,
      "kon": 8,
      "koff": 32,
      "gap_min": 32,
      "max_burst_samples": 1048576
    },
    "algorithm": "sliding-energy-16-v1"
  },
  "hardware_version": 65544,
  "hardware_version_hex": "0x00010008",
  "hardware_capabilities": 31,
  "sample_rate_hz": 125000000,
  "build_id": "b162c5a41c3560519de11c7e90e379a7",
  "timestamp_clock_hz": 125000000,
  "record_format_version": 1,
  "scan_lanes": 8,
  "fft_clock_hz": 125000000,
  "fft_length": 16384,
  "replay_bank_samples": 32768,
  "frequency_ring_records": 128,
  "burst_ring_records": 128,
  "snapshot_points": 1024,
  "input_fifo_depth": 4096,
  "snapshot_group": 16,
  "replay_readback_verified": true,
  "configuration_registers_before_start": [
    32768,
    0,
    0,
    0,
    0,
    16383,
    1048576,
    0,
    262144,
    0,
    8,
    32,
    1048576
  ],
  "threshold_registers_before_start": [
    1048576,
    0,
    262144,
    0,
    8,
    32,
    1048576
  ],
  "epoch": 51,
  "config_id": 52,
  "error_status": 0,
  "source_ticks": 14786371471,
  "input_samples": 32768,
  "completed_windows": 2,
  "hardware_max_latency_cycles": 35162,
  "hardware_max_publish_latency_cycles": 35197,
  "frequency_queue_dropped": 0,
  "burst_queue_dropped": 0,
  "throughput_diagnostics": {
    "snapshot_sequence": 51,
    "issued_samples": 32768,
    "accepted_samples": 32768,
    "input_rejected": 0,
    "input_fifo_high_water": 11,
    "fft_snapshot_arrival_tick": 14786371480,
    "fft_input_samples": 32768,
    "fft_output_samples": 32768,
    "fft_output_windows": 2,
    "result_queue_rejected": 0,
    "input_underreads": 0,
    "semantics": "Native-domain snapshots at different instants; conservation checked only after STOPPED/drain"
  },
  "throughput_conservation_valid": true,
  "udp_missing_packet_count": 0,
  "frequency_records_missing": 0,
  "burst_records_missing": 0,
  "frequency_sequence_valid": true,
  "sample_count_valid": true,
  "hardware_max_latency_us": 281.296,
  "hardware_max_publish_latency_us": 281.576,
  "analysis_deadline_met": true,
  "record_configuration_valid": true,
  "detector_mode_valid": true,
  "capture_complete": true,
  "numerical_reference_validation": {
    "status": "PASS",
    "scope": "finite digital-zero intervals, flags, energy, integer peak and RMS",
    "records": 1
  },
  "socket_reopens": 0,
  "frequency_records": 2,
  "burst_records": 1,
  "duplicate_frequency_records": 0,
  "maximum_received_latency_us": 281.296,
  "record_sample_rates_hz": [
    125000000
  ],
  "record_detector_modes": [
    "digital-zero"
  ]
}
