Copyright 1986-2022 Xilinx, Inc. All Rights Reserved. Copyright 2022-2026 Advanced Micro Devices, Inc. All Rights Reserved.
-------------------------------------------------------------------------------------------------------------------------------------------------------------
| Tool Version : Vivado v.2026.1 (win64) Build 6511674 Tue Jun 16 11:02:23 MDT 2026
| Date         : Wed Sep 16 15:58:38 2026
| Host         : LAPTOP-ATE8I1GS running 64-bit major release  (build 9200)
| Command      : report_timing -from [get_clocks clk_fpga_1] -to [get_clocks clk_fpga_1] -max_paths 5 -file D:/fft/iq_analyzer/reports/core_timing_paths.rpt
| Design       : system_wrapper
| Device       : 7z020-clg400
| Speed File   : -1  PRODUCTION 1.12 2019-11-22
| Design State : Fully Placed
-------------------------------------------------------------------------------------------------------------------------------------------------------------

Timing Report

Slack (VIOLATED) :        -3.728ns  (required time - arrival time)
  Source:                 system_i/iq_0/inst/core/sm/b0odd_reg_1/CLKBWRCLK
                            (rising edge-triggered cell RAMB36E1 clocked by clk_fpga_1  {rise@0.000ns fall@4.000ns period=8.000ns})
  Destination:            system_i/iq_0/inst/core/sm/lowq_reg[4]/CE
                            (rising edge-triggered cell FDRE clocked by clk_fpga_1  {rise@0.000ns fall@4.000ns period=8.000ns})
  Path Group:             clk_fpga_1
  Path Type:              Setup (Max at Slow Process Corner)
  Requirement:            8.000ns  (clk_fpga_1 rise@8.000ns - clk_fpga_1 rise@0.000ns)
  Data Path Delay:        11.217ns  (logic 6.571ns (58.581%)  route 4.646ns (41.419%))
  Logic Levels:           19  (CARRY4=15 LUT2=1 LUT4=1 LUT5=1 LUT6=1)
  Clock Path Skew:        -0.180ns (DCD - SCD + CPR)
    Destination Clock Delay (DCD):    2.796ns = ( 10.796 - 8.000 ) 
    Source Clock Delay      (SCD):    3.059ns
    Clock Pessimism Removal (CPR):    0.083ns
  Clock Uncertainty:      0.125ns  ((TSJ^2 + TIJ^2)^1/2 + DJ) / 2 + PE
    Total System Jitter     (TSJ):    0.071ns
    Total Input Jitter      (TIJ):    0.240ns
    Discrete Jitter          (DJ):    0.000ns
    Phase Error              (PE):    0.000ns

    Location             Delay type                Incr(ns)  Path(ns)    Netlist Resource(s)
  -------------------------------------------------------------------    -------------------
                         (clock clk_fpga_1 rise edge)
                                                      0.000     0.000 r  <hidden>
    PS7_X0Y0             PS7                          0.000     0.000 r  system_i/ps7/inst/PS7_i/FCLKCLK[1]
                         net (fo=1, estimated)        1.193     1.193    system_i/ps7/inst/FCLK_CLK_unbuffered[1]
    BUFGCTRL_X0Y17       BUFG (Prop_bufg_I_O)         0.101     1.294 r  system_i/ps7/inst/buffer_fclk_clk_1.FCLK_CLK_1_BUFG/O
                         net (fo=13681, estimated)    1.765     3.059    system_i/iq_0/inst/core/sm/fft_clk
    RAMB36_X3Y7          RAMB36E1                                     r  system_i/iq_0/inst/core/sm/b0odd_reg_1/CLKBWRCLK
  -------------------------------------------------------------------    -------------------
    RAMB36_X3Y7          RAMB36E1 (Prop_ramb36e1_CLKBWRCLK_DOBDO[2])
                                                      2.454     5.513 r  system_i/iq_0/inst/core/sm/b0odd_reg_1/DOBDO[2]
                         net (fo=4, estimated)        1.939     7.452    system_i/iq_0/inst/core/sm/a1[11]
    SLICE_X28Y37         LUT5 (Prop_lut5_I2_O)        0.124     7.576 r  system_i/iq_0/inst/core/sm/cdf[11]_i_12/O
                         net (fo=1, routed)           0.000     7.576    system_i/iq_0/inst/core/sm/cdf[11]_i_12_n_0
    SLICE_X28Y37         CARRY4 (Prop_carry4_S[3]_CO[3])
                                                      0.401     7.977 r  system_i/iq_0/inst/core/sm/cdf_reg[11]_i_7/CO[3]
                         net (fo=1, estimated)        0.000     7.977    system_i/iq_0/inst/core/sm/cdf_reg[11]_i_7_n_0
    SLICE_X28Y38         CARRY4 (Prop_carry4_CI_CO[3])
                                                      0.114     8.091 r  system_i/iq_0/inst/core/sm/cdf_reg[15]_i_7/CO[3]
                         net (fo=1, estimated)        0.000     8.091    system_i/iq_0/inst/core/sm/cdf_reg[15]_i_7_n_0
    SLICE_X28Y39         CARRY4 (Prop_carry4_CI_CO[3])
                                                      0.114     8.205 r  system_i/iq_0/inst/core/sm/cdf_reg[19]_i_7/CO[3]
                         net (fo=1, estimated)        0.000     8.205    system_i/iq_0/inst/core/sm/cdf_reg[19]_i_7_n_0
    SLICE_X28Y40         CARRY4 (Prop_carry4_CI_CO[3])
                                                      0.114     8.319 r  system_i/iq_0/inst/core/sm/cdf_reg[23]_i_7/CO[3]
                         net (fo=1, estimated)        0.000     8.319    system_i/iq_0/inst/core/sm/cdf_reg[23]_i_7_n_0
    SLICE_X28Y41         CARRY4 (Prop_carry4_CI_CO[3])
                                                      0.114     8.433 r  system_i/iq_0/inst/core/sm/cdf_reg[27]_i_7/CO[3]
                         net (fo=1, estimated)        0.000     8.433    system_i/iq_0/inst/core/sm/cdf_reg[27]_i_7_n_0
    SLICE_X28Y42         CARRY4 (Prop_carry4_CI_CO[3])
                                                      0.114     8.547 r  system_i/iq_0/inst/core/sm/cdf_reg[31]_i_7/CO[3]
                         net (fo=1, estimated)        0.000     8.547    system_i/iq_0/inst/core/sm/cdf_reg[31]_i_7_n_0
    SLICE_X28Y43         CARRY4 (Prop_carry4_CI_CO[3])
                                                      0.114     8.661 r  system_i/iq_0/inst/core/sm/cdf_reg[35]_i_7/CO[3]
                         net (fo=1, estimated)        0.000     8.661    system_i/iq_0/inst/core/sm/cdf_reg[35]_i_7_n_0
    SLICE_X28Y44         CARRY4 (Prop_carry4_CI_CO[3])
                                                      0.114     8.775 r  system_i/iq_0/inst/core/sm/cdf_reg[39]_i_7/CO[3]
                         net (fo=1, estimated)        0.000     8.775    system_i/iq_0/inst/core/sm/cdf_reg[39]_i_7_n_0
    SLICE_X28Y45         CARRY4 (Prop_carry4_CI_CO[3])
                                                      0.114     8.889 r  system_i/iq_0/inst/core/sm/cdf_reg[43]_i_7/CO[3]
                         net (fo=1, estimated)        0.000     8.889    system_i/iq_0/inst/core/sm/cdf_reg[43]_i_7_n_0
    SLICE_X28Y46         CARRY4 (Prop_carry4_CI_CO[3])
                                                      0.114     9.003 r  system_i/iq_0/inst/core/sm/cdf_reg[47]_i_7/CO[3]
                         net (fo=1, estimated)        0.000     9.003    system_i/iq_0/inst/core/sm/cdf_reg[47]_i_7_n_0
    SLICE_X28Y47         CARRY4 (Prop_carry4_CI_CO[0])
                                                      0.271     9.274 r  system_i/iq_0/inst/core/sm/cdf_reg[51]_i_4/CO[0]
                         net (fo=1, estimated)        0.489     9.763    system_i/iq_0/inst/core/sm/cdf_reg[51]_i_4_n_3
    SLICE_X29Y47         LUT2 (Prop_lut2_I1_O)        0.373    10.136 r  system_i/iq_0/inst/core/sm/cdf[51]_i_3/O
                         net (fo=1, routed)           0.000    10.136    system_i/iq_0/inst/core/sm/cdf[51]_i_3_n_0
    SLICE_X29Y47         CARRY4 (Prop_carry4_S[0]_CO[3])
                                                      0.532    10.668 r  system_i/iq_0/inst/core/sm/cdf_reg[51]_i_2/CO[3]
                         net (fo=1, estimated)        0.000    10.668    system_i/iq_0/inst/core/sm/cdf_reg[51]_i_2_n_0
    SLICE_X29Y48         CARRY4 (Prop_carry4_CI_CO[3])
                                                      0.114    10.782 r  system_i/iq_0/inst/core/sm/cdf_reg[55]_i_2/CO[3]
                         net (fo=1, estimated)        0.000    10.782    system_i/iq_0/inst/core/sm/cdf_reg[55]_i_2_n_0
    SLICE_X29Y49         CARRY4 (Prop_carry4_CI_O[3])
                                                      0.313    11.095 r  system_i/iq_0/inst/core/sm/cdf_reg[59]_i_2/O[3]
                         net (fo=5, estimated)        1.164    12.259    system_i/iq_0/inst/core/sm/in21[59]
    SLICE_X30Y43         LUT4 (Prop_lut4_I1_O)        0.306    12.565 r  system_i/iq_0/inst/core/sm/lowq[12]_i_11/O
                         net (fo=1, routed)           0.000    12.565    system_i/iq_0/inst/core/sm/lowq[12]_i_11_n_0
    SLICE_X30Y43         CARRY4 (Prop_carry4_S[1]_CO[3])
                                                      0.533    13.098 r  system_i/iq_0/inst/core/sm/lowq_reg[12]_i_2/CO[3]
                         net (fo=2, estimated)        0.671    13.769    system_i/iq_0/inst/core/sm/lowq_reg[12]_i_2_n_0
    SLICE_X28Y48         LUT6 (Prop_lut6_I1_O)        0.124    13.893 r  system_i/iq_0/inst/core/sm/lowq[12]_i_1/O
                         net (fo=14, estimated)       0.383    14.276    system_i/iq_0/inst/core/sm/lowq[0]
    SLICE_X28Y47         FDRE                                         r  system_i/iq_0/inst/core/sm/lowq_reg[4]/CE
  -------------------------------------------------------------------    -------------------

                         (clock clk_fpga_1 rise edge)
                                                      8.000     8.000 r  <hidden>
    PS7_X0Y0             PS7                          0.000     8.000 r  system_i/ps7/inst/PS7_i/FCLKCLK[1]
                         net (fo=1, estimated)        1.133     9.133    system_i/ps7/inst/FCLK_CLK_unbuffered[1]
    BUFGCTRL_X0Y17       BUFG (Prop_bufg_I_O)         0.091     9.224 r  system_i/ps7/inst/buffer_fclk_clk_1.FCLK_CLK_1_BUFG/O
                         net (fo=13681, estimated)    1.572    10.796    system_i/iq_0/inst/core/sm/fft_clk
    SLICE_X28Y47         FDRE                                         r  system_i/iq_0/inst/core/sm/lowq_reg[4]/C
                         clock pessimism              0.083    10.879    <hidden>
                         clock uncertainty           -0.125    10.754    <hidden>
    SLICE_X28Y47         FDRE (Setup_fdre_C_CE)      -0.205    10.549    system_i/iq_0/inst/core/sm/lowq_reg[4]
  -------------------------------------------------------------------
                         required time                         10.549    <hidden>
                         arrival time                         -14.276    <hidden>
  -------------------------------------------------------------------
                         slack                                 -3.728    <hidden>

Slack (VIOLATED) :        -3.728ns  (required time - arrival time)
  Source:                 system_i/iq_0/inst/core/sm/b0odd_reg_1/CLKBWRCLK
                            (rising edge-triggered cell RAMB36E1 clocked by clk_fpga_1  {rise@0.000ns fall@4.000ns period=8.000ns})
  Destination:            system_i/iq_0/inst/core/sm/lowq_reg[5]/CE
                            (rising edge-triggered cell FDRE clocked by clk_fpga_1  {rise@0.000ns fall@4.000ns period=8.000ns})
  Path Group:             clk_fpga_1
  Path Type:              Setup (Max at Slow Process Corner)
  Requirement:            8.000ns  (clk_fpga_1 rise@8.000ns - clk_fpga_1 rise@0.000ns)
  Data Path Delay:        11.217ns  (logic 6.571ns (58.581%)  route 4.646ns (41.419%))
  Logic Levels:           19  (CARRY4=15 LUT2=1 LUT4=1 LUT5=1 LUT6=1)
  Clock Path Skew:        -0.180ns (DCD - SCD + CPR)
    Destination Clock Delay (DCD):    2.796ns = ( 10.796 - 8.000 ) 
    Source Clock Delay      (SCD):    3.059ns
    Clock Pessimism Removal (CPR):    0.083ns
  Clock Uncertainty:      0.125ns  ((TSJ^2 + TIJ^2)^1/2 + DJ) / 2 + PE
    Total System Jitter     (TSJ):    0.071ns
    Total Input Jitter      (TIJ):    0.240ns
    Discrete Jitter          (DJ):    0.000ns
    Phase Error              (PE):    0.000ns

    Location             Delay type                Incr(ns)  Path(ns)    Netlist Resource(s)
  -------------------------------------------------------------------    -------------------
                         (clock clk_fpga_1 rise edge)
                                                      0.000     0.000 r  <hidden>
    PS7_X0Y0             PS7                          0.000     0.000 r  system_i/ps7/inst/PS7_i/FCLKCLK[1]
                         net (fo=1, estimated)        1.193     1.193    system_i/ps7/inst/FCLK_CLK_unbuffered[1]
    BUFGCTRL_X0Y17       BUFG (Prop_bufg_I_O)         0.101     1.294 r  system_i/ps7/inst/buffer_fclk_clk_1.FCLK_CLK_1_BUFG/O
                         net (fo=13681, estimated)    1.765     3.059    system_i/iq_0/inst/core/sm/fft_clk
    RAMB36_X3Y7          RAMB36E1                                     r  system_i/iq_0/inst/core/sm/b0odd_reg_1/CLKBWRCLK
  -------------------------------------------------------------------    -------------------
    RAMB36_X3Y7          RAMB36E1 (Prop_ramb36e1_CLKBWRCLK_DOBDO[2])
                                                      2.454     5.513 r  system_i/iq_0/inst/core/sm/b0odd_reg_1/DOBDO[2]
                         net (fo=4, estimated)        1.939     7.452    system_i/iq_0/inst/core/sm/a1[11]
    SLICE_X28Y37         LUT5 (Prop_lut5_I2_O)        0.124     7.576 r  system_i/iq_0/inst/core/sm/cdf[11]_i_12/O
                         net (fo=1, routed)           0.000     7.576    system_i/iq_0/inst/core/sm/cdf[11]_i_12_n_0
    SLICE_X28Y37         CARRY4 (Prop_carry4_S[3]_CO[3])
                                                      0.401     7.977 r  system_i/iq_0/inst/core/sm/cdf_reg[11]_i_7/CO[3]
                         net (fo=1, estimated)        0.000     7.977    system_i/iq_0/inst/core/sm/cdf_reg[11]_i_7_n_0
    SLICE_X28Y38         CARRY4 (Prop_carry4_CI_CO[3])
                                                      0.114     8.091 r  system_i/iq_0/inst/core/sm/cdf_reg[15]_i_7/CO[3]
                         net (fo=1, estimated)        0.000     8.091    system_i/iq_0/inst/core/sm/cdf_reg[15]_i_7_n_0
    SLICE_X28Y39         CARRY4 (Prop_carry4_CI_CO[3])
                                                      0.114     8.205 r  system_i/iq_0/inst/core/sm/cdf_reg[19]_i_7/CO[3]
                         net (fo=1, estimated)        0.000     8.205    system_i/iq_0/inst/core/sm/cdf_reg[19]_i_7_n_0
    SLICE_X28Y40         CARRY4 (Prop_carry4_CI_CO[3])
                                                      0.114     8.319 r  system_i/iq_0/inst/core/sm/cdf_reg[23]_i_7/CO[3]
                         net (fo=1, estimated)        0.000     8.319    system_i/iq_0/inst/core/sm/cdf_reg[23]_i_7_n_0
    SLICE_X28Y41         CARRY4 (Prop_carry4_CI_CO[3])
                                                      0.114     8.433 r  system_i/iq_0/inst/core/sm/cdf_reg[27]_i_7/CO[3]
                         net (fo=1, estimated)        0.000     8.433    system_i/iq_0/inst/core/sm/cdf_reg[27]_i_7_n_0
    SLICE_X28Y42         CARRY4 (Prop_carry4_CI_CO[3])
                                                      0.114     8.547 r  system_i/iq_0/inst/core/sm/cdf_reg[31]_i_7/CO[3]
                         net (fo=1, estimated)        0.000     8.547    system_i/iq_0/inst/core/sm/cdf_reg[31]_i_7_n_0
    SLICE_X28Y43         CARRY4 (Prop_carry4_CI_CO[3])
                                                      0.114     8.661 r  system_i/iq_0/inst/core/sm/cdf_reg[35]_i_7/CO[3]
                         net (fo=1, estimated)        0.000     8.661    system_i/iq_0/inst/core/sm/cdf_reg[35]_i_7_n_0
    SLICE_X28Y44         CARRY4 (Prop_carry4_CI_CO[3])
                                                      0.114     8.775 r  system_i/iq_0/inst/core/sm/cdf_reg[39]_i_7/CO[3]
                         net (fo=1, estimated)        0.000     8.775    system_i/iq_0/inst/core/sm/cdf_reg[39]_i_7_n_0
    SLICE_X28Y45         CARRY4 (Prop_carry4_CI_CO[3])
                                                      0.114     8.889 r  system_i/iq_0/inst/core/sm/cdf_reg[43]_i_7/CO[3]
                         net (fo=1, estimated)        0.000     8.889    system_i/iq_0/inst/core/sm/cdf_reg[43]_i_7_n_0
    SLICE_X28Y46         CARRY4 (Prop_carry4_CI_CO[3])
                                                      0.114     9.003 r  system_i/iq_0/inst/core/sm/cdf_reg[47]_i_7/CO[3]
                         net (fo=1, estimated)        0.000     9.003    system_i/iq_0/inst/core/sm/cdf_reg[47]_i_7_n_0
    SLICE_X28Y47         CARRY4 (Prop_carry4_CI_CO[0])
                                                      0.271     9.274 r  system_i/iq_0/inst/core/sm/cdf_reg[51]_i_4/CO[0]
                         net (fo=1, estimated)        0.489     9.763    system_i/iq_0/inst/core/sm/cdf_reg[51]_i_4_n_3
    SLICE_X29Y47         LUT2 (Prop_lut2_I1_O)        0.373    10.136 r  system_i/iq_0/inst/core/sm/cdf[51]_i_3/O
                         net (fo=1, routed)           0.000    10.136    system_i/iq_0/inst/core/sm/cdf[51]_i_3_n_0
    SLICE_X29Y47         CARRY4 (Prop_carry4_S[0]_CO[3])
                                                      0.532    10.668 r  system_i/iq_0/inst/core/sm/cdf_reg[51]_i_2/CO[3]
                         net (fo=1, estimated)        0.000    10.668    system_i/iq_0/inst/core/sm/cdf_reg[51]_i_2_n_0
    SLICE_X29Y48         CARRY4 (Prop_carry4_CI_CO[3])
                                                      0.114    10.782 r  system_i/iq_0/inst/core/sm/cdf_reg[55]_i_2/CO[3]
                         net (fo=1, estimated)        0.000    10.782    system_i/iq_0/inst/core/sm/cdf_reg[55]_i_2_n_0
    SLICE_X29Y49         CARRY4 (Prop_carry4_CI_O[3])
                                                      0.313    11.095 r  system_i/iq_0/inst/core/sm/cdf_reg[59]_i_2/O[3]
                         net (fo=5, estimated)        1.164    12.259    system_i/iq_0/inst/core/sm/in21[59]
    SLICE_X30Y43         LUT4 (Prop_lut4_I1_O)        0.306    12.565 r  system_i/iq_0/inst/core/sm/lowq[12]_i_11/O
                         net (fo=1, routed)           0.000    12.565    system_i/iq_0/inst/core/sm/lowq[12]_i_11_n_0
    SLICE_X30Y43         CARRY4 (Prop_carry4_S[1]_CO[3])
                                                      0.533    13.098 r  system_i/iq_0/inst/core/sm/lowq_reg[12]_i_2/CO[3]
                         net (fo=2, estimated)        0.671    13.769    system_i/iq_0/inst/core/sm/lowq_reg[12]_i_2_n_0
    SLICE_X28Y48         LUT6 (Prop_lut6_I1_O)        0.124    13.893 r  system_i/iq_0/inst/core/sm/lowq[12]_i_1/O
                         net (fo=14, estimated)       0.383    14.276    system_i/iq_0/inst/core/sm/lowq[0]
    SLICE_X28Y47         FDRE                                         r  system_i/iq_0/inst/core/sm/lowq_reg[5]/CE
  -------------------------------------------------------------------    -------------------

                         (clock clk_fpga_1 rise edge)
                                                      8.000     8.000 r  <hidden>
    PS7_X0Y0             PS7                          0.000     8.000 r  system_i/ps7/inst/PS7_i/FCLKCLK[1]
                         net (fo=1, estimated)        1.133     9.133    system_i/ps7/inst/FCLK_CLK_unbuffered[1]
    BUFGCTRL_X0Y17       BUFG (Prop_bufg_I_O)         0.091     9.224 r  system_i/ps7/inst/buffer_fclk_clk_1.FCLK_CLK_1_BUFG/O
                         net (fo=13681, estimated)    1.572    10.796    system_i/iq_0/inst/core/sm/fft_clk
    SLICE_X28Y47         FDRE                                         r  system_i/iq_0/inst/core/sm/lowq_reg[5]/C
                         clock pessimism              0.083    10.879    <hidden>
                         clock uncertainty           -0.125    10.754    <hidden>
    SLICE_X28Y47         FDRE (Setup_fdre_C_CE)      -0.205    10.549    system_i/iq_0/inst/core/sm/lowq_reg[5]
  -------------------------------------------------------------------
                         required time                         10.549    <hidden>
                         arrival time                         -14.276    <hidden>
  -------------------------------------------------------------------
                         slack                                 -3.728    <hidden>

Slack (VIOLATED) :        -3.728ns  (required time - arrival time)
  Source:                 system_i/iq_0/inst/core/sm/b0odd_reg_1/CLKBWRCLK
                            (rising edge-triggered cell RAMB36E1 clocked by clk_fpga_1  {rise@0.000ns fall@4.000ns period=8.000ns})
  Destination:            system_i/iq_0/inst/core/sm/lowq_reg[6]/CE
                            (rising edge-triggered cell FDRE clocked by clk_fpga_1  {rise@0.000ns fall@4.000ns period=8.000ns})
  Path Group:             clk_fpga_1
  Path Type:              Setup (Max at Slow Process Corner)
  Requirement:            8.000ns  (clk_fpga_1 rise@8.000ns - clk_fpga_1 rise@0.000ns)
  Data Path Delay:        11.217ns  (logic 6.571ns (58.581%)  route 4.646ns (41.419%))
  Logic Levels:           19  (CARRY4=15 LUT2=1 LUT4=1 LUT5=1 LUT6=1)
  Clock Path Skew:        -0.180ns (DCD - SCD + CPR)
    Destination Clock Delay (DCD):    2.796ns = ( 10.796 - 8.000 ) 
    Source Clock Delay      (SCD):    3.059ns
    Clock Pessimism Removal (CPR):    0.083ns
  Clock Uncertainty:      0.125ns  ((TSJ^2 + TIJ^2)^1/2 + DJ) / 2 + PE
    Total System Jitter     (TSJ):    0.071ns
    Total Input Jitter      (TIJ):    0.240ns
    Discrete Jitter          (DJ):    0.000ns
    Phase Error              (PE):    0.000ns

    Location             Delay type                Incr(ns)  Path(ns)    Netlist Resource(s)
  -------------------------------------------------------------------    -------------------
                         (clock clk_fpga_1 rise edge)
                                                      0.000     0.000 r  <hidden>
    PS7_X0Y0             PS7                          0.000     0.000 r  system_i/ps7/inst/PS7_i/FCLKCLK[1]
                         net (fo=1, estimated)        1.193     1.193    system_i/ps7/inst/FCLK_CLK_unbuffered[1]
    BUFGCTRL_X0Y17       BUFG (Prop_bufg_I_O)         0.101     1.294 r  system_i/ps7/inst/buffer_fclk_clk_1.FCLK_CLK_1_BUFG/O
                         net (fo=13681, estimated)    1.765     3.059    system_i/iq_0/inst/core/sm/fft_clk
    RAMB36_X3Y7          RAMB36E1                                     r  system_i/iq_0/inst/core/sm/b0odd_reg_1/CLKBWRCLK
  -------------------------------------------------------------------    -------------------
    RAMB36_X3Y7          RAMB36E1 (Prop_ramb36e1_CLKBWRCLK_DOBDO[2])
                                                      2.454     5.513 r  system_i/iq_0/inst/core/sm/b0odd_reg_1/DOBDO[2]
                         net (fo=4, estimated)        1.939     7.452    system_i/iq_0/inst/core/sm/a1[11]
    SLICE_X28Y37         LUT5 (Prop_lut5_I2_O)        0.124     7.576 r  system_i/iq_0/inst/core/sm/cdf[11]_i_12/O
                         net (fo=1, routed)           0.000     7.576    system_i/iq_0/inst/core/sm/cdf[11]_i_12_n_0
    SLICE_X28Y37         CARRY4 (Prop_carry4_S[3]_CO[3])
                                                      0.401     7.977 r  system_i/iq_0/inst/core/sm/cdf_reg[11]_i_7/CO[3]
                         net (fo=1, estimated)        0.000     7.977    system_i/iq_0/inst/core/sm/cdf_reg[11]_i_7_n_0
    SLICE_X28Y38         CARRY4 (Prop_carry4_CI_CO[3])
                                                      0.114     8.091 r  system_i/iq_0/inst/core/sm/cdf_reg[15]_i_7/CO[3]
                         net (fo=1, estimated)        0.000     8.091    system_i/iq_0/inst/core/sm/cdf_reg[15]_i_7_n_0
    SLICE_X28Y39         CARRY4 (Prop_carry4_CI_CO[3])
                                                      0.114     8.205 r  system_i/iq_0/inst/core/sm/cdf_reg[19]_i_7/CO[3]
                         net (fo=1, estimated)        0.000     8.205    system_i/iq_0/inst/core/sm/cdf_reg[19]_i_7_n_0
    SLICE_X28Y40         CARRY4 (Prop_carry4_CI_CO[3])
                                                      0.114     8.319 r  system_i/iq_0/inst/core/sm/cdf_reg[23]_i_7/CO[3]
                         net (fo=1, estimated)        0.000     8.319    system_i/iq_0/inst/core/sm/cdf_reg[23]_i_7_n_0
    SLICE_X28Y41         CARRY4 (Prop_carry4_CI_CO[3])
                                                      0.114     8.433 r  system_i/iq_0/inst/core/sm/cdf_reg[27]_i_7/CO[3]
                         net (fo=1, estimated)        0.000     8.433    system_i/iq_0/inst/core/sm/cdf_reg[27]_i_7_n_0
    SLICE_X28Y42         CARRY4 (Prop_carry4_CI_CO[3])
                                                      0.114     8.547 r  system_i/iq_0/inst/core/sm/cdf_reg[31]_i_7/CO[3]
                         net (fo=1, estimated)        0.000     8.547    system_i/iq_0/inst/core/sm/cdf_reg[31]_i_7_n_0
    SLICE_X28Y43         CARRY4 (Prop_carry4_CI_CO[3])
                                                      0.114     8.661 r  system_i/iq_0/inst/core/sm/cdf_reg[35]_i_7/CO[3]
                         net (fo=1, estimated)        0.000     8.661    system_i/iq_0/inst/core/sm/cdf_reg[35]_i_7_n_0
    SLICE_X28Y44         CARRY4 (Prop_carry4_CI_CO[3])
                                                      0.114     8.775 r  system_i/iq_0/inst/core/sm/cdf_reg[39]_i_7/CO[3]
                         net (fo=1, estimated)        0.000     8.775    system_i/iq_0/inst/core/sm/cdf_reg[39]_i_7_n_0
    SLICE_X28Y45         CARRY4 (Prop_carry4_CI_CO[3])
                                                      0.114     8.889 r  system_i/iq_0/inst/core/sm/cdf_reg[43]_i_7/CO[3]
                         net (fo=1, estimated)        0.000     8.889    system_i/iq_0/inst/core/sm/cdf_reg[43]_i_7_n_0
    SLICE_X28Y46         CARRY4 (Prop_carry4_CI_CO[3])
                                                      0.114     9.003 r  system_i/iq_0/inst/core/sm/cdf_reg[47]_i_7/CO[3]
                         net (fo=1, estimated)        0.000     9.003    system_i/iq_0/inst/core/sm/cdf_reg[47]_i_7_n_0
    SLICE_X28Y47         CARRY4 (Prop_carry4_CI_CO[0])
                                                      0.271     9.274 r  system_i/iq_0/inst/core/sm/cdf_reg[51]_i_4/CO[0]
                         net (fo=1, estimated)        0.489     9.763    system_i/iq_0/inst/core/sm/cdf_reg[51]_i_4_n_3
    SLICE_X29Y47         LUT2 (Prop_lut2_I1_O)        0.373    10.136 r  system_i/iq_0/inst/core/sm/cdf[51]_i_3/O
                         net (fo=1, routed)           0.000    10.136    system_i/iq_0/inst/core/sm/cdf[51]_i_3_n_0
    SLICE_X29Y47         CARRY4 (Prop_carry4_S[0]_CO[3])
                                                      0.532    10.668 r  system_i/iq_0/inst/core/sm/cdf_reg[51]_i_2/CO[3]
                         net (fo=1, estimated)        0.000    10.668    system_i/iq_0/inst/core/sm/cdf_reg[51]_i_2_n_0
    SLICE_X29Y48         CARRY4 (Prop_carry4_CI_CO[3])
                                                      0.114    10.782 r  system_i/iq_0/inst/core/sm/cdf_reg[55]_i_2/CO[3]
                         net (fo=1, estimated)        0.000    10.782    system_i/iq_0/inst/core/sm/cdf_reg[55]_i_2_n_0
    SLICE_X29Y49         CARRY4 (Prop_carry4_CI_O[3])
                                                      0.313    11.095 r  system_i/iq_0/inst/core/sm/cdf_reg[59]_i_2/O[3]
                         net (fo=5, estimated)        1.164    12.259    system_i/iq_0/inst/core/sm/in21[59]
    SLICE_X30Y43         LUT4 (Prop_lut4_I1_O)        0.306    12.565 r  system_i/iq_0/inst/core/sm/lowq[12]_i_11/O
                         net (fo=1, routed)           0.000    12.565    system_i/iq_0/inst/core/sm/lowq[12]_i_11_n_0
    SLICE_X30Y43         CARRY4 (Prop_carry4_S[1]_CO[3])
                                                      0.533    13.098 r  system_i/iq_0/inst/core/sm/lowq_reg[12]_i_2/CO[3]
                         net (fo=2, estimated)        0.671    13.769    system_i/iq_0/inst/core/sm/lowq_reg[12]_i_2_n_0
    SLICE_X28Y48         LUT6 (Prop_lut6_I1_O)        0.124    13.893 r  system_i/iq_0/inst/core/sm/lowq[12]_i_1/O
                         net (fo=14, estimated)       0.383    14.276    system_i/iq_0/inst/core/sm/lowq[0]
    SLICE_X28Y47         FDRE                                         r  system_i/iq_0/inst/core/sm/lowq_reg[6]/CE
  -------------------------------------------------------------------    -------------------

                         (clock clk_fpga_1 rise edge)
                                                      8.000     8.000 r  <hidden>
    PS7_X0Y0             PS7                          0.000     8.000 r  system_i/ps7/inst/PS7_i/FCLKCLK[1]
                         net (fo=1, estimated)        1.133     9.133    system_i/ps7/inst/FCLK_CLK_unbuffered[1]
    BUFGCTRL_X0Y17       BUFG (Prop_bufg_I_O)         0.091     9.224 r  system_i/ps7/inst/buffer_fclk_clk_1.FCLK_CLK_1_BUFG/O
                         net (fo=13681, estimated)    1.572    10.796    system_i/iq_0/inst/core/sm/fft_clk
    SLICE_X28Y47         FDRE                                         r  system_i/iq_0/inst/core/sm/lowq_reg[6]/C
                         clock pessimism              0.083    10.879    <hidden>
                         clock uncertainty           -0.125    10.754    <hidden>
    SLICE_X28Y47         FDRE (Setup_fdre_C_CE)      -0.205    10.549    system_i/iq_0/inst/core/sm/lowq_reg[6]
  -------------------------------------------------------------------
                         required time                         10.549    <hidden>
                         arrival time                         -14.276    <hidden>
  -------------------------------------------------------------------
                         slack                                 -3.728    <hidden>

Slack (VIOLATED) :        -3.721ns  (required time - arrival time)
  Source:                 system_i/iq_0/inst/core/sm/b0odd_reg_1/CLKBWRCLK
                            (rising edge-triggered cell RAMB36E1 clocked by clk_fpga_1  {rise@0.000ns fall@4.000ns period=8.000ns})
  Destination:            system_i/iq_0/inst/core/sm/lowq_reg[10]/CE
                            (rising edge-triggered cell FDRE clocked by clk_fpga_1  {rise@0.000ns fall@4.000ns period=8.000ns})
  Path Group:             clk_fpga_1
  Path Type:              Setup (Max at Slow Process Corner)
  Requirement:            8.000ns  (clk_fpga_1 rise@8.000ns - clk_fpga_1 rise@0.000ns)
  Data Path Delay:        11.210ns  (logic 6.571ns (58.617%)  route 4.639ns (41.383%))
  Logic Levels:           19  (CARRY4=15 LUT2=1 LUT4=1 LUT5=1 LUT6=1)
  Clock Path Skew:        -0.180ns (DCD - SCD + CPR)
    Destination Clock Delay (DCD):    2.796ns = ( 10.796 - 8.000 ) 
    Source Clock Delay      (SCD):    3.059ns
    Clock Pessimism Removal (CPR):    0.083ns
  Clock Uncertainty:      0.125ns  ((TSJ^2 + TIJ^2)^1/2 + DJ) / 2 + PE
    Total System Jitter     (TSJ):    0.071ns
    Total Input Jitter      (TIJ):    0.240ns
    Discrete Jitter          (DJ):    0.000ns
    Phase Error              (PE):    0.000ns

    Location             Delay type                Incr(ns)  Path(ns)    Netlist Resource(s)
  -------------------------------------------------------------------    -------------------
                         (clock clk_fpga_1 rise edge)
                                                      0.000     0.000 r  <hidden>
    PS7_X0Y0             PS7                          0.000     0.000 r  system_i/ps7/inst/PS7_i/FCLKCLK[1]
                         net (fo=1, estimated)        1.193     1.193    system_i/ps7/inst/FCLK_CLK_unbuffered[1]
    BUFGCTRL_X0Y17       BUFG (Prop_bufg_I_O)         0.101     1.294 r  system_i/ps7/inst/buffer_fclk_clk_1.FCLK_CLK_1_BUFG/O
                         net (fo=13681, estimated)    1.765     3.059    system_i/iq_0/inst/core/sm/fft_clk
    RAMB36_X3Y7          RAMB36E1                                     r  system_i/iq_0/inst/core/sm/b0odd_reg_1/CLKBWRCLK
  -------------------------------------------------------------------    -------------------
    RAMB36_X3Y7          RAMB36E1 (Prop_ramb36e1_CLKBWRCLK_DOBDO[2])
                                                      2.454     5.513 r  system_i/iq_0/inst/core/sm/b0odd_reg_1/DOBDO[2]
                         net (fo=4, estimated)        1.939     7.452    system_i/iq_0/inst/core/sm/a1[11]
    SLICE_X28Y37         LUT5 (Prop_lut5_I2_O)        0.124     7.576 r  system_i/iq_0/inst/core/sm/cdf[11]_i_12/O
                         net (fo=1, routed)           0.000     7.576    system_i/iq_0/inst/core/sm/cdf[11]_i_12_n_0
    SLICE_X28Y37         CARRY4 (Prop_carry4_S[3]_CO[3])
                                                      0.401     7.977 r  system_i/iq_0/inst/core/sm/cdf_reg[11]_i_7/CO[3]
                         net (fo=1, estimated)        0.000     7.977    system_i/iq_0/inst/core/sm/cdf_reg[11]_i_7_n_0
    SLICE_X28Y38         CARRY4 (Prop_carry4_CI_CO[3])
                                                      0.114     8.091 r  system_i/iq_0/inst/core/sm/cdf_reg[15]_i_7/CO[3]
                         net (fo=1, estimated)        0.000     8.091    system_i/iq_0/inst/core/sm/cdf_reg[15]_i_7_n_0
    SLICE_X28Y39         CARRY4 (Prop_carry4_CI_CO[3])
                                                      0.114     8.205 r  system_i/iq_0/inst/core/sm/cdf_reg[19]_i_7/CO[3]
                         net (fo=1, estimated)        0.000     8.205    system_i/iq_0/inst/core/sm/cdf_reg[19]_i_7_n_0
    SLICE_X28Y40         CARRY4 (Prop_carry4_CI_CO[3])
                                                      0.114     8.319 r  system_i/iq_0/inst/core/sm/cdf_reg[23]_i_7/CO[3]
                         net (fo=1, estimated)        0.000     8.319    system_i/iq_0/inst/core/sm/cdf_reg[23]_i_7_n_0
    SLICE_X28Y41         CARRY4 (Prop_carry4_CI_CO[3])
                                                      0.114     8.433 r  system_i/iq_0/inst/core/sm/cdf_reg[27]_i_7/CO[3]
                         net (fo=1, estimated)        0.000     8.433    system_i/iq_0/inst/core/sm/cdf_reg[27]_i_7_n_0
    SLICE_X28Y42         CARRY4 (Prop_carry4_CI_CO[3])
                                                      0.114     8.547 r  system_i/iq_0/inst/core/sm/cdf_reg[31]_i_7/CO[3]
                         net (fo=1, estimated)        0.000     8.547    system_i/iq_0/inst/core/sm/cdf_reg[31]_i_7_n_0
    SLICE_X28Y43         CARRY4 (Prop_carry4_CI_CO[3])
                                                      0.114     8.661 r  system_i/iq_0/inst/core/sm/cdf_reg[35]_i_7/CO[3]
                         net (fo=1, estimated)        0.000     8.661    system_i/iq_0/inst/core/sm/cdf_reg[35]_i_7_n_0
    SLICE_X28Y44         CARRY4 (Prop_carry4_CI_CO[3])
                                                      0.114     8.775 r  system_i/iq_0/inst/core/sm/cdf_reg[39]_i_7/CO[3]
                         net (fo=1, estimated)        0.000     8.775    system_i/iq_0/inst/core/sm/cdf_reg[39]_i_7_n_0
    SLICE_X28Y45         CARRY4 (Prop_carry4_CI_CO[3])
                                                      0.114     8.889 r  system_i/iq_0/inst/core/sm/cdf_reg[43]_i_7/CO[3]
                         net (fo=1, estimated)        0.000     8.889    system_i/iq_0/inst/core/sm/cdf_reg[43]_i_7_n_0
    SLICE_X28Y46         CARRY4 (Prop_carry4_CI_CO[3])
                                                      0.114     9.003 r  system_i/iq_0/inst/core/sm/cdf_reg[47]_i_7/CO[3]
                         net (fo=1, estimated)        0.000     9.003    system_i/iq_0/inst/core/sm/cdf_reg[47]_i_7_n_0
    SLICE_X28Y47         CARRY4 (Prop_carry4_CI_CO[0])
                                                      0.271     9.274 r  system_i/iq_0/inst/core/sm/cdf_reg[51]_i_4/CO[0]
                         net (fo=1, estimated)        0.489     9.763    system_i/iq_0/inst/core/sm/cdf_reg[51]_i_4_n_3
    SLICE_X29Y47         LUT2 (Prop_lut2_I1_O)        0.373    10.136 r  system_i/iq_0/inst/core/sm/cdf[51]_i_3/O
                         net (fo=1, routed)           0.000    10.136    system_i/iq_0/inst/core/sm/cdf[51]_i_3_n_0
    SLICE_X29Y47         CARRY4 (Prop_carry4_S[0]_CO[3])
                                                      0.532    10.668 r  system_i/iq_0/inst/core/sm/cdf_reg[51]_i_2/CO[3]
                         net (fo=1, estimated)        0.000    10.668    system_i/iq_0/inst/core/sm/cdf_reg[51]_i_2_n_0
    SLICE_X29Y48         CARRY4 (Prop_carry4_CI_CO[3])
                                                      0.114    10.782 r  system_i/iq_0/inst/core/sm/cdf_reg[55]_i_2/CO[3]
                         net (fo=1, estimated)        0.000    10.782    system_i/iq_0/inst/core/sm/cdf_reg[55]_i_2_n_0
    SLICE_X29Y49         CARRY4 (Prop_carry4_CI_O[3])
                                                      0.313    11.095 r  system_i/iq_0/inst/core/sm/cdf_reg[59]_i_2/O[3]
                         net (fo=5, estimated)        1.164    12.259    system_i/iq_0/inst/core/sm/in21[59]
    SLICE_X30Y43         LUT4 (Prop_lut4_I1_O)        0.306    12.565 r  system_i/iq_0/inst/core/sm/lowq[12]_i_11/O
                         net (fo=1, routed)           0.000    12.565    system_i/iq_0/inst/core/sm/lowq[12]_i_11_n_0
    SLICE_X30Y43         CARRY4 (Prop_carry4_S[1]_CO[3])
                                                      0.533    13.098 r  system_i/iq_0/inst/core/sm/lowq_reg[12]_i_2/CO[3]
                         net (fo=2, estimated)        0.671    13.769    system_i/iq_0/inst/core/sm/lowq_reg[12]_i_2_n_0
    SLICE_X28Y48         LUT6 (Prop_lut6_I1_O)        0.124    13.893 r  system_i/iq_0/inst/core/sm/lowq[12]_i_1/O
                         net (fo=14, estimated)       0.376    14.269    system_i/iq_0/inst/core/sm/lowq[0]
    SLICE_X31Y48         FDRE                                         r  system_i/iq_0/inst/core/sm/lowq_reg[10]/CE
  -------------------------------------------------------------------    -------------------

                         (clock clk_fpga_1 rise edge)
                                                      8.000     8.000 r  <hidden>
    PS7_X0Y0             PS7                          0.000     8.000 r  system_i/ps7/inst/PS7_i/FCLKCLK[1]
                         net (fo=1, estimated)        1.133     9.133    system_i/ps7/inst/FCLK_CLK_unbuffered[1]
    BUFGCTRL_X0Y17       BUFG (Prop_bufg_I_O)         0.091     9.224 r  system_i/ps7/inst/buffer_fclk_clk_1.FCLK_CLK_1_BUFG/O
                         net (fo=13681, estimated)    1.572    10.796    system_i/iq_0/inst/core/sm/fft_clk
    SLICE_X31Y48         FDRE                                         r  system_i/iq_0/inst/core/sm/lowq_reg[10]/C
                         clock pessimism              0.083    10.879    <hidden>
                         clock uncertainty           -0.125    10.754    <hidden>
    SLICE_X31Y48         FDRE (Setup_fdre_C_CE)      -0.205    10.549    system_i/iq_0/inst/core/sm/lowq_reg[10]
  -------------------------------------------------------------------
                         required time                         10.549    <hidden>
                         arrival time                         -14.269    <hidden>
  -------------------------------------------------------------------
                         slack                                 -3.721    <hidden>

Slack (VIOLATED) :        -3.721ns  (required time - arrival time)
  Source:                 system_i/iq_0/inst/core/sm/b0odd_reg_1/CLKBWRCLK
                            (rising edge-triggered cell RAMB36E1 clocked by clk_fpga_1  {rise@0.000ns fall@4.000ns period=8.000ns})
  Destination:            system_i/iq_0/inst/core/sm/lowq_reg[11]/CE
                            (rising edge-triggered cell FDRE clocked by clk_fpga_1  {rise@0.000ns fall@4.000ns period=8.000ns})
  Path Group:             clk_fpga_1
  Path Type:              Setup (Max at Slow Process Corner)
  Requirement:            8.000ns  (clk_fpga_1 rise@8.000ns - clk_fpga_1 rise@0.000ns)
  Data Path Delay:        11.210ns  (logic 6.571ns (58.617%)  route 4.639ns (41.383%))
  Logic Levels:           19  (CARRY4=15 LUT2=1 LUT4=1 LUT5=1 LUT6=1)
  Clock Path Skew:        -0.180ns (DCD - SCD + CPR)
    Destination Clock Delay (DCD):    2.796ns = ( 10.796 - 8.000 ) 
    Source Clock Delay      (SCD):    3.059ns
    Clock Pessimism Removal (CPR):    0.083ns
  Clock Uncertainty:      0.125ns  ((TSJ^2 + TIJ^2)^1/2 + DJ) / 2 + PE
    Total System Jitter     (TSJ):    0.071ns
    Total Input Jitter      (TIJ):    0.240ns
    Discrete Jitter          (DJ):    0.000ns
    Phase Error              (PE):    0.000ns

    Location             Delay type                Incr(ns)  Path(ns)    Netlist Resource(s)
  -------------------------------------------------------------------    -------------------
                         (clock clk_fpga_1 rise edge)
                                                      0.000     0.000 r  <hidden>
    PS7_X0Y0             PS7                          0.000     0.000 r  system_i/ps7/inst/PS7_i/FCLKCLK[1]
                         net (fo=1, estimated)        1.193     1.193    system_i/ps7/inst/FCLK_CLK_unbuffered[1]
    BUFGCTRL_X0Y17       BUFG (Prop_bufg_I_O)         0.101     1.294 r  system_i/ps7/inst/buffer_fclk_clk_1.FCLK_CLK_1_BUFG/O
                         net (fo=13681, estimated)    1.765     3.059    system_i/iq_0/inst/core/sm/fft_clk
    RAMB36_X3Y7          RAMB36E1                                     r  system_i/iq_0/inst/core/sm/b0odd_reg_1/CLKBWRCLK
  -------------------------------------------------------------------    -------------------
    RAMB36_X3Y7          RAMB36E1 (Prop_ramb36e1_CLKBWRCLK_DOBDO[2])
                                                      2.454     5.513 r  system_i/iq_0/inst/core/sm/b0odd_reg_1/DOBDO[2]
                         net (fo=4, estimated)        1.939     7.452    system_i/iq_0/inst/core/sm/a1[11]
    SLICE_X28Y37         LUT5 (Prop_lut5_I2_O)        0.124     7.576 r  system_i/iq_0/inst/core/sm/cdf[11]_i_12/O
                         net (fo=1, routed)           0.000     7.576    system_i/iq_0/inst/core/sm/cdf[11]_i_12_n_0
    SLICE_X28Y37         CARRY4 (Prop_carry4_S[3]_CO[3])
                                                      0.401     7.977 r  system_i/iq_0/inst/core/sm/cdf_reg[11]_i_7/CO[3]
                         net (fo=1, estimated)        0.000     7.977    system_i/iq_0/inst/core/sm/cdf_reg[11]_i_7_n_0
    SLICE_X28Y38         CARRY4 (Prop_carry4_CI_CO[3])
                                                      0.114     8.091 r  system_i/iq_0/inst/core/sm/cdf_reg[15]_i_7/CO[3]
                         net (fo=1, estimated)        0.000     8.091    system_i/iq_0/inst/core/sm/cdf_reg[15]_i_7_n_0
    SLICE_X28Y39         CARRY4 (Prop_carry4_CI_CO[3])
                                                      0.114     8.205 r  system_i/iq_0/inst/core/sm/cdf_reg[19]_i_7/CO[3]
                         net (fo=1, estimated)        0.000     8.205    system_i/iq_0/inst/core/sm/cdf_reg[19]_i_7_n_0
    SLICE_X28Y40         CARRY4 (Prop_carry4_CI_CO[3])
                                                      0.114     8.319 r  system_i/iq_0/inst/core/sm/cdf_reg[23]_i_7/CO[3]
                         net (fo=1, estimated)        0.000     8.319    system_i/iq_0/inst/core/sm/cdf_reg[23]_i_7_n_0
    SLICE_X28Y41         CARRY4 (Prop_carry4_CI_CO[3])
                                                      0.114     8.433 r  system_i/iq_0/inst/core/sm/cdf_reg[27]_i_7/CO[3]
                         net (fo=1, estimated)        0.000     8.433    system_i/iq_0/inst/core/sm/cdf_reg[27]_i_7_n_0
    SLICE_X28Y42         CARRY4 (Prop_carry4_CI_CO[3])
                                                      0.114     8.547 r  system_i/iq_0/inst/core/sm/cdf_reg[31]_i_7/CO[3]
                         net (fo=1, estimated)        0.000     8.547    system_i/iq_0/inst/core/sm/cdf_reg[31]_i_7_n_0
    SLICE_X28Y43         CARRY4 (Prop_carry4_CI_CO[3])
                                                      0.114     8.661 r  system_i/iq_0/inst/core/sm/cdf_reg[35]_i_7/CO[3]
                         net (fo=1, estimated)        0.000     8.661    system_i/iq_0/inst/core/sm/cdf_reg[35]_i_7_n_0
    SLICE_X28Y44         CARRY4 (Prop_carry4_CI_CO[3])
                                                      0.114     8.775 r  system_i/iq_0/inst/core/sm/cdf_reg[39]_i_7/CO[3]
                         net (fo=1, estimated)        0.000     8.775    system_i/iq_0/inst/core/sm/cdf_reg[39]_i_7_n_0
    SLICE_X28Y45         CARRY4 (Prop_carry4_CI_CO[3])
                                                      0.114     8.889 r  system_i/iq_0/inst/core/sm/cdf_reg[43]_i_7/CO[3]
                         net (fo=1, estimated)        0.000     8.889    system_i/iq_0/inst/core/sm/cdf_reg[43]_i_7_n_0
    SLICE_X28Y46         CARRY4 (Prop_carry4_CI_CO[3])
                                                      0.114     9.003 r  system_i/iq_0/inst/core/sm/cdf_reg[47]_i_7/CO[3]
                         net (fo=1, estimated)        0.000     9.003    system_i/iq_0/inst/core/sm/cdf_reg[47]_i_7_n_0
    SLICE_X28Y47         CARRY4 (Prop_carry4_CI_CO[0])
                                                      0.271     9.274 r  system_i/iq_0/inst/core/sm/cdf_reg[51]_i_4/CO[0]
                         net (fo=1, estimated)        0.489     9.763    system_i/iq_0/inst/core/sm/cdf_reg[51]_i_4_n_3
    SLICE_X29Y47         LUT2 (Prop_lut2_I1_O)        0.373    10.136 r  system_i/iq_0/inst/core/sm/cdf[51]_i_3/O
                         net (fo=1, routed)           0.000    10.136    system_i/iq_0/inst/core/sm/cdf[51]_i_3_n_0
    SLICE_X29Y47         CARRY4 (Prop_carry4_S[0]_CO[3])
                                                      0.532    10.668 r  system_i/iq_0/inst/core/sm/cdf_reg[51]_i_2/CO[3]
                         net (fo=1, estimated)        0.000    10.668    system_i/iq_0/inst/core/sm/cdf_reg[51]_i_2_n_0
    SLICE_X29Y48         CARRY4 (Prop_carry4_CI_CO[3])
                                                      0.114    10.782 r  system_i/iq_0/inst/core/sm/cdf_reg[55]_i_2/CO[3]
                         net (fo=1, estimated)        0.000    10.782    system_i/iq_0/inst/core/sm/cdf_reg[55]_i_2_n_0
    SLICE_X29Y49         CARRY4 (Prop_carry4_CI_O[3])
                                                      0.313    11.095 r  system_i/iq_0/inst/core/sm/cdf_reg[59]_i_2/O[3]
                         net (fo=5, estimated)        1.164    12.259    system_i/iq_0/inst/core/sm/in21[59]
    SLICE_X30Y43         LUT4 (Prop_lut4_I1_O)        0.306    12.565 r  system_i/iq_0/inst/core/sm/lowq[12]_i_11/O
                         net (fo=1, routed)           0.000    12.565    system_i/iq_0/inst/core/sm/lowq[12]_i_11_n_0
    SLICE_X30Y43         CARRY4 (Prop_carry4_S[1]_CO[3])
                                                      0.533    13.098 r  system_i/iq_0/inst/core/sm/lowq_reg[12]_i_2/CO[3]
                         net (fo=2, estimated)        0.671    13.769    system_i/iq_0/inst/core/sm/lowq_reg[12]_i_2_n_0
    SLICE_X28Y48         LUT6 (Prop_lut6_I1_O)        0.124    13.893 r  system_i/iq_0/inst/core/sm/lowq[12]_i_1/O
                         net (fo=14, estimated)       0.376    14.269    system_i/iq_0/inst/core/sm/lowq[0]
    SLICE_X31Y48         FDRE                                         r  system_i/iq_0/inst/core/sm/lowq_reg[11]/CE
  -------------------------------------------------------------------    -------------------

                         (clock clk_fpga_1 rise edge)
                                                      8.000     8.000 r  <hidden>
    PS7_X0Y0             PS7                          0.000     8.000 r  system_i/ps7/inst/PS7_i/FCLKCLK[1]
                         net (fo=1, estimated)        1.133     9.133    system_i/ps7/inst/FCLK_CLK_unbuffered[1]
    BUFGCTRL_X0Y17       BUFG (Prop_bufg_I_O)         0.091     9.224 r  system_i/ps7/inst/buffer_fclk_clk_1.FCLK_CLK_1_BUFG/O
                         net (fo=13681, estimated)    1.572    10.796    system_i/iq_0/inst/core/sm/fft_clk
    SLICE_X31Y48         FDRE                                         r  system_i/iq_0/inst/core/sm/lowq_reg[11]/C
                         clock pessimism              0.083    10.879    <hidden>
                         clock uncertainty           -0.125    10.754    <hidden>
    SLICE_X31Y48         FDRE (Setup_fdre_C_CE)      -0.205    10.549    system_i/iq_0/inst/core/sm/lowq_reg[11]
  -------------------------------------------------------------------
                         required time                         10.549    <hidden>
                         arrival time                         -14.269    <hidden>
  -------------------------------------------------------------------
                         slack                                 -3.721    <hidden>




