Copyright 1986-2022 Xilinx, Inc. All Rights Reserved. Copyright 2022-2026 Advanced Micro Devices, Inc. All Rights Reserved.
---------------------------------------------------------------------------------------------------------------------------------------------
| Tool Version : Vivado v.2026.1 (win64) Build 6511674 Tue Jun 16 11:02:23 MDT 2026
| Date         : Thu Sep 17 16:54:25 2026
| Host         : LAPTOP-ATE8I1GS running 64-bit major release  (build 9200)
| Command      : report_timing -max_paths 20 -file D:/fft/iq_analyzer/reports/worst_paths.rpt
| Design       : system_wrapper
| Device       : 7z020-clg400
| Speed File   : -1  PRODUCTION 1.12 2019-11-22
| Design State : Physopt postRoute
---------------------------------------------------------------------------------------------------------------------------------------------

Timing Report

Slack (MET) :             0.109ns  (required time - arrival time)
  Source:                 system_i/iq_0/inst/core/config_cdc/syncstages_ff_reg[2][13]/C
                            (rising edge-triggered cell FDRE clocked by clk_fpga_1  {rise@0.000ns fall@4.000ns period=8.000ns})
  Destination:            system_i/iq_0/inst/core/sm/bank_peak_reg_0_1_6_11/RAMC_D1/I
                            (rising edge-triggered cell RAMD32 clocked by clk_fpga_1  {rise@0.000ns fall@4.000ns period=8.000ns})
  Path Group:             clk_fpga_1
  Path Type:              Setup (Max at Slow Process Corner)
  Requirement:            8.000ns  (clk_fpga_1 rise@8.000ns - clk_fpga_1 rise@0.000ns)
  Data Path Delay:        7.455ns  (logic 2.777ns (37.250%)  route 4.678ns (62.750%))
  Logic Levels:           7  (CARRY4=3 LUT3=1 LUT4=1 LUT6=2)
  Clock Path Skew:        -0.062ns (DCD - SCD + CPR)
    Destination Clock Delay (DCD):    2.752ns = ( 10.752 - 8.000 ) 
    Source Clock Delay      (SCD):    3.044ns
    Clock Pessimism Removal (CPR):    0.230ns
  Clock Uncertainty:      0.125ns  ((TSJ^2 + TIJ^2)^1/2 + DJ) / 2 + PE
    Total System Jitter     (TSJ):    0.071ns
    Total Input Jitter      (TIJ):    0.240ns
    Discrete Jitter          (DJ):    0.000ns
    Phase Error              (PE):    0.000ns

    Location             Delay type                Incr(ns)  Path(ns)    Netlist Resource(s)
  -------------------------------------------------------------------    -------------------
                         (clock clk_fpga_1 rise edge)
                                                      0.000     0.000 r  <hidden>
    PS7_X0Y0             PS7                          0.000     0.000 r  system_i/ps7/inst/PS7_i/FCLKCLK[1]
                         net (fo=1, routed)           1.193     1.193    system_i/ps7/inst/FCLK_CLK_unbuffered[1]
    BUFGCTRL_X0Y17       BUFG (Prop_bufg_I_O)         0.101     1.294 r  system_i/ps7/inst/buffer_fclk_clk_1.FCLK_CLK_1_BUFG/O
                         net (fo=14036, routed)       1.750     3.044    system_i/iq_0/inst/core/config_cdc/dest_clk
    SLICE_X21Y13         FDRE                                         r  system_i/iq_0/inst/core/config_cdc/syncstages_ff_reg[2][13]/C
  -------------------------------------------------------------------    -------------------
    SLICE_X21Y13         FDRE (Prop_fdre_C_Q)         0.419     3.463 r  system_i/iq_0/inst/core/config_cdc/syncstages_ff_reg[2][13]/Q
                         net (fo=3, routed)           0.839     4.302    system_i/iq_0/inst/core/sm/dest_out[13]
    SLICE_X20Y15         LUT4 (Prop_lut4_I2_O)        0.296     4.598 r  system_i/iq_0/inst/core/sm/b0even_reg_0_i_44/O
                         net (fo=1, routed)           0.000     4.598    system_i/iq_0/inst/core/sm/b0even_reg_0_i_44_n_0
    SLICE_X20Y15         CARRY4 (Prop_carry4_S[0]_CO[3])
                                                      0.513     5.111 r  system_i/iq_0/inst/core/sm/b0even_reg_0_i_22/CO[3]
                         net (fo=1, routed)           0.000     5.111    system_i/iq_0/inst/core/sm/b0even_reg_0_i_22_n_0
    SLICE_X20Y16         CARRY4 (Prop_carry4_CI_CO[2])
                                                      0.229     5.340 r  system_i/iq_0/inst/core/sm/b0even_reg_0_i_14/CO[2]
                         net (fo=193, routed)         1.299     6.639    system_i/iq_0/inst/core/sm/in_roi016_in
    SLICE_X20Y20         LUT3 (Prop_lut3_I2_O)        0.336     6.975 r  system_i/iq_0/inst/core/sm/b0even_reg_4_i_6/O
                         net (fo=5, routed)           0.665     7.640    system_i/iq_0/inst/core/sm/b0even_reg_4_i_6_n_0
    SLICE_X21Y20         LUT6 (Prop_lut6_I1_O)        0.328     7.968 r  system_i/iq_0/inst/core/sm/peakq[12]_i_26/O
                         net (fo=1, routed)           0.000     7.968    system_i/iq_0/inst/core/sm/peakq[12]_i_26_n_0
    SLICE_X21Y20         CARRY4 (Prop_carry4_S[0]_CO[3])
                                                      0.532     8.500 r  system_i/iq_0/inst/core/sm/peakq_reg[12]_i_5/CO[3]
                         net (fo=61, routed)          1.354     9.854    system_i/iq_0/inst/core/sm/better113_in
    SLICE_X20Y17         LUT6 (Prop_lut6_I2_O)        0.124     9.978 r  system_i/iq_0/inst/core/sm/peak[11]_i_1__0/O
                         net (fo=2, routed)           0.521    10.499    system_i/iq_0/inst/core/sm/bank_peak_reg_0_1_6_11/DIC1
    SLICE_X18Y16         RAMD32                                       r  system_i/iq_0/inst/core/sm/bank_peak_reg_0_1_6_11/RAMC_D1/I
  -------------------------------------------------------------------    -------------------

                         (clock clk_fpga_1 rise edge)
                                                      8.000     8.000 r  <hidden>
    PS7_X0Y0             PS7                          0.000     8.000 r  system_i/ps7/inst/PS7_i/FCLKCLK[1]
                         net (fo=1, routed)           1.088     9.088    system_i/ps7/inst/FCLK_CLK_unbuffered[1]
    BUFGCTRL_X0Y17       BUFG (Prop_bufg_I_O)         0.091     9.179 r  system_i/ps7/inst/buffer_fclk_clk_1.FCLK_CLK_1_BUFG/O
                         net (fo=14036, routed)       1.573    10.752    system_i/iq_0/inst/core/sm/bank_peak_reg_0_1_6_11/WCLK
    SLICE_X18Y16         RAMD32                                       r  system_i/iq_0/inst/core/sm/bank_peak_reg_0_1_6_11/RAMC_D1/CLK
                         clock pessimism              0.230    10.982    <hidden>
                         clock uncertainty           -0.125    10.857    <hidden>
    SLICE_X18Y16         RAMD32 (Setup_ramd32_CLK_I)
                                                     -0.249    10.608    system_i/iq_0/inst/core/sm/bank_peak_reg_0_1_6_11/RAMC_D1
  -------------------------------------------------------------------
                         required time                         10.608    <hidden>
                         arrival time                         -10.499    <hidden>
  -------------------------------------------------------------------
                         slack                                  0.109    <hidden>

Slack (MET) :             0.149ns  (required time - arrival time)
  Source:                 system_i/iq_0/inst/core/transform/fft/U0/<hidden>/<hidden>/<hidden>/<hidden>
                            (rising edge-triggered cell FDRE clocked by clk_fpga_1  {rise@0.000ns fall@4.000ns period=8.000ns})
  Destination:            system_i/iq_0/inst/core/transform/fft/U0/<hidden>/<hidden>/<hidden>/<hidden>/<hidden>/<hidden>/<hidden>
                            (rising edge-triggered cell FDRE clocked by clk_fpga_1  {rise@0.000ns fall@4.000ns period=8.000ns})
  Path Group:             clk_fpga_1
  Path Type:              Setup (Max at Slow Process Corner)
  Requirement:            8.000ns  (clk_fpga_1 rise@8.000ns - clk_fpga_1 rise@0.000ns)
  Data Path Delay:        7.132ns  (logic 0.419ns (5.875%)  route 6.713ns (94.125%))
  Logic Levels:           0  
  Clock Path Skew:        -0.214ns (DCD - SCD + CPR)
    Destination Clock Delay (DCD):    2.663ns = ( 10.663 - 8.000 ) 
    Source Clock Delay      (SCD):    3.006ns
    Clock Pessimism Removal (CPR):    0.129ns
  Clock Uncertainty:      0.125ns  ((TSJ^2 + TIJ^2)^1/2 + DJ) / 2 + PE
    Total System Jitter     (TSJ):    0.071ns
    Total Input Jitter      (TIJ):    0.240ns
    Discrete Jitter          (DJ):    0.000ns
    Phase Error              (PE):    0.000ns

    Location             Delay type                Incr(ns)  Path(ns)    Netlist Resource(s)
  -------------------------------------------------------------------    -------------------
                         (clock clk_fpga_1 rise edge)
                                                      0.000     0.000 r  <hidden>
    PS7_X0Y0             PS7                          0.000     0.000 r  system_i/ps7/inst/PS7_i/FCLKCLK[1]
                         net (fo=1, routed)           1.193     1.193    system_i/ps7/inst/FCLK_CLK_unbuffered[1]
    BUFGCTRL_X0Y17       BUFG (Prop_bufg_I_O)         0.101     1.294 r  system_i/ps7/inst/buffer_fclk_clk_1.FCLK_CLK_1_BUFG/O
                         net (fo=14036, routed)       1.712     3.006    system_i/iq_0/inst/core/transform/fft/U0/<hidden>/<hidden>/<hidden>
    SLICE_X64Y25         FDRE                                         r  system_i/iq_0/inst/core/transform/fft/U0/<hidden>/<hidden>/<hidden>/<hidden>
  -------------------------------------------------------------------    -------------------
    SLICE_X64Y25         FDRE (Prop_fdre_C_Q)         0.419     3.425 r  system_i/iq_0/inst/core/transform/fft/U0/<hidden>/<hidden>/<hidden>/<hidden>
                         net (fo=10489, routed)       6.713    10.138    system_i/iq_0/inst/core/transform/fft/U0/<hidden>/<hidden>/<hidden>/<hidden>/<hidden>/<hidden>
    SLICE_X43Y19         FDRE                                         r  system_i/iq_0/inst/core/transform/fft/U0/<hidden>/<hidden>/<hidden>/<hidden>/<hidden>/<hidden>/<hidden>
  -------------------------------------------------------------------    -------------------

                         (clock clk_fpga_1 rise edge)
                                                      8.000     8.000 r  <hidden>
    PS7_X0Y0             PS7                          0.000     8.000 r  system_i/ps7/inst/PS7_i/FCLKCLK[1]
                         net (fo=1, routed)           1.088     9.088    system_i/ps7/inst/FCLK_CLK_unbuffered[1]
    BUFGCTRL_X0Y17       BUFG (Prop_bufg_I_O)         0.091     9.179 r  system_i/ps7/inst/buffer_fclk_clk_1.FCLK_CLK_1_BUFG/O
                         net (fo=14036, routed)       1.484    10.663    system_i/iq_0/inst/core/transform/fft/U0/<hidden>/<hidden>/<hidden>/<hidden>/<hidden>/<hidden>
    SLICE_X43Y19         FDRE                                         r  system_i/iq_0/inst/core/transform/fft/U0/<hidden>/<hidden>/<hidden>/<hidden>/<hidden>/<hidden>/<hidden>
                         clock pessimism              0.129    10.792    <hidden>
                         clock uncertainty           -0.125    10.667    <hidden>
    SLICE_X43Y19         FDRE (Setup_fdre_C_CE)      -0.380    10.287    system_i/iq_0/inst/core/transform/fft/U0/<hidden>/<hidden>/<hidden>/<hidden>/<hidden>/<hidden>
  -------------------------------------------------------------------
                         required time                         10.287    <hidden>
                         arrival time                         -10.138    <hidden>
  -------------------------------------------------------------------
                         slack                                  0.149    <hidden>

Slack (MET) :             0.149ns  (required time - arrival time)
  Source:                 system_i/iq_0/inst/core/transform/fft/U0/<hidden>/<hidden>/<hidden>/<hidden>
                            (rising edge-triggered cell FDRE clocked by clk_fpga_1  {rise@0.000ns fall@4.000ns period=8.000ns})
  Destination:            system_i/iq_0/inst/core/transform/fft/U0/<hidden>/<hidden>/<hidden>/<hidden>/<hidden>/<hidden>/<hidden>
                            (rising edge-triggered cell FDRE clocked by clk_fpga_1  {rise@0.000ns fall@4.000ns period=8.000ns})
  Path Group:             clk_fpga_1
  Path Type:              Setup (Max at Slow Process Corner)
  Requirement:            8.000ns  (clk_fpga_1 rise@8.000ns - clk_fpga_1 rise@0.000ns)
  Data Path Delay:        7.132ns  (logic 0.419ns (5.875%)  route 6.713ns (94.125%))
  Logic Levels:           0  
  Clock Path Skew:        -0.214ns (DCD - SCD + CPR)
    Destination Clock Delay (DCD):    2.663ns = ( 10.663 - 8.000 ) 
    Source Clock Delay      (SCD):    3.006ns
    Clock Pessimism Removal (CPR):    0.129ns
  Clock Uncertainty:      0.125ns  ((TSJ^2 + TIJ^2)^1/2 + DJ) / 2 + PE
    Total System Jitter     (TSJ):    0.071ns
    Total Input Jitter      (TIJ):    0.240ns
    Discrete Jitter          (DJ):    0.000ns
    Phase Error              (PE):    0.000ns

    Location             Delay type                Incr(ns)  Path(ns)    Netlist Resource(s)
  -------------------------------------------------------------------    -------------------
                         (clock clk_fpga_1 rise edge)
                                                      0.000     0.000 r  <hidden>
    PS7_X0Y0             PS7                          0.000     0.000 r  system_i/ps7/inst/PS7_i/FCLKCLK[1]
                         net (fo=1, routed)           1.193     1.193    system_i/ps7/inst/FCLK_CLK_unbuffered[1]
    BUFGCTRL_X0Y17       BUFG (Prop_bufg_I_O)         0.101     1.294 r  system_i/ps7/inst/buffer_fclk_clk_1.FCLK_CLK_1_BUFG/O
                         net (fo=14036, routed)       1.712     3.006    system_i/iq_0/inst/core/transform/fft/U0/<hidden>/<hidden>/<hidden>
    SLICE_X64Y25         FDRE                                         r  system_i/iq_0/inst/core/transform/fft/U0/<hidden>/<hidden>/<hidden>/<hidden>
  -------------------------------------------------------------------    -------------------
    SLICE_X64Y25         FDRE (Prop_fdre_C_Q)         0.419     3.425 r  system_i/iq_0/inst/core/transform/fft/U0/<hidden>/<hidden>/<hidden>/<hidden>
                         net (fo=10489, routed)       6.713    10.138    system_i/iq_0/inst/core/transform/fft/U0/<hidden>/<hidden>/<hidden>/<hidden>/<hidden>/<hidden>
    SLICE_X43Y19         FDRE                                         r  system_i/iq_0/inst/core/transform/fft/U0/<hidden>/<hidden>/<hidden>/<hidden>/<hidden>/<hidden>/<hidden>
  -------------------------------------------------------------------    -------------------

                         (clock clk_fpga_1 rise edge)
                                                      8.000     8.000 r  <hidden>
    PS7_X0Y0             PS7                          0.000     8.000 r  system_i/ps7/inst/PS7_i/FCLKCLK[1]
                         net (fo=1, routed)           1.088     9.088    system_i/ps7/inst/FCLK_CLK_unbuffered[1]
    BUFGCTRL_X0Y17       BUFG (Prop_bufg_I_O)         0.091     9.179 r  system_i/ps7/inst/buffer_fclk_clk_1.FCLK_CLK_1_BUFG/O
                         net (fo=14036, routed)       1.484    10.663    system_i/iq_0/inst/core/transform/fft/U0/<hidden>/<hidden>/<hidden>/<hidden>/<hidden>/<hidden>
    SLICE_X43Y19         FDRE                                         r  system_i/iq_0/inst/core/transform/fft/U0/<hidden>/<hidden>/<hidden>/<hidden>/<hidden>/<hidden>/<hidden>
                         clock pessimism              0.129    10.792    <hidden>
                         clock uncertainty           -0.125    10.667    <hidden>
    SLICE_X43Y19         FDRE (Setup_fdre_C_CE)      -0.380    10.287    system_i/iq_0/inst/core/transform/fft/U0/<hidden>/<hidden>/<hidden>/<hidden>/<hidden>/<hidden>
  -------------------------------------------------------------------
                         required time                         10.287    <hidden>
                         arrival time                         -10.138    <hidden>
  -------------------------------------------------------------------
                         slack                                  0.149    <hidden>

Slack (MET) :             0.149ns  (required time - arrival time)
  Source:                 system_i/iq_0/inst/core/transform/fft/U0/<hidden>/<hidden>/<hidden>/<hidden>
                            (rising edge-triggered cell FDRE clocked by clk_fpga_1  {rise@0.000ns fall@4.000ns period=8.000ns})
  Destination:            system_i/iq_0/inst/core/transform/fft/U0/<hidden>/<hidden>/<hidden>/<hidden>/<hidden>/<hidden>/<hidden>
                            (rising edge-triggered cell FDRE clocked by clk_fpga_1  {rise@0.000ns fall@4.000ns period=8.000ns})
  Path Group:             clk_fpga_1
  Path Type:              Setup (Max at Slow Process Corner)
  Requirement:            8.000ns  (clk_fpga_1 rise@8.000ns - clk_fpga_1 rise@0.000ns)
  Data Path Delay:        7.132ns  (logic 0.419ns (5.875%)  route 6.713ns (94.125%))
  Logic Levels:           0  
  Clock Path Skew:        -0.214ns (DCD - SCD + CPR)
    Destination Clock Delay (DCD):    2.663ns = ( 10.663 - 8.000 ) 
    Source Clock Delay      (SCD):    3.006ns
    Clock Pessimism Removal (CPR):    0.129ns
  Clock Uncertainty:      0.125ns  ((TSJ^2 + TIJ^2)^1/2 + DJ) / 2 + PE
    Total System Jitter     (TSJ):    0.071ns
    Total Input Jitter      (TIJ):    0.240ns
    Discrete Jitter          (DJ):    0.000ns
    Phase Error              (PE):    0.000ns

    Location             Delay type                Incr(ns)  Path(ns)    Netlist Resource(s)
  -------------------------------------------------------------------    -------------------
                         (clock clk_fpga_1 rise edge)
                                                      0.000     0.000 r  <hidden>
    PS7_X0Y0             PS7                          0.000     0.000 r  system_i/ps7/inst/PS7_i/FCLKCLK[1]
                         net (fo=1, routed)           1.193     1.193    system_i/ps7/inst/FCLK_CLK_unbuffered[1]
    BUFGCTRL_X0Y17       BUFG (Prop_bufg_I_O)         0.101     1.294 r  system_i/ps7/inst/buffer_fclk_clk_1.FCLK_CLK_1_BUFG/O
                         net (fo=14036, routed)       1.712     3.006    system_i/iq_0/inst/core/transform/fft/U0/<hidden>/<hidden>/<hidden>
    SLICE_X64Y25         FDRE                                         r  system_i/iq_0/inst/core/transform/fft/U0/<hidden>/<hidden>/<hidden>/<hidden>
  -------------------------------------------------------------------    -------------------
    SLICE_X64Y25         FDRE (Prop_fdre_C_Q)         0.419     3.425 r  system_i/iq_0/inst/core/transform/fft/U0/<hidden>/<hidden>/<hidden>/<hidden>
                         net (fo=10489, routed)       6.713    10.138    system_i/iq_0/inst/core/transform/fft/U0/<hidden>/<hidden>/<hidden>/<hidden>/<hidden>/<hidden>
    SLICE_X43Y19         FDRE                                         r  system_i/iq_0/inst/core/transform/fft/U0/<hidden>/<hidden>/<hidden>/<hidden>/<hidden>/<hidden>/<hidden>
  -------------------------------------------------------------------    -------------------

                         (clock clk_fpga_1 rise edge)
                                                      8.000     8.000 r  <hidden>
    PS7_X0Y0             PS7                          0.000     8.000 r  system_i/ps7/inst/PS7_i/FCLKCLK[1]
                         net (fo=1, routed)           1.088     9.088    system_i/ps7/inst/FCLK_CLK_unbuffered[1]
    BUFGCTRL_X0Y17       BUFG (Prop_bufg_I_O)         0.091     9.179 r  system_i/ps7/inst/buffer_fclk_clk_1.FCLK_CLK_1_BUFG/O
                         net (fo=14036, routed)       1.484    10.663    system_i/iq_0/inst/core/transform/fft/U0/<hidden>/<hidden>/<hidden>/<hidden>/<hidden>/<hidden>
    SLICE_X43Y19         FDRE                                         r  system_i/iq_0/inst/core/transform/fft/U0/<hidden>/<hidden>/<hidden>/<hidden>/<hidden>/<hidden>/<hidden>
                         clock pessimism              0.129    10.792    <hidden>
                         clock uncertainty           -0.125    10.667    <hidden>
    SLICE_X43Y19         FDRE (Setup_fdre_C_CE)      -0.380    10.287    system_i/iq_0/inst/core/transform/fft/U0/<hidden>/<hidden>/<hidden>/<hidden>/<hidden>/<hidden>
  -------------------------------------------------------------------
                         required time                         10.287    <hidden>
                         arrival time                         -10.138    <hidden>
  -------------------------------------------------------------------
                         slack                                  0.149    <hidden>

Slack (MET) :             0.149ns  (required time - arrival time)
  Source:                 system_i/iq_0/inst/core/transform/fft/U0/<hidden>/<hidden>/<hidden>/<hidden>
                            (rising edge-triggered cell FDRE clocked by clk_fpga_1  {rise@0.000ns fall@4.000ns period=8.000ns})
  Destination:            system_i/iq_0/inst/core/transform/fft/U0/<hidden>/<hidden>/<hidden>/<hidden>/<hidden>/<hidden>/<hidden>
                            (rising edge-triggered cell FDRE clocked by clk_fpga_1  {rise@0.000ns fall@4.000ns period=8.000ns})
  Path Group:             clk_fpga_1
  Path Type:              Setup (Max at Slow Process Corner)
  Requirement:            8.000ns  (clk_fpga_1 rise@8.000ns - clk_fpga_1 rise@0.000ns)
  Data Path Delay:        7.132ns  (logic 0.419ns (5.875%)  route 6.713ns (94.125%))
  Logic Levels:           0  
  Clock Path Skew:        -0.214ns (DCD - SCD + CPR)
    Destination Clock Delay (DCD):    2.663ns = ( 10.663 - 8.000 ) 
    Source Clock Delay      (SCD):    3.006ns
    Clock Pessimism Removal (CPR):    0.129ns
  Clock Uncertainty:      0.125ns  ((TSJ^2 + TIJ^2)^1/2 + DJ) / 2 + PE
    Total System Jitter     (TSJ):    0.071ns
    Total Input Jitter      (TIJ):    0.240ns
    Discrete Jitter          (DJ):    0.000ns
    Phase Error              (PE):    0.000ns

    Location             Delay type                Incr(ns)  Path(ns)    Netlist Resource(s)
  -------------------------------------------------------------------    -------------------
                         (clock clk_fpga_1 rise edge)
                                                      0.000     0.000 r  <hidden>
    PS7_X0Y0             PS7                          0.000     0.000 r  system_i/ps7/inst/PS7_i/FCLKCLK[1]
                         net (fo=1, routed)           1.193     1.193    system_i/ps7/inst/FCLK_CLK_unbuffered[1]
    BUFGCTRL_X0Y17       BUFG (Prop_bufg_I_O)         0.101     1.294 r  system_i/ps7/inst/buffer_fclk_clk_1.FCLK_CLK_1_BUFG/O
                         net (fo=14036, routed)       1.712     3.006    system_i/iq_0/inst/core/transform/fft/U0/<hidden>/<hidden>/<hidden>
    SLICE_X64Y25         FDRE                                         r  system_i/iq_0/inst/core/transform/fft/U0/<hidden>/<hidden>/<hidden>/<hidden>
  -------------------------------------------------------------------    -------------------
    SLICE_X64Y25         FDRE (Prop_fdre_C_Q)         0.419     3.425 r  system_i/iq_0/inst/core/transform/fft/U0/<hidden>/<hidden>/<hidden>/<hidden>
                         net (fo=10489, routed)       6.713    10.138    system_i/iq_0/inst/core/transform/fft/U0/<hidden>/<hidden>/<hidden>/<hidden>/<hidden>/<hidden>
    SLICE_X43Y19         FDRE                                         r  system_i/iq_0/inst/core/transform/fft/U0/<hidden>/<hidden>/<hidden>/<hidden>/<hidden>/<hidden>/<hidden>
  -------------------------------------------------------------------    -------------------

                         (clock clk_fpga_1 rise edge)
                                                      8.000     8.000 r  <hidden>
    PS7_X0Y0             PS7                          0.000     8.000 r  system_i/ps7/inst/PS7_i/FCLKCLK[1]
                         net (fo=1, routed)           1.088     9.088    system_i/ps7/inst/FCLK_CLK_unbuffered[1]
    BUFGCTRL_X0Y17       BUFG (Prop_bufg_I_O)         0.091     9.179 r  system_i/ps7/inst/buffer_fclk_clk_1.FCLK_CLK_1_BUFG/O
                         net (fo=14036, routed)       1.484    10.663    system_i/iq_0/inst/core/transform/fft/U0/<hidden>/<hidden>/<hidden>/<hidden>/<hidden>/<hidden>
    SLICE_X43Y19         FDRE                                         r  system_i/iq_0/inst/core/transform/fft/U0/<hidden>/<hidden>/<hidden>/<hidden>/<hidden>/<hidden>/<hidden>
                         clock pessimism              0.129    10.792    <hidden>
                         clock uncertainty           -0.125    10.667    <hidden>
    SLICE_X43Y19         FDRE (Setup_fdre_C_CE)      -0.380    10.287    system_i/iq_0/inst/core/transform/fft/U0/<hidden>/<hidden>/<hidden>/<hidden>/<hidden>/<hidden>
  -------------------------------------------------------------------
                         required time                         10.287    <hidden>
                         arrival time                         -10.138    <hidden>
  -------------------------------------------------------------------
                         slack                                  0.149    <hidden>

Slack (MET) :             0.167ns  (required time - arrival time)
  Source:                 system_i/iq_0/inst/core/transform/fft/U0/<hidden>/<hidden>/<hidden>/<hidden>
                            (rising edge-triggered cell FDRE clocked by clk_fpga_1  {rise@0.000ns fall@4.000ns period=8.000ns})
  Destination:            system_i/iq_0/inst/core/transform/fft/U0/<hidden>/<hidden>/<hidden>/<hidden>/<hidden>/<hidden>/<hidden>/<hidden>/<hidden>/<hidden>
                            (rising edge-triggered cell FDRE clocked by clk_fpga_1  {rise@0.000ns fall@4.000ns period=8.000ns})
  Path Group:             clk_fpga_1
  Path Type:              Setup (Max at Slow Process Corner)
  Requirement:            8.000ns  (clk_fpga_1 rise@8.000ns - clk_fpga_1 rise@0.000ns)
  Data Path Delay:        7.203ns  (logic 0.419ns (5.817%)  route 6.784ns (94.183%))
  Logic Levels:           0  
  Clock Path Skew:        -0.126ns (DCD - SCD + CPR)
    Destination Clock Delay (DCD):    2.751ns = ( 10.752 - 8.000 ) 
    Source Clock Delay      (SCD):    3.006ns
    Clock Pessimism Removal (CPR):    0.129ns
  Clock Uncertainty:      0.125ns  ((TSJ^2 + TIJ^2)^1/2 + DJ) / 2 + PE
    Total System Jitter     (TSJ):    0.071ns
    Total Input Jitter      (TIJ):    0.240ns
    Discrete Jitter          (DJ):    0.000ns
    Phase Error              (PE):    0.000ns

    Location             Delay type                Incr(ns)  Path(ns)    Netlist Resource(s)
  -------------------------------------------------------------------    -------------------
                         (clock clk_fpga_1 rise edge)
                                                      0.000     0.000 r  <hidden>
    PS7_X0Y0             PS7                          0.000     0.000 r  system_i/ps7/inst/PS7_i/FCLKCLK[1]
                         net (fo=1, routed)           1.193     1.193    system_i/ps7/inst/FCLK_CLK_unbuffered[1]
    BUFGCTRL_X0Y17       BUFG (Prop_bufg_I_O)         0.101     1.294 r  system_i/ps7/inst/buffer_fclk_clk_1.FCLK_CLK_1_BUFG/O
                         net (fo=14036, routed)       1.712     3.006    system_i/iq_0/inst/core/transform/fft/U0/<hidden>/<hidden>/<hidden>
    SLICE_X64Y25         FDRE                                         r  system_i/iq_0/inst/core/transform/fft/U0/<hidden>/<hidden>/<hidden>/<hidden>
  -------------------------------------------------------------------    -------------------
    SLICE_X64Y25         FDRE (Prop_fdre_C_Q)         0.419     3.425 r  system_i/iq_0/inst/core/transform/fft/U0/<hidden>/<hidden>/<hidden>/<hidden>
                         net (fo=10489, routed)       6.784    10.209    system_i/iq_0/inst/core/transform/fft/U0/<hidden>/<hidden>/<hidden>/<hidden>/<hidden>/<hidden>/<hidden>/<hidden>/<hidden>
    SLICE_X23Y34         FDRE                                         r  system_i/iq_0/inst/core/transform/fft/U0/<hidden>/<hidden>/<hidden>/<hidden>/<hidden>/<hidden>/<hidden>/<hidden>/<hidden>/<hidden>
  -------------------------------------------------------------------    -------------------

                         (clock clk_fpga_1 rise edge)
                                                      8.000     8.000 r  <hidden>
    PS7_X0Y0             PS7                          0.000     8.000 r  system_i/ps7/inst/PS7_i/FCLKCLK[1]
                         net (fo=1, routed)           1.088     9.088    system_i/ps7/inst/FCLK_CLK_unbuffered[1]
    BUFGCTRL_X0Y17       BUFG (Prop_bufg_I_O)         0.091     9.179 r  system_i/ps7/inst/buffer_fclk_clk_1.FCLK_CLK_1_BUFG/O
                         net (fo=14036, routed)       1.572    10.752    system_i/iq_0/inst/core/transform/fft/U0/<hidden>/<hidden>/<hidden>/<hidden>/<hidden>/<hidden>/<hidden>/<hidden>/<hidden>
    SLICE_X23Y34         FDRE                                         r  system_i/iq_0/inst/core/transform/fft/U0/<hidden>/<hidden>/<hidden>/<hidden>/<hidden>/<hidden>/<hidden>/<hidden>/<hidden>/<hidden>
                         clock pessimism              0.129    10.880    <hidden>
                         clock uncertainty           -0.125    10.755    <hidden>
    SLICE_X23Y34         FDRE (Setup_fdre_C_CE)      -0.380    10.375    system_i/iq_0/inst/core/transform/fft/U0/<hidden>/<hidden>/<hidden>/<hidden>/<hidden>/<hidden>/<hidden>/<hidden>/<hidden>
  -------------------------------------------------------------------
                         required time                         10.375    <hidden>
                         arrival time                         -10.209    <hidden>
  -------------------------------------------------------------------
                         slack                                  0.167    <hidden>

Slack (MET) :             0.167ns  (required time - arrival time)
  Source:                 system_i/iq_0/inst/core/transform/fft/U0/<hidden>/<hidden>/<hidden>/<hidden>
                            (rising edge-triggered cell FDRE clocked by clk_fpga_1  {rise@0.000ns fall@4.000ns period=8.000ns})
  Destination:            system_i/iq_0/inst/core/transform/fft/U0/<hidden>/<hidden>/<hidden>/<hidden>/<hidden>/<hidden>/<hidden>/<hidden>/<hidden>/<hidden>
                            (rising edge-triggered cell FDRE clocked by clk_fpga_1  {rise@0.000ns fall@4.000ns period=8.000ns})
  Path Group:             clk_fpga_1
  Path Type:              Setup (Max at Slow Process Corner)
  Requirement:            8.000ns  (clk_fpga_1 rise@8.000ns - clk_fpga_1 rise@0.000ns)
  Data Path Delay:        7.203ns  (logic 0.419ns (5.817%)  route 6.784ns (94.183%))
  Logic Levels:           0  
  Clock Path Skew:        -0.126ns (DCD - SCD + CPR)
    Destination Clock Delay (DCD):    2.751ns = ( 10.752 - 8.000 ) 
    Source Clock Delay      (SCD):    3.006ns
    Clock Pessimism Removal (CPR):    0.129ns
  Clock Uncertainty:      0.125ns  ((TSJ^2 + TIJ^2)^1/2 + DJ) / 2 + PE
    Total System Jitter     (TSJ):    0.071ns
    Total Input Jitter      (TIJ):    0.240ns
    Discrete Jitter          (DJ):    0.000ns
    Phase Error              (PE):    0.000ns

    Location             Delay type                Incr(ns)  Path(ns)    Netlist Resource(s)
  -------------------------------------------------------------------    -------------------
                         (clock clk_fpga_1 rise edge)
                                                      0.000     0.000 r  <hidden>
    PS7_X0Y0             PS7                          0.000     0.000 r  system_i/ps7/inst/PS7_i/FCLKCLK[1]
                         net (fo=1, routed)           1.193     1.193    system_i/ps7/inst/FCLK_CLK_unbuffered[1]
    BUFGCTRL_X0Y17       BUFG (Prop_bufg_I_O)         0.101     1.294 r  system_i/ps7/inst/buffer_fclk_clk_1.FCLK_CLK_1_BUFG/O
                         net (fo=14036, routed)       1.712     3.006    system_i/iq_0/inst/core/transform/fft/U0/<hidden>/<hidden>/<hidden>
    SLICE_X64Y25         FDRE                                         r  system_i/iq_0/inst/core/transform/fft/U0/<hidden>/<hidden>/<hidden>/<hidden>
  -------------------------------------------------------------------    -------------------
    SLICE_X64Y25         FDRE (Prop_fdre_C_Q)         0.419     3.425 r  system_i/iq_0/inst/core/transform/fft/U0/<hidden>/<hidden>/<hidden>/<hidden>
                         net (fo=10489, routed)       6.784    10.209    system_i/iq_0/inst/core/transform/fft/U0/<hidden>/<hidden>/<hidden>/<hidden>/<hidden>/<hidden>/<hidden>/<hidden>/<hidden>
    SLICE_X23Y34         FDRE                                         r  system_i/iq_0/inst/core/transform/fft/U0/<hidden>/<hidden>/<hidden>/<hidden>/<hidden>/<hidden>/<hidden>/<hidden>/<hidden>/<hidden>
  -------------------------------------------------------------------    -------------------

                         (clock clk_fpga_1 rise edge)
                                                      8.000     8.000 r  <hidden>
    PS7_X0Y0             PS7                          0.000     8.000 r  system_i/ps7/inst/PS7_i/FCLKCLK[1]
                         net (fo=1, routed)           1.088     9.088    system_i/ps7/inst/FCLK_CLK_unbuffered[1]
    BUFGCTRL_X0Y17       BUFG (Prop_bufg_I_O)         0.091     9.179 r  system_i/ps7/inst/buffer_fclk_clk_1.FCLK_CLK_1_BUFG/O
                         net (fo=14036, routed)       1.572    10.752    system_i/iq_0/inst/core/transform/fft/U0/<hidden>/<hidden>/<hidden>/<hidden>/<hidden>/<hidden>/<hidden>/<hidden>/<hidden>
    SLICE_X23Y34         FDRE                                         r  system_i/iq_0/inst/core/transform/fft/U0/<hidden>/<hidden>/<hidden>/<hidden>/<hidden>/<hidden>/<hidden>/<hidden>/<hidden>/<hidden>
                         clock pessimism              0.129    10.880    <hidden>
                         clock uncertainty           -0.125    10.755    <hidden>
    SLICE_X23Y34         FDRE (Setup_fdre_C_CE)      -0.380    10.375    system_i/iq_0/inst/core/transform/fft/U0/<hidden>/<hidden>/<hidden>/<hidden>/<hidden>/<hidden>/<hidden>/<hidden>/<hidden>
  -------------------------------------------------------------------
                         required time                         10.375    <hidden>
                         arrival time                         -10.209    <hidden>
  -------------------------------------------------------------------
                         slack                                  0.167    <hidden>

Slack (MET) :             0.169ns  (required time - arrival time)
  Source:                 system_i/iq_0/inst/core/transform/fft/U0/<hidden>/<hidden>/<hidden>/<hidden>
                            (rising edge-triggered cell FDRE clocked by clk_fpga_1  {rise@0.000ns fall@4.000ns period=8.000ns})
  Destination:            system_i/iq_0/inst/core/transform/fft/U0/<hidden>/<hidden>/<hidden>/<hidden>/<hidden>/<hidden>/<hidden>/<hidden>
                            (rising edge-triggered cell FDRE clocked by clk_fpga_1  {rise@0.000ns fall@4.000ns period=8.000ns})
  Path Group:             clk_fpga_1
  Path Type:              Setup (Max at Slow Process Corner)
  Requirement:            8.000ns  (clk_fpga_1 rise@8.000ns - clk_fpga_1 rise@0.000ns)
  Data Path Delay:        7.105ns  (logic 0.419ns (5.897%)  route 6.686ns (94.103%))
  Logic Levels:           0  
  Clock Path Skew:        -0.221ns (DCD - SCD + CPR)
    Destination Clock Delay (DCD):    2.656ns = ( 10.656 - 8.000 ) 
    Source Clock Delay      (SCD):    3.006ns
    Clock Pessimism Removal (CPR):    0.129ns
  Clock Uncertainty:      0.125ns  ((TSJ^2 + TIJ^2)^1/2 + DJ) / 2 + PE
    Total System Jitter     (TSJ):    0.071ns
    Total Input Jitter      (TIJ):    0.240ns
    Discrete Jitter          (DJ):    0.000ns
    Phase Error              (PE):    0.000ns

    Location             Delay type                Incr(ns)  Path(ns)    Netlist Resource(s)
  -------------------------------------------------------------------    -------------------
                         (clock clk_fpga_1 rise edge)
                                                      0.000     0.000 r  <hidden>
    PS7_X0Y0             PS7                          0.000     0.000 r  system_i/ps7/inst/PS7_i/FCLKCLK[1]
                         net (fo=1, routed)           1.193     1.193    system_i/ps7/inst/FCLK_CLK_unbuffered[1]
    BUFGCTRL_X0Y17       BUFG (Prop_bufg_I_O)         0.101     1.294 r  system_i/ps7/inst/buffer_fclk_clk_1.FCLK_CLK_1_BUFG/O
                         net (fo=14036, routed)       1.712     3.006    system_i/iq_0/inst/core/transform/fft/U0/<hidden>/<hidden>/<hidden>
    SLICE_X64Y25         FDRE                                         r  system_i/iq_0/inst/core/transform/fft/U0/<hidden>/<hidden>/<hidden>/<hidden>
  -------------------------------------------------------------------    -------------------
    SLICE_X64Y25         FDRE (Prop_fdre_C_Q)         0.419     3.425 r  system_i/iq_0/inst/core/transform/fft/U0/<hidden>/<hidden>/<hidden>/<hidden>
                         net (fo=10489, routed)       6.686    10.111    system_i/iq_0/inst/core/transform/fft/U0/<hidden>/<hidden>/<hidden>/<hidden>/<hidden>/<hidden>/<hidden>
    SLICE_X47Y24         FDRE                                         r  system_i/iq_0/inst/core/transform/fft/U0/<hidden>/<hidden>/<hidden>/<hidden>/<hidden>/<hidden>/<hidden>/<hidden>
  -------------------------------------------------------------------    -------------------

                         (clock clk_fpga_1 rise edge)
                                                      8.000     8.000 r  <hidden>
    PS7_X0Y0             PS7                          0.000     8.000 r  system_i/ps7/inst/PS7_i/FCLKCLK[1]
                         net (fo=1, routed)           1.088     9.088    system_i/ps7/inst/FCLK_CLK_unbuffered[1]
    BUFGCTRL_X0Y17       BUFG (Prop_bufg_I_O)         0.091     9.179 r  system_i/ps7/inst/buffer_fclk_clk_1.FCLK_CLK_1_BUFG/O
                         net (fo=14036, routed)       1.477    10.656    system_i/iq_0/inst/core/transform/fft/U0/<hidden>/<hidden>/<hidden>/<hidden>/<hidden>/<hidden>/<hidden>
    SLICE_X47Y24         FDRE                                         r  system_i/iq_0/inst/core/transform/fft/U0/<hidden>/<hidden>/<hidden>/<hidden>/<hidden>/<hidden>/<hidden>/<hidden>
                         clock pessimism              0.129    10.785    <hidden>
                         clock uncertainty           -0.125    10.660    <hidden>
    SLICE_X47Y24         FDRE (Setup_fdre_C_CE)      -0.380    10.280    system_i/iq_0/inst/core/transform/fft/U0/<hidden>/<hidden>/<hidden>/<hidden>/<hidden>/<hidden>/<hidden>
  -------------------------------------------------------------------
                         required time                         10.280    <hidden>
                         arrival time                         -10.111    <hidden>
  -------------------------------------------------------------------
                         slack                                  0.169    <hidden>

Slack (MET) :             0.169ns  (required time - arrival time)
  Source:                 system_i/iq_0/inst/core/transform/fft/U0/<hidden>/<hidden>/<hidden>/<hidden>
                            (rising edge-triggered cell FDRE clocked by clk_fpga_1  {rise@0.000ns fall@4.000ns period=8.000ns})
  Destination:            system_i/iq_0/inst/core/transform/fft/U0/<hidden>/<hidden>/<hidden>/<hidden>/<hidden>/<hidden>/<hidden>/<hidden>
                            (rising edge-triggered cell FDRE clocked by clk_fpga_1  {rise@0.000ns fall@4.000ns period=8.000ns})
  Path Group:             clk_fpga_1
  Path Type:              Setup (Max at Slow Process Corner)
  Requirement:            8.000ns  (clk_fpga_1 rise@8.000ns - clk_fpga_1 rise@0.000ns)
  Data Path Delay:        7.105ns  (logic 0.419ns (5.897%)  route 6.686ns (94.103%))
  Logic Levels:           0  
  Clock Path Skew:        -0.221ns (DCD - SCD + CPR)
    Destination Clock Delay (DCD):    2.656ns = ( 10.656 - 8.000 ) 
    Source Clock Delay      (SCD):    3.006ns
    Clock Pessimism Removal (CPR):    0.129ns
  Clock Uncertainty:      0.125ns  ((TSJ^2 + TIJ^2)^1/2 + DJ) / 2 + PE
    Total System Jitter     (TSJ):    0.071ns
    Total Input Jitter      (TIJ):    0.240ns
    Discrete Jitter          (DJ):    0.000ns
    Phase Error              (PE):    0.000ns

    Location             Delay type                Incr(ns)  Path(ns)    Netlist Resource(s)
  -------------------------------------------------------------------    -------------------
                         (clock clk_fpga_1 rise edge)
                                                      0.000     0.000 r  <hidden>
    PS7_X0Y0             PS7                          0.000     0.000 r  system_i/ps7/inst/PS7_i/FCLKCLK[1]
                         net (fo=1, routed)           1.193     1.193    system_i/ps7/inst/FCLK_CLK_unbuffered[1]
    BUFGCTRL_X0Y17       BUFG (Prop_bufg_I_O)         0.101     1.294 r  system_i/ps7/inst/buffer_fclk_clk_1.FCLK_CLK_1_BUFG/O
                         net (fo=14036, routed)       1.712     3.006    system_i/iq_0/inst/core/transform/fft/U0/<hidden>/<hidden>/<hidden>
    SLICE_X64Y25         FDRE                                         r  system_i/iq_0/inst/core/transform/fft/U0/<hidden>/<hidden>/<hidden>/<hidden>
  -------------------------------------------------------------------    -------------------
    SLICE_X64Y25         FDRE (Prop_fdre_C_Q)         0.419     3.425 r  system_i/iq_0/inst/core/transform/fft/U0/<hidden>/<hidden>/<hidden>/<hidden>
                         net (fo=10489, routed)       6.686    10.111    system_i/iq_0/inst/core/transform/fft/U0/<hidden>/<hidden>/<hidden>/<hidden>/<hidden>/<hidden>/<hidden>
    SLICE_X47Y24         FDRE                                         r  system_i/iq_0/inst/core/transform/fft/U0/<hidden>/<hidden>/<hidden>/<hidden>/<hidden>/<hidden>/<hidden>/<hidden>
  -------------------------------------------------------------------    -------------------

                         (clock clk_fpga_1 rise edge)
                                                      8.000     8.000 r  <hidden>
    PS7_X0Y0             PS7                          0.000     8.000 r  system_i/ps7/inst/PS7_i/FCLKCLK[1]
                         net (fo=1, routed)           1.088     9.088    system_i/ps7/inst/FCLK_CLK_unbuffered[1]
    BUFGCTRL_X0Y17       BUFG (Prop_bufg_I_O)         0.091     9.179 r  system_i/ps7/inst/buffer_fclk_clk_1.FCLK_CLK_1_BUFG/O
                         net (fo=14036, routed)       1.477    10.656    system_i/iq_0/inst/core/transform/fft/U0/<hidden>/<hidden>/<hidden>/<hidden>/<hidden>/<hidden>/<hidden>
    SLICE_X47Y24         FDRE                                         r  system_i/iq_0/inst/core/transform/fft/U0/<hidden>/<hidden>/<hidden>/<hidden>/<hidden>/<hidden>/<hidden>/<hidden>
                         clock pessimism              0.129    10.785    <hidden>
                         clock uncertainty           -0.125    10.660    <hidden>
    SLICE_X47Y24         FDRE (Setup_fdre_C_CE)      -0.380    10.280    system_i/iq_0/inst/core/transform/fft/U0/<hidden>/<hidden>/<hidden>/<hidden>/<hidden>/<hidden>/<hidden>
  -------------------------------------------------------------------
                         required time                         10.280    <hidden>
                         arrival time                         -10.111    <hidden>
  -------------------------------------------------------------------
                         slack                                  0.169    <hidden>

Slack (MET) :             0.169ns  (required time - arrival time)
  Source:                 system_i/iq_0/inst/core/transform/fft/U0/<hidden>/<hidden>/<hidden>/<hidden>
                            (rising edge-triggered cell FDRE clocked by clk_fpga_1  {rise@0.000ns fall@4.000ns period=8.000ns})
  Destination:            system_i/iq_0/inst/core/transform/fft/U0/<hidden>/<hidden>/<hidden>/<hidden>/<hidden>/<hidden>/<hidden>/<hidden>
                            (rising edge-triggered cell FDRE clocked by clk_fpga_1  {rise@0.000ns fall@4.000ns period=8.000ns})
  Path Group:             clk_fpga_1
  Path Type:              Setup (Max at Slow Process Corner)
  Requirement:            8.000ns  (clk_fpga_1 rise@8.000ns - clk_fpga_1 rise@0.000ns)
  Data Path Delay:        7.105ns  (logic 0.419ns (5.897%)  route 6.686ns (94.103%))
  Logic Levels:           0  
  Clock Path Skew:        -0.221ns (DCD - SCD + CPR)
    Destination Clock Delay (DCD):    2.656ns = ( 10.656 - 8.000 ) 
    Source Clock Delay      (SCD):    3.006ns
    Clock Pessimism Removal (CPR):    0.129ns
  Clock Uncertainty:      0.125ns  ((TSJ^2 + TIJ^2)^1/2 + DJ) / 2 + PE
    Total System Jitter     (TSJ):    0.071ns
    Total Input Jitter      (TIJ):    0.240ns
    Discrete Jitter          (DJ):    0.000ns
    Phase Error              (PE):    0.000ns

    Location             Delay type                Incr(ns)  Path(ns)    Netlist Resource(s)
  -------------------------------------------------------------------    -------------------
                         (clock clk_fpga_1 rise edge)
                                                      0.000     0.000 r  <hidden>
    PS7_X0Y0             PS7                          0.000     0.000 r  system_i/ps7/inst/PS7_i/FCLKCLK[1]
                         net (fo=1, routed)           1.193     1.193    system_i/ps7/inst/FCLK_CLK_unbuffered[1]
    BUFGCTRL_X0Y17       BUFG (Prop_bufg_I_O)         0.101     1.294 r  system_i/ps7/inst/buffer_fclk_clk_1.FCLK_CLK_1_BUFG/O
                         net (fo=14036, routed)       1.712     3.006    system_i/iq_0/inst/core/transform/fft/U0/<hidden>/<hidden>/<hidden>
    SLICE_X64Y25         FDRE                                         r  system_i/iq_0/inst/core/transform/fft/U0/<hidden>/<hidden>/<hidden>/<hidden>
  -------------------------------------------------------------------    -------------------
    SLICE_X64Y25         FDRE (Prop_fdre_C_Q)         0.419     3.425 r  system_i/iq_0/inst/core/transform/fft/U0/<hidden>/<hidden>/<hidden>/<hidden>
                         net (fo=10489, routed)       6.686    10.111    system_i/iq_0/inst/core/transform/fft/U0/<hidden>/<hidden>/<hidden>/<hidden>/<hidden>/<hidden>/<hidden>
    SLICE_X47Y24         FDRE                                         r  system_i/iq_0/inst/core/transform/fft/U0/<hidden>/<hidden>/<hidden>/<hidden>/<hidden>/<hidden>/<hidden>/<hidden>
  -------------------------------------------------------------------    -------------------

                         (clock clk_fpga_1 rise edge)
                                                      8.000     8.000 r  <hidden>
    PS7_X0Y0             PS7                          0.000     8.000 r  system_i/ps7/inst/PS7_i/FCLKCLK[1]
                         net (fo=1, routed)           1.088     9.088    system_i/ps7/inst/FCLK_CLK_unbuffered[1]
    BUFGCTRL_X0Y17       BUFG (Prop_bufg_I_O)         0.091     9.179 r  system_i/ps7/inst/buffer_fclk_clk_1.FCLK_CLK_1_BUFG/O
                         net (fo=14036, routed)       1.477    10.656    system_i/iq_0/inst/core/transform/fft/U0/<hidden>/<hidden>/<hidden>/<hidden>/<hidden>/<hidden>/<hidden>
    SLICE_X47Y24         FDRE                                         r  system_i/iq_0/inst/core/transform/fft/U0/<hidden>/<hidden>/<hidden>/<hidden>/<hidden>/<hidden>/<hidden>/<hidden>
                         clock pessimism              0.129    10.785    <hidden>
                         clock uncertainty           -0.125    10.660    <hidden>
    SLICE_X47Y24         FDRE (Setup_fdre_C_CE)      -0.380    10.280    system_i/iq_0/inst/core/transform/fft/U0/<hidden>/<hidden>/<hidden>/<hidden>/<hidden>/<hidden>/<hidden>
  -------------------------------------------------------------------
                         required time                         10.280    <hidden>
                         arrival time                         -10.111    <hidden>
  -------------------------------------------------------------------
                         slack                                  0.169    <hidden>

Slack (MET) :             0.169ns  (required time - arrival time)
  Source:                 system_i/iq_0/inst/core/transform/fft/U0/<hidden>/<hidden>/<hidden>/<hidden>
                            (rising edge-triggered cell FDRE clocked by clk_fpga_1  {rise@0.000ns fall@4.000ns period=8.000ns})
  Destination:            system_i/iq_0/inst/core/transform/fft/U0/<hidden>/<hidden>/<hidden>/<hidden>/<hidden>/<hidden>/<hidden>/<hidden>
                            (rising edge-triggered cell FDRE clocked by clk_fpga_1  {rise@0.000ns fall@4.000ns period=8.000ns})
  Path Group:             clk_fpga_1
  Path Type:              Setup (Max at Slow Process Corner)
  Requirement:            8.000ns  (clk_fpga_1 rise@8.000ns - clk_fpga_1 rise@0.000ns)
  Data Path Delay:        7.105ns  (logic 0.419ns (5.897%)  route 6.686ns (94.103%))
  Logic Levels:           0  
  Clock Path Skew:        -0.221ns (DCD - SCD + CPR)
    Destination Clock Delay (DCD):    2.656ns = ( 10.656 - 8.000 ) 
    Source Clock Delay      (SCD):    3.006ns
    Clock Pessimism Removal (CPR):    0.129ns
  Clock Uncertainty:      0.125ns  ((TSJ^2 + TIJ^2)^1/2 + DJ) / 2 + PE
    Total System Jitter     (TSJ):    0.071ns
    Total Input Jitter      (TIJ):    0.240ns
    Discrete Jitter          (DJ):    0.000ns
    Phase Error              (PE):    0.000ns

    Location             Delay type                Incr(ns)  Path(ns)    Netlist Resource(s)
  -------------------------------------------------------------------    -------------------
                         (clock clk_fpga_1 rise edge)
                                                      0.000     0.000 r  <hidden>
    PS7_X0Y0             PS7                          0.000     0.000 r  system_i/ps7/inst/PS7_i/FCLKCLK[1]
                         net (fo=1, routed)           1.193     1.193    system_i/ps7/inst/FCLK_CLK_unbuffered[1]
    BUFGCTRL_X0Y17       BUFG (Prop_bufg_I_O)         0.101     1.294 r  system_i/ps7/inst/buffer_fclk_clk_1.FCLK_CLK_1_BUFG/O
                         net (fo=14036, routed)       1.712     3.006    system_i/iq_0/inst/core/transform/fft/U0/<hidden>/<hidden>/<hidden>
    SLICE_X64Y25         FDRE                                         r  system_i/iq_0/inst/core/transform/fft/U0/<hidden>/<hidden>/<hidden>/<hidden>
  -------------------------------------------------------------------    -------------------
    SLICE_X64Y25         FDRE (Prop_fdre_C_Q)         0.419     3.425 r  system_i/iq_0/inst/core/transform/fft/U0/<hidden>/<hidden>/<hidden>/<hidden>
                         net (fo=10489, routed)       6.686    10.111    system_i/iq_0/inst/core/transform/fft/U0/<hidden>/<hidden>/<hidden>/<hidden>/<hidden>/<hidden>/<hidden>
    SLICE_X47Y24         FDRE                                         r  system_i/iq_0/inst/core/transform/fft/U0/<hidden>/<hidden>/<hidden>/<hidden>/<hidden>/<hidden>/<hidden>/<hidden>
  -------------------------------------------------------------------    -------------------

                         (clock clk_fpga_1 rise edge)
                                                      8.000     8.000 r  <hidden>
    PS7_X0Y0             PS7                          0.000     8.000 r  system_i/ps7/inst/PS7_i/FCLKCLK[1]
                         net (fo=1, routed)           1.088     9.088    system_i/ps7/inst/FCLK_CLK_unbuffered[1]
    BUFGCTRL_X0Y17       BUFG (Prop_bufg_I_O)         0.091     9.179 r  system_i/ps7/inst/buffer_fclk_clk_1.FCLK_CLK_1_BUFG/O
                         net (fo=14036, routed)       1.477    10.656    system_i/iq_0/inst/core/transform/fft/U0/<hidden>/<hidden>/<hidden>/<hidden>/<hidden>/<hidden>/<hidden>
    SLICE_X47Y24         FDRE                                         r  system_i/iq_0/inst/core/transform/fft/U0/<hidden>/<hidden>/<hidden>/<hidden>/<hidden>/<hidden>/<hidden>/<hidden>
                         clock pessimism              0.129    10.785    <hidden>
                         clock uncertainty           -0.125    10.660    <hidden>
    SLICE_X47Y24         FDRE (Setup_fdre_C_CE)      -0.380    10.280    system_i/iq_0/inst/core/transform/fft/U0/<hidden>/<hidden>/<hidden>/<hidden>/<hidden>/<hidden>/<hidden>
  -------------------------------------------------------------------
                         required time                         10.280    <hidden>
                         arrival time                         -10.111    <hidden>
  -------------------------------------------------------------------
                         slack                                  0.169    <hidden>

Slack (MET) :             0.169ns  (required time - arrival time)
  Source:                 system_i/iq_0/inst/core/transform/fft/U0/<hidden>/<hidden>/<hidden>/<hidden>
                            (rising edge-triggered cell FDRE clocked by clk_fpga_1  {rise@0.000ns fall@4.000ns period=8.000ns})
  Destination:            system_i/iq_0/inst/core/transform/fft/U0/<hidden>/<hidden>/<hidden>/<hidden>/<hidden>/<hidden>/<hidden>/<hidden>
                            (rising edge-triggered cell FDRE clocked by clk_fpga_1  {rise@0.000ns fall@4.000ns period=8.000ns})
  Path Group:             clk_fpga_1
  Path Type:              Setup (Max at Slow Process Corner)
  Requirement:            8.000ns  (clk_fpga_1 rise@8.000ns - clk_fpga_1 rise@0.000ns)
  Data Path Delay:        7.105ns  (logic 0.419ns (5.897%)  route 6.686ns (94.103%))
  Logic Levels:           0  
  Clock Path Skew:        -0.221ns (DCD - SCD + CPR)
    Destination Clock Delay (DCD):    2.656ns = ( 10.656 - 8.000 ) 
    Source Clock Delay      (SCD):    3.006ns
    Clock Pessimism Removal (CPR):    0.129ns
  Clock Uncertainty:      0.125ns  ((TSJ^2 + TIJ^2)^1/2 + DJ) / 2 + PE
    Total System Jitter     (TSJ):    0.071ns
    Total Input Jitter      (TIJ):    0.240ns
    Discrete Jitter          (DJ):    0.000ns
    Phase Error              (PE):    0.000ns

    Location             Delay type                Incr(ns)  Path(ns)    Netlist Resource(s)
  -------------------------------------------------------------------    -------------------
                         (clock clk_fpga_1 rise edge)
                                                      0.000     0.000 r  <hidden>
    PS7_X0Y0             PS7                          0.000     0.000 r  system_i/ps7/inst/PS7_i/FCLKCLK[1]
                         net (fo=1, routed)           1.193     1.193    system_i/ps7/inst/FCLK_CLK_unbuffered[1]
    BUFGCTRL_X0Y17       BUFG (Prop_bufg_I_O)         0.101     1.294 r  system_i/ps7/inst/buffer_fclk_clk_1.FCLK_CLK_1_BUFG/O
                         net (fo=14036, routed)       1.712     3.006    system_i/iq_0/inst/core/transform/fft/U0/<hidden>/<hidden>/<hidden>
    SLICE_X64Y25         FDRE                                         r  system_i/iq_0/inst/core/transform/fft/U0/<hidden>/<hidden>/<hidden>/<hidden>
  -------------------------------------------------------------------    -------------------
    SLICE_X64Y25         FDRE (Prop_fdre_C_Q)         0.419     3.425 r  system_i/iq_0/inst/core/transform/fft/U0/<hidden>/<hidden>/<hidden>/<hidden>
                         net (fo=10489, routed)       6.686    10.111    system_i/iq_0/inst/core/transform/fft/U0/<hidden>/<hidden>/<hidden>/<hidden>/<hidden>/<hidden>/<hidden>
    SLICE_X47Y24         FDRE                                         r  system_i/iq_0/inst/core/transform/fft/U0/<hidden>/<hidden>/<hidden>/<hidden>/<hidden>/<hidden>/<hidden>/<hidden>
  -------------------------------------------------------------------    -------------------

                         (clock clk_fpga_1 rise edge)
                                                      8.000     8.000 r  <hidden>
    PS7_X0Y0             PS7                          0.000     8.000 r  system_i/ps7/inst/PS7_i/FCLKCLK[1]
                         net (fo=1, routed)           1.088     9.088    system_i/ps7/inst/FCLK_CLK_unbuffered[1]
    BUFGCTRL_X0Y17       BUFG (Prop_bufg_I_O)         0.091     9.179 r  system_i/ps7/inst/buffer_fclk_clk_1.FCLK_CLK_1_BUFG/O
                         net (fo=14036, routed)       1.477    10.656    system_i/iq_0/inst/core/transform/fft/U0/<hidden>/<hidden>/<hidden>/<hidden>/<hidden>/<hidden>/<hidden>
    SLICE_X47Y24         FDRE                                         r  system_i/iq_0/inst/core/transform/fft/U0/<hidden>/<hidden>/<hidden>/<hidden>/<hidden>/<hidden>/<hidden>/<hidden>
                         clock pessimism              0.129    10.785    <hidden>
                         clock uncertainty           -0.125    10.660    <hidden>
    SLICE_X47Y24         FDRE (Setup_fdre_C_CE)      -0.380    10.280    system_i/iq_0/inst/core/transform/fft/U0/<hidden>/<hidden>/<hidden>/<hidden>/<hidden>/<hidden>/<hidden>
  -------------------------------------------------------------------
                         required time                         10.280    <hidden>
                         arrival time                         -10.111    <hidden>
  -------------------------------------------------------------------
                         slack                                  0.169    <hidden>

Slack (MET) :             0.169ns  (required time - arrival time)
  Source:                 system_i/iq_0/inst/core/transform/fft/U0/<hidden>/<hidden>/<hidden>/<hidden>
                            (rising edge-triggered cell FDRE clocked by clk_fpga_1  {rise@0.000ns fall@4.000ns period=8.000ns})
  Destination:            system_i/iq_0/inst/core/transform/fft/U0/<hidden>/<hidden>/<hidden>/<hidden>/<hidden>/<hidden>/<hidden>/<hidden>
                            (rising edge-triggered cell FDRE clocked by clk_fpga_1  {rise@0.000ns fall@4.000ns period=8.000ns})
  Path Group:             clk_fpga_1
  Path Type:              Setup (Max at Slow Process Corner)
  Requirement:            8.000ns  (clk_fpga_1 rise@8.000ns - clk_fpga_1 rise@0.000ns)
  Data Path Delay:        7.105ns  (logic 0.419ns (5.897%)  route 6.686ns (94.103%))
  Logic Levels:           0  
  Clock Path Skew:        -0.221ns (DCD - SCD + CPR)
    Destination Clock Delay (DCD):    2.656ns = ( 10.656 - 8.000 ) 
    Source Clock Delay      (SCD):    3.006ns
    Clock Pessimism Removal (CPR):    0.129ns
  Clock Uncertainty:      0.125ns  ((TSJ^2 + TIJ^2)^1/2 + DJ) / 2 + PE
    Total System Jitter     (TSJ):    0.071ns
    Total Input Jitter      (TIJ):    0.240ns
    Discrete Jitter          (DJ):    0.000ns
    Phase Error              (PE):    0.000ns

    Location             Delay type                Incr(ns)  Path(ns)    Netlist Resource(s)
  -------------------------------------------------------------------    -------------------
                         (clock clk_fpga_1 rise edge)
                                                      0.000     0.000 r  <hidden>
    PS7_X0Y0             PS7                          0.000     0.000 r  system_i/ps7/inst/PS7_i/FCLKCLK[1]
                         net (fo=1, routed)           1.193     1.193    system_i/ps7/inst/FCLK_CLK_unbuffered[1]
    BUFGCTRL_X0Y17       BUFG (Prop_bufg_I_O)         0.101     1.294 r  system_i/ps7/inst/buffer_fclk_clk_1.FCLK_CLK_1_BUFG/O
                         net (fo=14036, routed)       1.712     3.006    system_i/iq_0/inst/core/transform/fft/U0/<hidden>/<hidden>/<hidden>
    SLICE_X64Y25         FDRE                                         r  system_i/iq_0/inst/core/transform/fft/U0/<hidden>/<hidden>/<hidden>/<hidden>
  -------------------------------------------------------------------    -------------------
    SLICE_X64Y25         FDRE (Prop_fdre_C_Q)         0.419     3.425 r  system_i/iq_0/inst/core/transform/fft/U0/<hidden>/<hidden>/<hidden>/<hidden>
                         net (fo=10489, routed)       6.686    10.111    system_i/iq_0/inst/core/transform/fft/U0/<hidden>/<hidden>/<hidden>/<hidden>/<hidden>/<hidden>/<hidden>
    SLICE_X47Y24         FDRE                                         r  system_i/iq_0/inst/core/transform/fft/U0/<hidden>/<hidden>/<hidden>/<hidden>/<hidden>/<hidden>/<hidden>/<hidden>
  -------------------------------------------------------------------    -------------------

                         (clock clk_fpga_1 rise edge)
                                                      8.000     8.000 r  <hidden>
    PS7_X0Y0             PS7                          0.000     8.000 r  system_i/ps7/inst/PS7_i/FCLKCLK[1]
                         net (fo=1, routed)           1.088     9.088    system_i/ps7/inst/FCLK_CLK_unbuffered[1]
    BUFGCTRL_X0Y17       BUFG (Prop_bufg_I_O)         0.091     9.179 r  system_i/ps7/inst/buffer_fclk_clk_1.FCLK_CLK_1_BUFG/O
                         net (fo=14036, routed)       1.477    10.656    system_i/iq_0/inst/core/transform/fft/U0/<hidden>/<hidden>/<hidden>/<hidden>/<hidden>/<hidden>/<hidden>
    SLICE_X47Y24         FDRE                                         r  system_i/iq_0/inst/core/transform/fft/U0/<hidden>/<hidden>/<hidden>/<hidden>/<hidden>/<hidden>/<hidden>/<hidden>
                         clock pessimism              0.129    10.785    <hidden>
                         clock uncertainty           -0.125    10.660    <hidden>
    SLICE_X47Y24         FDRE (Setup_fdre_C_CE)      -0.380    10.280    system_i/iq_0/inst/core/transform/fft/U0/<hidden>/<hidden>/<hidden>/<hidden>/<hidden>/<hidden>/<hidden>
  -------------------------------------------------------------------
                         required time                         10.280    <hidden>
                         arrival time                         -10.111    <hidden>
  -------------------------------------------------------------------
                         slack                                  0.169    <hidden>

Slack (MET) :             0.169ns  (required time - arrival time)
  Source:                 system_i/iq_0/inst/core/transform/fft/U0/<hidden>/<hidden>/<hidden>/<hidden>
                            (rising edge-triggered cell FDRE clocked by clk_fpga_1  {rise@0.000ns fall@4.000ns period=8.000ns})
  Destination:            system_i/iq_0/inst/core/transform/fft/U0/<hidden>/<hidden>/<hidden>/<hidden>/<hidden>/<hidden>/<hidden>/<hidden>
                            (rising edge-triggered cell FDRE clocked by clk_fpga_1  {rise@0.000ns fall@4.000ns period=8.000ns})
  Path Group:             clk_fpga_1
  Path Type:              Setup (Max at Slow Process Corner)
  Requirement:            8.000ns  (clk_fpga_1 rise@8.000ns - clk_fpga_1 rise@0.000ns)
  Data Path Delay:        7.105ns  (logic 0.419ns (5.897%)  route 6.686ns (94.103%))
  Logic Levels:           0  
  Clock Path Skew:        -0.221ns (DCD - SCD + CPR)
    Destination Clock Delay (DCD):    2.656ns = ( 10.656 - 8.000 ) 
    Source Clock Delay      (SCD):    3.006ns
    Clock Pessimism Removal (CPR):    0.129ns
  Clock Uncertainty:      0.125ns  ((TSJ^2 + TIJ^2)^1/2 + DJ) / 2 + PE
    Total System Jitter     (TSJ):    0.071ns
    Total Input Jitter      (TIJ):    0.240ns
    Discrete Jitter          (DJ):    0.000ns
    Phase Error              (PE):    0.000ns

    Location             Delay type                Incr(ns)  Path(ns)    Netlist Resource(s)
  -------------------------------------------------------------------    -------------------
                         (clock clk_fpga_1 rise edge)
                                                      0.000     0.000 r  <hidden>
    PS7_X0Y0             PS7                          0.000     0.000 r  system_i/ps7/inst/PS7_i/FCLKCLK[1]
                         net (fo=1, routed)           1.193     1.193    system_i/ps7/inst/FCLK_CLK_unbuffered[1]
    BUFGCTRL_X0Y17       BUFG (Prop_bufg_I_O)         0.101     1.294 r  system_i/ps7/inst/buffer_fclk_clk_1.FCLK_CLK_1_BUFG/O
                         net (fo=14036, routed)       1.712     3.006    system_i/iq_0/inst/core/transform/fft/U0/<hidden>/<hidden>/<hidden>
    SLICE_X64Y25         FDRE                                         r  system_i/iq_0/inst/core/transform/fft/U0/<hidden>/<hidden>/<hidden>/<hidden>
  -------------------------------------------------------------------    -------------------
    SLICE_X64Y25         FDRE (Prop_fdre_C_Q)         0.419     3.425 r  system_i/iq_0/inst/core/transform/fft/U0/<hidden>/<hidden>/<hidden>/<hidden>
                         net (fo=10489, routed)       6.686    10.111    system_i/iq_0/inst/core/transform/fft/U0/<hidden>/<hidden>/<hidden>/<hidden>/<hidden>/<hidden>/<hidden>
    SLICE_X47Y24         FDRE                                         r  system_i/iq_0/inst/core/transform/fft/U0/<hidden>/<hidden>/<hidden>/<hidden>/<hidden>/<hidden>/<hidden>/<hidden>
  -------------------------------------------------------------------    -------------------

                         (clock clk_fpga_1 rise edge)
                                                      8.000     8.000 r  <hidden>
    PS7_X0Y0             PS7                          0.000     8.000 r  system_i/ps7/inst/PS7_i/FCLKCLK[1]
                         net (fo=1, routed)           1.088     9.088    system_i/ps7/inst/FCLK_CLK_unbuffered[1]
    BUFGCTRL_X0Y17       BUFG (Prop_bufg_I_O)         0.091     9.179 r  system_i/ps7/inst/buffer_fclk_clk_1.FCLK_CLK_1_BUFG/O
                         net (fo=14036, routed)       1.477    10.656    system_i/iq_0/inst/core/transform/fft/U0/<hidden>/<hidden>/<hidden>/<hidden>/<hidden>/<hidden>/<hidden>
    SLICE_X47Y24         FDRE                                         r  system_i/iq_0/inst/core/transform/fft/U0/<hidden>/<hidden>/<hidden>/<hidden>/<hidden>/<hidden>/<hidden>/<hidden>
                         clock pessimism              0.129    10.785    <hidden>
                         clock uncertainty           -0.125    10.660    <hidden>
    SLICE_X47Y24         FDRE (Setup_fdre_C_CE)      -0.380    10.280    system_i/iq_0/inst/core/transform/fft/U0/<hidden>/<hidden>/<hidden>/<hidden>/<hidden>/<hidden>/<hidden>
  -------------------------------------------------------------------
                         required time                         10.280    <hidden>
                         arrival time                         -10.111    <hidden>
  -------------------------------------------------------------------
                         slack                                  0.169    <hidden>

Slack (MET) :             0.169ns  (required time - arrival time)
  Source:                 system_i/iq_0/inst/core/transform/fft/U0/<hidden>/<hidden>/<hidden>/<hidden>
                            (rising edge-triggered cell FDRE clocked by clk_fpga_1  {rise@0.000ns fall@4.000ns period=8.000ns})
  Destination:            system_i/iq_0/inst/core/transform/fft/U0/<hidden>/<hidden>/<hidden>/<hidden>/<hidden>/<hidden>/<hidden>/<hidden>
                            (rising edge-triggered cell FDRE clocked by clk_fpga_1  {rise@0.000ns fall@4.000ns period=8.000ns})
  Path Group:             clk_fpga_1
  Path Type:              Setup (Max at Slow Process Corner)
  Requirement:            8.000ns  (clk_fpga_1 rise@8.000ns - clk_fpga_1 rise@0.000ns)
  Data Path Delay:        7.105ns  (logic 0.419ns (5.897%)  route 6.686ns (94.103%))
  Logic Levels:           0  
  Clock Path Skew:        -0.221ns (DCD - SCD + CPR)
    Destination Clock Delay (DCD):    2.656ns = ( 10.656 - 8.000 ) 
    Source Clock Delay      (SCD):    3.006ns
    Clock Pessimism Removal (CPR):    0.129ns
  Clock Uncertainty:      0.125ns  ((TSJ^2 + TIJ^2)^1/2 + DJ) / 2 + PE
    Total System Jitter     (TSJ):    0.071ns
    Total Input Jitter      (TIJ):    0.240ns
    Discrete Jitter          (DJ):    0.000ns
    Phase Error              (PE):    0.000ns

    Location             Delay type                Incr(ns)  Path(ns)    Netlist Resource(s)
  -------------------------------------------------------------------    -------------------
                         (clock clk_fpga_1 rise edge)
                                                      0.000     0.000 r  <hidden>
    PS7_X0Y0             PS7                          0.000     0.000 r  system_i/ps7/inst/PS7_i/FCLKCLK[1]
                         net (fo=1, routed)           1.193     1.193    system_i/ps7/inst/FCLK_CLK_unbuffered[1]
    BUFGCTRL_X0Y17       BUFG (Prop_bufg_I_O)         0.101     1.294 r  system_i/ps7/inst/buffer_fclk_clk_1.FCLK_CLK_1_BUFG/O
                         net (fo=14036, routed)       1.712     3.006    system_i/iq_0/inst/core/transform/fft/U0/<hidden>/<hidden>/<hidden>
    SLICE_X64Y25         FDRE                                         r  system_i/iq_0/inst/core/transform/fft/U0/<hidden>/<hidden>/<hidden>/<hidden>
  -------------------------------------------------------------------    -------------------
    SLICE_X64Y25         FDRE (Prop_fdre_C_Q)         0.419     3.425 r  system_i/iq_0/inst/core/transform/fft/U0/<hidden>/<hidden>/<hidden>/<hidden>
                         net (fo=10489, routed)       6.686    10.111    system_i/iq_0/inst/core/transform/fft/U0/<hidden>/<hidden>/<hidden>/<hidden>/<hidden>/<hidden>/<hidden>
    SLICE_X47Y24         FDRE                                         r  system_i/iq_0/inst/core/transform/fft/U0/<hidden>/<hidden>/<hidden>/<hidden>/<hidden>/<hidden>/<hidden>/<hidden>
  -------------------------------------------------------------------    -------------------

                         (clock clk_fpga_1 rise edge)
                                                      8.000     8.000 r  <hidden>
    PS7_X0Y0             PS7                          0.000     8.000 r  system_i/ps7/inst/PS7_i/FCLKCLK[1]
                         net (fo=1, routed)           1.088     9.088    system_i/ps7/inst/FCLK_CLK_unbuffered[1]
    BUFGCTRL_X0Y17       BUFG (Prop_bufg_I_O)         0.091     9.179 r  system_i/ps7/inst/buffer_fclk_clk_1.FCLK_CLK_1_BUFG/O
                         net (fo=14036, routed)       1.477    10.656    system_i/iq_0/inst/core/transform/fft/U0/<hidden>/<hidden>/<hidden>/<hidden>/<hidden>/<hidden>/<hidden>
    SLICE_X47Y24         FDRE                                         r  system_i/iq_0/inst/core/transform/fft/U0/<hidden>/<hidden>/<hidden>/<hidden>/<hidden>/<hidden>/<hidden>/<hidden>
                         clock pessimism              0.129    10.785    <hidden>
                         clock uncertainty           -0.125    10.660    <hidden>
    SLICE_X47Y24         FDRE (Setup_fdre_C_CE)      -0.380    10.280    system_i/iq_0/inst/core/transform/fft/U0/<hidden>/<hidden>/<hidden>/<hidden>/<hidden>/<hidden>/<hidden>
  -------------------------------------------------------------------
                         required time                         10.280    <hidden>
                         arrival time                         -10.111    <hidden>
  -------------------------------------------------------------------
                         slack                                  0.169    <hidden>

Slack (MET) :             0.171ns  (required time - arrival time)
  Source:                 system_i/iq_0/inst/core/transform/fft/U0/<hidden>/<hidden>/<hidden>/<hidden>
                            (rising edge-triggered cell FDRE clocked by clk_fpga_1  {rise@0.000ns fall@4.000ns period=8.000ns})
  Destination:            system_i/iq_0/inst/core/transform/fft/U0/<hidden>/<hidden>/<hidden>/<hidden>/<hidden>/<hidden>/<hidden>/<hidden>
                            (rising edge-triggered cell FDRE clocked by clk_fpga_1  {rise@0.000ns fall@4.000ns period=8.000ns})
  Path Group:             clk_fpga_1
  Path Type:              Setup (Max at Slow Process Corner)
  Requirement:            8.000ns  (clk_fpga_1 rise@8.000ns - clk_fpga_1 rise@0.000ns)
  Data Path Delay:        7.109ns  (logic 0.419ns (5.894%)  route 6.690ns (94.106%))
  Logic Levels:           0  
  Clock Path Skew:        -0.215ns (DCD - SCD + CPR)
    Destination Clock Delay (DCD):    2.662ns = ( 10.662 - 8.000 ) 
    Source Clock Delay      (SCD):    3.006ns
    Clock Pessimism Removal (CPR):    0.129ns
  Clock Uncertainty:      0.125ns  ((TSJ^2 + TIJ^2)^1/2 + DJ) / 2 + PE
    Total System Jitter     (TSJ):    0.071ns
    Total Input Jitter      (TIJ):    0.240ns
    Discrete Jitter          (DJ):    0.000ns
    Phase Error              (PE):    0.000ns

    Location             Delay type                Incr(ns)  Path(ns)    Netlist Resource(s)
  -------------------------------------------------------------------    -------------------
                         (clock clk_fpga_1 rise edge)
                                                      0.000     0.000 r  <hidden>
    PS7_X0Y0             PS7                          0.000     0.000 r  system_i/ps7/inst/PS7_i/FCLKCLK[1]
                         net (fo=1, routed)           1.193     1.193    system_i/ps7/inst/FCLK_CLK_unbuffered[1]
    BUFGCTRL_X0Y17       BUFG (Prop_bufg_I_O)         0.101     1.294 r  system_i/ps7/inst/buffer_fclk_clk_1.FCLK_CLK_1_BUFG/O
                         net (fo=14036, routed)       1.712     3.006    system_i/iq_0/inst/core/transform/fft/U0/<hidden>/<hidden>/<hidden>
    SLICE_X64Y25         FDRE                                         r  system_i/iq_0/inst/core/transform/fft/U0/<hidden>/<hidden>/<hidden>/<hidden>
  -------------------------------------------------------------------    -------------------
    SLICE_X64Y25         FDRE (Prop_fdre_C_Q)         0.419     3.425 r  system_i/iq_0/inst/core/transform/fft/U0/<hidden>/<hidden>/<hidden>/<hidden>
                         net (fo=10489, routed)       6.690    10.115    system_i/iq_0/inst/core/transform/fft/U0/<hidden>/<hidden>/<hidden>/<hidden>/<hidden>/<hidden>/<hidden>
    SLICE_X45Y29         FDRE                                         r  system_i/iq_0/inst/core/transform/fft/U0/<hidden>/<hidden>/<hidden>/<hidden>/<hidden>/<hidden>/<hidden>/<hidden>
  -------------------------------------------------------------------    -------------------

                         (clock clk_fpga_1 rise edge)
                                                      8.000     8.000 r  <hidden>
    PS7_X0Y0             PS7                          0.000     8.000 r  system_i/ps7/inst/PS7_i/FCLKCLK[1]
                         net (fo=1, routed)           1.088     9.088    system_i/ps7/inst/FCLK_CLK_unbuffered[1]
    BUFGCTRL_X0Y17       BUFG (Prop_bufg_I_O)         0.091     9.179 r  system_i/ps7/inst/buffer_fclk_clk_1.FCLK_CLK_1_BUFG/O
                         net (fo=14036, routed)       1.483    10.663    system_i/iq_0/inst/core/transform/fft/U0/<hidden>/<hidden>/<hidden>/<hidden>/<hidden>/<hidden>/<hidden>
    SLICE_X45Y29         FDRE                                         r  system_i/iq_0/inst/core/transform/fft/U0/<hidden>/<hidden>/<hidden>/<hidden>/<hidden>/<hidden>/<hidden>/<hidden>
                         clock pessimism              0.129    10.791    <hidden>
                         clock uncertainty           -0.125    10.666    <hidden>
    SLICE_X45Y29         FDRE (Setup_fdre_C_CE)      -0.380    10.286    system_i/iq_0/inst/core/transform/fft/U0/<hidden>/<hidden>/<hidden>/<hidden>/<hidden>/<hidden>/<hidden>
  -------------------------------------------------------------------
                         required time                         10.286    <hidden>
                         arrival time                         -10.115    <hidden>
  -------------------------------------------------------------------
                         slack                                  0.171    <hidden>

Slack (MET) :             0.171ns  (required time - arrival time)
  Source:                 system_i/iq_0/inst/core/transform/fft/U0/<hidden>/<hidden>/<hidden>/<hidden>
                            (rising edge-triggered cell FDRE clocked by clk_fpga_1  {rise@0.000ns fall@4.000ns period=8.000ns})
  Destination:            system_i/iq_0/inst/core/transform/fft/U0/<hidden>/<hidden>/<hidden>/<hidden>/<hidden>/<hidden>/<hidden>/<hidden>/<hidden>/<hidden>/<hidden>/<hidden>/<hidden>
                            (rising edge-triggered cell FDRE clocked by clk_fpga_1  {rise@0.000ns fall@4.000ns period=8.000ns})
  Path Group:             clk_fpga_1
  Path Type:              Setup (Max at Slow Process Corner)
  Requirement:            8.000ns  (clk_fpga_1 rise@8.000ns - clk_fpga_1 rise@0.000ns)
  Data Path Delay:        7.109ns  (logic 0.419ns (5.894%)  route 6.690ns (94.106%))
  Logic Levels:           0  
  Clock Path Skew:        -0.215ns (DCD - SCD + CPR)
    Destination Clock Delay (DCD):    2.662ns = ( 10.662 - 8.000 ) 
    Source Clock Delay      (SCD):    3.006ns
    Clock Pessimism Removal (CPR):    0.129ns
  Clock Uncertainty:      0.125ns  ((TSJ^2 + TIJ^2)^1/2 + DJ) / 2 + PE
    Total System Jitter     (TSJ):    0.071ns
    Total Input Jitter      (TIJ):    0.240ns
    Discrete Jitter          (DJ):    0.000ns
    Phase Error              (PE):    0.000ns

    Location             Delay type                Incr(ns)  Path(ns)    Netlist Resource(s)
  -------------------------------------------------------------------    -------------------
                         (clock clk_fpga_1 rise edge)
                                                      0.000     0.000 r  <hidden>
    PS7_X0Y0             PS7                          0.000     0.000 r  system_i/ps7/inst/PS7_i/FCLKCLK[1]
                         net (fo=1, routed)           1.193     1.193    system_i/ps7/inst/FCLK_CLK_unbuffered[1]
    BUFGCTRL_X0Y17       BUFG (Prop_bufg_I_O)         0.101     1.294 r  system_i/ps7/inst/buffer_fclk_clk_1.FCLK_CLK_1_BUFG/O
                         net (fo=14036, routed)       1.712     3.006    system_i/iq_0/inst/core/transform/fft/U0/<hidden>/<hidden>/<hidden>
    SLICE_X64Y25         FDRE                                         r  system_i/iq_0/inst/core/transform/fft/U0/<hidden>/<hidden>/<hidden>/<hidden>
  -------------------------------------------------------------------    -------------------
    SLICE_X64Y25         FDRE (Prop_fdre_C_Q)         0.419     3.425 r  system_i/iq_0/inst/core/transform/fft/U0/<hidden>/<hidden>/<hidden>/<hidden>
                         net (fo=10489, routed)       6.690    10.115    system_i/iq_0/inst/core/transform/fft/U0/<hidden>/<hidden>/<hidden>/<hidden>/<hidden>/<hidden>/<hidden>/<hidden>/<hidden>/<hidden>/<hidden>/<hidden>
    SLICE_X45Y29         FDRE                                         r  system_i/iq_0/inst/core/transform/fft/U0/<hidden>/<hidden>/<hidden>/<hidden>/<hidden>/<hidden>/<hidden>/<hidden>/<hidden>/<hidden>/<hidden>/<hidden>/<hidden>
  -------------------------------------------------------------------    -------------------

                         (clock clk_fpga_1 rise edge)
                                                      8.000     8.000 r  <hidden>
    PS7_X0Y0             PS7                          0.000     8.000 r  system_i/ps7/inst/PS7_i/FCLKCLK[1]
                         net (fo=1, routed)           1.088     9.088    system_i/ps7/inst/FCLK_CLK_unbuffered[1]
    BUFGCTRL_X0Y17       BUFG (Prop_bufg_I_O)         0.091     9.179 r  system_i/ps7/inst/buffer_fclk_clk_1.FCLK_CLK_1_BUFG/O
                         net (fo=14036, routed)       1.483    10.663    system_i/iq_0/inst/core/transform/fft/U0/<hidden>/<hidden>/<hidden>/<hidden>/<hidden>/<hidden>/<hidden>/<hidden>/<hidden>/<hidden>/<hidden>/<hidden>
    SLICE_X45Y29         FDRE                                         r  system_i/iq_0/inst/core/transform/fft/U0/<hidden>/<hidden>/<hidden>/<hidden>/<hidden>/<hidden>/<hidden>/<hidden>/<hidden>/<hidden>/<hidden>/<hidden>/<hidden>
                         clock pessimism              0.129    10.791    <hidden>
                         clock uncertainty           -0.125    10.666    <hidden>
    SLICE_X45Y29         FDRE (Setup_fdre_C_CE)      -0.380    10.286    system_i/iq_0/inst/core/transform/fft/U0/<hidden>/<hidden>/<hidden>/<hidden>/<hidden>/<hidden>/<hidden>/<hidden>/<hidden>/<hidden>/<hidden>/<hidden>
  -------------------------------------------------------------------
                         required time                         10.286    <hidden>
                         arrival time                         -10.115    <hidden>
  -------------------------------------------------------------------
                         slack                                  0.171    <hidden>

Slack (MET) :             0.171ns  (required time - arrival time)
  Source:                 system_i/iq_0/inst/core/transform/fft/U0/<hidden>/<hidden>/<hidden>/<hidden>
                            (rising edge-triggered cell FDRE clocked by clk_fpga_1  {rise@0.000ns fall@4.000ns period=8.000ns})
  Destination:            system_i/iq_0/inst/core/transform/fft/U0/<hidden>/<hidden>/<hidden>/<hidden>/<hidden>/<hidden>/<hidden>/<hidden>/<hidden>/<hidden>/<hidden>/<hidden>/<hidden>
                            (rising edge-triggered cell FDRE clocked by clk_fpga_1  {rise@0.000ns fall@4.000ns period=8.000ns})
  Path Group:             clk_fpga_1
  Path Type:              Setup (Max at Slow Process Corner)
  Requirement:            8.000ns  (clk_fpga_1 rise@8.000ns - clk_fpga_1 rise@0.000ns)
  Data Path Delay:        7.109ns  (logic 0.419ns (5.894%)  route 6.690ns (94.106%))
  Logic Levels:           0  
  Clock Path Skew:        -0.215ns (DCD - SCD + CPR)
    Destination Clock Delay (DCD):    2.662ns = ( 10.662 - 8.000 ) 
    Source Clock Delay      (SCD):    3.006ns
    Clock Pessimism Removal (CPR):    0.129ns
  Clock Uncertainty:      0.125ns  ((TSJ^2 + TIJ^2)^1/2 + DJ) / 2 + PE
    Total System Jitter     (TSJ):    0.071ns
    Total Input Jitter      (TIJ):    0.240ns
    Discrete Jitter          (DJ):    0.000ns
    Phase Error              (PE):    0.000ns

    Location             Delay type                Incr(ns)  Path(ns)    Netlist Resource(s)
  -------------------------------------------------------------------    -------------------
                         (clock clk_fpga_1 rise edge)
                                                      0.000     0.000 r  <hidden>
    PS7_X0Y0             PS7                          0.000     0.000 r  system_i/ps7/inst/PS7_i/FCLKCLK[1]
                         net (fo=1, routed)           1.193     1.193    system_i/ps7/inst/FCLK_CLK_unbuffered[1]
    BUFGCTRL_X0Y17       BUFG (Prop_bufg_I_O)         0.101     1.294 r  system_i/ps7/inst/buffer_fclk_clk_1.FCLK_CLK_1_BUFG/O
                         net (fo=14036, routed)       1.712     3.006    system_i/iq_0/inst/core/transform/fft/U0/<hidden>/<hidden>/<hidden>
    SLICE_X64Y25         FDRE                                         r  system_i/iq_0/inst/core/transform/fft/U0/<hidden>/<hidden>/<hidden>/<hidden>
  -------------------------------------------------------------------    -------------------
    SLICE_X64Y25         FDRE (Prop_fdre_C_Q)         0.419     3.425 r  system_i/iq_0/inst/core/transform/fft/U0/<hidden>/<hidden>/<hidden>/<hidden>
                         net (fo=10489, routed)       6.690    10.115    system_i/iq_0/inst/core/transform/fft/U0/<hidden>/<hidden>/<hidden>/<hidden>/<hidden>/<hidden>/<hidden>/<hidden>/<hidden>/<hidden>/<hidden>/<hidden>
    SLICE_X45Y29         FDRE                                         r  system_i/iq_0/inst/core/transform/fft/U0/<hidden>/<hidden>/<hidden>/<hidden>/<hidden>/<hidden>/<hidden>/<hidden>/<hidden>/<hidden>/<hidden>/<hidden>/<hidden>
  -------------------------------------------------------------------    -------------------

                         (clock clk_fpga_1 rise edge)
                                                      8.000     8.000 r  <hidden>
    PS7_X0Y0             PS7                          0.000     8.000 r  system_i/ps7/inst/PS7_i/FCLKCLK[1]
                         net (fo=1, routed)           1.088     9.088    system_i/ps7/inst/FCLK_CLK_unbuffered[1]
    BUFGCTRL_X0Y17       BUFG (Prop_bufg_I_O)         0.091     9.179 r  system_i/ps7/inst/buffer_fclk_clk_1.FCLK_CLK_1_BUFG/O
                         net (fo=14036, routed)       1.483    10.663    system_i/iq_0/inst/core/transform/fft/U0/<hidden>/<hidden>/<hidden>/<hidden>/<hidden>/<hidden>/<hidden>/<hidden>/<hidden>/<hidden>/<hidden>/<hidden>
    SLICE_X45Y29         FDRE                                         r  system_i/iq_0/inst/core/transform/fft/U0/<hidden>/<hidden>/<hidden>/<hidden>/<hidden>/<hidden>/<hidden>/<hidden>/<hidden>/<hidden>/<hidden>/<hidden>/<hidden>
                         clock pessimism              0.129    10.791    <hidden>
                         clock uncertainty           -0.125    10.666    <hidden>
    SLICE_X45Y29         FDRE (Setup_fdre_C_CE)      -0.380    10.286    system_i/iq_0/inst/core/transform/fft/U0/<hidden>/<hidden>/<hidden>/<hidden>/<hidden>/<hidden>/<hidden>/<hidden>/<hidden>/<hidden>/<hidden>/<hidden>
  -------------------------------------------------------------------
                         required time                         10.286    <hidden>
                         arrival time                         -10.115    <hidden>
  -------------------------------------------------------------------
                         slack                                  0.171    <hidden>

Slack (MET) :             0.171ns  (required time - arrival time)
  Source:                 system_i/iq_0/inst/core/transform/fft/U0/<hidden>/<hidden>/<hidden>/<hidden>
                            (rising edge-triggered cell FDRE clocked by clk_fpga_1  {rise@0.000ns fall@4.000ns period=8.000ns})
  Destination:            system_i/iq_0/inst/core/transform/fft/U0/<hidden>/<hidden>/<hidden>/<hidden>/<hidden>/<hidden>/<hidden>/<hidden>/<hidden>/<hidden>/<hidden>/<hidden>/<hidden>
                            (rising edge-triggered cell FDRE clocked by clk_fpga_1  {rise@0.000ns fall@4.000ns period=8.000ns})
  Path Group:             clk_fpga_1
  Path Type:              Setup (Max at Slow Process Corner)
  Requirement:            8.000ns  (clk_fpga_1 rise@8.000ns - clk_fpga_1 rise@0.000ns)
  Data Path Delay:        7.109ns  (logic 0.419ns (5.894%)  route 6.690ns (94.106%))
  Logic Levels:           0  
  Clock Path Skew:        -0.215ns (DCD - SCD + CPR)
    Destination Clock Delay (DCD):    2.662ns = ( 10.662 - 8.000 ) 
    Source Clock Delay      (SCD):    3.006ns
    Clock Pessimism Removal (CPR):    0.129ns
  Clock Uncertainty:      0.125ns  ((TSJ^2 + TIJ^2)^1/2 + DJ) / 2 + PE
    Total System Jitter     (TSJ):    0.071ns
    Total Input Jitter      (TIJ):    0.240ns
    Discrete Jitter          (DJ):    0.000ns
    Phase Error              (PE):    0.000ns

    Location             Delay type                Incr(ns)  Path(ns)    Netlist Resource(s)
  -------------------------------------------------------------------    -------------------
                         (clock clk_fpga_1 rise edge)
                                                      0.000     0.000 r  <hidden>
    PS7_X0Y0             PS7                          0.000     0.000 r  system_i/ps7/inst/PS7_i/FCLKCLK[1]
                         net (fo=1, routed)           1.193     1.193    system_i/ps7/inst/FCLK_CLK_unbuffered[1]
    BUFGCTRL_X0Y17       BUFG (Prop_bufg_I_O)         0.101     1.294 r  system_i/ps7/inst/buffer_fclk_clk_1.FCLK_CLK_1_BUFG/O
                         net (fo=14036, routed)       1.712     3.006    system_i/iq_0/inst/core/transform/fft/U0/<hidden>/<hidden>/<hidden>
    SLICE_X64Y25         FDRE                                         r  system_i/iq_0/inst/core/transform/fft/U0/<hidden>/<hidden>/<hidden>/<hidden>
  -------------------------------------------------------------------    -------------------
    SLICE_X64Y25         FDRE (Prop_fdre_C_Q)         0.419     3.425 r  system_i/iq_0/inst/core/transform/fft/U0/<hidden>/<hidden>/<hidden>/<hidden>
                         net (fo=10489, routed)       6.690    10.115    system_i/iq_0/inst/core/transform/fft/U0/<hidden>/<hidden>/<hidden>/<hidden>/<hidden>/<hidden>/<hidden>/<hidden>/<hidden>/<hidden>/<hidden>/<hidden>
    SLICE_X45Y29         FDRE                                         r  system_i/iq_0/inst/core/transform/fft/U0/<hidden>/<hidden>/<hidden>/<hidden>/<hidden>/<hidden>/<hidden>/<hidden>/<hidden>/<hidden>/<hidden>/<hidden>/<hidden>
  -------------------------------------------------------------------    -------------------

                         (clock clk_fpga_1 rise edge)
                                                      8.000     8.000 r  <hidden>
    PS7_X0Y0             PS7                          0.000     8.000 r  system_i/ps7/inst/PS7_i/FCLKCLK[1]
                         net (fo=1, routed)           1.088     9.088    system_i/ps7/inst/FCLK_CLK_unbuffered[1]
    BUFGCTRL_X0Y17       BUFG (Prop_bufg_I_O)         0.091     9.179 r  system_i/ps7/inst/buffer_fclk_clk_1.FCLK_CLK_1_BUFG/O
                         net (fo=14036, routed)       1.483    10.663    system_i/iq_0/inst/core/transform/fft/U0/<hidden>/<hidden>/<hidden>/<hidden>/<hidden>/<hidden>/<hidden>/<hidden>/<hidden>/<hidden>/<hidden>/<hidden>
    SLICE_X45Y29         FDRE                                         r  system_i/iq_0/inst/core/transform/fft/U0/<hidden>/<hidden>/<hidden>/<hidden>/<hidden>/<hidden>/<hidden>/<hidden>/<hidden>/<hidden>/<hidden>/<hidden>/<hidden>
                         clock pessimism              0.129    10.791    <hidden>
                         clock uncertainty           -0.125    10.666    <hidden>
    SLICE_X45Y29         FDRE (Setup_fdre_C_CE)      -0.380    10.286    system_i/iq_0/inst/core/transform/fft/U0/<hidden>/<hidden>/<hidden>/<hidden>/<hidden>/<hidden>/<hidden>/<hidden>/<hidden>/<hidden>/<hidden>/<hidden>
  -------------------------------------------------------------------
                         required time                         10.286    <hidden>
                         arrival time                         -10.115    <hidden>
  -------------------------------------------------------------------
                         slack                                  0.171    <hidden>

Slack (MET) :             0.171ns  (required time - arrival time)
  Source:                 system_i/iq_0/inst/core/transform/fft/U0/<hidden>/<hidden>/<hidden>/<hidden>
                            (rising edge-triggered cell FDRE clocked by clk_fpga_1  {rise@0.000ns fall@4.000ns period=8.000ns})
  Destination:            system_i/iq_0/inst/core/transform/fft/U0/<hidden>/<hidden>/<hidden>/<hidden>/<hidden>/<hidden>/<hidden>/<hidden>/<hidden>/<hidden>/<hidden>/<hidden>/<hidden>
                            (rising edge-triggered cell FDRE clocked by clk_fpga_1  {rise@0.000ns fall@4.000ns period=8.000ns})
  Path Group:             clk_fpga_1
  Path Type:              Setup (Max at Slow Process Corner)
  Requirement:            8.000ns  (clk_fpga_1 rise@8.000ns - clk_fpga_1 rise@0.000ns)
  Data Path Delay:        7.109ns  (logic 0.419ns (5.894%)  route 6.690ns (94.106%))
  Logic Levels:           0  
  Clock Path Skew:        -0.215ns (DCD - SCD + CPR)
    Destination Clock Delay (DCD):    2.662ns = ( 10.662 - 8.000 ) 
    Source Clock Delay      (SCD):    3.006ns
    Clock Pessimism Removal (CPR):    0.129ns
  Clock Uncertainty:      0.125ns  ((TSJ^2 + TIJ^2)^1/2 + DJ) / 2 + PE
    Total System Jitter     (TSJ):    0.071ns
    Total Input Jitter      (TIJ):    0.240ns
    Discrete Jitter          (DJ):    0.000ns
    Phase Error              (PE):    0.000ns

    Location             Delay type                Incr(ns)  Path(ns)    Netlist Resource(s)
  -------------------------------------------------------------------    -------------------
                         (clock clk_fpga_1 rise edge)
                                                      0.000     0.000 r  <hidden>
    PS7_X0Y0             PS7                          0.000     0.000 r  system_i/ps7/inst/PS7_i/FCLKCLK[1]
                         net (fo=1, routed)           1.193     1.193    system_i/ps7/inst/FCLK_CLK_unbuffered[1]
    BUFGCTRL_X0Y17       BUFG (Prop_bufg_I_O)         0.101     1.294 r  system_i/ps7/inst/buffer_fclk_clk_1.FCLK_CLK_1_BUFG/O
                         net (fo=14036, routed)       1.712     3.006    system_i/iq_0/inst/core/transform/fft/U0/<hidden>/<hidden>/<hidden>
    SLICE_X64Y25         FDRE                                         r  system_i/iq_0/inst/core/transform/fft/U0/<hidden>/<hidden>/<hidden>/<hidden>
  -------------------------------------------------------------------    -------------------
    SLICE_X64Y25         FDRE (Prop_fdre_C_Q)         0.419     3.425 r  system_i/iq_0/inst/core/transform/fft/U0/<hidden>/<hidden>/<hidden>/<hidden>
                         net (fo=10489, routed)       6.690    10.115    system_i/iq_0/inst/core/transform/fft/U0/<hidden>/<hidden>/<hidden>/<hidden>/<hidden>/<hidden>/<hidden>/<hidden>/<hidden>/<hidden>/<hidden>/<hidden>
    SLICE_X45Y29         FDRE                                         r  system_i/iq_0/inst/core/transform/fft/U0/<hidden>/<hidden>/<hidden>/<hidden>/<hidden>/<hidden>/<hidden>/<hidden>/<hidden>/<hidden>/<hidden>/<hidden>/<hidden>
  -------------------------------------------------------------------    -------------------

                         (clock clk_fpga_1 rise edge)
                                                      8.000     8.000 r  <hidden>
    PS7_X0Y0             PS7                          0.000     8.000 r  system_i/ps7/inst/PS7_i/FCLKCLK[1]
                         net (fo=1, routed)           1.088     9.088    system_i/ps7/inst/FCLK_CLK_unbuffered[1]
    BUFGCTRL_X0Y17       BUFG (Prop_bufg_I_O)         0.091     9.179 r  system_i/ps7/inst/buffer_fclk_clk_1.FCLK_CLK_1_BUFG/O
                         net (fo=14036, routed)       1.483    10.663    system_i/iq_0/inst/core/transform/fft/U0/<hidden>/<hidden>/<hidden>/<hidden>/<hidden>/<hidden>/<hidden>/<hidden>/<hidden>/<hidden>/<hidden>/<hidden>
    SLICE_X45Y29         FDRE                                         r  system_i/iq_0/inst/core/transform/fft/U0/<hidden>/<hidden>/<hidden>/<hidden>/<hidden>/<hidden>/<hidden>/<hidden>/<hidden>/<hidden>/<hidden>/<hidden>/<hidden>
                         clock pessimism              0.129    10.791    <hidden>
                         clock uncertainty           -0.125    10.666    <hidden>
    SLICE_X45Y29         FDRE (Setup_fdre_C_CE)      -0.380    10.286    system_i/iq_0/inst/core/transform/fft/U0/<hidden>/<hidden>/<hidden>/<hidden>/<hidden>/<hidden>/<hidden>/<hidden>/<hidden>/<hidden>/<hidden>/<hidden>
  -------------------------------------------------------------------
                         required time                         10.286    <hidden>
                         arrival time                         -10.115    <hidden>
  -------------------------------------------------------------------
                         slack                                  0.171    <hidden>




