#-----------------------------------------------------------
# xsim v2026.1 (64-bit)
# SW Build 6511674 on Tue Jun 16 11:02:23 MDT 2026
# IP Build 6504888 on Tue Jun 09 09:05:25 MDT 2026
# SharedData Build 6501428 on Mon Jun 08 17:34:18 MDT 2026
# Start of session at: Fri Oct  9 13:30:44 2026
# Process ID         : 39816
# Current directory  : D:/fft/fft_phase10_resource_opt/build/core_parallel/20261009_133043/cases_00_01
# Command line       : xsim.exe -log simulate.log -mode tcl -source {xsim.dir/tb_core_behav/xsim_script.tcl}
# Log file           : D:/fft/fft_phase10_resource_opt/build/core_parallel/20261009_133043/cases_00_01/simulate.log
# Journal file       : D:/fft/fft_phase10_resource_opt/build/core_parallel/20261009_133043/cases_00_01\xsim.jou
# Running On         : LAPTOP-ATE8I1GS
# Platform           : Windows 11
# Operating System   : 26100
# Processor Detail   : AMD Ryzen 9 7945HX with Radeon Graphics        
# CPU Frequency      : 2495 MHz
# CPU Physical cores : 16
# CPU Logical cores  : 32
# Host memory        : 16844 MB
# Swap memory        : 24271 MB
# Total Virtual      : 41116 MB
# Available Virtual  : 7692 MB
#-----------------------------------------------------------
source xsim.dir/tb_core_behav/xsim_script.tcl
# xsim {tb_core_behav} -testplusarg CASE_START=0 -testplusarg CASE_END=2 -autoloadwcfg -runall -onerror quit
Time resolution is 1 ps
run -all
Note:   - SCALING_SCH: in_ptr = 1, out_ptr = 1
Time: 0 ps  Iteration: 0  Process: /tb_core/dut/transform/fft/U0/i_synth/axi_wrapper/gen_config_fifo_in/line__94237  File: D:/VivadoMM/2026.1/Vivado/data/ip/xilinx/xfft_v9_1/hdl/xfft_v9_1_vh_rfs.vhd
Note:     - C_CHANNELS  = 1
Time: 0 ps  Iteration: 0  Process: /tb_core/dut/transform/fft/U0/i_synth/axi_wrapper/gen_config_fifo_in/line__94237  File: D:/VivadoMM/2026.1/Vivado/data/ip/xilinx/xfft_v9_1/hdl/xfft_v9_1_vh_rfs.vhd
Note:     - field_width = 14
Time: 0 ps  Iteration: 0  Process: /tb_core/dut/transform/fft/U0/i_synth/axi_wrapper/gen_config_fifo_in/line__94237  File: D:/VivadoMM/2026.1/Vivado/data/ip/xilinx/xfft_v9_1/hdl/xfft_v9_1_vh_rfs.vhd
Note:   - Copying SCALE_SCH from 14 downto 1 to 14 downto 1
Time: 0 ps  Iteration: 0  Process: /tb_core/dut/transform/fft/U0/i_synth/axi_wrapper/gen_config_fifo_in/line__94237  File: D:/VivadoMM/2026.1/Vivado/data/ip/xilinx/xfft_v9_1/hdl/xfft_v9_1_vh_rfs.vhd
CASE_PASS case=0 fft_frames=4 results=4 latency_cycles=35163
CASE_PASS case=1 fft_frames=4 results=4 latency_cycles=35163
CORE_PASS cases=2 exact_fft_points=131072 frequency_records=8
$finish called at time : 1359504 ns : File "D:/fft/fft_phase10_resource_opt/tests/tb_core.sv" Line 98
run: Time (s): cpu = 00:00:01 ; elapsed = 00:17:04 . Memory (MB): peak = 237.441 ; gain = 0.000
exit
INFO: xsimkernel Simulation Memory Usage: 190368 KB (Peak: 190368 KB), Simulation CPU Usage: 1013499 ms
INFO: [Common 17-206] Exiting xsim at Fri Oct  9 13:47:51 2026...

#-----------------------------------------------------------
# xsim v2026.1 (64-bit)
# SW Build 6511674 on Tue Jun 16 11:02:23 MDT 2026
# IP Build 6504888 on Tue Jun 09 09:05:25 MDT 2026
# SharedData Build 6501428 on Mon Jun 08 17:34:18 MDT 2026
# Start of session at: Fri Oct  9 13:30:44 2026
# Process ID         : 40096
# Current directory  : D:/fft/fft_phase10_resource_opt/build/core_parallel/20261009_133043/cases_02_03
# Command line       : xsim.exe -log simulate.log -mode tcl -source {xsim.dir/tb_core_behav/xsim_script.tcl}
# Log file           : D:/fft/fft_phase10_resource_opt/build/core_parallel/20261009_133043/cases_02_03/simulate.log
# Journal file       : D:/fft/fft_phase10_resource_opt/build/core_parallel/20261009_133043/cases_02_03\xsim.jou
# Running On         : LAPTOP-ATE8I1GS
# Platform           : Windows 11
# Operating System   : 26100
# Processor Detail   : AMD Ryzen 9 7945HX with Radeon Graphics        
# CPU Frequency      : 2495 MHz
# CPU Physical cores : 16
# CPU Logical cores  : 32
# Host memory        : 16844 MB
# Swap memory        : 24271 MB
# Total Virtual      : 41116 MB
# Available Virtual  : 7672 MB
#-----------------------------------------------------------
source xsim.dir/tb_core_behav/xsim_script.tcl
# xsim {tb_core_behav} -testplusarg CASE_START=2 -testplusarg CASE_END=4 -autoloadwcfg -runall -onerror quit
Time resolution is 1 ps
run -all
Note:   - SCALING_SCH: in_ptr = 1, out_ptr = 1
Time: 0 ps  Iteration: 0  Process: /tb_core/dut/transform/fft/U0/i_synth/axi_wrapper/gen_config_fifo_in/line__94237  File: D:/VivadoMM/2026.1/Vivado/data/ip/xilinx/xfft_v9_1/hdl/xfft_v9_1_vh_rfs.vhd
Note:     - C_CHANNELS  = 1
Time: 0 ps  Iteration: 0  Process: /tb_core/dut/transform/fft/U0/i_synth/axi_wrapper/gen_config_fifo_in/line__94237  File: D:/VivadoMM/2026.1/Vivado/data/ip/xilinx/xfft_v9_1/hdl/xfft_v9_1_vh_rfs.vhd
Note:     - field_width = 14
Time: 0 ps  Iteration: 0  Process: /tb_core/dut/transform/fft/U0/i_synth/axi_wrapper/gen_config_fifo_in/line__94237  File: D:/VivadoMM/2026.1/Vivado/data/ip/xilinx/xfft_v9_1/hdl/xfft_v9_1_vh_rfs.vhd
Note:   - Copying SCALE_SCH from 14 downto 1 to 14 downto 1
Time: 0 ps  Iteration: 0  Process: /tb_core/dut/transform/fft/U0/i_synth/axi_wrapper/gen_config_fifo_in/line__94237  File: D:/VivadoMM/2026.1/Vivado/data/ip/xilinx/xfft_v9_1/hdl/xfft_v9_1_vh_rfs.vhd
CASE_PASS case=2 fft_frames=4 results=4 latency_cycles=35163
CASE_PASS case=3 fft_frames=4 results=4 latency_cycles=35163
CORE_PASS cases=2 exact_fft_points=131072 frequency_records=8
$finish called at time : 1359504 ns : File "D:/fft/fft_phase10_resource_opt/tests/tb_core.sv" Line 98
run: Time (s): cpu = 00:00:01 ; elapsed = 00:20:38 . Memory (MB): peak = 237.258 ; gain = 0.000
exit
INFO: xsimkernel Simulation Memory Usage: 190380 KB (Peak: 190380 KB), Simulation CPU Usage: 1222124 ms
INFO: [Common 17-206] Exiting xsim at Fri Oct  9 13:51:25 2026...

#-----------------------------------------------------------
# xsim v2026.1 (64-bit)
# SW Build 6511674 on Tue Jun 16 11:02:23 MDT 2026
# IP Build 6504888 on Tue Jun 09 09:05:25 MDT 2026
# SharedData Build 6501428 on Mon Jun 08 17:34:18 MDT 2026
# Start of session at: Fri Oct  9 13:30:44 2026
# Process ID         : 17952
# Current directory  : D:/fft/fft_phase10_resource_opt/build/core_parallel/20261009_133043/cases_04_05
# Command line       : xsim.exe -log simulate.log -mode tcl -source {xsim.dir/tb_core_behav/xsim_script.tcl}
# Log file           : D:/fft/fft_phase10_resource_opt/build/core_parallel/20261009_133043/cases_04_05/simulate.log
# Journal file       : D:/fft/fft_phase10_resource_opt/build/core_parallel/20261009_133043/cases_04_05\xsim.jou
# Running On         : LAPTOP-ATE8I1GS
# Platform           : Windows 11
# Operating System   : 26100
# Processor Detail   : AMD Ryzen 9 7945HX with Radeon Graphics        
# CPU Frequency      : 2495 MHz
# CPU Physical cores : 16
# CPU Logical cores  : 32
# Host memory        : 16844 MB
# Swap memory        : 24271 MB
# Total Virtual      : 41116 MB
# Available Virtual  : 7735 MB
#-----------------------------------------------------------
source xsim.dir/tb_core_behav/xsim_script.tcl
# xsim {tb_core_behav} -testplusarg CASE_START=4 -testplusarg CASE_END=6 -autoloadwcfg -runall -onerror quit
Time resolution is 1 ps
run -all
Note:   - SCALING_SCH: in_ptr = 1, out_ptr = 1
Time: 0 ps  Iteration: 0  Process: /tb_core/dut/transform/fft/U0/i_synth/axi_wrapper/gen_config_fifo_in/line__94237  File: D:/VivadoMM/2026.1/Vivado/data/ip/xilinx/xfft_v9_1/hdl/xfft_v9_1_vh_rfs.vhd
Note:     - C_CHANNELS  = 1
Time: 0 ps  Iteration: 0  Process: /tb_core/dut/transform/fft/U0/i_synth/axi_wrapper/gen_config_fifo_in/line__94237  File: D:/VivadoMM/2026.1/Vivado/data/ip/xilinx/xfft_v9_1/hdl/xfft_v9_1_vh_rfs.vhd
Note:     - field_width = 14
Time: 0 ps  Iteration: 0  Process: /tb_core/dut/transform/fft/U0/i_synth/axi_wrapper/gen_config_fifo_in/line__94237  File: D:/VivadoMM/2026.1/Vivado/data/ip/xilinx/xfft_v9_1/hdl/xfft_v9_1_vh_rfs.vhd
Note:   - Copying SCALE_SCH from 14 downto 1 to 14 downto 1
Time: 0 ps  Iteration: 0  Process: /tb_core/dut/transform/fft/U0/i_synth/axi_wrapper/gen_config_fifo_in/line__94237  File: D:/VivadoMM/2026.1/Vivado/data/ip/xilinx/xfft_v9_1/hdl/xfft_v9_1_vh_rfs.vhd
CASE_PASS case=4 fft_frames=4 results=4 latency_cycles=35163
CASE_PASS case=5 fft_frames=4 results=4 latency_cycles=35163
CORE_PASS cases=2 exact_fft_points=131072 frequency_records=8
$finish called at time : 1359504 ns : File "D:/fft/fft_phase10_resource_opt/tests/tb_core.sv" Line 98
run: Time (s): cpu = 00:00:01 ; elapsed = 00:23:36 . Memory (MB): peak = 237.312 ; gain = 0.000
exit
INFO: xsimkernel Simulation Memory Usage: 190568 KB (Peak: 190568 KB), Simulation CPU Usage: 1401578 ms
INFO: [Common 17-206] Exiting xsim at Fri Oct  9 13:54:22 2026...

#-----------------------------------------------------------
# xsim v2026.1 (64-bit)
# SW Build 6511674 on Tue Jun 16 11:02:23 MDT 2026
# IP Build 6504888 on Tue Jun 09 09:05:25 MDT 2026
# SharedData Build 6501428 on Mon Jun 08 17:34:18 MDT 2026
# Start of session at: Fri Oct  9 13:30:44 2026
# Process ID         : 47068
# Current directory  : D:/fft/fft_phase10_resource_opt/build/core_parallel/20261009_133043/cases_06_07
# Command line       : xsim.exe -log simulate.log -mode tcl -source {xsim.dir/tb_core_behav/xsim_script.tcl}
# Log file           : D:/fft/fft_phase10_resource_opt/build/core_parallel/20261009_133043/cases_06_07/simulate.log
# Journal file       : D:/fft/fft_phase10_resource_opt/build/core_parallel/20261009_133043/cases_06_07\xsim.jou
# Running On         : LAPTOP-ATE8I1GS
# Platform           : Windows 11
# Operating System   : 26100
# Processor Detail   : AMD Ryzen 9 7945HX with Radeon Graphics        
# CPU Frequency      : 2495 MHz
# CPU Physical cores : 16
# CPU Logical cores  : 32
# Host memory        : 16844 MB
# Swap memory        : 24271 MB
# Total Virtual      : 41116 MB
# Available Virtual  : 7708 MB
#-----------------------------------------------------------
source xsim.dir/tb_core_behav/xsim_script.tcl
# xsim {tb_core_behav} -testplusarg CASE_START=6 -testplusarg CASE_END=8 -autoloadwcfg -runall -onerror quit
Time resolution is 1 ps
run -all
Note:   - SCALING_SCH: in_ptr = 1, out_ptr = 1
Time: 0 ps  Iteration: 0  Process: /tb_core/dut/transform/fft/U0/i_synth/axi_wrapper/gen_config_fifo_in/line__94237  File: D:/VivadoMM/2026.1/Vivado/data/ip/xilinx/xfft_v9_1/hdl/xfft_v9_1_vh_rfs.vhd
Note:     - C_CHANNELS  = 1
Time: 0 ps  Iteration: 0  Process: /tb_core/dut/transform/fft/U0/i_synth/axi_wrapper/gen_config_fifo_in/line__94237  File: D:/VivadoMM/2026.1/Vivado/data/ip/xilinx/xfft_v9_1/hdl/xfft_v9_1_vh_rfs.vhd
Note:     - field_width = 14
Time: 0 ps  Iteration: 0  Process: /tb_core/dut/transform/fft/U0/i_synth/axi_wrapper/gen_config_fifo_in/line__94237  File: D:/VivadoMM/2026.1/Vivado/data/ip/xilinx/xfft_v9_1/hdl/xfft_v9_1_vh_rfs.vhd
Note:   - Copying SCALE_SCH from 14 downto 1 to 14 downto 1
Time: 0 ps  Iteration: 0  Process: /tb_core/dut/transform/fft/U0/i_synth/axi_wrapper/gen_config_fifo_in/line__94237  File: D:/VivadoMM/2026.1/Vivado/data/ip/xilinx/xfft_v9_1/hdl/xfft_v9_1_vh_rfs.vhd
CASE_PASS case=6 fft_frames=4 results=4 latency_cycles=35163
CASE_PASS case=7 fft_frames=4 results=4 latency_cycles=35163
CORE_PASS cases=2 exact_fft_points=131072 frequency_records=8
$finish called at time : 1359504 ns : File "D:/fft/fft_phase10_resource_opt/tests/tb_core.sv" Line 98
run: Time (s): cpu = 00:00:01 ; elapsed = 00:18:36 . Memory (MB): peak = 237.082 ; gain = 0.000
exit
INFO: xsimkernel Simulation Memory Usage: 190268 KB (Peak: 190268 KB), Simulation CPU Usage: 1104093 ms
INFO: [Common 17-206] Exiting xsim at Fri Oct  9 13:49:23 2026...

#-----------------------------------------------------------
# xsim v2026.1 (64-bit)
# SW Build 6511674 on Tue Jun 16 11:02:23 MDT 2026
# IP Build 6504888 on Tue Jun 09 09:05:25 MDT 2026
# SharedData Build 6501428 on Mon Jun 08 17:34:18 MDT 2026
# Start of session at: Fri Oct  9 13:47:52 2026
# Process ID         : 26540
# Current directory  : D:/fft/fft_phase10_resource_opt/build/core_parallel/20261009_133043/cases_08_09
# Command line       : xsim.exe -log simulate.log -mode tcl -source {xsim.dir/tb_core_behav/xsim_script.tcl}
# Log file           : D:/fft/fft_phase10_resource_opt/build/core_parallel/20261009_133043/cases_08_09/simulate.log
# Journal file       : D:/fft/fft_phase10_resource_opt/build/core_parallel/20261009_133043/cases_08_09\xsim.jou
# Running On         : LAPTOP-ATE8I1GS
# Platform           : Windows 11
# Operating System   : 26100
# Processor Detail   : AMD Ryzen 9 7945HX with Radeon Graphics        
# CPU Frequency      : 2495 MHz
# CPU Physical cores : 16
# CPU Logical cores  : 32
# Host memory        : 16844 MB
# Swap memory        : 23742 MB
# Total Virtual      : 40586 MB
# Available Virtual  : 6292 MB
#-----------------------------------------------------------
source xsim.dir/tb_core_behav/xsim_script.tcl
# xsim {tb_core_behav} -testplusarg CASE_START=8 -testplusarg CASE_END=10 -autoloadwcfg -runall -onerror quit
Time resolution is 1 ps
run -all
Note:   - SCALING_SCH: in_ptr = 1, out_ptr = 1
Time: 0 ps  Iteration: 0  Process: /tb_core/dut/transform/fft/U0/i_synth/axi_wrapper/gen_config_fifo_in/line__94237  File: D:/VivadoMM/2026.1/Vivado/data/ip/xilinx/xfft_v9_1/hdl/xfft_v9_1_vh_rfs.vhd
Note:     - C_CHANNELS  = 1
Time: 0 ps  Iteration: 0  Process: /tb_core/dut/transform/fft/U0/i_synth/axi_wrapper/gen_config_fifo_in/line__94237  File: D:/VivadoMM/2026.1/Vivado/data/ip/xilinx/xfft_v9_1/hdl/xfft_v9_1_vh_rfs.vhd
Note:     - field_width = 14
Time: 0 ps  Iteration: 0  Process: /tb_core/dut/transform/fft/U0/i_synth/axi_wrapper/gen_config_fifo_in/line__94237  File: D:/VivadoMM/2026.1/Vivado/data/ip/xilinx/xfft_v9_1/hdl/xfft_v9_1_vh_rfs.vhd
Note:   - Copying SCALE_SCH from 14 downto 1 to 14 downto 1
Time: 0 ps  Iteration: 0  Process: /tb_core/dut/transform/fft/U0/i_synth/axi_wrapper/gen_config_fifo_in/line__94237  File: D:/VivadoMM/2026.1/Vivado/data/ip/xilinx/xfft_v9_1/hdl/xfft_v9_1_vh_rfs.vhd
CASE_PASS case=8 fft_frames=4 results=4 latency_cycles=35163
CASE_PASS case=9 fft_frames=4 results=4 latency_cycles=35163
CORE_PASS cases=2 exact_fft_points=131072 frequency_records=8
$finish called at time : 1359504 ns : File "D:/fft/fft_phase10_resource_opt/tests/tb_core.sv" Line 98
run: Time (s): cpu = 00:00:01 ; elapsed = 00:21:46 . Memory (MB): peak = 237.098 ; gain = 0.000
exit
INFO: xsimkernel Simulation Memory Usage: 190588 KB (Peak: 190588 KB), Simulation CPU Usage: 1293359 ms
INFO: [Common 17-206] Exiting xsim at Fri Oct  9 14:09:40 2026...

#-----------------------------------------------------------
# xsim v2026.1 (64-bit)
# SW Build 6511674 on Tue Jun 16 11:02:23 MDT 2026
# IP Build 6504888 on Tue Jun 09 09:05:25 MDT 2026
# SharedData Build 6501428 on Mon Jun 08 17:34:18 MDT 2026
# Start of session at: Fri Oct  9 13:49:24 2026
# Process ID         : 34292
# Current directory  : D:/fft/fft_phase10_resource_opt/build/core_parallel/20261009_133043/cases_10_11
# Command line       : xsim.exe -log simulate.log -mode tcl -source {xsim.dir/tb_core_behav/xsim_script.tcl}
# Log file           : D:/fft/fft_phase10_resource_opt/build/core_parallel/20261009_133043/cases_10_11/simulate.log
# Journal file       : D:/fft/fft_phase10_resource_opt/build/core_parallel/20261009_133043/cases_10_11\xsim.jou
# Running On         : LAPTOP-ATE8I1GS
# Platform           : Windows 11
# Operating System   : 26100
# Processor Detail   : AMD Ryzen 9 7945HX with Radeon Graphics        
# CPU Frequency      : 2495 MHz
# CPU Physical cores : 16
# CPU Logical cores  : 32
# Host memory        : 16844 MB
# Swap memory        : 23742 MB
# Total Virtual      : 40586 MB
# Available Virtual  : 6298 MB
#-----------------------------------------------------------
source xsim.dir/tb_core_behav/xsim_script.tcl
# xsim {tb_core_behav} -testplusarg CASE_START=10 -testplusarg CASE_END=12 -autoloadwcfg -runall -onerror quit
Time resolution is 1 ps
run -all
Note:   - SCALING_SCH: in_ptr = 1, out_ptr = 1
Time: 0 ps  Iteration: 0  Process: /tb_core/dut/transform/fft/U0/i_synth/axi_wrapper/gen_config_fifo_in/line__94237  File: D:/VivadoMM/2026.1/Vivado/data/ip/xilinx/xfft_v9_1/hdl/xfft_v9_1_vh_rfs.vhd
Note:     - C_CHANNELS  = 1
Time: 0 ps  Iteration: 0  Process: /tb_core/dut/transform/fft/U0/i_synth/axi_wrapper/gen_config_fifo_in/line__94237  File: D:/VivadoMM/2026.1/Vivado/data/ip/xilinx/xfft_v9_1/hdl/xfft_v9_1_vh_rfs.vhd
Note:     - field_width = 14
Time: 0 ps  Iteration: 0  Process: /tb_core/dut/transform/fft/U0/i_synth/axi_wrapper/gen_config_fifo_in/line__94237  File: D:/VivadoMM/2026.1/Vivado/data/ip/xilinx/xfft_v9_1/hdl/xfft_v9_1_vh_rfs.vhd
Note:   - Copying SCALE_SCH from 14 downto 1 to 14 downto 1
Time: 0 ps  Iteration: 0  Process: /tb_core/dut/transform/fft/U0/i_synth/axi_wrapper/gen_config_fifo_in/line__94237  File: D:/VivadoMM/2026.1/Vivado/data/ip/xilinx/xfft_v9_1/hdl/xfft_v9_1_vh_rfs.vhd
CASE_PASS case=10 fft_frames=4 results=4 latency_cycles=35163
CASE_PASS case=11 fft_frames=4 results=4 latency_cycles=35163
CORE_PASS cases=2 exact_fft_points=131072 frequency_records=8
$finish called at time : 1359504 ns : File "D:/fft/fft_phase10_resource_opt/tests/tb_core.sv" Line 98
run: Time (s): cpu = 00:00:01 ; elapsed = 00:22:42 . Memory (MB): peak = 237.125 ; gain = 0.000
exit
INFO: xsimkernel Simulation Memory Usage: 190444 KB (Peak: 190444 KB), Simulation CPU Usage: 1347265 ms
INFO: [Common 17-206] Exiting xsim at Fri Oct  9 14:12:08 2026...

#-----------------------------------------------------------
# xsim v2026.1 (64-bit)
# SW Build 6511674 on Tue Jun 16 11:02:23 MDT 2026
# IP Build 6504888 on Tue Jun 09 09:05:25 MDT 2026
# SharedData Build 6501428 on Mon Jun 08 17:34:18 MDT 2026
# Start of session at: Fri Oct  9 13:51:26 2026
# Process ID         : 55568
# Current directory  : D:/fft/fft_phase10_resource_opt/build/core_parallel/20261009_133043/cases_12_13
# Command line       : xsim.exe -log simulate.log -mode tcl -source {xsim.dir/tb_core_behav/xsim_script.tcl}
# Log file           : D:/fft/fft_phase10_resource_opt/build/core_parallel/20261009_133043/cases_12_13/simulate.log
# Journal file       : D:/fft/fft_phase10_resource_opt/build/core_parallel/20261009_133043/cases_12_13\xsim.jou
# Running On         : LAPTOP-ATE8I1GS
# Platform           : Windows 11
# Operating System   : 26100
# Processor Detail   : AMD Ryzen 9 7945HX with Radeon Graphics        
# CPU Frequency      : 2495 MHz
# CPU Physical cores : 16
# CPU Logical cores  : 32
# Host memory        : 16844 MB
# Swap memory        : 23742 MB
# Total Virtual      : 40586 MB
# Available Virtual  : 6117 MB
#-----------------------------------------------------------
source xsim.dir/tb_core_behav/xsim_script.tcl
# xsim {tb_core_behav} -testplusarg CASE_START=12 -testplusarg CASE_END=14 -autoloadwcfg -runall -onerror quit
Time resolution is 1 ps
run -all
Note:   - SCALING_SCH: in_ptr = 1, out_ptr = 1
Time: 0 ps  Iteration: 0  Process: /tb_core/dut/transform/fft/U0/i_synth/axi_wrapper/gen_config_fifo_in/line__94237  File: D:/VivadoMM/2026.1/Vivado/data/ip/xilinx/xfft_v9_1/hdl/xfft_v9_1_vh_rfs.vhd
Note:     - C_CHANNELS  = 1
Time: 0 ps  Iteration: 0  Process: /tb_core/dut/transform/fft/U0/i_synth/axi_wrapper/gen_config_fifo_in/line__94237  File: D:/VivadoMM/2026.1/Vivado/data/ip/xilinx/xfft_v9_1/hdl/xfft_v9_1_vh_rfs.vhd
Note:     - field_width = 14
Time: 0 ps  Iteration: 0  Process: /tb_core/dut/transform/fft/U0/i_synth/axi_wrapper/gen_config_fifo_in/line__94237  File: D:/VivadoMM/2026.1/Vivado/data/ip/xilinx/xfft_v9_1/hdl/xfft_v9_1_vh_rfs.vhd
Note:   - Copying SCALE_SCH from 14 downto 1 to 14 downto 1
Time: 0 ps  Iteration: 0  Process: /tb_core/dut/transform/fft/U0/i_synth/axi_wrapper/gen_config_fifo_in/line__94237  File: D:/VivadoMM/2026.1/Vivado/data/ip/xilinx/xfft_v9_1/hdl/xfft_v9_1_vh_rfs.vhd
CASE_PASS case=12 fft_frames=4 results=4 latency_cycles=35163
CASE_PASS case=13 fft_frames=4 results=4 latency_cycles=35163
CORE_PASS cases=2 exact_fft_points=131072 frequency_records=8
$finish called at time : 1359504 ns : File "D:/fft/fft_phase10_resource_opt/tests/tb_core.sv" Line 98
run: Time (s): cpu = 00:00:01 ; elapsed = 00:22:13 . Memory (MB): peak = 236.918 ; gain = 0.000
exit
INFO: xsimkernel Simulation Memory Usage: 190432 KB (Peak: 190432 KB), Simulation CPU Usage: 1318749 ms
INFO: [Common 17-206] Exiting xsim at Fri Oct  9 14:13:41 2026...

#-----------------------------------------------------------
# xsim v2026.1 (64-bit)
# SW Build 6511674 on Tue Jun 16 11:02:23 MDT 2026
# IP Build 6504888 on Tue Jun 09 09:05:25 MDT 2026
# SharedData Build 6501428 on Mon Jun 08 17:34:18 MDT 2026
# Start of session at: Fri Oct  9 13:54:23 2026
# Process ID         : 53340
# Current directory  : D:/fft/fft_phase10_resource_opt/build/core_parallel/20261009_133043/cases_14_15
# Command line       : xsim.exe -log simulate.log -mode tcl -source {xsim.dir/tb_core_behav/xsim_script.tcl}
# Log file           : D:/fft/fft_phase10_resource_opt/build/core_parallel/20261009_133043/cases_14_15/simulate.log
# Journal file       : D:/fft/fft_phase10_resource_opt/build/core_parallel/20261009_133043/cases_14_15\xsim.jou
# Running On         : LAPTOP-ATE8I1GS
# Platform           : Windows 11
# Operating System   : 26100
# Processor Detail   : AMD Ryzen 9 7945HX with Radeon Graphics        
# CPU Frequency      : 2495 MHz
# CPU Physical cores : 16
# CPU Logical cores  : 32
# Host memory        : 16844 MB
# Swap memory        : 23742 MB
# Total Virtual      : 40586 MB
# Available Virtual  : 6158 MB
#-----------------------------------------------------------
source xsim.dir/tb_core_behav/xsim_script.tcl
# xsim {tb_core_behav} -testplusarg CASE_START=14 -testplusarg CASE_END=16 -autoloadwcfg -runall -onerror quit
Time resolution is 1 ps
run -all
Note:   - SCALING_SCH: in_ptr = 1, out_ptr = 1
Time: 0 ps  Iteration: 0  Process: /tb_core/dut/transform/fft/U0/i_synth/axi_wrapper/gen_config_fifo_in/line__94237  File: D:/VivadoMM/2026.1/Vivado/data/ip/xilinx/xfft_v9_1/hdl/xfft_v9_1_vh_rfs.vhd
Note:     - C_CHANNELS  = 1
Time: 0 ps  Iteration: 0  Process: /tb_core/dut/transform/fft/U0/i_synth/axi_wrapper/gen_config_fifo_in/line__94237  File: D:/VivadoMM/2026.1/Vivado/data/ip/xilinx/xfft_v9_1/hdl/xfft_v9_1_vh_rfs.vhd
Note:     - field_width = 14
Time: 0 ps  Iteration: 0  Process: /tb_core/dut/transform/fft/U0/i_synth/axi_wrapper/gen_config_fifo_in/line__94237  File: D:/VivadoMM/2026.1/Vivado/data/ip/xilinx/xfft_v9_1/hdl/xfft_v9_1_vh_rfs.vhd
Note:   - Copying SCALE_SCH from 14 downto 1 to 14 downto 1
Time: 0 ps  Iteration: 0  Process: /tb_core/dut/transform/fft/U0/i_synth/axi_wrapper/gen_config_fifo_in/line__94237  File: D:/VivadoMM/2026.1/Vivado/data/ip/xilinx/xfft_v9_1/hdl/xfft_v9_1_vh_rfs.vhd
CASE_PASS case=14 fft_frames=4 results=4 latency_cycles=35163
CASE_PASS case=15 fft_frames=4 results=4 latency_cycles=35163
CORE_PASS cases=2 exact_fft_points=131072 frequency_records=8
$finish called at time : 1359504 ns : File "D:/fft/fft_phase10_resource_opt/tests/tb_core.sv" Line 98
run: Time (s): cpu = 00:00:01 ; elapsed = 00:20:03 . Memory (MB): peak = 237.125 ; gain = 0.000
exit
INFO: xsimkernel Simulation Memory Usage: 189956 KB (Peak: 189956 KB), Simulation CPU Usage: 1187952 ms
INFO: [Common 17-206] Exiting xsim at Fri Oct  9 14:14:29 2026...

CORE_ALL_GROUPS_PASS cases=16 windows=64
