INFO: [Common 17-3922] A valid Vivado Design Suite BASIC license has been detected. Your current license is active and will expire on 22-jul-2027.
#-----------------------------------------------------------
# Vivado v2026.1 (64-bit)
# SW Build 6511674 on Tue Jun 16 11:02:23 MDT 2026
# IP Build 6504888 on Tue Jun 09 09:05:25 MDT 2026
# SharedData Build 6501428 on Mon Jun 08 17:34:18 MDT 2026
# Start of session at: Fri Oct  9 13:26:54 2026
# Process ID         : 53252
# Current directory  : D:/fft/fft_phase10_resource_opt
# Command line       : vivado.exe -mode batch -notrace -nojournal -log D:\fft\fft_phase10_resource_opt\build\logs\sim_spectrum_edges.log -source scripts/sim_spectrum_edges.tcl
# Log file           : D:/fft/fft_phase10_resource_opt/build/logs/sim_spectrum_edges.log
# Journal file       : 
# Running On         : LAPTOP-ATE8I1GS
# Platform           : Windows 11
# Operating System   : 26100
# Processor Detail   : AMD Ryzen 9 7945HX with Radeon Graphics        
# CPU Frequency      : 2495 MHz
# CPU Physical cores : 16
# CPU Logical cores  : 32
# Host memory        : 16844 MB
# Swap memory        : 23188 MB
# Total Virtual      : 40033 MB
# Available Virtual  : 9033 MB
#-----------------------------------------------------------
Sourcing tcl script 'C:/Users/LENOVO/AppData/Roaming/Xilinx/Vivado/Vivado_init.tcl'
source scripts/sim_spectrum_edges.tcl -notrace
create_project: Time (s): cpu = 00:00:13 ; elapsed = 00:00:17 . Memory (MB): peak = 615.910 ; gain = 271.531
Command: launch_simulation  -mode behavioral
INFO: [Vivado 12-25911] Executing simulation for 'XSim' simulator
INFO: [Vivado 12-28535] Process started - Fri Oct  9 13:27:28 2026

INFO: [Vivado 12-12493] Simulation top is 'tb_spectrum_edges'
INFO: [Vivado 12-5682] Launching behavioral simulation in 'D:/fft/fft_phase10_resource_opt/build/spectrum_edges_unified/spectrum_edges.sim/sim_1/behav/xsim'
INFO: [SIM-utils-51] Simulation object is 'sim_1'
INFO: [SIM-utils-72] Using boost library from 'D:/VivadoMM/2026.1/Vivado/tps/boost_1_72_0'
INFO: [SIM-utils-54] Inspecting design source files for 'tb_spectrum_edges' in fileset 'sim_1'...
INFO: [USF-XSim-97] Finding global include files...
INFO: [USF-XSim-98] Fetching design files from 'sim_1'...
INFO: [USF-XSim-2] XSim::Compile design
INFO: [USF-XSim-61] Executing 'COMPILE and ANALYZE' step in 'D:/fft/fft_phase10_resource_opt/build/spectrum_edges_unified/spectrum_edges.sim/sim_1/behav/xsim'
"xvlog --incr --relax -L uvm -prj tb_spectrum_edges_vlog.prj"
INFO: [VRFC 10-2263] Analyzing SystemVerilog file "D:/fft/fft_phase10_resource_opt/rtl/iq_build_config.sv" into library xil_defaultlib
INFO: [VRFC 10-2263] Analyzing SystemVerilog file "D:/fft/fft_phase10_resource_opt/rtl/math_units.sv" into library xil_defaultlib
INFO: [VRFC 10-311] analyzing module isqrt64
INFO: [VRFC 10-311] analyzing module udiv64
INFO: [VRFC 10-2263] Analyzing SystemVerilog file "D:/fft/fft_phase10_resource_opt/rtl/spectrum_measure.sv" into library xil_defaultlib
INFO: [VRFC 10-311] analyzing module spectrum_measure
INFO: [VRFC 10-2263] Analyzing SystemVerilog file "D:/fft/fft_phase10_resource_opt/rtl/spectrum_store.sv" into library xil_defaultlib
INFO: [VRFC 10-311] analyzing module spectrum_shared_lane
INFO: [VRFC 10-311] analyzing module spectrum_deferred_queue
INFO: [VRFC 10-2263] Analyzing SystemVerilog file "D:/fft/fft_phase10_resource_opt/tests/tb_spectrum_edges.sv" into library xil_defaultlib
INFO: [VRFC 10-311] analyzing module tb_spectrum_edges
INFO: [VRFC 10-2263] Analyzing Verilog file "D:/fft/fft_phase10_resource_opt/build/spectrum_edges_unified/spectrum_edges.sim/sim_1/behav/xsim/glbl.v" into library xil_defaultlib
INFO: [VRFC 10-311] analyzing module glbl
INFO: [USF-XSim-69] 'compile' step finished in '2' seconds
INFO: [USF-XSim-3] XSim::Elaborate design
INFO: [USF-XSim-61] Executing 'ELABORATE' step in 'D:/fft/fft_phase10_resource_opt/build/spectrum_edges_unified/spectrum_edges.sim/sim_1/behav/xsim'
"xelab --incr --debug typical --relax --mt 2 -L xil_defaultlib -L uvm -L unisims_ver -L unimacro_ver -L secureip --snapshot tb_spectrum_edges_behav xil_defaultlib.tb_spectrum_edges xil_defaultlib.glbl -log elaborate.log"
Vivado Simulator v2026.1
Copyright 1986-2022 Xilinx, Inc. All Rights Reserved.
Copyright 2022-2026 Advanced Micro Devices, Inc. All Rights Reserved.
Running: D:/VivadoMM/2026.1/Vivado/bin/unwrapped/win64.o/xelab.exe --incr --debug typical --relax --mt 2 -L xil_defaultlib -L uvm -L unisims_ver -L unimacro_ver -L secureip --snapshot tb_spectrum_edges_behav xil_defaultlib.tb_spectrum_edges xil_defaultlib.glbl -log elaborate.log 
INFO: [XSIM 43-3493] Using 2 slave threads.
Starting static elaboration
Pass Through NonSizing Optimizer
Completed static elaboration
Starting simulation data flow analysis
Completed simulation data flow analysis
Time Resolution for simulation is 1ps
Compiling module xil_defaultlib.udiv64
Compiling module xil_defaultlib.spectrum_deferred_queue_default
Compiling module xil_defaultlib.spectrum_shared_lane
Compiling module xil_defaultlib.spectrum_measure_default
Compiling module xil_defaultlib.tb_spectrum_edges
Compiling module xil_defaultlib.glbl
Built simulation snapshot tb_spectrum_edges_behav
INFO: [USF-XSim-69] 'elaborate' step finished in '3' seconds
INFO: [USF-XSim-4] XSim::Simulate design
INFO: [USF-XSim-61] Executing 'SIMULATE' step in 'D:/fft/fft_phase10_resource_opt/build/spectrum_edges_unified/spectrum_edges.sim/sim_1/behav/xsim'
INFO: [USF-XSim-98] *** Running xsim
   with args "tb_spectrum_edges_behav -key {Behavioral:sim_1:Functional:tb_spectrum_edges} -tclbatch {tb_spectrum_edges.tcl} -log {simulate.log}"
INFO: [USF-XSim-8] Loading simulator feature
Time resolution is 1 ps
source tb_spectrum_edges.tcl
WARNING: [Wavedata 42-489] Can't add object "/tb_spectrum_edges/expected_snap" to the wave window because it has 2359296 bits, which exceeds the display limit of 65536 bits.  To change the display limit, use the command "set_property display_limit <new limit> [current_wave_config]".
WARNING: [Wavedata 42-489] Can't add object "/tb_spectrum_edges/oracle_power" to the wave window because it has 1048576 bits, which exceeds the display limit of 65536 bits.  To change the display limit, use the command "set_property display_limit <new limit> [current_wave_config]".
SPECTRUM_MIDSCAN_RESET_PASS
SPECTRUM_EDGES_PASS frames=36 snapshot_words=6144 last_to_result_cycles=2127..2127
$finish called at time : 4964792 ns : File "D:/fft/fft_phase10_resource_opt/tests/tb_spectrum_edges.sv" Line 211
xsim: Time (s): cpu = 00:00:01 ; elapsed = 00:00:06 . Memory (MB): peak = 637.316 ; gain = 14.992
INFO: [USF-XSim-96] XSim completed. Design snapshot 'tb_spectrum_edges_behav' loaded.
INFO: [USF-XSim-97] XSim simulation ran for all
launch_simulation: Time (s): cpu = 00:00:01 ; elapsed = 00:00:16 . Memory (MB): peak = 637.316 ; gain = 21.406
INFO: [Simtcl 6-16] Simulation closed
INFO: [Common 17-206] Exiting Vivado at Fri Oct  9 13:27:44 2026...
